03-05 08:45:36.549 I/AconfigPackage(10801): android.graphics.pdf.flags.readonly is mapped to com.android.mediaprovider
03-05 08:45:36.549 I/AconfigPackage(10801): com.android.tethering.mainline.beta is mapped to com.android.tethering
03-05 08:45:36.549 I/AconfigPackage(10801): android.net.http is mapped to com.android.tethering
03-05 08:45:36.549 I/AconfigPackage(10801): com.android.tethering.readonly.flags is mapped to com.android.tethering
03-05 08:45:36.549 I/AconfigPackage(10801): android.net.vcn is mapped to com.android.tethering
03-05 08:45:36.549 I/AconfigPackage(10801): com.android.net.flags is mapped to com.android.tethering
03-05 08:45:36.549 I/AconfigPackage(10801): com.android.tethering.beta.test is mapped to com.android.tethering
03-05 08:45:36.549 I/AconfigPackage(10801): com.android.nearby.flags is mapped to com.android.tethering
03-05 08:45:36.549 I/AconfigPackage(10801): com.android.net.ct.flags is mapped to com.android.tethering
03-05 08:45:36.549 I/AconfigPackage(10801): com.android.net.thread.flags is mapped to com.android.tethering
03-05 08:45:36.549 I/AconfigPackage(10801): com.android.system.virtualmachine.flags is mapped to com.android.virt
03-05 08:45:36.549 E/FeatureFlagsImplExport(10801): android.os.flagging.AconfigStorageReadException: ERROR_PACKAGE_NOT_FOUND: package android.xr cannot be found on the device
03-05 08:45:36.551 D/UiAutomationConnection(10801): Created on user UserHandle{0}
03-05 08:45:36.551 I/UiAutomation(10801): Initialized for user 0 on display 0
03-05 08:45:36.551 W/UiAutomation(10801): Created with deprecatead constructor, assumes DEFAULT_DISPLAY
03-05 08:45:36.552 D/AccessibilityManagerService(  767): changeCurrentUserForTestAutomationIfNeededLocked(0): ignoring because device doesn't support visible background users
03-05 08:45:36.552 I/UiAutomationManager(  767): Registering UiTestAutomationService (id=com.android.server.accessibility/UiAutomation, flags=0x0) when called by user 0
03-05 08:45:36.553 V/AccessibilityManagerService(  767): onUserStateChangedLocked for userId: 0, forceUpdate: false
03-05 08:45:36.557 I/AiAiEcho( 1593): Settings changed for uri: content://settings/secure/accessibility_enabled
03-05 08:45:36.558 V/AccessibilityUserState(  767): updateShortcutTargets: type:accessibility_shortcut_target_service, current:{}, new:{}
03-05 08:45:36.558 V/AccessibilityUserState(  767): updateShortcutTargets: type:accessibility_button_targets, current:{}, new:{}
03-05 08:45:36.558 V/AccessibilityUserState(  767): updateShortcutTargets: type:accessibility_gesture_targets, current:{}, new:{}
03-05 08:45:36.558 V/AccessibilityUserState(  767): updateShortcutTargets: type:accessibility_qs_targets, current:{}, new:{}
03-05 08:45:36.558 V/AccessibilityUserState(  767): updateShortcutTargets: type:accessibility_key_gesture_targets, current:{}, new:{}
03-05 08:45:36.558 W/MagnificationConnectionManager(  767): requestConnection duplicated request: connect=false, mConnectionState=DISCONNECTED
03-05 08:45:36.561 W/libbinder.IPCThreadState(  767): Sending oneway calls to frozen process.
03-05 08:45:36.562 I/AiAiEcho( 1593): Predicting[0]:  [CONTEXT sampling_count=5 ]
03-05 08:45:36.562 I/AiAiEcho( 1593): EchoTargets: 
03-05 08:45:36.562 I/AiAiEcho( 1593): Filtered by AiAi flag check: 
03-05 08:45:36.562 I/AiAiEcho( 1593): [CONTEXT ratelimit_period="10 SECONDS" ]
03-05 08:45:36.563 I/AiAiEcho( 1593): #remoteViewsTwiddler: feature disabled.
03-05 08:45:36.563 V/AccessibilityManagerService(  767): onUserStateChangedLocked for userId: 0, forceUpdate: false
03-05 08:45:36.563 V/AccessibilityUserState(  767): updateShortcutTargets: type:accessibility_shortcut_target_service, current:{}, new:{}
03-05 08:45:36.563 V/AccessibilityUserState(  767): updateShortcutTargets: type:accessibility_button_targets, current:{}, new:{}
03-05 08:45:36.563 V/AccessibilityUserState(  767): updateShortcutTargets: type:accessibility_gesture_targets, current:{}, new:{}
03-05 08:45:36.563 V/AccessibilityUserState(  767): updateShortcutTargets: type:accessibility_qs_targets, current:{}, new:{}
03-05 08:45:36.563 V/AccessibilityUserState(  767): updateShortcutTargets: type:accessibility_key_gesture_targets, current:{}, new:{}
03-05 08:45:36.564 I/AiAiEcho( 1593): #postPredictionTargets: Sending updates to UISurface home with targets# 0 (types=[])
03-05 08:45:36.564 W/MagnificationConnectionManager(  767): requestConnection duplicated request: connect=false, mConnectionState=DISCONNECTED
03-05 08:45:36.566 W/libbinder.IPCThreadState(  767): Sending oneway calls to frozen process.
03-05 08:45:36.567 I/AiAiEcho( 1593): Settings changed for uri: content://settings/secure/accessibility_enabled
03-05 08:45:36.567 I/AiAiEcho( 1593): Predicting[0]:  [CONTEXT sampling_count=5 ]
03-05 08:45:36.567 I/AiAiEcho( 1593): EchoTargets: 
03-05 08:45:36.567 I/AiAiEcho( 1593): Filtered by AiAi flag check: 
03-05 08:45:36.567 I/AiAiEcho( 1593): [CONTEXT ratelimit_period="10 SECONDS" ]
03-05 08:45:36.567 I/AiAiEcho( 1593): #remoteViewsTwiddler: feature disabled.
03-05 08:45:36.567 I/AiAiEcho( 1593): #postPredictionTargets: Sending updates to UISurface home with targets# 0 (types=[])
03-05 08:45:36.568 W/libbinder.IPCThreadState(  767): Sending oneway calls to frozen process.
03-05 08:45:36.568 W/libbinder.IPCThreadState(  767): Sending oneway calls to frozen process.
03-05 08:45:36.570 W/libbinder.IPCThreadState(  767): Sending oneway calls to frozen process.
03-05 08:45:36.570 W/libbinder.IPCThreadState(  767): Sending oneway calls to frozen process.
03-05 08:45:36.571 W/libbinder.IPCThreadState(  767): Sending oneway calls to frozen process.
03-05 08:45:36.573 W/libbinder.IPCThreadState(  767): Sending oneway calls to frozen process.
03-05 08:45:36.573 W/libbinder.IPCThreadState(  767): Sending oneway calls to frozen process.
03-05 08:45:36.574 E/mapper.ranchu( 9696): getStandardMetadataImpl:886 failure: UNSUPPORTED: id=244: unexpected standardMetadataType=21
03-05 08:45:36.575 W/libbinder.IPCThreadState(  767): Sending oneway calls to frozen process.
03-05 08:45:36.580 W/libbinder.IPCThreadState(  767): Sending oneway calls to frozen process.
03-05 08:45:36.580 W/libbinder.IPCThreadState(  767): Sending oneway calls to frozen process.
03-05 08:45:36.580 W/libbinder.IPCThreadState(  767): Sending oneway calls to frozen process.
03-05 08:45:36.580 W/libbinder.IPCThreadState(  767): Sending oneway calls to frozen process.
03-05 08:45:36.580 W/libbinder.IPCThreadState(  767): Sending oneway calls to frozen process.
03-05 08:45:36.581 W/libbinder.IPCThreadState(  767): Sending oneway calls to frozen process.
03-05 08:45:36.588 W/libbinder.IPCThreadState(  767): Sending oneway calls to frozen process.
03-05 08:45:36.588 W/libbinder.IPCThreadState(  767): Sending oneway calls to frozen process.
03-05 08:45:36.588 W/libbinder.IPCThreadState(  767): Sending oneway calls to frozen process.
03-05 08:45:36.588 W/libbinder.IPCThreadState(  767): Sending oneway calls to frozen process.
03-05 08:45:36.588 W/libbinder.IPCThreadState(  767): Sending oneway calls to frozen process.
03-05 08:45:36.588 W/libbinder.IPCThreadState(  767): Sending oneway calls to frozen process.
03-05 08:45:36.588 W/libbinder.IPCThreadState(  767): Sending oneway calls to frozen process.
03-05 08:45:36.588 W/libbinder.IPCThreadState(  767): Sending oneway calls to frozen process.
03-05 08:45:36.588 W/libbinder.IPCThreadState(  767): Sending oneway calls to frozen process.
03-05 08:45:36.588 D/BatterySaverPolicy(  767): accessibility changed to true, updating policy.
03-05 08:45:36.590 E/mapper.ranchu( 9696): getStandardMetadataImpl:886 failure: UNSUPPORTED: id=243: unexpected standardMetadataType=21
03-05 08:45:36.604 E/mapper.ranchu( 9696): getStandardMetadataImpl:886 failure: UNSUPPORTED: id=241: unexpected standardMetadataType=21
03-05 08:45:36.611 D/AccessibilityManagerService(  767): .getAccessibilityShortcutTargets {shortcutType=32, userId=0}
03-05 08:45:36.613 D/AccessibilitySourceService( 3930): enabled a11y services count 0
03-05 08:45:36.613 D/AccessibilitySourceService( 3930): a11y source sending 0 issue to sc
03-05 08:45:36.614 D/SafetySourceDataValidat(  767): No cert check requested for package com.google.android.permissioncontroller
03-05 08:45:36.975 E/mapper.ranchu( 9696): getStandardMetadataImpl:886 failure: UNSUPPORTED: id=240: unexpected standardMetadataType=21
03-05 08:45:37.492 E/mapper.ranchu( 9696): getStandardMetadataImpl:886 failure: UNSUPPORTED: id=245: unexpected standardMetadataType=21
03-05 08:45:37.617 W/AccessibilityNodeInfoDumper(10801): Fetch time: 6ms
03-05 08:45:37.622 V/AccessibilityManagerService(  767): onUserStateChangedLocked for userId: 0, forceUpdate: false
03-05 08:45:37.630 V/AccessibilityUserState(  767): updateShortcutTargets: type:accessibility_shortcut_target_service, current:{}, new:{}
03-05 08:45:37.631 V/AccessibilityUserState(  767): updateShortcutTargets: type:accessibility_button_targets, current:{}, new:{}
03-05 08:45:37.631 V/AccessibilityUserState(  767): updateShortcutTargets: type:accessibility_gesture_targets, current:{}, new:{}
03-05 08:45:37.631 V/AccessibilityUserState(  767): updateShortcutTargets: type:accessibility_qs_targets, current:{}, new:{}
03-05 08:45:37.631 V/AccessibilityUserState(  767): updateShortcutTargets: type:accessibility_key_gesture_targets, current:{}, new:{}
03-05 08:45:37.631 W/MagnificationConnectionManager(  767): requestConnection duplicated request: connect=false, mConnectionState=DISCONNECTED
03-05 08:45:37.631 D/AccessibilityManagerService(  767): restoreCurrentUserForTestAutomationIfNeededLocked(): ignoring because device doesn't support visible background users
03-05 08:45:37.632 W/libbinder.IPCThreadState(  767): Sending oneway calls to frozen process.
03-05 08:45:37.635 W/libbinder.IPCThreadState(  767): Sending oneway calls to frozen process.
03-05 08:45:37.635 W/libbinder.IPCThreadState(  767): Sending oneway calls to frozen process.
03-05 08:45:37.637 W/libbinder.IPCThreadState(  767): Sending oneway calls to frozen process.
03-05 08:45:37.637 W/libbinder.IPCThreadState(  767): Sending oneway calls to frozen process.
03-05 08:45:37.638 W/libbinder.IPCThreadState(  767): Sending oneway calls to frozen process.
03-05 08:45:37.638 W/libbinder.IPCThreadState(  767): Sending oneway calls to frozen process.
03-05 08:45:37.638 W/libbinder.IPCThreadState(  767): Sending oneway calls to frozen process.
03-05 08:45:37.638 W/libbinder.IPCThreadState(  767): Sending oneway calls to frozen process.
03-05 08:45:37.638 W/libbinder.IPCThreadState(  767): Sending oneway calls to frozen process.
03-05 08:45:37.652 E/mapper.ranchu( 9696): getStandardMetadataImpl:886 failure: UNSUPPORTED: id=242: unexpected standardMetadataType=21
03-05 08:45:37.653 W/libbinder.IPCThreadState(  767): Sending oneway calls to frozen process.
03-05 08:45:37.675 E/mapper.ranchu( 9696): getStandardMetadataImpl:886 failure: UNSUPPORTED: id=244: unexpected standardMetadataType=21
03-05 08:45:37.679 W/libbinder.IPCThreadState(  767): Sending oneway calls to frozen process.
03-05 08:45:37.680 W/libbinder.IPCThreadState(  767): Sending oneway calls to frozen process.
03-05 08:45:37.680 W/libbinder.IPCThreadState(  767): Sending oneway calls to frozen process.
03-05 08:45:37.680 W/libbinder.IPCThreadState(  767): Sending oneway calls to frozen process.
03-05 08:45:37.680 D/BatterySaverPolicy(  767): accessibility changed to false, updating policy.
03-05 08:45:37.680 I/AiAiEcho( 1593): Settings changed for uri: content://settings/secure/accessibility_enabled
03-05 08:45:37.683 E/mapper.ranchu( 9696): getStandardMetadataImpl:886 failure: UNSUPPORTED: id=243: unexpected standardMetadataType=21
03-05 08:45:37.687 I/AiAiEcho( 1593): Predicting[0]:  [CONTEXT sampling_count=5 ]
03-05 08:45:37.687 I/AiAiEcho( 1593): EchoTargets: 
03-05 08:45:37.687 I/AiAiEcho( 1593): Filtered by AiAi flag check: 
03-05 08:45:37.687 I/AiAiEcho( 1593): [CONTEXT ratelimit_period="10 SECONDS" ]
03-05 08:45:37.687 I/AiAiEcho( 1593): #remoteViewsTwiddler: feature disabled.
03-05 08:45:37.690 I/AiAiEcho( 1593): #postPredictionTargets: Sending updates to UISurface home with targets# 0 (types=[])
03-05 08:45:37.692 W/libbinder.IPCThreadState(10801): call to talkWithDriver in joinThreadPool returned error: -9 (Bad file descriptor), FD: -1
03-05 08:45:37.692 W/libbinder.IPCThreadState(10801): call to talkWithDriver in joinThreadPool returned error: -9 (Bad file descriptor), FD: -1
03-05 08:45:37.692 W/libbinder.IPCThreadState(10801): call to talkWithDriver in joinThreadPool returned error: -9 (Bad file descriptor), FD: -1
03-05 08:45:37.701 D/AndroidRuntime(10801): Shutting down VM
03-05 08:45:37.737 E/mapper.ranchu( 9696): getStandardMetadataImpl:886 failure: UNSUPPORTED: id=241: unexpected standardMetadataType=21
03-05 08:45:37.782 W/libbinder.IPCThreadState(  767): Sending oneway calls to frozen process.
03-05 08:45:37.799 W/libbinder.IPCThreadState(  767): Sending oneway calls to frozen process.
03-05 08:45:37.982 E/mapper.ranchu( 9696): getStandardMetadataImpl:886 failure: UNSUPPORTED: id=240: unexpected standardMetadataType=21
03-05 08:45:38.028 D/BufferPoolAccessor2.0(  661): bufferpool2 0x778e66609288 : 2(7776000 size) total buffers - 1(3888000 size) used buffers - 264/266 (recycle/alloc) - 3/266 (fetch/transfer)
03-05 08:45:38.506 E/mapper.ranchu( 9696): getStandardMetadataImpl:886 failure: UNSUPPORTED: id=245: unexpected standardMetadataType=21
03-05 08:45:38.823 I/StylusModule( 1517): StylusModule.onUpdateToolType():774 Update tool type = 0
03-05 08:45:38.836 I/ImeTracker( 4531): com.sportpass.app:251da090: onRequestHide at ORIGIN_CLIENT reason HIDE_SOFT_INPUT_REQUEST_HIDE_WITH_CONTROL fromUser true
03-05 08:45:38.836 D/InsetsController( 4531): hide(ime())
03-05 08:45:38.837 D/WindowOnBackDispatcher( 4531): setTopOnBackInvokedCallback (unwrapped): android.app.Activity$$ExternalSyntheticLambda0@c82da62
03-05 08:45:38.837 D/InsetsController( 4531): Setting requestedVisibleTypes to 503 (was 511)
03-05 08:45:38.838 D/CoreBackPreview(  767): Window{1375ec9 u0 com.sportpass.app/com.sportpass.app.MainActivity}: Setting back callback OnBackInvokedCallbackInfo{mCallback=android.window.IOnBackInvokedCallback$Stub$Proxy@3e88868, mPriority=-1, mIsAnimationCallback=false, mOverrideBehavior=0}
03-05 08:45:38.841 I/ImeTracker(  767): system_server:1e686af6: onRequestShow at ORIGIN_SERVER reason IME_REQUESTED_CHANGED_LISTENER fromUser false
03-05 08:45:38.845 D/Bubbles ( 1018): BubbleController.BubblesImeListener.onImeVisibilityChanged visible=falserunnable=null stackView=null
03-05 08:45:38.848 D/VRI[MainActivity]( 4531): WindowInsets changed: ime:null 
03-05 08:45:38.862 I/ImeTracker(  767): system_server:1e686af6: onCancelled at PHASE_SERVER_ALREADY_VISIBLE
03-05 08:45:38.863 W/libbinder.IPCThreadState(  767): Sending oneway calls to frozen process.
03-05 08:45:38.871 I/ImeTracker(  767): com.sportpass.app:251da090: onFailed at PHASE_WM_NOTIFY_HIDE_ANIMATION_FINISHED
03-05 08:45:38.885 I/ImeTracker(  767): system_server:dd43900e: onRequestShow at ORIGIN_SERVER reason CONTROLS_CHANGED fromUser false
03-05 08:45:38.894 E/mapper.ranchu( 9696): getStandardMetadataImpl:886 failure: UNSUPPORTED: id=242: unexpected standardMetadataType=21
03-05 08:45:38.900 I/ImeTracker( 4531): system_server:dd43900e: onCancelled at PHASE_CLIENT_ON_CONTROLS_CHANGED
03-05 08:45:38.907 I/GoogleInputMethodService( 1517): GoogleInputMethodService.onFinishInputView():1601 onFinishInputView(false)
03-05 08:45:38.930 E/mapper.ranchu( 9696): getStandardMetadataImpl:886 failure: UNSUPPORTED: id=244: unexpected standardMetadataType=21
03-05 08:45:38.934 W/TooltipLifecycleManager( 1517): TooltipLifecycleManager.dismissTooltips():153 Tooltip with id spell_check_add_to_dictionary not found in tooltipManager.
03-05 08:45:38.936 I/GlobeKeyExtension( 1517): GlobeKeyExtension.onDeactivate():144 
03-05 08:45:38.940 W/TooltipLifecycleManager( 1517): TooltipLifecycleManager.dismissTooltips():153 Tooltip with id SUGGESTION_VIEW_EDU_MINI_DIALOG not found in tooltipManager.
03-05 08:45:38.948 E/mapper.ranchu( 9696): getStandardMetadataImpl:886 failure: UNSUPPORTED: id=243: unexpected standardMetadataType=21
03-05 08:45:38.950 I/VoiceInputManagerWrapper( 1517): VoiceInputManagerWrapper.shutdown():131 shutdown()
03-05 08:45:38.969 E/mapper.ranchu( 9696): getStandardMetadataImpl:886 failure: UNSUPPORTED: id=241: unexpected standardMetadataType=21
03-05 08:45:38.976 I/InputBundle( 1517): InputBundle.consumeEvent():1041 Skip consuming an event as keyboard status is INACTIVE
03-05 08:45:38.989 E/mapper.ranchu( 9696): getStandardMetadataImpl:886 failure: UNSUPPORTED: id=240: unexpected standardMetadataType=21
03-05 08:45:39.021 I/AndroidIME( 1517): AbstractIme.onDeactivate():213 LatinIme.onDeactivate()
03-05 08:45:39.025 W/ModuleManager( 1517): ModuleManager.loadModule():578 Module pdt is not available
03-05 08:45:39.035 I/PrimesLoggerHolder( 1517): FrameMetricServiceImpl.stopAsFuture():239 Measurement not found: OnConfigurationChanged
03-05 08:45:39.039 W/TooltipLifecycleManager( 1517): TooltipLifecycleManager.dismissTooltips():153 Tooltip with id undo_access_point_promotion_banner not found in tooltipManager.
03-05 08:45:39.041 D/ImeBackCallbackSender( 1517): Unregister OnBackInvokedCallback at app window (packageName=com.sportpass.app)
03-05 08:45:39.042 I/ImeTracker( 1517): com.sportpass.app:251da090: onHidden
03-05 08:45:39.042 I/ImeTracker(  767): com.sportpass.app:251da090: onFinished on previously finished token at PHASE_NOT_SET with STATUS_SUCCESS
03-05 08:45:39.045 I/NebulaeTrainingCacheMetricsProcessor( 1517): NebulaeTrainingCacheMetricsProcessor.processEndSession():568 End training cache session: com.sportpass.app_1/
03-05 08:45:39.068 I/OnDeviceWmrCalculator( 1517): OnDeviceWmrCalculator.calculateWmr():94 WMR: -1.0000 (0 / 0)
03-05 08:45:39.412 I/HalDevMgr(  767): bestIfaceCreationProposal is null, requestIface=STA, existingIface=[name=wlan0 type=STA]
03-05 08:45:39.546 E/mapper.ranchu( 9696): getStandardMetadataImpl:886 failure: UNSUPPORTED: id=245: unexpected standardMetadataType=21
03-05 08:45:39.549 W/TooltipLifecycleManager( 1517): TooltipLifecycleManager.dismissTooltips():153 Tooltip with id undo_access_point_promotion_banner not found in tooltipManager.
03-05 08:45:39.593 I/ImeTracker(  767): system_server:44b4b6eb: onRequestHide at ORIGIN_SERVER reason IME_REQUESTED_CHANGED_LISTENER fromUser false
03-05 08:45:39.594 I/ImeTracker(  767): system_server:44b4b6eb: onCancelled at PHASE_SERVER_SHOULD_HIDE
03-05 08:45:39.606 E/mapper.ranchu( 9696): getStandardMetadataImpl:886 failure: UNSUPPORTED: id=242: unexpected standardMetadataType=21
03-05 08:45:39.632 E/mapper.ranchu( 9696): getStandardMetadataImpl:886 failure: UNSUPPORTED: id=244: unexpected standardMetadataType=21
03-05 08:45:39.647 E/mapper.ranchu( 9696): getStandardMetadataImpl:886 failure: UNSUPPORTED: id=243: unexpected standardMetadataType=21
03-05 08:45:39.943 I/StylusModule( 1517): StylusModule.onUpdateToolType():774 Update tool type = 0
03-05 08:45:39.959 V/WindowManagerShell( 1018): Transition requested (#35): android.os.BinderProxy@936c13a TransitionRequestInfo { type = CLOSE, triggerTask = TaskInfo{userId=0 taskId=181 effectiveUid=10234 displayId=0 isRunning=false baseIntent=Intent { flg=0x10000000 cmp=com.sportpass.app/.MainActivity } baseActivity=null topActivity=null origActivity=null realActivity=ComponentInfo{com.sportpass.app/com.sportpass.app.MainActivity} numActivities=0 lastActiveTime=252098 supportsMultiWindow=true resizeMode=1 isResizeable=true minWidth=-1 minHeight=-1 defaultMinSize=220 token=WCT{android.os.BinderProxy@88034da} topActivityType=1 pictureInPictureParams=null shouldDockBigOverlays=false launchIntoPipHostTaskId=-1 lastParentTaskIdBeforePip=-1 displayCutoutSafeInsets=Rect(0, 0 - 0, 0) topActivityInfo=null launchCookies=[android.os.BinderProxy@af6003a] positionInParent=Point(0, 0) parentTaskId=-1 isFocused=true isVisible=true isVisibleRequested=true isTopActivityNoDisplay=false isSleeping=false locusId=null displayAreaFeatureId=1 isTopActivityTransparent=false isActivityStackTransparent=true lastNonFullscreenBounds=null capturedLink=null capturedLinkTimestamp=0 requestedVisibleTypes=503 topActivityRequestOpenInBrowserEducationTimestamp=0 appCompatTaskInfo=AppCompatTaskInfo { topActivityInSizeCompat=false isLeafTask= true eligibleForLetterboxEducation= false isLetterboxEducationEnabled= false isLetterboxDoubleTapEnabled= false eligibleForUserAspectRatioButton= false topActivityBoundsLetterboxed= false isFromLetterboxDoubleTap= false topActivityLetterboxVerticalPosition= -1 topActivityLetterboxHorizontalPosition= -1 topActivityLetterboxWidth=-1 topActivityLetterboxHeight=-1 topActivityAppBounds=Rect(0, 0 - 0, 0) isUserFullscreenOverrideEnabled=false isSystemFullscreenOverrideEnabled=false hasMinAspectRatioOverride=false topActivityLetterboxBounds=null cameraCompatTaskInfo=CameraCompatTaskInfo { cameraCompatMode=undefinedundefined} topNonResizableActivityAspectRatio=-1.0} topActivityMainWindowFrame=null isAppBubble=false}, pipChange = null, remoteTransition = null, displayChange = null, requestedLocation = null, userChange = null, windowingLayerChange = null, flags = 0, debugId = 35 }
03-05 08:45:39.959 I/libbinder.BpBinder(  607): onLastStrongRef automatically unlinking death recipients for descriptor: '(not cached)'
03-05 08:45:39.966 D/b/417220811( 1156): invalidateLoadedTasks - previous requestLoadId: -1
03-05 08:45:39.975 E/mapper.ranchu( 9696): getStandardMetadataImpl:886 failure: UNSUPPORTED: id=241: unexpected standardMetadataType=21
03-05 08:45:39.975 D/BackgroundInstallControlService(  767): Package event received: 0
03-05 08:45:39.978 V/WindowManager(  767): Defer transition id=35 for TaskFragmentTransaction=android.os.Binder@fb7b2b9
03-05 08:45:39.982 V/WindowManager(  767): deferTransitionReady deferReadyDepth=1 stack=com.android.server.wm.TransitionController.deferTransitionReady:1061 com.android.server.wm.TaskFragmentOrganizerController$TaskFragmentOrganizerState.dispatchTransaction:517 com.android.server.wm.TaskFragmentOrganizerController.dispatchPendingEvents:1259 com.android.server.wm.TaskFragmentOrganizerController.dispatchPendingEvents:1228 com.android.server.wm.RootWindowContainer.performSurfacePlacement:777 
03-05 08:45:39.986 D/BaseActivity( 1156): Launcher flags updated: [state_started] +[state_started]
03-05 08:45:39.987 D/BackgroundInstallControlService(  767): Package event received: 0
03-05 08:45:39.987 D/BackgroundInstallControlService(  767): Package event received: 0
03-05 08:45:39.988 D/BaseActivity( 1156): Launcher flags updated: [state_started|state_resumed|state_user_active] +[state_resumed|state_user_active]
03-05 08:45:39.989 D/BackgroundInstallControlService(  767): Package event received: 0
03-05 08:45:39.990 D/BaseActivity( 1156): Launcher flags updated: [state_started|state_resumed|state_deferred_resumed|state_user_active] +[state_deferred_resumed]
03-05 08:45:39.991 D/StatsLog( 1156): LAUNCHER_ONRESUME
03-05 08:45:39.998 D/NexusLauncherModelDelegate( 1156): notifySmartspaceEvent: SmartspaceTargetEvent{mSmartspaceTarget=null, mSmartspaceActionId='null', mEventType=6}
03-05 08:45:39.999 V/WindowManager(  767): Continue transition id=35 for TaskFragmentTransaction=android.os.Binder@fb7b2b9
03-05 08:45:40.008 V/WindowManager(  767): continueTransitionReady deferReadyDepth=0 stack=com.android.server.wm.TransitionController.continueTransitionReady:1071 com.android.server.wm.TaskFragmentOrganizerController$TaskFragmentOrganizerState.onTransactionFinished:546 com.android.server.wm.TaskFragmentOrganizerController.onTransactionHandled:740 android.window.ITaskFragmentOrganizerController$Stub.onTransact:225 android.os.Binder.execTransactInternal:1473 
03-05 08:45:40.009 D/WindowManagerShell( 1018): setLauncherKeepClearAreaHeight: visible=true, height=495
03-05 08:45:40.019 D/WallpaperService( 1018): onVisibilityChanged(true): com.android.systemui.wallpapers.ImageWallpaper$CanvasEngine@bde2936
03-05 08:45:40.021 E/mapper.ranchu( 9696): getStandardMetadataImpl:886 failure: UNSUPPORTED: id=240: unexpected standardMetadataType=21
03-05 08:45:40.024 D/QuickstepModelDelegate( 1156): notifyAppTargetEvent action=1 launchLocation=
03-05 08:45:40.025 D/BackgroundInstallControlService(  767): Package event received: 0
03-05 08:45:40.025 D/BackgroundInstallControlService(  767): Package event received: 0
03-05 08:45:40.025 D/VRI[NexusLauncherActivity]( 1156): WindowInsets changed: ime:null 
03-05 08:45:40.027 D/BackgroundInstallControlService(  767): Package event received: 0
03-05 08:45:40.027 D/BackgroundInstallControlService(  767): Package event received: 0
03-05 08:45:40.027 D/BackgroundInstallControlService(  767): Package event received: 0
03-05 08:45:40.027 D/BackgroundInstallControlService(  767): Package event received: 0
03-05 08:45:40.027 D/BackgroundInstallControlService(  767): Package event received: 0
03-05 08:45:40.027 D/BackgroundInstallControlService(  767): Package event received: 0
03-05 08:45:40.027 D/BackgroundInstallControlService(  767): Package event received: 0
03-05 08:45:40.027 D/BackgroundInstallControlService(  767): Package event received: 0
03-05 08:45:40.027 D/BackgroundInstallControlService(  767): Package event received: 0
03-05 08:45:40.027 D/BackgroundInstallControlService(  767): Package event received: 0
03-05 08:45:40.027 D/BackgroundInstallControlService(  767): Package event received: 0
03-05 08:45:40.033 I/AiAiEcho( 1593): Predicting[0]:  [CONTEXT sampling_count=5 ]
03-05 08:45:40.039 E/mapper.ranchu( 9696): getStandardMetadataImpl:886 failure: UNSUPPORTED: id=245: unexpected standardMetadataType=21
03-05 08:45:40.044 I/AiAiEcho( 1593): EchoTargets: 
03-05 08:45:40.044 I/AiAiEcho( 1593): Filtered by AiAi flag check: 
03-05 08:45:40.044 I/AiAiEcho( 1593): [CONTEXT ratelimit_period="10 SECONDS" ]
03-05 08:45:40.045 I/AiAiEcho( 1593): #remoteViewsTwiddler: feature disabled.
03-05 08:45:40.047 I/AiAiEcho( 1593): #postPredictionTargets: Sending updates to UISurface home with targets# 0 (types=[])
03-05 08:45:40.057 E/mapper.ranchu( 9696): getStandardMetadataImpl:886 failure: UNSUPPORTED: id=242: unexpected standardMetadataType=21
03-05 08:45:40.073 D/SsBaseTemplateCard( 1156): Date view text is empty
03-05 08:45:40.075 D/SsBaseTemplateCard( 1156): Passed-in item info is null
03-05 08:45:40.075 D/SsBaseTemplateCard( 1156): Passed-in item info is null
03-05 08:45:40.075 D/SsBaseTemplateCard( 1156): Passed-in item info is null
03-05 08:45:40.075 D/SsBaseTemplateCard( 1156): Passed-in item info is null
03-05 08:45:40.075 I/SsBaseTemplateCard( 1156): Secondary card pane is null
03-05 08:45:40.080 D/NexusLauncherModelDelegate( 1156): notifySmartspaceEvent: SmartspaceTargetEvent{mSmartspaceTarget=SmartspaceTarget{mSmartspaceTargetId='date_card_794317_92634', mHeaderAction=null, mBaseAction=null, mCreationTimeMillis=0, mExpiryTimeMillis=0, mScore=0.0, mActionChips=[], mIconGrid=[], mFeatureType=1, mSensitive=false, mShouldShowExpanded=false, mSourceNotificationKey='null', mComponentName=ComponentInfo{com.google.android.apps.nexuslauncher/w7.d0}, mUserHandle=UserHandle{0}, mAssociatedSmartspaceTargetId='null', mSliceUri=null, mWidget=null, mTemplateData=BaseTemplateData{mTemplateType=1, mPrimaryItem=null, mSubtitleItem=null, mSubtitleSupplementalItem=null, mSupplementalLineItem=null, mSupplementalAlarmItem=null, mLayoutWeight=0}, mRemoteViews=null}, mSmartspaceActionId='null', mEventType=3}
03-05 08:45:40.080 D/NexusLauncherModelDelegate( 1156): notifySmartspaceEvent: SmartspaceTargetEvent{mSmartspaceTarget=SmartspaceTarget{mSmartspaceTargetId='date_card_794317_92634', mHeaderAction=null, mBaseAction=null, mCreationTimeMillis=0, mExpiryTimeMillis=0, mScore=0.0, mActionChips=[], mIconGrid=[], mFeatureType=1, mSensitive=false, mShouldShowExpanded=false, mSourceNotificationKey='null', mComponentName=ComponentInfo{com.google.android.apps.nexuslauncher/w7.d0}, mUserHandle=UserHandle{0}, mAssociatedSmartspaceTargetId='null', mSliceUri=null, mWidget=null, mTemplateData=BaseTemplateData{mTemplateType=1, mPrimaryItem=null, mSubtitleItem=null, mSubtitleSupplementalItem=null, mSupplementalLineItem=null, mSupplementalAlarmItem=null, mLayoutWeight=0}, mRemoteViews=null}, mSmartspaceActionId='null', mEventType=2}
03-05 08:45:40.081 D/b/387844520( 1156): calling updateRingPath from onSizeChanged
03-05 08:45:40.082 D/b/387844520( 1156): getOutlineOffsetX: measured width = 173, mNormalizedIconSize = 159, last updated width = 173
03-05 08:45:40.082 D/b/387844520( 1156): calling updateRingPath from onSizeChanged
03-05 08:45:40.082 D/b/387844520( 1156): getOutlineOffsetX: measured width = 173, mNormalizedIconSize = 159, last updated width = 173
03-05 08:45:40.082 D/b/387844520( 1156): calling updateRingPath from onSizeChanged
03-05 08:45:40.082 D/b/387844520( 1156): getOutlineOffsetX: measured width = 173, mNormalizedIconSize = 159, last updated width = 173
03-05 08:45:40.082 D/b/387844520( 1156): calling updateRingPath from onSizeChanged
03-05 08:45:40.084 D/b/387844520( 1156): getOutlineOffsetX: measured width = 173, mNormalizedIconSize = 159, last updated width = 173
03-05 08:45:40.087 D/BaseAllAppsAdapter( 1156): onBindViewHolder: isPrivateSpaceItem: false isStateTransitioning: false isScrolling: false readyToAnimate: false currentState: 0 currentAlpha: 1.0
03-05 08:45:40.087 D/BaseAllAppsAdapter( 1156): onBindViewHolder: isPrivateSpaceItem: false isStateTransitioning: false isScrolling: false readyToAnimate: false currentState: 0 currentAlpha: 1.0
03-05 08:45:40.087 D/BaseAllAppsAdapter( 1156): onBindViewHolder: isPrivateSpaceItem: false isStateTransitioning: false isScrolling: false readyToAnimate: false currentState: 0 currentAlpha: 1.0
03-05 08:45:40.094 D/BaseAllAppsAdapter( 1156): onBindViewHolder: isPrivateSpaceItem: false isStateTransitioning: false isScrolling: false readyToAnimate: false currentState: 0 currentAlpha: 1.0
03-05 08:45:40.096 D/BaseAllAppsAdapter( 1156): onBindViewHolder: isPrivateSpaceItem: false isStateTransitioning: false isScrolling: false readyToAnimate: false currentState: 0 currentAlpha: 1.0
03-05 08:45:40.096 D/BaseAllAppsAdapter( 1156): onBindViewHolder: isPrivateSpaceItem: false isStateTransitioning: false isScrolling: false readyToAnimate: false currentState: 0 currentAlpha: 1.0
03-05 08:45:40.096 D/BaseAllAppsAdapter( 1156): onBindViewHolder: isPrivateSpaceItem: false isStateTransitioning: false isScrolling: false readyToAnimate: false currentState: 0 currentAlpha: 1.0
03-05 08:45:40.096 D/BaseAllAppsAdapter( 1156): onBindViewHolder: isPrivateSpaceItem: false isStateTransitioning: false isScrolling: false readyToAnimate: false currentState: 0 currentAlpha: 1.0
03-05 08:45:40.097 D/BaseAllAppsAdapter( 1156): onBindViewHolder: isPrivateSpaceItem: false isStateTransitioning: false isScrolling: false readyToAnimate: false currentState: 0 currentAlpha: 1.0
03-05 08:45:40.097 D/BaseAllAppsAdapter( 1156): onBindViewHolder: isPrivateSpaceItem: false isStateTransitioning: false isScrolling: false readyToAnimate: false currentState: 0 currentAlpha: 1.0
03-05 08:45:40.097 D/BaseAllAppsAdapter( 1156): onBindViewHolder: isPrivateSpaceItem: false isStateTransitioning: false isScrolling: false readyToAnimate: false currentState: 0 currentAlpha: 1.0
03-05 08:45:40.101 D/BaseAllAppsAdapter( 1156): onBindViewHolder: isPrivateSpaceItem: false isStateTransitioning: false isScrolling: false readyToAnimate: false currentState: 0 currentAlpha: 1.0
03-05 08:45:40.101 D/BaseAllAppsAdapter( 1156): onBindViewHolder: isPrivateSpaceItem: false isStateTransitioning: false isScrolling: false readyToAnimate: false currentState: 0 currentAlpha: 1.0
03-05 08:45:40.101 D/BaseAllAppsAdapter( 1156): onBindViewHolder: isPrivateSpaceItem: false isStateTransitioning: false isScrolling: false readyToAnimate: false currentState: 0 currentAlpha: 1.0
03-05 08:45:40.102 D/BaseAllAppsAdapter( 1156): onBindViewHolder: isPrivateSpaceItem: false isStateTransitioning: false isScrolling: false readyToAnimate: false currentState: 0 currentAlpha: 1.0
03-05 08:45:40.102 D/BaseAllAppsAdapter( 1156): onBindViewHolder: isPrivateSpaceItem: false isStateTransitioning: false isScrolling: false readyToAnimate: false currentState: 0 currentAlpha: 1.0
03-05 08:45:40.103 D/BaseAllAppsAdapter( 1156): onBindViewHolder: isPrivateSpaceItem: false isStateTransitioning: false isScrolling: false readyToAnimate: false currentState: 0 currentAlpha: 1.0
03-05 08:45:40.103 D/BaseAllAppsAdapter( 1156): onBindViewHolder: isPrivateSpaceItem: false isStateTransitioning: false isScrolling: false readyToAnimate: false currentState: 0 currentAlpha: 1.0
03-05 08:45:40.103 D/BaseAllAppsAdapter( 1156): onBindViewHolder: isPrivateSpaceItem: false isStateTransitioning: false isScrolling: false readyToAnimate: false currentState: 0 currentAlpha: 1.0
03-05 08:45:40.103 D/BaseAllAppsAdapter( 1156): onBindViewHolder: isPrivateSpaceItem: false isStateTransitioning: false isScrolling: false readyToAnimate: false currentState: 0 currentAlpha: 1.0
03-05 08:45:40.104 D/BaseAllAppsAdapter( 1156): onBindViewHolder: isPrivateSpaceItem: false isStateTransitioning: false isScrolling: false readyToAnimate: false currentState: 0 currentAlpha: 1.0
03-05 08:45:40.104 D/BaseAllAppsAdapter( 1156): onBindViewHolder: isPrivateSpaceItem: false isStateTransitioning: false isScrolling: false readyToAnimate: false currentState: 0 currentAlpha: 1.0
03-05 08:45:40.104 D/BaseAllAppsAdapter( 1156): onBindViewHolder: isPrivateSpaceItem: false isStateTransitioning: false isScrolling: false readyToAnimate: false currentState: 0 currentAlpha: 1.0
03-05 08:45:40.107 W/View    ( 1156): requestLayout() improperly called by com.android.launcher3.BubbleTextView{5c3c895 VFED..CL. .F....ID 30,430-285,709 #7f0a01fb app:id/icon} during layout: running second layout pass
03-05 08:45:40.109 D/BaseDepthController( 1156): setSurface:
03-05 08:45:40.109 D/BaseDepthController( 1156): 	mWaitingOnSurfaceValidity: false
03-05 08:45:40.109 D/BaseDepthController( 1156): 	mBaseSurface: Surface(name=com.google.android.apps.nexuslauncher/com.google.android.apps.nexuslauncher.NexusLauncherActivity#348)/@0x2655911
03-05 08:45:40.110 V/BaseDepthController( 1156): Applying blur: 79 to Surface(name=com.google.android.apps.nexuslauncher/com.google.android.apps.nexuslauncher.NexusLauncherActivity#348)/@0x2655911 applyImmediately: false
03-05 08:45:40.110 D/BaseDepthController( 1156): shouldBlurWorkspace: true targetState: AllApps currentStableState: AllApps mCurrentBlur: 79 mLauncher.getDepthBlurTargets(): [com.android.launcher3.Workspace{ba05df4 V.ED..... ......ID 0,0-1080,2400 #7f0a049d app:id/workspace}, com.android.launcher3.Hotseat{a704a76 V.ED..... ......ID 0,1905-1080,2400 #7f0a01ee app:id/hotseat}]
03-05 08:45:40.180 D/b/417220811( 1156): invalidateLoadedTasks - previous requestLoadId: -1
03-05 08:45:40.235 D/SsBaseTemplateCard( 1156): Passed-in item info is null
03-05 08:45:40.235 D/SsBaseTemplateCard( 1156): Passed-in item info is null
03-05 08:45:40.235 D/SsBaseTemplateCard( 1156): Passed-in item info is null
03-05 08:45:40.235 D/SsBaseTemplateCard( 1156): Passed-in item info is null
03-05 08:45:40.235 I/SsBaseTemplateCard( 1156): Secondary card pane is null
03-05 08:45:40.245 E/mapper.ranchu( 9696): getStandardMetadataImpl:886 failure: UNSUPPORTED: id=244: unexpected standardMetadataType=21
03-05 08:45:40.263 V/WindowManagerShell( 1018): onTransitionReady(transaction=3294239919388)
03-05 08:45:40.268 V/WindowManagerShell( 1018): onTransitionReady (#35) android.os.BinderProxy@936c13a: {id=35 t=CLOSE f=0x0 trk=0 r=[0@Point(0, 0)] c=[
03-05 08:45:40.268 V/WindowManagerShell( 1018):         {m=TO_FRONT f=SHOW_WALLPAPER|MOVE_TO_TOP leash=Surface(name=Task=1#44)/@0x80c21eb sb=Rect(0, 0 - 1080, 2400) eb=Rect(0, 0 - 1080, 2400) epz=Point(1080, 2400) d=0 taskParent=-1 winMode=1 userId=0},
03-05 08:45:40.268 V/WindowManagerShell( 1018):         {m=CLOSE f=NONE leash=Surface(name=Task=181#114)/@0x6423b48 sb=Rect(0, 0 - 1080, 2400) eb=Rect(0, 0 - 1080, 2400) epz=Point(1080, 2400) d=0 taskParent=-1 winMode=1 userId=0},
03-05 08:45:40.268 V/WindowManagerShell( 1018):         {m=TO_FRONT f=IS_WALLPAPER leash=Surface(name=WallpaperWindowToken{9e000cc}#60)/@0x9f35de1 sb=Rect(0, 0 - 1080, 2400) eb=Rect(0, 0 - 1080, 2400) epz=Point(1080, 2400) d=0}
03-05 08:45:40.268 V/WindowManagerShell( 1018):     ]}
03-05 08:45:40.269 V/WindowManagerShell( 1018): Playing animation for (#35) android.os.BinderProxy@936c13a@0
03-05 08:45:40.271 E/mapper.ranchu( 9696): getStandardMetadataImpl:886 failure: UNSUPPORTED: id=243: unexpected standardMetadataType=21
03-05 08:45:40.279 V/ShellRecents( 1018): RecentsTransitionHandler.startAnimation: no controller found
03-05 08:45:40.280 V/WindowManagerShell( 1018): Transition doesn't have explicit remote, search filters for match for {id=35 t=CLOSE f=0x0 trk=0 r=[0@Point(0, 0)] c=[{m=TO_FRONT f=SHOW_WALLPAPER|MOVE_TO_TOP leash=Surface(name=Task=1#44)/@0x80c21eb sb=Rect(0, 0 - 1080, 2400) eb=Rect(0, 0 - 1080, 2400) epz=Point(1080, 2400) d=0 taskParent=-1 winMode=1 userId=0},{m=CLOSE f=NONE leash=Surface(name=Task=181#114)/@0x6423b48 sb=Rect(0, 0 - 1080, 2400) eb=Rect(0, 0 - 1080, 2400) epz=Point(1080, 2400) d=0 taskParent=-1 winMode=1 userId=0},{m=TO_FRONT f=IS_WALLPAPER leash=Surface(name=WallpaperWindowToken{9e000cc}#60)/@0x9f35de1 sb=Rect(0, 0 - 1080, 2400) eb=Rect(0, 0 - 1080, 2400) epz=Point(1080, 2400) d=0}]}
03-05 08:45:40.280 V/WindowManagerShell( 1018):  Checking filter Pair{{types=[] flags=0x0] notFlags=0x0 checks=[{atype=undefined independent=true modes=[CLOSE,TO_BACK] flags=IN_TASK_WITH_EMBEDDED_ACTIVITY mustBeTask=false order=ANY topActivity=null launchCookie=null taskFragmentToken=android.os.BinderProxy@988f1c7 windowingMode=undefined isCrossDisplayMove=false}]} RemoteTransition { remoteTransition = android.window.IRemoteTransition$Stub$Proxy@fe3c3f4, appThread = android.app.IApplicationThread$Stub$Proxy@c66f71d, debugName = overlayBackTransition }}
03-05 08:45:40.280 V/WindowManagerShell( 1018):  Checking filter Pair{{types=[] flags=0x0] notFlags=0x0 checks=[{atype=dream independent=true modes=[OPEN,TO_FRONT] flags=NONE mustBeTask=false order=ANY topActivity=null launchCookie=null windowingMode=undefined isCrossDisplayMove=false},{atype=home independent=true modes=[CLOSE,TO_BACK] flags=NONE mustBeTask=false order=ANY topActivity=null launchCookie=null windowingMode=undefined isCrossDisplayMove=false}]} RemoteTransition { remoteTransition = android.window.IRemoteTransition$Stub$Proxy@4903d92, appThread = android.app.IApplicationThread$Stub$Proxy@518e363, debugName = LauncherToDream }}
03-05 08:45:40.281 V/WindowManagerShell( 1018):  Checking filter Pair{{types=[] flags=0x0] notFlags=0x100 checks=[{atype=home independent=true modes=[OPEN,TO_FRONT] flags=NONE mustBeTask=false order=TOP topActivity=ComponentInfo{com.google.android.apps.nexuslauncher/com.google.android.apps.nexuslauncher.NexusLauncherActivity} launchCookie=null windowingMode=undefined isCrossDisplayMove=false},{atype=standard independent=true modes=[CLOSE,TO_BACK] flags=NONE mustBeTask=false order=ANY topActivity=null launchCookie=null windowingMode=undefined isCrossDisplayMove=false},{NOT atype=undefined independent=true modes=[] flags=NONE mustBeTask=true order=ANY topActivity=null launchCookie=null customAnim=true windowingMode=undefined isCrossDisplayMove=false}]} RemoteTransition { remoteTransition = android.window.IRemoteTransition$Stub$Proxy@2732b60, appThread = android.app.IApplicationThread$Stub$Proxy@e80e819, debugName = QuickstepLaunchHome }}
03-05 08:45:40.284 D/RemoteTransitionHandler( 1018): Found filterPair{{types=[] flags=0x0] notFlags=0x100 checks=[{atype=home independent=true modes=[OPEN,TO_FRONT] flags=NONE mustBeTask=false order=TOP topActivity=ComponentInfo{com.google.android.apps.nexuslauncher/com.google.android.apps.nexuslauncher.NexusLauncherActivity} launchCookie=null windowingMode=undefined isCrossDisplayMove=false},{atype=standard independent=true modes=[CLOSE,TO_BACK] flags=NONE mustBeTask=false order=ANY topActivity=null launchCookie=null windowingMode=undefined isCrossDisplayMove=false},{NOT atype=undefined independent=true modes=[] flags=NONE mustBeTask=true order=ANY topActivity=null launchCookie=null customAnim=true windowingMode=undefined isCrossDisplayMove=false}]} RemoteTransition { remoteTransition = android.window.IRemoteTransition$Stub$Proxy@2732b60, appThread = android.app.IApplicationThread$Stub$Proxy@e80e819, debugName = QuickstepLaunchHome }}
03-05 08:45:40.284 V/WindowManagerShell( 1018):  Delegate animation for (#35) to RemoteTransition { remoteTransition = android.window.IRemoteTransition$Stub$Proxy@2732b60, appThread = android.app.IApplicationThread$Stub$Proxy@e80e819, debugName = QuickstepLaunchHome }
03-05 08:45:40.303 V/WindowManager(  767): Sent Transition (#35) createdAt=03-05 08:45:39.955 via request=TransitionRequestInfo { type = CLOSE, triggerTask = TaskInfo{userId=0 taskId=181 effectiveUid=10234 displayId=0 isRunning=false baseIntent=Intent { flg=0x10000000 cmp=com.sportpass.app/.MainActivity } baseActivity=null topActivity=null origActivity=null realActivity=ComponentInfo{com.sportpass.app/com.sportpass.app.MainActivity} numActivities=0 lastActiveTime=252098 supportsMultiWindow=true resizeMode=1 isResizeable=true minWidth=-1 minHeight=-1 defaultMinSize=220 token=WCT{RemoteToken{9d69ed Task{a31f857 #181 type=standard I=com.sportpass.app/.MainActivity}}} topActivityType=1 pictureInPictureParams=null shouldDockBigOverlays=false launchIntoPipHostTaskId=-1 lastParentTaskIdBeforePip=-1 displayCutoutSafeInsets=Rect(0, 0 - 0, 0) topActivityInfo=null launchCookies=[android.os.BinderProxy@2ae936f] positionInParent=Point(0, 0) parentTaskId=-1 isFocused=true isVisible=true isVisibleRequested=true isTopActivityNoDisplay=false isSleeping=false locusId=null displayAreaFeatureId=1 isTopActivityTransparent=false isActivityStackTransparent=true lastNonFullscreenBounds=null capturedLink=null capturedLinkTimestamp=0 requestedVisibleTypes=503 topActivityRequestOpenInBrowserEducationTimestamp=0 appCompatTaskInfo=AppCompatTaskInfo { topActivityInSizeCompat=false isLeafTask= true eligibleForLetterboxEducation= false isLetterboxEducationEnabled= false isLetterboxDoubleTapEnabled= false eligibleForUserAspectRatioButton= false topActivityBoundsLetterboxed= false isFromLetterboxDoubleTap= false topActivityLetterboxVerticalPosition= -1 topActivityLetterboxHorizontalPosition= -1 topActivityLetterboxWidth=-1 topActivityLetterboxHeight=-1 topActivityAppBounds=Rect(0, 0 - 0, 0) isUserFullscreenOverrideEnabled=false isSystemFullscreenOverrideEnabled=false hasMinAspectRatioOverride=false topActivityLetterboxBounds=null cameraCompatTaskInfo=CameraCompatTaskInfo { cameraCompatMode=undefinedundefined} topNonResizableActivityAspectRatio=-1.0} topActivityMainWindowFrame=null isAppBubble=false}, pipChange = null, remoteTransition = null, displayChange = null, requestedLocation = null, userChange = null, windowingLayerChange = null, flags = 0, debugId = 35 }
03-05 08:45:40.303 V/WindowManager(  767):     startWCT=WindowContainerTransaction { changes= {} hops= [] errorCallbackToken=null taskFragmentOrganizer=null }
03-05 08:45:40.304 V/WindowManager(  767):     info={id=35 t=CLOSE f=0x0 trk=0 r=[0@Point(0, 0)] c=[
03-05 08:45:40.304 V/WindowManager(  767):         {WCT{RemoteToken{81f1ab3 Task{9aa8768 #1 type=home}}} m=TO_FRONT f=SHOW_WALLPAPER|MOVE_TO_TOP leash=Surface(name=Task=1#44)/@0xee943b1 sb=Rect(0, 0 - 1080, 2400) eb=Rect(0, 0 - 1080, 2400) epz=Point(1080, 2400) d=0 taskParent=-1 winMode=1 userId=0},
03-05 08:45:40.304 V/WindowManager(  767):         {WCT{RemoteToken{9d69ed Task{a31f857 #181 type=standard I=com.sportpass.app/.MainActivity}}} m=CLOSE f=NONE leash=Surface(name=Task=181#114)/@0x7d7f096 sb=Rect(0, 0 - 1080, 2400) eb=Rect(0, 0 - 1080, 2400) epz=Point(1080, 2400) d=0 taskParent=-1 winMode=1 userId=0},
03-05 08:45:40.304 V/WindowManager(  767):         {m=TO_FRONT f=IS_WALLPAPER leash=Surface(name=WallpaperWindowToken{9e000cc}#60)/@0x88bd658 sb=Rect(0, 0 - 1080, 2400) eb=Rect(0, 0 - 1080, 2400) epz=Point(1080, 2400) d=0}
03-05 08:45:40.304 V/WindowManager(  767):     ]}
03-05 08:45:40.305 V/WindowManagerShell( 1018):  animated by com.android.wm.shell.transition.RemoteTransitionHandler@ff0a0de
03-05 08:45:40.305 D/Bubbles ( 1018): onLocusVisibilityChanged=Overview|DISABLED visible=true taskId=1
03-05 08:45:40.381 D/LauncherStateManager( 1156): StateManager.cancelAnimation: animation ongoing: false, partial trace:
03-05 08:45:40.381 D/LauncherStateManager( 1156): 	at com.android.launcher3.statemanager.StateManager.setCurrentAnimation(go/retraceme 7101499b44b219b757f6885b35ae099b24fc769225595efcaaacae5b0f94500b:18)
03-05 08:45:40.381 D/LauncherStateManager( 1156): 	at com.android.launcher3.QuickstepTransitionManager.createWallpaperOpenAnimations(go/retraceme 7101499b44b219b757f6885b35ae099b24fc769225595efcaaacae5b0f94500b:646)
03-05 08:45:40.381 D/LauncherStateManager( 1156): 	at com.android.launcher3.QuickstepTransitionManager$WallpaperOpenLauncherAnimationRunner.onAnimationStart(go/retraceme 7101499b44b219b757f6885b35ae099b24fc769225595efcaaacae5b0f94500b:96)
03-05 08:45:40.386 D/b/311077782( 1156): LauncherAnimationRunner.setAnimation
03-05 08:45:40.389 E/mapper.ranchu( 9696): getStandardMetadataImpl:886 failure: UNSUPPORTED: id=241: unexpected standardMetadataType=21
03-05 08:45:40.485 V/WindowManagerShell( 1018): Received remote transition finished callback for (#35)
03-05 08:45:40.486 V/WindowManagerShell( 1018): Transition animation finished (aborted=false), notifying core (#35) android.os.BinderProxy@936c13a@0
03-05 08:45:40.487 D/BaseActivity( 1156): Launcher flags updated: [state_started|state_resumed|state_deferred_resumed|state_window_focused|state_user_active] +[state_window_focused]
03-05 08:45:40.493 V/WindowManager(  767): Finish Transition (#35): created at 03-05 08:45:39.955 collect-started=0.113ms request-sent=0.963ms started=7.502ms ready=53.032ms sent=276.485ms commit=144.584ms finished=537.237ms
03-05 08:45:40.494 I/ImeTracker(  767): com.google.android.apps.nexuslauncher:7616adc: onRequestHide at ORIGIN_SERVER reason HIDE_UNSPECIFIED_WINDOW fromUser false
03-05 08:45:40.495 D/VRI[MainActivity]( 4531): visibilityChanged oldVisibility=true newVisibility=false
03-05 08:45:40.496 D/InsetsController( 1156): hide(ime())
03-05 08:45:40.496 I/ImeTracker( 1156): com.google.android.apps.nexuslauncher:7616adc: onCancelled at PHASE_CLIENT_ALREADY_HIDDEN
03-05 08:45:40.497 V/WindowManagerShell( 1018): Track 0 became idle
03-05 08:45:40.499 V/WindowManagerShell( 1018): All active transition animations finished
03-05 08:45:40.511 I/GoogleInputMethodService( 1517): GoogleInputMethodService.onFinishInput():2113 
03-05 08:45:40.515 I/ImeTracker(  767): system_server:3b3dad7b: onRequestHide at ORIGIN_SERVER reason IME_REQUESTED_CHANGED_LISTENER fromUser false
03-05 08:45:40.516 I/ImeTracker(  767): system_server:3b3dad7b: onCancelled at PHASE_SERVER_SHOULD_HIDE
03-05 08:45:40.522 I/Module  ( 1517): DeviceLockedStatusModuleProvider$Module.updateDeviceLockedStatus():103 repeatCheckTimes = 0, locked = false
03-05 08:45:40.526 I/GoogleInputMethodService( 1517): GoogleInputMethodService.onStartInput():1384 onStartInput(EditorInfo{EditorInfo{packageName=com.google.android.apps.nexuslauncher, inputType=0, inputTypeString=NULL, enableLearning=false, autoCorrection=false, autoComplete=false, imeOptions=0, privateImeOptions=null, actionName=UNSPECIFIED, actionLabel=null, initialSelStart=-1, initialSelEnd=-1, initialCapsMode=0, label=null, fieldId=0, fieldName=null, extras=null, hintText=null, hintLocales=[]}}, false)
03-05 08:45:40.536 E/mapper.ranchu( 9696): getStandardMetadataImpl:886 failure: UNSUPPORTED: id=240: unexpected standardMetadataType=21
03-05 08:45:40.536 I/Module  ( 1517): DeviceLockedStatusModuleProvider$Module.updateDeviceLockedStatus():103 repeatCheckTimes = 1, locked = false
03-05 08:45:40.539 W/ImageReader_JNI(  767): Unable to acquire a buffer item, very likely client tried to acquire more than maxImages buffers
03-05 08:45:40.539 W/PackageConfigPersister(  767): App-specific configuration not found for packageName: com.google.android.apps.nexuslauncher and userId: 0
03-05 08:45:40.561 E/mapper.ranchu( 9696): getStandardMetadataImpl:886 failure: UNSUPPORTED: id=245: unexpected standardMetadataType=21
03-05 08:45:40.580 E/mapper.ranchu( 9696): getStandardMetadataImpl:886 failure: UNSUPPORTED: id=242: unexpected standardMetadataType=21
03-05 08:45:40.632 E/mapper.ranchu( 9696): getStandardMetadataImpl:886 failure: UNSUPPORTED: id=244: unexpected standardMetadataType=21
03-05 08:45:40.658 I/AutofillManager( 4531): onInvisibleForAutofill(): expiringResponse
03-05 08:45:40.662 D/WindowOnBackDispatcher( 4531): setTopOnBackInvokedCallback (unwrapped): null
03-05 08:45:40.662 W/AutofillManagerServiceImpl(  767): cancelSessionLocked(): no session for 2039344548(10234)
03-05 08:45:40.671 D/FlutterGeolocator( 4531): Flutter engine disconnected. Connected engine count 0
03-05 08:45:40.674 D/CoreBackPreview(  767): Window{1375ec9 u0 com.sportpass.app/com.sportpass.app.MainActivity}: Setting back callback null
03-05 08:45:40.675 E/mapper.ranchu( 9696): getStandardMetadataImpl:886 failure: UNSUPPORTED: id=243: unexpected standardMetadataType=21
03-05 08:45:40.706 E/FlutterGeolocator( 4531): Geolocator position updates stopped
03-05 08:45:40.706 D/FlutterGeolocator( 4531): Stopping location service.
03-05 08:45:40.734 W/libbinder.IPCThreadState(  767): Sending oneway calls to frozen process.
03-05 08:45:40.787 W/libbinder.IPCThreadState(  767): Sending oneway calls to frozen process.
03-05 08:45:40.862 D/ViewRootImpl( 4531): Skipping stats log for color mode
