03-05 09:10:23.129 D/nativeloader(11780): InitDefaultPublicLibraries for_preload=1: libandroid.so:libaaudio.so:libamidi.so:libbinder_ndk.so:libc.so:libcamera2ndk.so:libdl.so:libEGL.so:libGLESv1_CM.so:libGLESv2.so:libGLESv3.so:libicu.so:libicui18n.so:libicuuc.so:libjnigraphics.so:liblog.so:libmediandk.so:libm.so:libnativehelper.so:libnativewindow.so:libOpenMAXAL.so:libOpenSLES.so:libRS.so:libstdc++.so:libsync.so:libvulkan.so:libwebviewchromium_plat_support.so:libz.so
03-05 09:10:23.140 D/nativeloader(11780): Load libicu_jni.so using APEX ns com_android_art for caller /apex/com.android.art/javalib/core-oj.jar: ok
03-05 09:10:23.140 D/app_process(11780): u_setTimeZoneFilesDirectory("/apex/com.android.tzdata/etc/tz/versioned/9/icu") succeeded. 
03-05 09:10:23.142 D/app_process(11780): I18n APEX ICU file found: /apex/com.android.i18n/etc/icu/icudt76l.dat
03-05 09:10:23.149 D/nativeloader(11780): Load libjavacore.so using APEX ns com_android_art for caller /apex/com.android.art/javalib/core-oj.jar: ok
03-05 09:10:23.150 D/nativeloader(11780): Load libopenjdk.so using APEX ns com_android_art for caller /apex/com.android.art/javalib/core-oj.jar: ok
03-05 09:10:23.151 I/app_process(11780): Priority-to-niceness mapping: 19, 16, 13, 10, 0, -2, -4, -5, -6, -8
03-05 09:10:23.151 W/app_process(11780): Unexpected CPU variant for x86: x86_64.
03-05 09:10:23.151 W/app_process(11780): Known variants: atom, sandybridge, silvermont, goldmont, goldmont-plus, goldmont-without-sha-xsaves, tremont, kabylake, alderlake, default
03-05 09:10:23.155 W/app_process(11780): ClassLoaderContext shared library size mismatch. Expected=2, found=0 (PCL[]{PCL[/system/framework/android.test.base.jar*1653369819]#PCL[/system/framework/android.test.mock.jar*1009639922]} | PCL[])
03-05 09:10:23.156 W/app_process(11780): ClassLoaderContext classpath size mismatch. expected=0, found=1 (PCL[]{PCL[/system/framework/android.test.runner.jar*3954641918]{PCL[/system/framework/android.test.base.jar*1653369819]#PCL[/system/framework/android.test.mock.jar*1009639922]}#PCL[/system/framework/android.test.base.jar*1653369819]} | PCL[/system/framework/android.test.runner.jar*3954641918])
03-05 09:10:23.189 D/nativeloader(11780): Load libframework-connectivity-tiramisu-jni.so using APEX ns com_android_tethering for caller /apex/com.android.tethering/javalib/framework-connectivity-t.jar: ok
03-05 09:10:23.190 D/AndroidRuntime(11780): Calling main entry com.android.commands.uiautomator.Launcher
03-05 09:10:23.194 I/AconfigPackage(11780): android.media.swcodec.flags is mapped to com.android.media.swcodec
03-05 09:10:23.195 I/AconfigPackage(11780): com.android.permission.flags is mapped to com.android.permission
03-05 09:10:23.195 I/AconfigPackage(11780): com.android.permissioncontroller.flags is mapped to com.android.permission
03-05 09:10:23.195 I/AconfigPackage(11780): com.android.icu is mapped to com.android.i18n
03-05 09:10:23.195 I/AconfigPackage(11780): com.android.appsearch.flags is mapped to com.android.appsearch
03-05 09:10:23.195 I/AconfigPackage(11780): android.uprobestats.mainline.flags is mapped to com.android.uprobestats
03-05 09:10:23.195 I/AconfigPackage(11780): com.android.crashrecovery.flags is mapped to com.android.crashrecovery
03-05 09:10:23.195 I/AconfigPackage(11780): android.provider.flags is mapped to com.android.configinfrastructure
03-05 09:10:23.195 I/AconfigPackage(11780): com.android.server.deviceconfig is mapped to com.android.configinfrastructure
03-05 09:10:23.195 I/AconfigPackage(11780): com.android.compos.flags is mapped to com.android.compos
03-05 09:10:23.195 I/AconfigPackage(11780): com.android.art.flags is mapped to com.android.art
03-05 09:10:23.195 I/AconfigPackage(11780): com.android.art.rw.flags is mapped to com.android.art
03-05 09:10:23.195 I/AconfigPackage(11780): com.android.libcore is mapped to com.android.art
03-05 09:10:23.195 I/AconfigPackage(11780): com.android.telephony.flags is mapped to com.android.telephonycore
03-05 09:10:23.196 I/AconfigPackage(11780): com.android.media.extractor.flags is mapped to com.android.media
03-05 09:10:23.196 I/AconfigPackage(11780): com.android.media.mainline.flags is mapped to com.android.media
03-05 09:10:23.196 I/AconfigPackage(11780): com.android.wifi.flags is mapped to com.android.wifi
03-05 09:10:23.196 I/AconfigPackage(11780): com.android.org.conscrypt.flags is mapped to com.android.conscrypt
03-05 09:10:23.196 I/AconfigPackage(11780): com.android.org.conscrypt.net.flags is mapped to com.android.conscrypt
03-05 09:10:23.196 I/AconfigPackage(11780): com.android.healthfitness.flags is mapped to com.android.healthfitness
03-05 09:10:23.196 I/AconfigPackage(11780): com.android.ipsec.flags is mapped to com.android.ipsec
03-05 09:10:23.196 I/AconfigPackage(11780): com.android.nfc.module.flags is mapped to com.android.nfcservices
03-05 09:10:23.196 I/AconfigPackage(11780): com.android.adservices.ondevicepersonalization.flags is mapped to com.android.ondevicepersonalization
03-05 09:10:23.196 I/AconfigPackage(11780): com.android.adbd.flags is mapped to com.android.adbd
03-05 09:10:23.196 I/AconfigPackage(11780): com.android.bluetooth.flags is mapped to com.android.bt
03-05 09:10:23.197 I/AconfigPackage(11780): com.android.devicelock.flags is mapped to com.android.devicelock
03-05 09:10:23.197 I/AconfigPackage(11780): android.os.profiling is mapped to com.android.profiling
03-05 09:10:23.197 I/AconfigPackage(11780): android.os.profiling.anomaly.flags is mapped to com.android.profiling
03-05 09:10:23.197 I/AconfigPackage(11780): com.android.os.statsd.flags is mapped to com.android.os.statsd
03-05 09:10:23.197 I/AconfigPackage(11780): com.android.rkpd.flags is mapped to com.android.rkpd
03-05 09:10:23.197 I/AconfigPackage(11780): com.android.cellbroadcastreceiver.flags is mapped to com.android.cellbroadcast
03-05 09:10:23.197 I/AconfigPackage(11780): com.android.adservices.flags is mapped to com.android.adservices
03-05 09:10:23.197 I/AconfigPackage(11780): com.android.sdksandbox.flags is mapped to com.android.adservices
03-05 09:10:23.197 I/AconfigPackage(11780): com.android.uwb.flags is mapped to com.android.uwb
03-05 09:10:23.197 I/AconfigPackage(11780): com.android.ranging.flags is mapped to com.android.uwb
03-05 09:10:23.197 I/AconfigPackage(11780): android.graphics.pdf.flags is mapped to com.android.mediaprovider
03-05 09:10:23.197 I/AconfigPackage(11780): com.android.providers.media.flags is mapped to com.android.mediaprovider
03-05 09:10:23.197 I/AconfigPackage(11780): android.graphics.pdf.flags.readonly is mapped to com.android.mediaprovider
03-05 09:10:23.197 I/AconfigPackage(11780): com.android.tethering.mainline.beta is mapped to com.android.tethering
03-05 09:10:23.197 I/AconfigPackage(11780): android.net.http is mapped to com.android.tethering
03-05 09:10:23.197 I/AconfigPackage(11780): com.android.tethering.readonly.flags is mapped to com.android.tethering
03-05 09:10:23.197 I/AconfigPackage(11780): android.net.vcn is mapped to com.android.tethering
03-05 09:10:23.197 I/AconfigPackage(11780): com.android.net.flags is mapped to com.android.tethering
03-05 09:10:23.197 I/AconfigPackage(11780): com.android.tethering.beta.test is mapped to com.android.tethering
03-05 09:10:23.197 I/AconfigPackage(11780): com.android.nearby.flags is mapped to com.android.tethering
03-05 09:10:23.197 I/AconfigPackage(11780): com.android.net.ct.flags is mapped to com.android.tethering
03-05 09:10:23.197 I/AconfigPackage(11780): com.android.net.thread.flags is mapped to com.android.tethering
03-05 09:10:23.197 I/AconfigPackage(11780): com.android.system.virtualmachine.flags is mapped to com.android.virt
03-05 09:10:23.198 E/FeatureFlagsImplExport(11780): android.os.flagging.AconfigStorageReadException: ERROR_PACKAGE_NOT_FOUND: package android.xr cannot be found on the device
03-05 09:10:23.199 D/UiAutomationConnection(11780): Created on user UserHandle{0}
03-05 09:10:23.199 I/UiAutomation(11780): Initialized for user 0 on display 0
03-05 09:10:23.199 W/UiAutomation(11780): Created with deprecatead constructor, assumes DEFAULT_DISPLAY
03-05 09:10:23.201 D/AccessibilityManagerService(  767): changeCurrentUserForTestAutomationIfNeededLocked(0): ignoring because device doesn't support visible background users
03-05 09:10:23.202 I/UiAutomationManager(  767): Registering UiTestAutomationService (id=com.android.server.accessibility/UiAutomation, flags=0x0) when called by user 0
03-05 09:10:23.202 V/AccessibilityManagerService(  767): onUserStateChangedLocked for userId: 0, forceUpdate: false
03-05 09:10:23.206 V/AccessibilityUserState(  767): updateShortcutTargets: type:accessibility_shortcut_target_service, current:{}, new:{}
03-05 09:10:23.206 V/AccessibilityUserState(  767): updateShortcutTargets: type:accessibility_button_targets, current:{}, new:{}
03-05 09:10:23.206 V/AccessibilityUserState(  767): updateShortcutTargets: type:accessibility_gesture_targets, current:{}, new:{}
03-05 09:10:23.206 V/AccessibilityUserState(  767): updateShortcutTargets: type:accessibility_qs_targets, current:{}, new:{}
03-05 09:10:23.206 V/AccessibilityUserState(  767): updateShortcutTargets: type:accessibility_key_gesture_targets, current:{}, new:{}
03-05 09:10:23.206 W/MagnificationConnectionManager(  767): requestConnection duplicated request: connect=false, mConnectionState=DISCONNECTED
03-05 09:10:23.208 I/AiAiEcho( 1593): Settings changed for uri: content://settings/secure/accessibility_enabled
03-05 09:10:23.212 I/AiAiEcho( 1593): Predicting[0]:  [CONTEXT sampling_count=5 ]
03-05 09:10:23.213 W/libbinder.IPCThreadState(  767): Sending oneway calls to frozen process.
03-05 09:10:23.213 I/AiAiEcho( 1593): EchoTargets: 
03-05 09:10:23.213 I/AiAiEcho( 1593): Filtered by AiAi flag check: 
03-05 09:10:23.213 I/AiAiEcho( 1593): [CONTEXT ratelimit_period="10 SECONDS" ]
03-05 09:10:23.213 W/libbinder.IPCThreadState(  767): Sending oneway calls to frozen process.
03-05 09:10:23.213 W/libbinder.IPCThreadState(  767): Sending oneway calls to frozen process.
03-05 09:10:23.214 W/libbinder.IPCThreadState(  767): Sending oneway calls to frozen process.
03-05 09:10:23.214 W/libbinder.IPCThreadState(  767): Sending oneway calls to frozen process.
03-05 09:10:23.214 W/libbinder.IPCThreadState(  767): Sending oneway calls to frozen process.
03-05 09:10:23.215 I/AiAiEcho( 1593): #remoteViewsTwiddler: feature disabled.
03-05 09:10:23.217 I/AiAiEcho( 1593): #postPredictionTargets: Sending updates to UISurface home with targets# 0 (types=[])
03-05 09:10:23.224 W/libbinder.IPCThreadState(  767): Sending oneway calls to frozen process.
03-05 09:10:23.224 W/libbinder.IPCThreadState(  767): Sending oneway calls to frozen process.
03-05 09:10:23.224 W/libbinder.IPCThreadState(  767): Sending oneway calls to frozen process.
03-05 09:10:23.224 W/libbinder.IPCThreadState(  767): Sending oneway calls to frozen process.
03-05 09:10:23.224 W/libbinder.IPCThreadState(  767): Sending oneway calls to frozen process.
03-05 09:10:23.224 W/libbinder.IPCThreadState(  767): Sending oneway calls to frozen process.
03-05 09:10:23.224 W/libbinder.IPCThreadState(  767): Sending oneway calls to frozen process.
03-05 09:10:23.225 W/libbinder.IPCThreadState(  767): Sending oneway calls to frozen process.
03-05 09:10:23.225 W/libbinder.IPCThreadState(  767): Sending oneway calls to frozen process.
03-05 09:10:23.225 D/BatterySaverPolicy(  767): accessibility changed to true, updating policy.
03-05 09:10:23.229 V/AccessibilityManagerService(  767): onUserStateChangedLocked for userId: 0, forceUpdate: false
03-05 09:10:23.229 E/mapper.ranchu(11750): getStandardMetadataImpl:886 failure: UNSUPPORTED: id=295: unexpected standardMetadataType=21
03-05 09:10:23.235 V/AccessibilityUserState(  767): updateShortcutTargets: type:accessibility_shortcut_target_service, current:{}, new:{}
03-05 09:10:23.236 V/AccessibilityUserState(  767): updateShortcutTargets: type:accessibility_button_targets, current:{}, new:{}
03-05 09:10:23.236 V/AccessibilityUserState(  767): updateShortcutTargets: type:accessibility_gesture_targets, current:{}, new:{}
03-05 09:10:23.236 V/AccessibilityUserState(  767): updateShortcutTargets: type:accessibility_qs_targets, current:{}, new:{}
03-05 09:10:23.236 V/AccessibilityUserState(  767): updateShortcutTargets: type:accessibility_key_gesture_targets, current:{}, new:{}
03-05 09:10:23.236 W/MagnificationConnectionManager(  767): requestConnection duplicated request: connect=false, mConnectionState=DISCONNECTED
03-05 09:10:23.237 I/AiAiEcho( 1593): Settings changed for uri: content://settings/secure/accessibility_enabled
03-05 09:10:23.238 I/AiAiEcho( 1593): Predicting[0]:  [CONTEXT sampling_count=5 ]
03-05 09:10:23.238 I/AiAiEcho( 1593): EchoTargets: 
03-05 09:10:23.238 I/AiAiEcho( 1593): Filtered by AiAi flag check: 
03-05 09:10:23.238 I/AiAiEcho( 1593): [CONTEXT ratelimit_period="10 SECONDS" ]
03-05 09:10:23.238 I/AiAiEcho( 1593): #remoteViewsTwiddler: feature disabled.
03-05 09:10:23.238 I/AiAiEcho( 1593): #postPredictionTargets: Sending updates to UISurface home with targets# 0 (types=[])
03-05 09:10:23.239 W/libbinder.IPCThreadState(  767): Sending oneway calls to frozen process.
03-05 09:10:23.240 W/libbinder.IPCThreadState(  767): Sending oneway calls to frozen process.
03-05 09:10:23.241 W/libbinder.IPCThreadState(  767): Sending oneway calls to frozen process.
03-05 09:10:23.241 W/libbinder.IPCThreadState(  767): Sending oneway calls to frozen process.
03-05 09:10:23.242 W/libbinder.IPCThreadState(  767): Sending oneway calls to frozen process.
03-05 09:10:23.242 W/libbinder.IPCThreadState(  767): Sending oneway calls to frozen process.
03-05 09:10:23.242 W/libbinder.IPCThreadState(  767): Sending oneway calls to frozen process.
03-05 09:10:23.242 W/libbinder.IPCThreadState(  767): Sending oneway calls to frozen process.
03-05 09:10:23.242 E/mapper.ranchu(11750): getStandardMetadataImpl:886 failure: UNSUPPORTED: id=297: unexpected standardMetadataType=21
03-05 09:10:23.243 W/libbinder.IPCThreadState(  767): Sending oneway calls to frozen process.
03-05 09:10:23.243 W/libbinder.IPCThreadState(  767): Sending oneway calls to frozen process.
03-05 09:10:23.246 D/AccessibilityManagerService(  767): .getAccessibilityShortcutTargets {shortcutType=32, userId=0}
03-05 09:10:23.272 E/mapper.ranchu(11750): getStandardMetadataImpl:886 failure: UNSUPPORTED: id=298: unexpected standardMetadataType=21
03-05 09:10:23.272 D/AccessibilitySourceService( 3930): enabled a11y services count 0
03-05 09:10:23.272 D/AccessibilitySourceService( 3930): a11y source sending 0 issue to sc
03-05 09:10:23.274 D/SafetySourceDataValidat(  767): No cert check requested for package com.google.android.permissioncontroller
03-05 09:10:23.546 D/WM-DelayedWorkTracker( 1605): Scheduling work d988d0bb-0e2e-44b3-9db9-81f681472d28
03-05 09:10:23.547 D/WM-GreedyScheduler( 1605): Starting tracking for d988d0bb-0e2e-44b3-9db9-81f681472d28
03-05 09:10:23.658 D/InetDiagMessage(  767): Destroyed 0 sockets, proto=IPPROTO_TCP, family=AF_INET, states=14
03-05 09:10:23.658 D/InetDiagMessage(  767): Destroyed 0 sockets, proto=IPPROTO_TCP, family=AF_INET6, states=14
03-05 09:10:23.658 D/InetDiagMessage(  767): Destroyed live tcp sockets for uids={10155} in 1ms
03-05 09:10:23.658 D/InetDiagMessage(  767): Destroyed 0 sockets, proto=IPPROTO_TCP, family=AF_INET, states=14
03-05 09:10:23.658 D/InetDiagMessage(  767): Destroyed 0 sockets, proto=IPPROTO_TCP, family=AF_INET6, states=14
03-05 09:10:23.658 D/InetDiagMessage(  767): Destroyed live tcp sockets for uids={20155} in 1ms
03-05 09:10:23.659 D/InetDiagMessage(  767): Destroyed 0 sockets, proto=IPPROTO_TCP, family=AF_INET, states=14
03-05 09:10:23.659 D/InetDiagMessage(  767): Destroyed 0 sockets, proto=IPPROTO_TCP, family=AF_INET6, states=14
03-05 09:10:23.659 D/InetDiagMessage(  767): Destroyed live tcp sockets for uids={10154} in 0ms
03-05 09:10:23.659 D/InetDiagMessage(  767): Destroyed 0 sockets, proto=IPPROTO_TCP, family=AF_INET, states=14
03-05 09:10:23.659 D/InetDiagMessage(  767): Destroyed 0 sockets, proto=IPPROTO_TCP, family=AF_INET6, states=14
03-05 09:10:23.659 D/InetDiagMessage(  767): Destroyed live tcp sockets for uids={20154} in 0ms
03-05 09:10:23.878 D/WM-ConstraintTracker( 1605): BatteryNotLowTracker: initial state = true
03-05 09:10:23.878 D/WM-BrdcstRcvrCnstrntTrc( 1605): BatteryNotLowTracker: registering receiver
03-05 09:10:23.917 D/WM-GreedyScheduler( 1605): Constraints met: Scheduling work ID WorkGenerationalId(workSpecId=d988d0bb-0e2e-44b3-9db9-81f681472d28, generation=0)
03-05 09:10:23.995 D/WM-Processor( 1605): Processor: processing WorkGenerationalId(workSpecId=d988d0bb-0e2e-44b3-9db9-81f681472d28, generation=0)
03-05 09:10:24.003 D/BoundBrokerSvc( 1313): onUnbind: Intent { act=com.google.android.gms.auth.aang.events.services.START dat=chimera-action:/... xflg=0x4 cmp=com.google.android.gms/.chimera.PersistentApiService }
03-05 09:10:24.054 D/BoundBrokerSvc( 1313): onUnbind: Intent { act=com.google.android.gms.pseudonymous.service.START xflg=0x4 pkg=com.google.android.gms }
03-05 09:10:24.074 D/ActivityManager(  767): freezing 2344 com.google.android.apps.photos
03-05 09:10:24.079 D/InetDiagMessage(  767): Destroyed 0 sockets, proto=IPPROTO_TCP, family=AF_INET, states=14
03-05 09:10:24.081 D/InetDiagMessage(  767): Destroyed 0 sockets, proto=IPPROTO_TCP, family=AF_INET6, states=14
03-05 09:10:24.081 D/InetDiagMessage(  767): Destroyed live tcp sockets for uids={10162} in 2ms
03-05 09:10:24.089 D/WM-WorkerWrapper( 1605): Starting work for com.android.providers.media.photopicker.sync.ProactiveSyncWorker
03-05 09:10:24.090 I/PSyncWorker( 1605): Starting proactive picker sync from sync source: 1
03-05 09:10:24.091 I/PickerSyncTracker( 1605): Created new sync future java.util.concurrent.CompletableFuture@dd493a1[Not completed, 1 dependents]. Future map: {d988d0bb-0e2e-44b3-9db9-81f681472d28=java.util.concurrent.CompletableFuture@dd493a1[Not completed, 1 dependents]}
03-05 09:10:24.096 D/PickerSyncController( 1605): syncAllMediaFromProvider() LOCAL, auth=com.android.providers.media.photopicker, retry=true
03-05 09:10:24.096 D/PickerSyncController( 1605): getSyncRequestParams() LOCAL, auth=com.android.providers.media.photopicker
03-05 09:10:24.100 D/PickerSyncController( 1605):    Latest ID/Gen=e0d6a8d4f9a0bbf0:0000-0000:external_primary/205
03-05 09:10:24.100 D/PickerSyncController( 1605):    Cached ID/Gen=e0d6a8d4f9a0bbf0:0000-0000:external_primary/189
03-05 09:10:24.100 D/PickerSyncController( 1605):    RESULT=SyncRequestParams{type=MEDIA_INCREMENTAL, gen=189, latest=Bundle[{last_media_sync_generation=205, media_collection_id=e0d6a8d4f9a0bbf0:0000-0000:external_primary}], pageSize=1000}
03-05 09:10:24.100 I/PickerSyncController( 1605): Executing SyncAdd. isLocal: true. authority: com.android.providers.media.photopicker
03-05 09:10:24.100 D/PickerSyncLockManager( 1605): Trying to acquire lock com.android.providers.media.photopicker.sync.CloseableReentrantLock@47b84e7[Unlocked]. Lock Name = CLOUD_PROVIDER_LOCK. Threads that may be waiting to acquire this lock = [] with timeout.
03-05 09:10:24.100 D/CloseableReentrantLock( 1605): Successfully acquired lock com.android.providers.media.photopicker.sync.CloseableReentrantLock@47b84e7[Locked by thread pool-4-thread-15]. Lock Name = CLOUD_PROVIDER_LOCK. Threads that may be waiting to acquire this lock = []
03-05 09:10:24.100 D/CloseableReentrantLock( 1605): Successfully released lock com.android.providers.media.photopicker.sync.CloseableReentrantLock@47b84e7[Unlocked]. Lock Name = CLOUD_PROVIDER_LOCK. Threads that may be waiting to acquire this lock = []
03-05 09:10:24.100 D/ExternalDbFacade( 1605): Token received for queryMedia = null
03-05 09:10:24.103 D/PickerSyncLockManager( 1605): Trying to acquire lock com.android.providers.media.photopicker.sync.CloseableReentrantLock@47b84e7[Unlocked]. Lock Name = CLOUD_PROVIDER_LOCK. Threads that may be waiting to acquire this lock = [] with timeout.
03-05 09:10:24.104 D/CloseableReentrantLock( 1605): Successfully acquired lock com.android.providers.media.photopicker.sync.CloseableReentrantLock@47b84e7[Locked by thread pool-4-thread-15]. Lock Name = CLOUD_PROVIDER_LOCK. Threads that may be waiting to acquire this lock = []
03-05 09:10:24.104 D/PickerSyncController( 1605): Clearing next page token for key: local_provider:media_add:resume
03-05 09:10:24.104 D/CloseableReentrantLock( 1605): Successfully released lock com.android.providers.media.photopicker.sync.CloseableReentrantLock@47b84e7[Unlocked]. Lock Name = CLOUD_PROVIDER_LOCK. Threads that may be waiting to acquire this lock = []
03-05 09:10:24.105 D/PickerNotificationSender( 1605): Sending a notification for media update
03-05 09:10:24.107 D/PickerNotificationSender( 1605): Sending a notification for merged album media update Videos
03-05 09:10:24.107 D/PickerNotificationSender( 1605): Sending a notification for album media update Videos
03-05 09:10:24.107 D/PickerNotificationSender( 1605): Sending a notification for merged album media update Favorites
03-05 09:10:24.107 D/PickerNotificationSender( 1605): Sending a notification for album media update Favorites
03-05 09:10:24.108 I/PickerSyncController( 1605): Paged sync successful. QueryArgs: Bundle[{android.provider.extra.SYNC_GENERATION=189, android.provider.extra.PAGE_SIZE=1000}] Total Rows: 0
03-05 09:10:24.108 I/PickerSyncController( 1605): Executing SyncRemove. isLocal: true. authority: com.android.providers.media.photopicker
03-05 09:10:24.108 D/PickerSyncLockManager( 1605): Trying to acquire lock com.android.providers.media.photopicker.sync.CloseableReentrantLock@47b84e7[Unlocked]. Lock Name = CLOUD_PROVIDER_LOCK. Threads that may be waiting to acquire this lock = [] with timeout.
03-05 09:10:24.108 D/CloseableReentrantLock( 1605): Successfully acquired lock com.android.providers.media.photopicker.sync.CloseableReentrantLock@47b84e7[Locked by thread pool-4-thread-15]. Lock Name = CLOUD_PROVIDER_LOCK. Threads that may be waiting to acquire this lock = []
03-05 09:10:24.108 D/CloseableReentrantLock( 1605): Successfully released lock com.android.providers.media.photopicker.sync.CloseableReentrantLock@47b84e7[Unlocked]. Lock Name = CLOUD_PROVIDER_LOCK. Threads that may be waiting to acquire this lock = []
03-05 09:10:24.117 E/PickerDbFacade( 1605): Could not get first date taken millis for media id: 49
03-05 09:10:24.118 W/PickerDbFacade( 1605): Unable to promote cloud media with localId: 49
03-05 09:10:24.118 D/PickerSyncLockManager( 1605): Trying to acquire lock com.android.providers.media.photopicker.sync.CloseableReentrantLock@47b84e7[Unlocked]. Lock Name = CLOUD_PROVIDER_LOCK. Threads that may be waiting to acquire this lock = [] with timeout.
03-05 09:10:24.118 D/CloseableReentrantLock( 1605): Successfully acquired lock com.android.providers.media.photopicker.sync.CloseableReentrantLock@47b84e7[Locked by thread pool-4-thread-15]. Lock Name = CLOUD_PROVIDER_LOCK. Threads that may be waiting to acquire this lock = []
03-05 09:10:24.118 D/PickerSyncController( 1605): Clearing next page token for key: local_provider:media_remove:resume
03-05 09:10:24.118 D/CloseableReentrantLock( 1605): Successfully released lock com.android.providers.media.photopicker.sync.CloseableReentrantLock@47b84e7[Unlocked]. Lock Name = CLOUD_PROVIDER_LOCK. Threads that may be waiting to acquire this lock = []
03-05 09:10:24.118 D/PickerNotificationSender( 1605): Sending a notification for media update
03-05 09:10:24.119 D/PickerNotificationSender( 1605): Sending a notification for merged album media update Videos
03-05 09:10:24.119 D/PickerNotificationSender( 1605): Sending a notification for album media update Videos
03-05 09:10:24.119 D/PickerNotificationSender( 1605): Sending a notification for merged album media update Favorites
03-05 09:10:24.119 D/PickerNotificationSender( 1605): Sending a notification for album media update Favorites
03-05 09:10:24.119 I/PickerSyncController( 1605): Paged sync successful. QueryArgs: Bundle[{android.provider.extra.SYNC_GENERATION=189, android.provider.extra.PAGE_SIZE=1000}] Total Rows: 0
03-05 09:10:24.119 I/PickerSyncTracker( 1605): Marked sync future complete for work id: d988d0bb-0e2e-44b3-9db9-81f681472d28. Future map: {}
03-05 09:10:24.119 I/PSyncWorker( 1605): Completed picker proactive sync complete from local provider.
03-05 09:10:24.120 I/WM-WorkerWrapper( 1605): Worker result SUCCESS for Work [ id=d988d0bb-0e2e-44b3-9db9-81f681472d28, tags={ com.android.providers.media.photopicker.sync.ProactiveSyncWorker } ]
03-05 09:10:24.122 D/WM-Processor( 1605): Processor d988d0bb-0e2e-44b3-9db9-81f681472d28 executed; reschedule = false
03-05 09:10:24.122 D/WM-GreedyScheduler( 1605): Stopping tracking for WorkGenerationalId(workSpecId=d988d0bb-0e2e-44b3-9db9-81f681472d28, generation=0)
03-05 09:10:24.126 D/WM-GreedyScheduler( 1605): Cancelling work ID d988d0bb-0e2e-44b3-9db9-81f681472d28
03-05 09:10:24.128 D/WM-GreedyScheduler( 1605): Ignoring {WorkSpec: cf45e1ef-e494-4551-9393-77631b533c5a}. Requires device idle.
03-05 09:10:24.128 D/WM-GreedyScheduler( 1605): Ignoring {WorkSpec: a4d9d5a1-b1cb-4921-bb97-5a8716d538ca}. Requires device idle.
03-05 09:10:24.128 D/WM-GreedyScheduler( 1605): Ignoring {WorkSpec: 3785cbf9-d338-4e01-8ddf-70a1276573a7}. Requires device idle.
03-05 09:10:24.128 D/WM-GreedyScheduler( 1605): Ignoring {WorkSpec: 71766563-693e-4a7a-bc92-64853f480048}. Requires device idle.
03-05 09:10:24.129 D/WM-BrdcstRcvrCnstrntTrc( 1605): BatteryNotLowTracker: unregistering receiver
03-05 09:10:24.348 W/AccessibilityNodeInfoDumper(11780): Fetch time: 4ms
03-05 09:10:24.350 V/AccessibilityManagerService(  767): onUserStateChangedLocked for userId: 0, forceUpdate: false
03-05 09:10:24.352 V/AccessibilityUserState(  767): updateShortcutTargets: type:accessibility_shortcut_target_service, current:{}, new:{}
03-05 09:10:24.352 V/AccessibilityUserState(  767): updateShortcutTargets: type:accessibility_button_targets, current:{}, new:{}
03-05 09:10:24.352 V/AccessibilityUserState(  767): updateShortcutTargets: type:accessibility_gesture_targets, current:{}, new:{}
03-05 09:10:24.352 V/AccessibilityUserState(  767): updateShortcutTargets: type:accessibility_qs_targets, current:{}, new:{}
03-05 09:10:24.352 V/AccessibilityUserState(  767): updateShortcutTargets: type:accessibility_key_gesture_targets, current:{}, new:{}
03-05 09:10:24.352 W/MagnificationConnectionManager(  767): requestConnection duplicated request: connect=false, mConnectionState=DISCONNECTED
03-05 09:10:24.352 D/AccessibilityManagerService(  767): restoreCurrentUserForTestAutomationIfNeededLocked(): ignoring because device doesn't support visible background users
03-05 09:10:24.352 W/libbinder.IPCThreadState(  767): Sending oneway calls to frozen process.
03-05 09:10:24.353 W/libbinder.IPCThreadState(  767): Sending oneway calls to frozen process.
03-05 09:10:24.353 W/libbinder.IPCThreadState(  767): Sending oneway calls to frozen process.
03-05 09:10:24.353 W/libbinder.IPCThreadState(  767): Sending oneway calls to frozen process.
03-05 09:10:24.353 W/libbinder.IPCThreadState(11780): call to talkWithDriver in joinThreadPool returned error: -9 (Bad file descriptor), FD: -1
03-05 09:10:24.353 W/libbinder.IPCThreadState(11780): call to talkWithDriver in joinThreadPool returned error: -9 (Bad file descriptor), FD: -1
03-05 09:10:24.354 D/AndroidRuntime(11780): Shutting down VM
03-05 09:10:24.354 W/libbinder.IPCThreadState(11780): call to talkWithDriver in joinThreadPool returned error: -9 (Bad file descriptor), FD: -1
03-05 09:10:24.354 W/libbinder.IPCThreadState(11780): call to talkWithDriver in joinThreadPool returned error: -9 (Bad file descriptor), FD: -1
03-05 09:10:24.355 W/libbinder.IPCThreadState(  767): Sending oneway calls to frozen process.
03-05 09:10:24.355 W/libbinder.IPCThreadState(  767): Sending oneway calls to frozen process.
03-05 09:10:24.355 W/libbinder.IPCThreadState(  767): Sending oneway calls to frozen process.
03-05 09:10:24.356 W/libbinder.IPCThreadState(  767): Sending oneway calls to frozen process.
03-05 09:10:24.356 W/libbinder.IPCThreadState(  767): Sending oneway calls to frozen process.
03-05 09:10:24.356 W/libbinder.IPCThreadState(  767): Sending oneway calls to frozen process.
03-05 09:10:24.356 W/libbinder.IPCThreadState(  767): Sending oneway calls to frozen process.
03-05 09:10:24.356 W/libbinder.IPCThreadState(  767): Sending oneway calls to frozen process.
03-05 09:10:24.356 W/libbinder.IPCThreadState(  767): Sending oneway calls to frozen process.
03-05 09:10:24.356 W/libbinder.IPCThreadState(  767): Sending oneway calls to frozen process.
03-05 09:10:24.356 W/libbinder.IPCThreadState(  767): Sending oneway calls to frozen process.
03-05 09:10:24.357 W/libbinder.IPCThreadState(  767): Sending oneway calls to frozen process.
03-05 09:10:24.357 W/libbinder.IPCThreadState(  767): Sending oneway calls to frozen process.
03-05 09:10:24.357 W/libbinder.IPCThreadState(  767): Sending oneway calls to frozen process.
03-05 09:10:24.357 D/BatterySaverPolicy(  767): accessibility changed to false, updating policy.
03-05 09:10:24.359 I/AiAiEcho( 1593): Settings changed for uri: content://settings/secure/accessibility_enabled
03-05 09:10:24.361 I/AiAiEcho( 1593): Predicting[0]:  [CONTEXT sampling_count=5 ]
03-05 09:10:24.361 I/AiAiEcho( 1593): EchoTargets: 
03-05 09:10:24.361 I/AiAiEcho( 1593): Filtered by AiAi flag check: 
03-05 09:10:24.361 I/AiAiEcho( 1593): [CONTEXT ratelimit_period="10 SECONDS" ]
03-05 09:10:24.361 I/AiAiEcho( 1593): #remoteViewsTwiddler: feature disabled.
03-05 09:10:24.362 I/AiAiEcho( 1593): #postPredictionTargets: Sending updates to UISurface home with targets# 0 (types=[])
03-05 09:10:24.382 E/mapper.ranchu(11750): getStandardMetadataImpl:886 failure: UNSUPPORTED: id=295: unexpected standardMetadataType=21
03-05 09:10:24.398 E/mapper.ranchu(11750): getStandardMetadataImpl:886 failure: UNSUPPORTED: id=297: unexpected standardMetadataType=21
03-05 09:10:24.415 E/mapper.ranchu(11750): getStandardMetadataImpl:886 failure: UNSUPPORTED: id=298: unexpected standardMetadataType=21
03-05 09:10:24.432 W/FuseDaemon( 1605): Suspending all threads took: 15.759ms
03-05 09:10:24.927 I/HalDevMgr(  767): bestIfaceCreationProposal is null, requestIface=STA, existingIface=[name=wlan0 type=STA]
03-05 09:10:25.248 D/ProfileInstaller(11709): Installing profile for com.sportpass.app
03-05 09:10:26.354 I/StylusModule( 1517): StylusModule.onUpdateToolType():774 Update tool type = 0
03-05 09:10:26.365 I/StylusModule( 1517): StylusModule.onUpdateToolType():774 Update tool type = 0
03-05 09:10:26.417 I/StylusModule( 1517): StylusModule.onUpdateToolType():774 Update tool type = 0
03-05 09:10:26.430 I/StylusModule( 1517): StylusModule.onUpdateToolType():774 Update tool type = 0
03-05 09:10:26.433 I/StylusModule( 1517): StylusModule.onUpdateToolType():774 Update tool type = 0
03-05 09:10:26.435 I/StylusModule( 1517): StylusModule.onUpdateToolType():774 Update tool type = 0
03-05 09:10:26.438 I/StylusModule( 1517): StylusModule.onUpdateToolType():774 Update tool type = 0
03-05 09:10:26.438 I/StylusModule( 1517): StylusModule.onUpdateToolType():774 Update tool type = 0
03-05 09:10:26.440 I/StylusModule( 1517): StylusModule.onUpdateToolType():774 Update tool type = 0
03-05 09:10:26.442 I/StylusModule( 1517): StylusModule.onUpdateToolType():774 Update tool type = 0
03-05 09:10:26.443 I/StylusModule( 1517): StylusModule.onUpdateToolType():774 Update tool type = 0
03-05 09:10:26.443 I/StylusModule( 1517): StylusModule.onUpdateToolType():774 Update tool type = 0
03-05 09:10:26.444 I/StylusModule( 1517): StylusModule.onUpdateToolType():774 Update tool type = 0
03-05 09:10:26.445 I/StylusModule( 1517): StylusModule.onUpdateToolType():774 Update tool type = 0
03-05 09:10:26.445 I/StylusModule( 1517): StylusModule.onUpdateToolType():774 Update tool type = 0
03-05 09:10:26.446 I/StylusModule( 1517): StylusModule.onUpdateToolType():774 Update tool type = 0
03-05 09:10:26.446 I/StylusModule( 1517): StylusModule.onUpdateToolType():774 Update tool type = 0
03-05 09:10:26.447 I/StylusModule( 1517): StylusModule.onUpdateToolType():774 Update tool type = 0
03-05 09:10:26.447 I/StylusModule( 1517): StylusModule.onUpdateToolType():774 Update tool type = 0
03-05 09:10:26.579 I/StylusModule( 1517): StylusModule.onUpdateToolType():774 Update tool type = 0
03-05 09:10:26.580 I/StylusModule( 1517): StylusModule.onUpdateToolType():774 Update tool type = 0
03-05 09:10:26.581 I/StylusModule( 1517): StylusModule.onUpdateToolType():774 Update tool type = 0
03-05 09:10:26.587 E/mapper.ranchu(11750): getStandardMetadataImpl:886 failure: UNSUPPORTED: id=295: unexpected standardMetadataType=21
03-05 09:10:26.635 I/StylusModule( 1517): StylusModule.onUpdateToolType():774 Update tool type = 0
03-05 09:10:26.726 D/BufferPoolAccessor2.0(  661): bufferpool2 0x778e66609288 : 2(7776000 size) total buffers - 1(3888000 size) used buffers - 6/8 (recycle/alloc) - 2/7 (fetch/transfer)
03-05 09:10:27.872 D/WindowOnBackDispatcher(11709): setTopOnBackInvokedCallback (unwrapped): s2.b@8dd9de1
03-05 09:10:27.874 D/CoreBackPreview(  767): Window{b233de8 u0 com.sportpass.app/com.sportpass.app.MainActivity}: Setting back callback OnBackInvokedCallbackInfo{mCallback=android.window.IOnBackInvokedCallback$Stub$Proxy@e33a28d, mPriority=0, mIsAnimationCallback=true, mOverrideBehavior=0}
03-05 09:10:27.922 E/mapper.ranchu(11750): getStandardMetadataImpl:886 failure: UNSUPPORTED: id=297: unexpected standardMetadataType=21
03-05 09:10:27.946 W/AS.PlaybackActivityMon(  767): No piid assigned for invalid/internal port id 16
03-05 09:10:27.954 E/mapper.ranchu(11750): getStandardMetadataImpl:886 failure: UNSUPPORTED: id=298: unexpected standardMetadataType=21
03-05 09:10:27.963 I/HalDevMgr(  767): bestIfaceCreationProposal is null, requestIface=STA, existingIface=[name=wlan0 type=STA]
03-05 09:10:28.113 E/mapper.ranchu(11750): getStandardMetadataImpl:886 failure: UNSUPPORTED: id=295: unexpected standardMetadataType=21
03-05 09:10:28.477 I/StylusModule( 1517): StylusModule.onUpdateToolType():774 Update tool type = 0
03-05 09:10:28.486 I/StylusModule( 1517): StylusModule.onUpdateToolType():774 Update tool type = 0
03-05 09:10:28.487 I/StylusModule( 1517): StylusModule.onUpdateToolType():774 Update tool type = 0
03-05 09:10:28.487 I/StylusModule( 1517): StylusModule.onUpdateToolType():774 Update tool type = 0
03-05 09:10:28.488 I/StylusModule( 1517): StylusModule.onUpdateToolType():774 Update tool type = 0
03-05 09:10:28.489 I/StylusModule( 1517): StylusModule.onUpdateToolType():774 Update tool type = 0
03-05 09:10:28.489 I/StylusModule( 1517): StylusModule.onUpdateToolType():774 Update tool type = 0
03-05 09:10:28.490 I/StylusModule( 1517): StylusModule.onUpdateToolType():774 Update tool type = 0
03-05 09:10:28.525 E/mapper.ranchu(11750): getStandardMetadataImpl:886 failure: UNSUPPORTED: id=297: unexpected standardMetadataType=21
03-05 09:10:28.774 D/ActivityManager(  767): freezing 4229 com.android.chrome
03-05 09:10:28.778 D/ActivityManager(  767): freezing 4387 com.google.android.apps.docs
03-05 09:10:28.779 I/keystore2(  260): system/security/keystore2/watchdog/src/lib.rs:371 - Watchdog thread idle -> terminating. Have a great day.
03-05 09:10:28.781 D/ActivityManager(  767): freezing 4212 com.android.externalstorage
03-05 09:10:28.781 D/ActivityManager(  767): freezing 4343 com.google.android.documentsui
03-05 09:10:28.782 D/ActivityManager(  767): freezing 3216 com.android.vending:background
03-05 09:10:28.786 D/InetDiagMessage(  767): Destroyed 0 sockets, proto=IPPROTO_TCP, family=AF_INET, states=14
03-05 09:10:28.787 D/InetDiagMessage(  767): Destroyed 0 sockets, proto=IPPROTO_TCP, family=AF_INET6, states=14
03-05 09:10:28.787 D/InetDiagMessage(  767): Destroyed live tcp sockets for uids={10154} in 3ms
03-05 09:10:28.842 D/InetDiagMessage(  767): Destroyed 0 sockets, proto=IPPROTO_TCP, family=AF_INET, states=14
03-05 09:10:28.843 D/InetDiagMessage(  767): Destroyed 0 sockets, proto=IPPROTO_TCP, family=AF_INET6, states=14
03-05 09:10:28.843 D/InetDiagMessage(  767): Destroyed live tcp sockets for uids={10155} in 2ms
03-05 09:10:29.818 D/InetDiagMessage(  767): Destroyed 0 sockets, proto=IPPROTO_TCP, family=AF_INET, states=14
03-05 09:10:29.818 D/InetDiagMessage(  767): Destroyed 0 sockets, proto=IPPROTO_TCP, family=AF_INET6, states=14
03-05 09:10:29.818 D/InetDiagMessage(  767): Destroyed live tcp sockets for uids={10104} in 0ms
03-05 09:10:29.847 D/InetDiagMessage(  767): Destroyed 0 sockets, proto=IPPROTO_TCP, family=AF_INET, states=14
03-05 09:10:29.848 D/InetDiagMessage(  767): Destroyed 0 sockets, proto=IPPROTO_TCP, family=AF_INET6, states=14
03-05 09:10:29.848 D/InetDiagMessage(  767): Destroyed live tcp sockets for uids={10102} in 1ms
03-05 09:10:29.878 D/InetDiagMessage(  767): Destroyed 0 sockets, proto=IPPROTO_TCP, family=AF_INET, states=14
03-05 09:10:29.879 D/InetDiagMessage(  767): Destroyed 0 sockets, proto=IPPROTO_TCP, family=AF_INET6, states=14
03-05 09:10:29.879 D/InetDiagMessage(  767): Destroyed live tcp sockets for uids={10145} in 1ms
03-05 09:10:29.891 I/StylusModule( 1517): StylusModule.onUpdateToolType():774 Update tool type = 0
03-05 09:10:29.927 D/WindowOnBackDispatcher(11709): setTopOnBackInvokedCallback (unwrapped): android.app.Activity$$ExternalSyntheticLambda0@c82da62
03-05 09:10:29.929 D/CoreBackPreview(  767): Window{b233de8 u0 com.sportpass.app/com.sportpass.app.MainActivity}: Setting back callback OnBackInvokedCallbackInfo{mCallback=android.window.IOnBackInvokedCallback$Stub$Proxy@3179645, mPriority=-1, mIsAnimationCallback=false, mOverrideBehavior=0}
03-05 09:10:29.941 E/mapper.ranchu(11750): getStandardMetadataImpl:886 failure: UNSUPPORTED: id=298: unexpected standardMetadataType=21
03-05 09:10:29.959 E/mapper.ranchu(11750): getStandardMetadataImpl:886 failure: UNSUPPORTED: id=295: unexpected standardMetadataType=21
03-05 09:10:30.137 E/mapper.ranchu(11750): getStandardMetadataImpl:886 failure: UNSUPPORTED: id=297: unexpected standardMetadataType=21
03-05 09:10:30.602 W/AS.PlaybackActivityMon(  767): No piid assigned for invalid/internal port id 16
03-05 09:10:30.636 D/AudioFlinger(  598): mixer(0x7fb36c33a790) throttle end: throttle time(31)
03-05 09:10:30.663 E/mapper.ranchu(11750): getStandardMetadataImpl:886 failure: UNSUPPORTED: id=298: unexpected standardMetadataType=21
03-05 09:10:30.664 D/AudioFlinger(  598): mixer(0x7fb36c33a790) throttle end: throttle time(6)
03-05 09:10:30.682 E/mapper.ranchu(11750): getStandardMetadataImpl:886 failure: UNSUPPORTED: id=295: unexpected standardMetadataType=21
03-05 09:10:30.708 E/mapper.ranchu(11750): getStandardMetadataImpl:886 failure: UNSUPPORTED: id=297: unexpected standardMetadataType=21
03-05 09:10:30.983 I/HalDevMgr(  767): bestIfaceCreationProposal is null, requestIface=STA, existingIface=[name=wlan0 type=STA]
03-05 09:10:32.058 W/libbinder.IPCThreadState(  767): Sending oneway calls to frozen process.
03-05 09:10:32.069 D/ActivityManager(  767): sync unfroze 2344 com.google.android.apps.photos for 6
03-05 09:10:32.583 W/ProcessStats(  767): Tracking association SourceState{a5c3a1c system/1000 ImpBg #3163} whose proc state 6 is better than process ProcessState{f14282b com.google.android.apps.photos/10162 pkg=com.google.android.apps.photos} proc state 14 (0 skipped)
03-05 09:10:32.952 D/SatelliteController( 1146): iisInCarrierRoamingNbIotNtn: satellite is disabled
03-05 09:10:32.955 D/SatelliteController( 1146): getCarrierRoamingNtnConnectType: Falling back to global carrier config connect type: 0
03-05 09:10:32.955 W/libbinder.IPCThreadState(  767): Sending oneway calls to frozen process.
03-05 09:10:32.975 W/JobScheduler(  767): Job didn't exist in JobStore: 9d5e2df #u0a162/1034 com.google.android.apps.photos/com.google.android.libraries.social.mediamonitor.MediaMonitorJobSchedulerService
03-05 09:10:33.159 W/UriGrantsManagerService(  767): No permission grants found for com.google.android.apps.photos
03-05 09:10:33.159 W/UriGrantsManagerService(  767): No permission grants found for com.google.android.apps.photos
03-05 09:10:33.207 W/UriGrantsManagerService(  767): No permission grants found for com.google.android.apps.photos
03-05 09:10:33.207 W/UriGrantsManagerService(  767): No permission grants found for com.google.android.apps.photos
03-05 09:10:33.210 W/libbinder.IPCThreadState(  767): Sending oneway calls to frozen process.
03-05 09:10:33.214 W/UriGrantsManagerService(  767): No permission grants found for com.google.android.apps.photos
03-05 09:10:33.214 W/UriGrantsManagerService(  767): No permission grants found for com.google.android.apps.photos
03-05 09:10:33.234 W/android.hardware.audio@7.1-impl.ranchu(  544): pcmWrite:259 pcm_writei failed with 'cannot read/write stream data: I/O error' (-1)
03-05 09:10:33.234 E/android.hardware.audio@7.1-impl.ranchu(  544): pcmWrite:260 failure: -1
03-05 09:10:33.237 W/libbinder.IPCThreadState(  767): Sending oneway calls to frozen process.
03-05 09:10:33.330 W/oid.apps.photos( 2344): Reducing the number of considered missed Gc histogram windows from 142 to 100
03-05 09:10:33.334 W/System  ( 2344): A resource failed to call close. 
03-05 09:10:33.337 W/android.hardware.audio@7.1-impl.ranchu(  544): pcmWrite:259 pcm_writei failed with 'cannot read/write stream data: I/O error' (-1)
03-05 09:10:33.337 E/android.hardware.audio@7.1-impl.ranchu(  544): pcmWrite:260 failure: -1
03-05 09:10:33.441 W/android.hardware.audio@7.1-impl.ranchu(  544): pcmWrite:259 pcm_writei failed with 'cannot read/write stream data: I/O error' (-1)
03-05 09:10:33.441 E/android.hardware.audio@7.1-impl.ranchu(  544): pcmWrite:260 failure: -1
03-05 09:10:33.545 W/android.hardware.audio@7.1-impl.ranchu(  544): pcmWrite:259 pcm_writei failed with 'cannot read/write stream data: I/O error' (-1)
03-05 09:10:33.545 E/android.hardware.audio@7.1-impl.ranchu(  544): pcmWrite:260 failure: -1
03-05 09:10:33.649 W/android.hardware.audio@7.1-impl.ranchu(  544): pcmWrite:259 pcm_writei failed with 'cannot read/write stream data: I/O error' (-1)
03-05 09:10:33.649 E/android.hardware.audio@7.1-impl.ranchu(  544): pcmWrite:260 failure: -1
03-05 09:10:33.697 D/android.hardware.audio@7.1-impl.ranchu(  544): threadLoop: entering standby, frames: 3942912
03-05 09:10:33.698 D/android.hardware.audio@7.1-impl.ranchu(  544): ~TinyalsaSink: joining consumeThread
03-05 09:10:33.757 W/android.hardware.audio@7.1-impl.ranchu(  544): pcmWrite:259 pcm_writei failed with 'cannot read/write stream data: I/O error' (-1)
03-05 09:10:33.757 E/android.hardware.audio@7.1-impl.ranchu(  544): pcmWrite:260 failure: -1
03-05 09:10:33.757 D/android.hardware.audio@7.1-impl.ranchu(  544): consumeThread: exiting
03-05 09:10:33.758 D/android.hardware.audio@7.1-impl.ranchu(  544): ~TinyalsaSink: stopping PCM stream
03-05 09:10:33.992 I/HalDevMgr(  767): bestIfaceCreationProposal is null, requestIface=STA, existingIface=[name=wlan0 type=STA]
03-05 09:10:34.751 W/libbinder.IPCThreadState(  767): Sending oneway calls to frozen process.
03-05 09:10:34.820 D/BoundBrokerSvc( 1615): onUnbind: Intent { act=com.google.android.gms.backup.GMS_MODULE_RESTORE dat=chimera-action:/... xflg=0x4 cmp=com.google.android.gms/.chimera.GmsInternalBoundBrokerService }
03-05 09:10:35.535 W/libbinder.Binder(  607): Binder transaction to android.hardware.graphics.composer3.IComposerCallback code 4 took 1905ms. Data bytes: 144 Reply bytes: 0 Flags: 17
03-05 09:10:35.863 D/AndroidRuntime(11887): >>>>>> START com.android.internal.os.RuntimeInit uid 2000 <<<<<<
03-05 09:10:35.869 D/BufferPoolAccessor2.0(  661): bufferpool2 0x778e66609288 : 2(7776000 size) total buffers - 0(0 size) used buffers - 16/18 (recycle/alloc) - 3/18 (fetch/transfer)
03-05 09:10:35.870 D/BufferPoolAccessor2.0(  661): evictor expired: 1, evicted: 1
03-05 09:10:35.876 I/AndroidRuntime(11887): Using default boot image
03-05 09:10:35.876 I/AndroidRuntime(11887): Leaving lock profiling enabled
03-05 09:10:35.880 I/app_process(11887): Using CollectorTypeCMC GC.
03-05 09:10:36.136 D/nativeloader(11887): InitDefaultPublicLibraries for_preload=1: libandroid.so:libaaudio.so:libamidi.so:libbinder_ndk.so:libc.so:libcamera2ndk.so:libdl.so:libEGL.so:libGLESv1_CM.so:libGLESv2.so:libGLESv3.so:libicu.so:libicui18n.so:libicuuc.so:libjnigraphics.so:liblog.so:libmediandk.so:libm.so:libnativehelper.so:libnativewindow.so:libOpenMAXAL.so:libOpenSLES.so:libRS.so:libstdc++.so:libsync.so:libvulkan.so:libwebviewchromium_plat_support.so:libz.so
03-05 09:10:36.150 D/nativeloader(11887): Load libicu_jni.so using APEX ns com_android_art for caller /apex/com.android.art/javalib/core-oj.jar: ok
03-05 09:10:36.150 D/app_process(11887): u_setTimeZoneFilesDirectory("/apex/com.android.tzdata/etc/tz/versioned/9/icu") succeeded. 
03-05 09:10:36.150 D/app_process(11887): I18n APEX ICU file found: /apex/com.android.i18n/etc/icu/icudt76l.dat
03-05 09:10:36.150 D/nativeloader(11887): Load libjavacore.so using APEX ns com_android_art for caller /apex/com.android.art/javalib/core-oj.jar: ok
03-05 09:10:36.151 D/nativeloader(11887): Load libopenjdk.so using APEX ns com_android_art for caller /apex/com.android.art/javalib/core-oj.jar: ok
03-05 09:10:36.151 I/app_process(11887): Priority-to-niceness mapping: 19, 16, 13, 10, 0, -2, -4, -5, -6, -8
03-05 09:10:36.152 W/app_process(11887): Unexpected CPU variant for x86: x86_64.
03-05 09:10:36.152 W/app_process(11887): Known variants: atom, sandybridge, silvermont, goldmont, goldmont-plus, goldmont-without-sha-xsaves, tremont, kabylake, alderlake, default
03-05 09:10:36.153 W/app_process(11887): ClassLoaderContext shared library size mismatch. Expected=2, found=0 (PCL[]{PCL[/system/framework/android.test.base.jar*1653369819]#PCL[/system/framework/android.test.mock.jar*1009639922]} | PCL[])
03-05 09:10:36.153 W/app_process(11887): ClassLoaderContext classpath size mismatch. expected=0, found=1 (PCL[]{PCL[/system/framework/android.test.runner.jar*3954641918]{PCL[/system/framework/android.test.base.jar*1653369819]#PCL[/system/framework/android.test.mock.jar*1009639922]}#PCL[/system/framework/android.test.base.jar*1653369819]} | PCL[/system/framework/android.test.runner.jar*3954641918])
03-05 09:10:36.169 D/nativeloader(11887): Load libframework-connectivity-tiramisu-jni.so using APEX ns com_android_tethering for caller /apex/com.android.tethering/javalib/framework-connectivity-t.jar: ok
03-05 09:10:36.169 D/AndroidRuntime(11887): Calling main entry com.android.commands.uiautomator.Launcher
03-05 09:10:36.449 I/AconfigPackage(11887): android.media.swcodec.flags is mapped to com.android.media.swcodec
03-05 09:10:36.449 I/AconfigPackage(11887): com.android.permission.flags is mapped to com.android.permission
03-05 09:10:36.449 I/AconfigPackage(11887): com.android.permissioncontroller.flags is mapped to com.android.permission
03-05 09:10:36.450 I/AconfigPackage(11887): com.android.icu is mapped to com.android.i18n
03-05 09:10:36.450 I/AconfigPackage(11887): com.android.appsearch.flags is mapped to com.android.appsearch
03-05 09:10:36.450 I/AconfigPackage(11887): android.uprobestats.mainline.flags is mapped to com.android.uprobestats
03-05 09:10:36.450 I/AconfigPackage(11887): com.android.crashrecovery.flags is mapped to com.android.crashrecovery
03-05 09:10:36.450 I/AconfigPackage(11887): android.provider.flags is mapped to com.android.configinfrastructure
03-05 09:10:36.450 I/AconfigPackage(11887): com.android.server.deviceconfig is mapped to com.android.configinfrastructure
03-05 09:10:36.451 I/AconfigPackage(11887): com.android.compos.flags is mapped to com.android.compos
03-05 09:10:36.451 I/AconfigPackage(11887): com.android.art.flags is mapped to com.android.art
03-05 09:10:36.451 I/AconfigPackage(11887): com.android.art.rw.flags is mapped to com.android.art
03-05 09:10:36.451 I/AconfigPackage(11887): com.android.libcore is mapped to com.android.art
03-05 09:10:36.451 I/AconfigPackage(11887): com.android.telephony.flags is mapped to com.android.telephonycore
03-05 09:10:36.451 I/AconfigPackage(11887): com.android.media.extractor.flags is mapped to com.android.media
03-05 09:10:36.451 I/AconfigPackage(11887): com.android.media.mainline.flags is mapped to com.android.media
03-05 09:10:36.451 I/AconfigPackage(11887): com.android.wifi.flags is mapped to com.android.wifi
03-05 09:10:36.452 I/AconfigPackage(11887): com.android.org.conscrypt.flags is mapped to com.android.conscrypt
03-05 09:10:36.452 I/AconfigPackage(11887): com.android.org.conscrypt.net.flags is mapped to com.android.conscrypt
03-05 09:10:36.452 I/AconfigPackage(11887): com.android.healthfitness.flags is mapped to com.android.healthfitness
03-05 09:10:36.452 I/AconfigPackage(11887): com.android.ipsec.flags is mapped to com.android.ipsec
03-05 09:10:36.452 I/AconfigPackage(11887): com.android.nfc.module.flags is mapped to com.android.nfcservices
03-05 09:10:36.452 I/AconfigPackage(11887): com.android.adservices.ondevicepersonalization.flags is mapped to com.android.ondevicepersonalization
03-05 09:10:36.452 I/AconfigPackage(11887): com.android.adbd.flags is mapped to com.android.adbd
03-05 09:10:36.453 I/AconfigPackage(11887): com.android.bluetooth.flags is mapped to com.android.bt
03-05 09:10:36.453 I/AconfigPackage(11887): com.android.devicelock.flags is mapped to com.android.devicelock
03-05 09:10:36.453 I/AconfigPackage(11887): android.os.profiling is mapped to com.android.profiling
03-05 09:10:36.453 I/AconfigPackage(11887): android.os.profiling.anomaly.flags is mapped to com.android.profiling
03-05 09:10:36.453 I/AconfigPackage(11887): com.android.os.statsd.flags is mapped to com.android.os.statsd
03-05 09:10:36.453 I/AconfigPackage(11887): com.android.rkpd.flags is mapped to com.android.rkpd
03-05 09:10:36.453 I/AconfigPackage(11887): com.android.cellbroadcastreceiver.flags is mapped to com.android.cellbroadcast
