03-05 09:17:31.249 W/app_process(13876): ClassLoaderContext shared library size mismatch. Expected=2, found=0 (PCL[]{PCL[/system/framework/android.test.base.jar*1653369819]#PCL[/system/framework/android.test.mock.jar*1009639922]} | PCL[])
03-05 09:17:31.250 W/app_process(13876): ClassLoaderContext classpath size mismatch. expected=0, found=1 (PCL[]{PCL[/system/framework/android.test.runner.jar*3954641918]{PCL[/system/framework/android.test.base.jar*1653369819]#PCL[/system/framework/android.test.mock.jar*1009639922]}#PCL[/system/framework/android.test.base.jar*1653369819]} | PCL[/system/framework/android.test.runner.jar*3954641918])
03-05 09:17:31.269 D/nativeloader(13876): Load libframework-connectivity-tiramisu-jni.so using APEX ns com_android_tethering for caller /apex/com.android.tethering/javalib/framework-connectivity-t.jar: ok
03-05 09:17:31.270 D/AndroidRuntime(13876): Calling main entry com.android.commands.uiautomator.Launcher
03-05 09:17:31.275 I/AconfigPackage(13876): android.media.swcodec.flags is mapped to com.android.media.swcodec
03-05 09:17:31.275 I/AconfigPackage(13876): com.android.permission.flags is mapped to com.android.permission
03-05 09:17:31.275 I/AconfigPackage(13876): com.android.permissioncontroller.flags is mapped to com.android.permission
03-05 09:17:31.275 I/AconfigPackage(13876): com.android.icu is mapped to com.android.i18n
03-05 09:17:31.275 I/AconfigPackage(13876): com.android.appsearch.flags is mapped to com.android.appsearch
03-05 09:17:31.275 I/AconfigPackage(13876): android.uprobestats.mainline.flags is mapped to com.android.uprobestats
03-05 09:17:31.275 I/AconfigPackage(13876): com.android.crashrecovery.flags is mapped to com.android.crashrecovery
03-05 09:17:31.275 I/AconfigPackage(13876): android.provider.flags is mapped to com.android.configinfrastructure
03-05 09:17:31.275 I/AconfigPackage(13876): com.android.server.deviceconfig is mapped to com.android.configinfrastructure
03-05 09:17:31.275 I/AconfigPackage(13876): com.android.compos.flags is mapped to com.android.compos
03-05 09:17:31.275 I/AconfigPackage(13876): com.android.art.flags is mapped to com.android.art
03-05 09:17:31.275 I/AconfigPackage(13876): com.android.art.rw.flags is mapped to com.android.art
03-05 09:17:31.275 I/AconfigPackage(13876): com.android.libcore is mapped to com.android.art
03-05 09:17:31.275 I/AconfigPackage(13876): com.android.telephony.flags is mapped to com.android.telephonycore
03-05 09:17:31.276 I/AconfigPackage(13876): com.android.media.extractor.flags is mapped to com.android.media
03-05 09:17:31.276 I/AconfigPackage(13876): com.android.media.mainline.flags is mapped to com.android.media
03-05 09:17:31.276 I/AconfigPackage(13876): com.android.wifi.flags is mapped to com.android.wifi
03-05 09:17:31.276 I/AconfigPackage(13876): com.android.org.conscrypt.flags is mapped to com.android.conscrypt
03-05 09:17:31.276 I/AconfigPackage(13876): com.android.org.conscrypt.net.flags is mapped to com.android.conscrypt
03-05 09:17:31.276 I/AconfigPackage(13876): com.android.healthfitness.flags is mapped to com.android.healthfitness
03-05 09:17:31.276 I/AconfigPackage(13876): com.android.ipsec.flags is mapped to com.android.ipsec
03-05 09:17:31.276 I/AconfigPackage(13876): com.android.nfc.module.flags is mapped to com.android.nfcservices
03-05 09:17:31.276 I/AconfigPackage(13876): com.android.adservices.ondevicepersonalization.flags is mapped to com.android.ondevicepersonalization
03-05 09:17:31.276 I/AconfigPackage(13876): com.android.adbd.flags is mapped to com.android.adbd
03-05 09:17:31.276 I/AconfigPackage(13876): com.android.bluetooth.flags is mapped to com.android.bt
03-05 09:17:31.276 I/AconfigPackage(13876): com.android.devicelock.flags is mapped to com.android.devicelock
03-05 09:17:31.277 I/AconfigPackage(13876): android.os.profiling is mapped to com.android.profiling
03-05 09:17:31.277 I/AconfigPackage(13876): android.os.profiling.anomaly.flags is mapped to com.android.profiling
03-05 09:17:31.277 I/AconfigPackage(13876): com.android.os.statsd.flags is mapped to com.android.os.statsd
03-05 09:17:31.277 I/AconfigPackage(13876): com.android.rkpd.flags is mapped to com.android.rkpd
03-05 09:17:31.277 I/AconfigPackage(13876): com.android.cellbroadcastreceiver.flags is mapped to com.android.cellbroadcast
03-05 09:17:31.277 I/AconfigPackage(13876): com.android.adservices.flags is mapped to com.android.adservices
03-05 09:17:31.277 I/AconfigPackage(13876): com.android.sdksandbox.flags is mapped to com.android.adservices
03-05 09:17:31.277 I/AconfigPackage(13876): com.android.uwb.flags is mapped to com.android.uwb
03-05 09:17:31.277 I/AconfigPackage(13876): com.android.ranging.flags is mapped to com.android.uwb
03-05 09:17:31.277 I/AconfigPackage(13876): android.graphics.pdf.flags is mapped to com.android.mediaprovider
03-05 09:17:31.277 I/AconfigPackage(13876): com.android.providers.media.flags is mapped to com.android.mediaprovider
03-05 09:17:31.277 I/AconfigPackage(13876): android.graphics.pdf.flags.readonly is mapped to com.android.mediaprovider
03-05 09:17:31.277 I/AconfigPackage(13876): com.android.tethering.mainline.beta is mapped to com.android.tethering
03-05 09:17:31.277 I/AconfigPackage(13876): android.net.http is mapped to com.android.tethering
03-05 09:17:31.277 I/AconfigPackage(13876): com.android.tethering.readonly.flags is mapped to com.android.tethering
03-05 09:17:31.277 I/AconfigPackage(13876): android.net.vcn is mapped to com.android.tethering
03-05 09:17:31.277 I/AconfigPackage(13876): com.android.net.flags is mapped to com.android.tethering
03-05 09:17:31.277 I/AconfigPackage(13876): com.android.tethering.beta.test is mapped to com.android.tethering
03-05 09:17:31.277 I/AconfigPackage(13876): com.android.nearby.flags is mapped to com.android.tethering
03-05 09:17:31.277 I/AconfigPackage(13876): com.android.net.ct.flags is mapped to com.android.tethering
03-05 09:17:31.277 I/AconfigPackage(13876): com.android.net.thread.flags is mapped to com.android.tethering
03-05 09:17:31.277 I/AconfigPackage(13876): com.android.system.virtualmachine.flags is mapped to com.android.virt
03-05 09:17:31.277 E/FeatureFlagsImplExport(13876): android.os.flagging.AconfigStorageReadException: ERROR_PACKAGE_NOT_FOUND: package android.xr cannot be found on the device
03-05 09:17:31.279 D/UiAutomationConnection(13876): Created on user UserHandle{0}
03-05 09:17:31.279 I/UiAutomation(13876): Initialized for user 0 on display 0
03-05 09:17:31.279 W/UiAutomation(13876): Created with deprecatead constructor, assumes DEFAULT_DISPLAY
03-05 09:17:31.282 D/AccessibilityManagerService(  767): changeCurrentUserForTestAutomationIfNeededLocked(0): ignoring because device doesn't support visible background users
03-05 09:17:31.282 I/UiAutomationManager(  767): Registering UiTestAutomationService (id=com.android.server.accessibility/UiAutomation, flags=0x0) when called by user 0
03-05 09:17:31.286 V/AccessibilityManagerService(  767): onUserStateChangedLocked for userId: 0, forceUpdate: false
03-05 09:17:31.290 V/AccessibilityUserState(  767): updateShortcutTargets: type:accessibility_shortcut_target_service, current:{}, new:{}
03-05 09:17:31.290 V/AccessibilityUserState(  767): updateShortcutTargets: type:accessibility_button_targets, current:{}, new:{}
03-05 09:17:31.290 V/AccessibilityUserState(  767): updateShortcutTargets: type:accessibility_gesture_targets, current:{}, new:{}
03-05 09:17:31.290 V/AccessibilityUserState(  767): updateShortcutTargets: type:accessibility_qs_targets, current:{}, new:{}
03-05 09:17:31.290 V/AccessibilityUserState(  767): updateShortcutTargets: type:accessibility_key_gesture_targets, current:{}, new:{}
03-05 09:17:31.290 W/MagnificationConnectionManager(  767): requestConnection duplicated request: connect=false, mConnectionState=DISCONNECTED
03-05 09:17:31.294 I/AiAiEcho( 1593): Settings changed for uri: content://settings/secure/accessibility_enabled
03-05 09:17:31.295 W/libbinder.IPCThreadState(  767): Sending oneway calls to frozen process.
03-05 09:17:31.296 W/libbinder.IPCThreadState(  767): Sending oneway calls to frozen process.
03-05 09:17:31.297 W/libbinder.IPCThreadState(  767): Sending oneway calls to frozen process.
03-05 09:17:31.297 W/libbinder.IPCThreadState(  767): Sending oneway calls to frozen process.
03-05 09:17:31.297 I/AiAiEcho( 1593): Predicting[0]:  [CONTEXT sampling_count=5 ]
03-05 09:17:31.297 I/AiAiEcho( 1593): EchoTargets: 
03-05 09:17:31.297 I/AiAiEcho( 1593): Filtered by AiAi flag check: 
03-05 09:17:31.297 I/AiAiEcho( 1593): [CONTEXT ratelimit_period="10 SECONDS" ]
03-05 09:17:31.298 I/AiAiEcho( 1593): #remoteViewsTwiddler: feature disabled.
03-05 09:17:31.299 I/AiAiEcho( 1593): #postPredictionTargets: Sending updates to UISurface home with targets# 0 (types=[])
03-05 09:17:31.301 W/libbinder.IPCThreadState(  767): Sending oneway calls to frozen process.
03-05 09:17:31.302 W/libbinder.IPCThreadState(  767): Sending oneway calls to frozen process.
03-05 09:17:31.302 W/libbinder.IPCThreadState(  767): Sending oneway calls to frozen process.
03-05 09:17:31.302 W/libbinder.IPCThreadState(  767): Sending oneway calls to frozen process.
03-05 09:17:31.302 W/libbinder.IPCThreadState(  767): Sending oneway calls to frozen process.
03-05 09:17:31.302 W/libbinder.IPCThreadState(  767): Sending oneway calls to frozen process.
03-05 09:17:31.302 W/libbinder.IPCThreadState(  767): Sending oneway calls to frozen process.
03-05 09:17:31.303 W/libbinder.IPCThreadState(  767): Sending oneway calls to frozen process.
03-05 09:17:31.303 W/libbinder.IPCThreadState(  767): Sending oneway calls to frozen process.
03-05 09:17:31.303 W/libbinder.IPCThreadState(  767): Sending oneway calls to frozen process.
03-05 09:17:31.303 W/libbinder.IPCThreadState(  767): Sending oneway calls to frozen process.
03-05 09:17:31.303 W/libbinder.IPCThreadState(  767): Sending oneway calls to frozen process.
03-05 09:17:31.303 W/libbinder.IPCThreadState(  767): Sending oneway calls to frozen process.
03-05 09:17:31.303 W/libbinder.IPCThreadState(  767): Sending oneway calls to frozen process.
03-05 09:17:31.303 W/libbinder.IPCThreadState(  767): Sending oneway calls to frozen process.
03-05 09:17:31.303 W/libbinder.IPCThreadState(  767): Sending oneway calls to frozen process.
03-05 09:17:31.303 W/libbinder.IPCThreadState(  767): Sending oneway calls to frozen process.
03-05 09:17:31.303 D/BatterySaverPolicy(  767): accessibility changed to true, updating policy.
03-05 09:17:31.339 V/AccessibilityManagerService(  767): onUserStateChangedLocked for userId: 0, forceUpdate: false
03-05 09:17:31.343 V/AccessibilityUserState(  767): updateShortcutTargets: type:accessibility_shortcut_target_service, current:{}, new:{}
03-05 09:17:31.343 V/AccessibilityUserState(  767): updateShortcutTargets: type:accessibility_button_targets, current:{}, new:{}
03-05 09:17:31.343 V/AccessibilityUserState(  767): updateShortcutTargets: type:accessibility_gesture_targets, current:{}, new:{}
03-05 09:17:31.343 V/AccessibilityUserState(  767): updateShortcutTargets: type:accessibility_qs_targets, current:{}, new:{}
03-05 09:17:31.343 V/AccessibilityUserState(  767): updateShortcutTargets: type:accessibility_key_gesture_targets, current:{}, new:{}
03-05 09:17:31.343 W/MagnificationConnectionManager(  767): requestConnection duplicated request: connect=false, mConnectionState=DISCONNECTED
03-05 09:17:31.344 W/libbinder.IPCThreadState(  767): Sending oneway calls to frozen process.
03-05 09:17:31.344 W/libbinder.IPCThreadState(  767): Sending oneway calls to frozen process.
03-05 09:17:31.344 W/libbinder.IPCThreadState(  767): Sending oneway calls to frozen process.
03-05 09:17:31.344 W/libbinder.IPCThreadState(  767): Sending oneway calls to frozen process.
03-05 09:17:31.344 W/libbinder.IPCThreadState(  767): Sending oneway calls to frozen process.
03-05 09:17:31.345 W/libbinder.IPCThreadState(  767): Sending oneway calls to frozen process.
03-05 09:17:31.346 W/libbinder.IPCThreadState(  767): Sending oneway calls to frozen process.
03-05 09:17:31.346 W/libbinder.IPCThreadState(  767): Sending oneway calls to frozen process.
03-05 09:17:31.346 W/libbinder.IPCThreadState(  767): Sending oneway calls to frozen process.
03-05 09:17:31.347 W/libbinder.IPCThreadState(  767): Sending oneway calls to frozen process.
03-05 09:17:31.347 W/libbinder.IPCThreadState(  767): Sending oneway calls to frozen process.
03-05 09:17:31.347 W/libbinder.IPCThreadState(  767): Sending oneway calls to frozen process.
03-05 09:17:31.347 W/libbinder.IPCThreadState(  767): Sending oneway calls to frozen process.
03-05 09:17:31.347 W/libbinder.IPCThreadState(  767): Sending oneway calls to frozen process.
03-05 09:17:31.348 I/AiAiEcho( 1593): Settings changed for uri: content://settings/secure/accessibility_enabled
03-05 09:17:31.349 I/AiAiEcho( 1593): Predicting[0]:  [CONTEXT sampling_count=5 ]
03-05 09:17:31.349 I/AiAiEcho( 1593): EchoTargets: 
03-05 09:17:31.349 I/AiAiEcho( 1593): Filtered by AiAi flag check: 
03-05 09:17:31.349 I/AiAiEcho( 1593): [CONTEXT ratelimit_period="10 SECONDS" ]
03-05 09:17:31.349 D/AccessibilityManagerService(  767): .getAccessibilityShortcutTargets {shortcutType=32, userId=0}
03-05 09:17:31.349 I/AiAiEcho( 1593): #remoteViewsTwiddler: feature disabled.
03-05 09:17:31.350 I/AiAiEcho( 1593): #postPredictionTargets: Sending updates to UISurface home with targets# 0 (types=[])
03-05 09:17:31.350 E/mapper.ranchu(13191): getStandardMetadataImpl:886 failure: UNSUPPORTED: id=428: unexpected standardMetadataType=21
03-05 09:17:31.360 D/AccessibilitySourceService( 3930): enabled a11y services count 0
03-05 09:17:31.362 D/AccessibilitySourceService( 3930): a11y source sending 0 issue to sc
03-05 09:17:31.363 D/SafetySourceDataValidat(  767): No cert check requested for package com.google.android.permissioncontroller
03-05 09:17:31.365 D/BufferPoolAccessor2.0(  661): bufferpool2 0x778e66611f98 : 2(7776000 size) total buffers - 1(3888000 size) used buffers - 186/188 (recycle/alloc) - 2/187 (fetch/transfer)
03-05 09:17:31.366 E/mapper.ranchu(13191): getStandardMetadataImpl:886 failure: UNSUPPORTED: id=442: unexpected standardMetadataType=21
03-05 09:17:31.387 E/mapper.ranchu(13191): getStandardMetadataImpl:886 failure: UNSUPPORTED: id=443: unexpected standardMetadataType=21
03-05 09:17:31.940 D/BoundBrokerSvc( 1615): onUnbind: Intent { act=com.google.firebase.dynamiclinks.service.START xflg=0x4 pkg=com.google.android.gms }
03-05 09:17:32.036 D/BoundBrokerSvc( 1615): onUnbind: Intent { act=com.google.android.mdd.service.START dat=chimera-action:/... xflg=0x4 cmp=com.google.android.gms/.chimera.GmsBoundBrokerService }
03-05 09:17:32.598 W/AccessibilityNodeInfoDumper(13876): Fetch time: 7ms
03-05 09:17:32.602 V/AccessibilityManagerService(  767): onUserStateChangedLocked for userId: 0, forceUpdate: false
03-05 09:17:32.604 V/AccessibilityUserState(  767): updateShortcutTargets: type:accessibility_shortcut_target_service, current:{}, new:{}
03-05 09:17:32.604 V/AccessibilityUserState(  767): updateShortcutTargets: type:accessibility_button_targets, current:{}, new:{}
03-05 09:17:32.604 V/AccessibilityUserState(  767): updateShortcutTargets: type:accessibility_gesture_targets, current:{}, new:{}
03-05 09:17:32.604 V/AccessibilityUserState(  767): updateShortcutTargets: type:accessibility_qs_targets, current:{}, new:{}
03-05 09:17:32.604 V/AccessibilityUserState(  767): updateShortcutTargets: type:accessibility_key_gesture_targets, current:{}, new:{}
03-05 09:17:32.604 W/MagnificationConnectionManager(  767): requestConnection duplicated request: connect=false, mConnectionState=DISCONNECTED
03-05 09:17:32.604 D/AccessibilityManagerService(  767): restoreCurrentUserForTestAutomationIfNeededLocked(): ignoring because device doesn't support visible background users
03-05 09:17:32.605 W/libbinder.IPCThreadState(  767): Sending oneway calls to frozen process.
03-05 09:17:32.608 D/AndroidRuntime(13876): Shutting down VM
03-05 09:17:32.608 I/AiAiEcho( 1593): Settings changed for uri: content://settings/secure/accessibility_enabled
03-05 09:17:32.608 W/libbinder.IPCThreadState(  767): Sending oneway calls to frozen process.
03-05 09:17:32.608 W/libbinder.IPCThreadState(  767): Sending oneway calls to frozen process.
03-05 09:17:32.608 W/libbinder.IPCThreadState(  767): Sending oneway calls to frozen process.
03-05 09:17:32.609 W/libbinder.IPCThreadState(  767): Sending oneway calls to frozen process.
03-05 09:17:32.609 W/libbinder.IPCThreadState(13876): call to talkWithDriver in joinThreadPool returned error: -9 (Bad file descriptor), FD: -1
03-05 09:17:32.610 W/libbinder.IPCThreadState(13876): call to talkWithDriver in joinThreadPool returned error: -9 (Bad file descriptor), FD: -1
03-05 09:17:32.610 W/libbinder.IPCThreadState(13876): call to talkWithDriver in joinThreadPool returned error: -9 (Bad file descriptor), FD: -1
03-05 09:17:32.611 W/libbinder.IPCThreadState(  767): Sending oneway calls to frozen process.
03-05 09:17:32.611 W/libbinder.IPCThreadState(  767): Sending oneway calls to frozen process.
03-05 09:17:32.611 W/libbinder.IPCThreadState(  767): Sending oneway calls to frozen process.
03-05 09:17:32.611 W/libbinder.IPCThreadState(  767): Sending oneway calls to frozen process.
03-05 09:17:32.611 W/libbinder.IPCThreadState(  767): Sending oneway calls to frozen process.
03-05 09:17:32.612 W/libbinder.IPCThreadState(  767): Sending oneway calls to frozen process.
03-05 09:17:32.612 W/libbinder.IPCThreadState(  767): Sending oneway calls to frozen process.
03-05 09:17:32.613 W/libbinder.IPCThreadState(  767): Sending oneway calls to frozen process.
03-05 09:17:32.613 W/libbinder.IPCThreadState(  767): Sending oneway calls to frozen process.
03-05 09:17:32.613 W/libbinder.IPCThreadState(  767): Sending oneway calls to frozen process.
03-05 09:17:32.613 W/libbinder.IPCThreadState(  767): Sending oneway calls to frozen process.
03-05 09:17:32.613 W/libbinder.IPCThreadState(  767): Sending oneway calls to frozen process.
03-05 09:17:32.614 W/libbinder.IPCThreadState(  767): Sending oneway calls to frozen process.
03-05 09:17:32.614 W/libbinder.IPCThreadState(  767): Sending oneway calls to frozen process.
03-05 09:17:32.614 W/libbinder.IPCThreadState(  767): Sending oneway calls to frozen process.
03-05 09:17:32.614 W/libbinder.IPCThreadState(  767): Sending oneway calls to frozen process.
03-05 09:17:32.615 D/BatterySaverPolicy(  767): accessibility changed to false, updating policy.
03-05 09:17:32.616 I/AiAiEcho( 1593): Predicting[0]:  [CONTEXT sampling_count=5 ]
03-05 09:17:32.616 I/AiAiEcho( 1593): EchoTargets: 
03-05 09:17:32.616 I/AiAiEcho( 1593): Filtered by AiAi flag check: 
03-05 09:17:32.616 I/AiAiEcho( 1593): [CONTEXT ratelimit_period="10 SECONDS" ]
03-05 09:17:32.617 I/AiAiEcho( 1593): #remoteViewsTwiddler: feature disabled.
03-05 09:17:32.618 I/AiAiEcho( 1593): #postPredictionTargets: Sending updates to UISurface home with targets# 0 (types=[])
03-05 09:17:32.618 W/m.sportpass.app(13156): userfaultfd: MOVE ioctl seems unsupported: Connection timed out
03-05 09:17:32.632 E/mapper.ranchu(13191): getStandardMetadataImpl:886 failure: UNSUPPORTED: id=444: unexpected standardMetadataType=21
03-05 09:17:32.649 E/mapper.ranchu(13191): getStandardMetadataImpl:886 failure: UNSUPPORTED: id=445: unexpected standardMetadataType=21
03-05 09:17:32.672 E/mapper.ranchu(13191): getStandardMetadataImpl:886 failure: UNSUPPORTED: id=429: unexpected standardMetadataType=21
03-05 09:17:32.766 E/mapper.ranchu(13191): getStandardMetadataImpl:886 failure: UNSUPPORTED: id=446: unexpected standardMetadataType=21
03-05 09:17:32.954 I/HalDevMgr(  767): bestIfaceCreationProposal is null, requestIface=STA, existingIface=[name=wlan0 type=STA]
03-05 09:17:33.004 D/SatelliteController( 1146): iisInCarrierRoamingNbIotNtn: satellite is disabled
03-05 09:17:33.006 D/SatelliteController( 1146): getCarrierRoamingNtnConnectType: Falling back to global carrier config connect type: 0
03-05 09:17:33.010 W/libbinder.IPCThreadState(  767): Sending oneway calls to frozen process.
03-05 09:17:33.805 D/AndroidRuntime(13914): >>>>>> START com.android.internal.os.RuntimeInit uid 2000 <<<<<<
03-05 09:17:33.814 I/AndroidRuntime(13914): Using default boot image
03-05 09:17:33.814 I/AndroidRuntime(13914): Leaving lock profiling enabled
03-05 09:17:33.818 I/app_process(13914): Using CollectorTypeCMC GC.
03-05 09:17:34.080 D/nativeloader(13914): InitDefaultPublicLibraries for_preload=1: libandroid.so:libaaudio.so:libamidi.so:libbinder_ndk.so:libc.so:libcamera2ndk.so:libdl.so:libEGL.so:libGLESv1_CM.so:libGLESv2.so:libGLESv3.so:libicu.so:libicui18n.so:libicuuc.so:libjnigraphics.so:liblog.so:libmediandk.so:libm.so:libnativehelper.so:libnativewindow.so:libOpenMAXAL.so:libOpenSLES.so:libRS.so:libstdc++.so:libsync.so:libvulkan.so:libwebviewchromium_plat_support.so:libz.so
03-05 09:17:34.089 D/nativeloader(13914): Load libicu_jni.so using APEX ns com_android_art for caller /apex/com.android.art/javalib/core-oj.jar: ok
03-05 09:17:34.089 D/app_process(13914): u_setTimeZoneFilesDirectory("/apex/com.android.tzdata/etc/tz/versioned/9/icu") succeeded. 
03-05 09:17:34.089 D/app_process(13914): I18n APEX ICU file found: /apex/com.android.i18n/etc/icu/icudt76l.dat
03-05 09:17:34.090 D/nativeloader(13914): Load libjavacore.so using APEX ns com_android_art for caller /apex/com.android.art/javalib/core-oj.jar: ok
03-05 09:17:34.090 D/nativeloader(13914): Load libopenjdk.so using APEX ns com_android_art for caller /apex/com.android.art/javalib/core-oj.jar: ok
03-05 09:17:34.091 I/app_process(13914): Priority-to-niceness mapping: 19, 16, 13, 10, 0, -2, -4, -5, -6, -8
03-05 09:17:34.091 W/app_process(13914): Unexpected CPU variant for x86: x86_64.
03-05 09:17:34.091 W/app_process(13914): Known variants: atom, sandybridge, silvermont, goldmont, goldmont-plus, goldmont-without-sha-xsaves, tremont, kabylake, alderlake, default
03-05 09:17:34.092 W/app_process(13914): ClassLoaderContext shared library size mismatch. Expected=2, found=0 (PCL[]{PCL[/system/framework/android.test.base.jar*1653369819]#PCL[/system/framework/android.test.mock.jar*1009639922]} | PCL[])
03-05 09:17:34.093 W/app_process(13914): ClassLoaderContext classpath size mismatch. expected=0, found=1 (PCL[]{PCL[/system/framework/android.test.runner.jar*3954641918]{PCL[/system/framework/android.test.base.jar*1653369819]#PCL[/system/framework/android.test.mock.jar*1009639922]}#PCL[/system/framework/android.test.base.jar*1653369819]} | PCL[/system/framework/android.test.runner.jar*3954641918])
03-05 09:17:34.109 D/nativeloader(13914): Load libframework-connectivity-tiramisu-jni.so using APEX ns com_android_tethering for caller /apex/com.android.tethering/javalib/framework-connectivity-t.jar: ok
03-05 09:17:34.110 D/AndroidRuntime(13914): Calling main entry com.android.commands.uiautomator.Launcher
03-05 09:17:34.114 I/AconfigPackage(13914): android.media.swcodec.flags is mapped to com.android.media.swcodec
03-05 09:17:34.114 I/AconfigPackage(13914): com.android.permission.flags is mapped to com.android.permission
03-05 09:17:34.114 I/AconfigPackage(13914): com.android.permissioncontroller.flags is mapped to com.android.permission
03-05 09:17:34.114 I/AconfigPackage(13914): com.android.icu is mapped to com.android.i18n
03-05 09:17:34.114 I/AconfigPackage(13914): com.android.appsearch.flags is mapped to com.android.appsearch
03-05 09:17:34.115 I/AconfigPackage(13914): android.uprobestats.mainline.flags is mapped to com.android.uprobestats
03-05 09:17:34.115 I/AconfigPackage(13914): com.android.crashrecovery.flags is mapped to com.android.crashrecovery
03-05 09:17:34.115 I/AconfigPackage(13914): android.provider.flags is mapped to com.android.configinfrastructure
03-05 09:17:34.115 I/AconfigPackage(13914): com.android.server.deviceconfig is mapped to com.android.configinfrastructure
03-05 09:17:34.115 I/AconfigPackage(13914): com.android.compos.flags is mapped to com.android.compos
03-05 09:17:34.115 I/AconfigPackage(13914): com.android.art.flags is mapped to com.android.art
03-05 09:17:34.115 I/AconfigPackage(13914): com.android.art.rw.flags is mapped to com.android.art
03-05 09:17:34.115 I/AconfigPackage(13914): com.android.libcore is mapped to com.android.art
03-05 09:17:34.115 I/AconfigPackage(13914): com.android.telephony.flags is mapped to com.android.telephonycore
03-05 09:17:34.115 I/AconfigPackage(13914): com.android.media.extractor.flags is mapped to com.android.media
03-05 09:17:34.115 I/AconfigPackage(13914): com.android.media.mainline.flags is mapped to com.android.media
03-05 09:17:34.115 I/AconfigPackage(13914): com.android.wifi.flags is mapped to com.android.wifi
03-05 09:17:34.115 I/AconfigPackage(13914): com.android.org.conscrypt.flags is mapped to com.android.conscrypt
03-05 09:17:34.115 I/AconfigPackage(13914): com.android.org.conscrypt.net.flags is mapped to com.android.conscrypt
03-05 09:17:34.115 I/AconfigPackage(13914): com.android.healthfitness.flags is mapped to com.android.healthfitness
03-05 09:17:34.115 I/AconfigPackage(13914): com.android.ipsec.flags is mapped to com.android.ipsec
03-05 09:17:34.115 I/AconfigPackage(13914): com.android.nfc.module.flags is mapped to com.android.nfcservices
03-05 09:17:34.116 I/AconfigPackage(13914): com.android.adservices.ondevicepersonalization.flags is mapped to com.android.ondevicepersonalization
03-05 09:17:34.116 I/AconfigPackage(13914): com.android.adbd.flags is mapped to com.android.adbd
03-05 09:17:34.116 I/AconfigPackage(13914): com.android.bluetooth.flags is mapped to com.android.bt
03-05 09:17:34.116 I/AconfigPackage(13914): com.android.devicelock.flags is mapped to com.android.devicelock
03-05 09:17:34.116 I/AconfigPackage(13914): android.os.profiling is mapped to com.android.profiling
03-05 09:17:34.116 I/AconfigPackage(13914): android.os.profiling.anomaly.flags is mapped to com.android.profiling
03-05 09:17:34.116 I/AconfigPackage(13914): com.android.os.statsd.flags is mapped to com.android.os.statsd
03-05 09:17:34.116 I/AconfigPackage(13914): com.android.rkpd.flags is mapped to com.android.rkpd
03-05 09:17:34.116 I/AconfigPackage(13914): com.android.cellbroadcastreceiver.flags is mapped to com.android.cellbroadcast
03-05 09:17:34.116 I/AconfigPackage(13914): com.android.adservices.flags is mapped to com.android.adservices
03-05 09:17:34.116 I/AconfigPackage(13914): com.android.sdksandbox.flags is mapped to com.android.adservices
03-05 09:17:34.116 I/AconfigPackage(13914): com.android.uwb.flags is mapped to com.android.uwb
03-05 09:17:34.116 I/AconfigPackage(13914): com.android.ranging.flags is mapped to com.android.uwb
03-05 09:17:34.116 I/AconfigPackage(13914): android.graphics.pdf.flags is mapped to com.android.mediaprovider
03-05 09:17:34.116 I/AconfigPackage(13914): com.android.providers.media.flags is mapped to com.android.mediaprovider
03-05 09:17:34.116 I/AconfigPackage(13914): android.graphics.pdf.flags.readonly is mapped to com.android.mediaprovider
03-05 09:17:34.117 I/AconfigPackage(13914): com.android.tethering.mainline.beta is mapped to com.android.tethering
03-05 09:17:34.117 I/AconfigPackage(13914): android.net.http is mapped to com.android.tethering
03-05 09:17:34.117 I/AconfigPackage(13914): com.android.tethering.readonly.flags is mapped to com.android.tethering
03-05 09:17:34.117 I/AconfigPackage(13914): android.net.vcn is mapped to com.android.tethering
03-05 09:17:34.117 I/AconfigPackage(13914): com.android.net.flags is mapped to com.android.tethering
03-05 09:17:34.117 I/AconfigPackage(13914): com.android.tethering.beta.test is mapped to com.android.tethering
03-05 09:17:34.117 I/AconfigPackage(13914): com.android.nearby.flags is mapped to com.android.tethering
03-05 09:17:34.117 I/AconfigPackage(13914): com.android.net.ct.flags is mapped to com.android.tethering
03-05 09:17:34.117 I/AconfigPackage(13914): com.android.net.thread.flags is mapped to com.android.tethering
03-05 09:17:34.117 I/AconfigPackage(13914): com.android.system.virtualmachine.flags is mapped to com.android.virt
03-05 09:17:34.117 E/FeatureFlagsImplExport(13914): android.os.flagging.AconfigStorageReadException: ERROR_PACKAGE_NOT_FOUND: package android.xr cannot be found on the device
03-05 09:17:34.119 D/UiAutomationConnection(13914): Created on user UserHandle{0}
03-05 09:17:34.119 I/UiAutomation(13914): Initialized for user 0 on display 0
03-05 09:17:34.119 W/UiAutomation(13914): Created with deprecatead constructor, assumes DEFAULT_DISPLAY
03-05 09:17:34.121 D/AccessibilityManagerService(  767): changeCurrentUserForTestAutomationIfNeededLocked(0): ignoring because device doesn't support visible background users
03-05 09:17:34.121 I/UiAutomationManager(  767): Registering UiTestAutomationService (id=com.android.server.accessibility/UiAutomation, flags=0x0) when called by user 0
03-05 09:17:34.122 V/AccessibilityManagerService(  767): onUserStateChangedLocked for userId: 0, forceUpdate: false
03-05 09:17:34.124 V/AccessibilityUserState(  767): updateShortcutTargets: type:accessibility_shortcut_target_service, current:{}, new:{}
03-05 09:17:34.124 V/AccessibilityUserState(  767): updateShortcutTargets: type:accessibility_button_targets, current:{}, new:{}
03-05 09:17:34.124 V/AccessibilityUserState(  767): updateShortcutTargets: type:accessibility_gesture_targets, current:{}, new:{}
03-05 09:17:34.124 V/AccessibilityUserState(  767): updateShortcutTargets: type:accessibility_qs_targets, current:{}, new:{}
03-05 09:17:34.124 V/AccessibilityUserState(  767): updateShortcutTargets: type:accessibility_key_gesture_targets, current:{}, new:{}
03-05 09:17:34.125 W/MagnificationConnectionManager(  767): requestConnection duplicated request: connect=false, mConnectionState=DISCONNECTED
03-05 09:17:34.128 I/AiAiEcho( 1593): Settings changed for uri: content://settings/secure/accessibility_enabled
03-05 09:17:34.129 W/libbinder.IPCThreadState(  767): Sending oneway calls to frozen process.
03-05 09:17:34.130 W/libbinder.IPCThreadState(  767): Sending oneway calls to frozen process.
03-05 09:17:34.130 W/libbinder.IPCThreadState(  767): Sending oneway calls to frozen process.
03-05 09:17:34.131 W/libbinder.IPCThreadState(  767): Sending oneway calls to frozen process.
03-05 09:17:34.132 I/AiAiEcho( 1593): Predicting[0]:  [CONTEXT sampling_count=5 ]
03-05 09:17:34.132 I/AiAiEcho( 1593): EchoTargets: 
03-05 09:17:34.132 I/AiAiEcho( 1593): Filtered by AiAi flag check: 
03-05 09:17:34.132 I/AiAiEcho( 1593): [CONTEXT ratelimit_period="10 SECONDS" ]
03-05 09:17:34.132 W/libbinder.IPCThreadState(  767): Sending oneway calls to frozen process.
03-05 09:17:34.134 I/AiAiEcho( 1593): #remoteViewsTwiddler: feature disabled.
03-05 09:17:34.134 W/libbinder.IPCThreadState(  767): Sending oneway calls to frozen process.
03-05 09:17:34.135 W/libbinder.IPCThreadState(  767): Sending oneway calls to frozen process.
03-05 09:17:34.135 W/libbinder.IPCThreadState(  767): Sending oneway calls to frozen process.
03-05 09:17:34.135 W/libbinder.IPCThreadState(  767): Sending oneway calls to frozen process.
03-05 09:17:34.135 W/libbinder.IPCThreadState(  767): Sending oneway calls to frozen process.
03-05 09:17:34.135 W/libbinder.IPCThreadState(  767): Sending oneway calls to frozen process.
03-05 09:17:34.135 V/AccessibilityManagerService(  767): onUserStateChangedLocked for userId: 0, forceUpdate: false
03-05 09:17:34.135 W/libbinder.IPCThreadState(  767): Sending oneway calls to frozen process.
03-05 09:17:34.135 W/libbinder.IPCThreadState(  767): Sending oneway calls to frozen process.
03-05 09:17:34.136 W/libbinder.IPCThreadState(  767): Sending oneway calls to frozen process.
03-05 09:17:34.136 V/AccessibilityUserState(  767): updateShortcutTargets: type:accessibility_shortcut_target_service, current:{}, new:{}
03-05 09:17:34.136 I/AiAiEcho( 1593): Settings changed for uri: content://settings/secure/accessibility_enabled
03-05 09:17:34.139 V/AccessibilityUserState(  767): updateShortcutTargets: type:accessibility_button_targets, current:{}, new:{}
03-05 09:17:34.139 V/AccessibilityUserState(  767): updateShortcutTargets: type:accessibility_gesture_targets, current:{}, new:{}
03-05 09:17:34.139 V/AccessibilityUserState(  767): updateShortcutTargets: type:accessibility_qs_targets, current:{}, new:{}
03-05 09:17:34.139 V/AccessibilityUserState(  767): updateShortcutTargets: type:accessibility_key_gesture_targets, current:{}, new:{}
03-05 09:17:34.139 W/MagnificationConnectionManager(  767): requestConnection duplicated request: connect=false, mConnectionState=DISCONNECTED
03-05 09:17:34.139 W/libbinder.IPCThreadState(  767): Sending oneway calls to frozen process.
03-05 09:17:34.139 W/libbinder.IPCThreadState(  767): Sending oneway calls to frozen process.
03-05 09:17:34.139 W/libbinder.IPCThreadState(  767): Sending oneway calls to frozen process.
03-05 09:17:34.139 W/libbinder.IPCThreadState(  767): Sending oneway calls to frozen process.
03-05 09:17:34.140 W/libbinder.IPCThreadState(  767): Sending oneway calls to frozen process.
03-05 09:17:34.140 W/libbinder.IPCThreadState(  767): Sending oneway calls to frozen process.
03-05 09:17:34.140 W/libbinder.IPCThreadState(  767): Sending oneway calls to frozen process.
03-05 09:17:34.140 W/libbinder.IPCThreadState(  767): Sending oneway calls to frozen process.
03-05 09:17:34.140 W/libbinder.IPCThreadState(  767): Sending oneway calls to frozen process.
03-05 09:17:34.140 W/libbinder.IPCThreadState(  767): Sending oneway calls to frozen process.
03-05 09:17:34.140 W/libbinder.IPCThreadState(  767): Sending oneway calls to frozen process.
03-05 09:17:34.140 W/libbinder.IPCThreadState(  767): Sending oneway calls to frozen process.
03-05 09:17:34.140 W/libbinder.IPCThreadState(  767): Sending oneway calls to frozen process.
03-05 09:17:34.140 W/libbinder.IPCThreadState(  767): Sending oneway calls to frozen process.
03-05 09:17:34.140 W/libbinder.IPCThreadState(  767): Sending oneway calls to frozen process.
03-05 09:17:34.140 W/libbinder.IPCThreadState(  767): Sending oneway calls to frozen process.
03-05 09:17:34.140 W/libbinder.IPCThreadState(  767): Sending oneway calls to frozen process.
03-05 09:17:34.141 W/libbinder.IPCThreadState(  767): Sending oneway calls to frozen process.
03-05 09:17:34.141 W/libbinder.IPCThreadState(  767): Sending oneway calls to frozen process.
03-05 09:17:34.141 W/libbinder.IPCThreadState(  767): Sending oneway calls to frozen process.
03-05 09:17:34.141 W/libbinder.IPCThreadState(  767): Sending oneway calls to frozen process.
03-05 09:17:34.141 D/BatterySaverPolicy(  767): accessibility changed to true, updating policy.
03-05 09:17:34.146 E/mapper.ranchu(13191): getStandardMetadataImpl:886 failure: UNSUPPORTED: id=447: unexpected standardMetadataType=21
03-05 09:17:34.153 I/AiAiEcho( 1593): #postPredictionTargets: Sending updates to UISurface home with targets# 0 (types=[])
03-05 09:17:34.156 D/AccessibilityManagerService(  767): .getAccessibilityShortcutTargets {shortcutType=32, userId=0}
03-05 09:17:34.157 I/AiAiEcho( 1593): Predicting[0]:  [CONTEXT sampling_count=5 ]
03-05 09:17:34.157 I/AiAiEcho( 1593): EchoTargets: 
03-05 09:17:34.157 I/AiAiEcho( 1593): Filtered by AiAi flag check: 
03-05 09:17:34.157 I/AiAiEcho( 1593): [CONTEXT ratelimit_period="10 SECONDS" ]
03-05 09:17:34.157 I/AiAiEcho( 1593): #remoteViewsTwiddler: feature disabled.
03-05 09:17:34.157 I/AiAiEcho( 1593): #postPredictionTargets: Sending updates to UISurface home with targets# 0 (types=[])
03-05 09:17:34.161 E/mapper.ranchu(13191): getStandardMetadataImpl:886 failure: UNSUPPORTED: id=434: unexpected standardMetadataType=21
03-05 09:17:34.163 D/AccessibilitySourceService( 3930): enabled a11y services count 0
03-05 09:17:34.163 D/AccessibilitySourceService( 3930): a11y source sending 0 issue to sc
03-05 09:17:34.164 D/SafetySourceDataValidat(  767): No cert check requested for package com.google.android.permissioncontroller
03-05 09:17:34.187 E/mapper.ranchu(13191): getStandardMetadataImpl:886 failure: UNSUPPORTED: id=430: unexpected standardMetadataType=21
03-05 09:17:35.208 W/AccessibilityNodeInfoDumper(13914): Fetch time: 8ms
03-05 09:17:35.211 V/AccessibilityManagerService(  767): onUserStateChangedLocked for userId: 0, forceUpdate: false
03-05 09:17:35.213 V/AccessibilityUserState(  767): updateShortcutTargets: type:accessibility_shortcut_target_service, current:{}, new:{}
03-05 09:17:35.214 V/AccessibilityUserState(  767): updateShortcutTargets: type:accessibility_button_targets, current:{}, new:{}
03-05 09:17:35.214 V/AccessibilityUserState(  767): updateShortcutTargets: type:accessibility_gesture_targets, current:{}, new:{}
03-05 09:17:35.214 V/AccessibilityUserState(  767): updateShortcutTargets: type:accessibility_qs_targets, current:{}, new:{}
03-05 09:17:35.214 V/AccessibilityUserState(  767): updateShortcutTargets: type:accessibility_key_gesture_targets, current:{}, new:{}
03-05 09:17:35.214 W/MagnificationConnectionManager(  767): requestConnection duplicated request: connect=false, mConnectionState=DISCONNECTED
03-05 09:17:35.215 D/AccessibilityManagerService(  767): restoreCurrentUserForTestAutomationIfNeededLocked(): ignoring because device doesn't support visible background users
03-05 09:17:35.227 I/AiAiEcho( 1593): Settings changed for uri: content://settings/secure/accessibility_enabled
03-05 09:17:35.228 W/libbinder.IPCThreadState(  767): Sending oneway calls to frozen process.
03-05 09:17:35.229 W/libbinder.IPCThreadState(  767): Sending oneway calls to frozen process.
03-05 09:17:35.230 I/AiAiEcho( 1593): Predicting[0]:  [CONTEXT sampling_count=5 ]
03-05 09:17:35.230 I/AiAiEcho( 1593): EchoTargets: 
03-05 09:17:35.230 I/AiAiEcho( 1593): Filtered by AiAi flag check: 
03-05 09:17:35.230 I/AiAiEcho( 1593): [CONTEXT ratelimit_period="10 SECONDS" ]
03-05 09:17:35.230 I/AiAiEcho( 1593): #remoteViewsTwiddler: feature disabled.
03-05 09:17:35.231 W/libbinder.IPCThreadState(  767): Sending oneway calls to frozen process.
03-05 09:17:35.231 W/libbinder.IPCThreadState(  767): Sending oneway calls to frozen process.
03-05 09:17:35.231 I/AiAiEcho( 1593): #postPredictionTargets: Sending updates to UISurface home with targets# 0 (types=[])
03-05 09:17:35.236 W/libbinder.IPCThreadState(  767): Sending oneway calls to frozen process.
03-05 09:17:35.237 W/libbinder.IPCThreadState(  767): Sending oneway calls to frozen process.
03-05 09:17:35.238 W/libbinder.IPCThreadState(  767): Sending oneway calls to frozen process.
03-05 09:17:35.238 W/libbinder.IPCThreadState(  767): Sending oneway calls to frozen process.
03-05 09:17:35.238 W/libbinder.IPCThreadState(  767): Sending oneway calls to frozen process.
03-05 09:17:35.239 W/libbinder.IPCThreadState(  767): Sending oneway calls to frozen process.
03-05 09:17:35.239 W/libbinder.IPCThreadState(  767): Sending oneway calls to frozen process.
03-05 09:17:35.239 W/libbinder.IPCThreadState(  767): Sending oneway calls to frozen process.
03-05 09:17:35.239 W/libbinder.IPCThreadState(  767): Sending oneway calls to frozen process.
03-05 09:17:35.239 W/libbinder.IPCThreadState(  767): Sending oneway calls to frozen process.
03-05 09:17:35.240 W/libbinder.IPCThreadState(  767): Sending oneway calls to frozen process.
03-05 09:17:35.241 W/libbinder.IPCThreadState(  767): Sending oneway calls to frozen process.
03-05 09:17:35.241 W/libbinder.IPCThreadState(  767): Sending oneway calls to frozen process.
03-05 09:17:35.241 W/libbinder.IPCThreadState(  767): Sending oneway calls to frozen process.
03-05 09:17:35.241 W/libbinder.IPCThreadState(  767): Sending oneway calls to frozen process.
03-05 09:17:35.241 W/libbinder.IPCThreadState(  767): Sending oneway calls to frozen process.
03-05 09:17:35.241 W/libbinder.IPCThreadState(  767): Sending oneway calls to frozen process.
03-05 09:17:35.241 D/BatterySaverPolicy(  767): accessibility changed to false, updating policy.
03-05 09:17:35.247 W/libbinder.IPCThreadState(13914): call to talkWithDriver in joinThreadPool returned error: -9 (Bad file descriptor), FD: -1
03-05 09:17:35.248 D/AndroidRuntime(13914): Shutting down VM
03-05 09:17:35.250 W/libbinder.IPCThreadState(13914): call to talkWithDriver in joinThreadPool returned error: -9 (Bad file descriptor), FD: -1
03-05 09:17:35.253 E/mapper.ranchu(13191): getStandardMetadataImpl:886 failure: UNSUPPORTED: id=435: unexpected standardMetadataType=21
03-05 09:17:35.261 E/mapper.ranchu(13191): getStandardMetadataImpl:886 failure: UNSUPPORTED: id=436: unexpected standardMetadataType=21
03-05 09:17:35.288 E/mapper.ranchu(13191): getStandardMetadataImpl:886 failure: UNSUPPORTED: id=437: unexpected standardMetadataType=21
03-05 09:17:35.978 I/HalDevMgr(  767): bestIfaceCreationProposal is null, requestIface=STA, existingIface=[name=wlan0 type=STA]
03-05 09:17:36.491 D/AndroidRuntime(13947): >>>>>> START com.android.internal.os.RuntimeInit uid 2000 <<<<<<
03-05 09:17:36.500 I/AndroidRuntime(13947): Using default boot image
03-05 09:17:36.500 I/AndroidRuntime(13947): Leaving lock profiling enabled
03-05 09:17:36.505 I/app_process(13947): Using CollectorTypeCMC GC.
03-05 09:17:37.101 D/nativeloader(13947): InitDefaultPublicLibraries for_preload=1: libandroid.so:libaaudio.so:libamidi.so:libbinder_ndk.so:libc.so:libcamera2ndk.so:libdl.so:libEGL.so:libGLESv1_CM.so:libGLESv2.so:libGLESv3.so:libicu.so:libicui18n.so:libicuuc.so:libjnigraphics.so:liblog.so:libmediandk.so:libm.so:libnativehelper.so:libnativewindow.so:libOpenMAXAL.so:libOpenSLES.so:libRS.so:libstdc++.so:libsync.so:libvulkan.so:libwebviewchromium_plat_support.so:libz.so
03-05 09:17:37.130 D/nativeloader(13947): Load libicu_jni.so using APEX ns com_android_art for caller /apex/com.android.art/javalib/core-oj.jar: ok
03-05 09:17:37.131 D/app_process(13947): u_setTimeZoneFilesDirectory("/apex/com.android.tzdata/etc/tz/versioned/9/icu") succeeded. 
03-05 09:17:37.131 D/app_process(13947): I18n APEX ICU file found: /apex/com.android.i18n/etc/icu/icudt76l.dat
03-05 09:17:37.132 D/nativeloader(13947): Load libjavacore.so using APEX ns com_android_art for caller /apex/com.android.art/javalib/core-oj.jar: ok
03-05 09:17:37.133 D/nativeloader(13947): Load libopenjdk.so using APEX ns com_android_art for caller /apex/com.android.art/javalib/core-oj.jar: ok
03-05 09:17:37.135 I/app_process(13947): Priority-to-niceness mapping: 19, 16, 13, 10, 0, -2, -4, -5, -6, -8
03-05 09:17:37.136 W/app_process(13947): Unexpected CPU variant for x86: x86_64.
03-05 09:17:37.136 W/app_process(13947): Known variants: atom, sandybridge, silvermont, goldmont, goldmont-plus, goldmont-without-sha-xsaves, tremont, kabylake, alderlake, default
03-05 09:17:37.139 W/app_process(13947): ClassLoaderContext shared library size mismatch. Expected=2, found=0 (PCL[]{PCL[/system/framework/android.test.base.jar*1653369819]#PCL[/system/framework/android.test.mock.jar*1009639922]} | PCL[])
03-05 09:17:37.141 W/app_process(13947): ClassLoaderContext classpath size mismatch. expected=0, found=1 (PCL[]{PCL[/system/framework/android.test.runner.jar*3954641918]{PCL[/system/framework/android.test.base.jar*1653369819]#PCL[/system/framework/android.test.mock.jar*1009639922]}#PCL[/system/framework/android.test.base.jar*1653369819]} | PCL[/system/framework/android.test.runner.jar*3954641918])
03-05 09:17:37.176 D/nativeloader(13947): Load libframework-connectivity-tiramisu-jni.so using APEX ns com_android_tethering for caller /apex/com.android.tethering/javalib/framework-connectivity-t.jar: ok
03-05 09:17:37.177 D/AndroidRuntime(13947): Calling main entry com.android.commands.uiautomator.Launcher
03-05 09:17:37.185 I/AconfigPackage(13947): android.media.swcodec.flags is mapped to com.android.media.swcodec
03-05 09:17:37.185 I/AconfigPackage(13947): com.android.permission.flags is mapped to com.android.permission
03-05 09:17:37.185 I/AconfigPackage(13947): com.android.permissioncontroller.flags is mapped to com.android.permission
03-05 09:17:37.185 I/AconfigPackage(13947): com.android.icu is mapped to com.android.i18n
03-05 09:17:37.185 I/AconfigPackage(13947): com.android.appsearch.flags is mapped to com.android.appsearch
03-05 09:17:37.186 I/AconfigPackage(13947): android.uprobestats.mainline.flags is mapped to com.android.uprobestats
03-05 09:17:37.186 I/AconfigPackage(13947): com.android.crashrecovery.flags is mapped to com.android.crashrecovery
03-05 09:17:37.186 I/AconfigPackage(13947): android.provider.flags is mapped to com.android.configinfrastructure
03-05 09:17:37.186 I/AconfigPackage(13947): com.android.server.deviceconfig is mapped to com.android.configinfrastructure
03-05 09:17:37.186 I/AconfigPackage(13947): com.android.compos.flags is mapped to com.android.compos
03-05 09:17:37.187 I/AconfigPackage(13947): com.android.art.flags is mapped to com.android.art
03-05 09:17:37.187 I/AconfigPackage(13947): com.android.art.rw.flags is mapped to com.android.art
03-05 09:17:37.187 I/AconfigPackage(13947): com.android.libcore is mapped to com.android.art
03-05 09:17:37.187 I/AconfigPackage(13947): com.android.telephony.flags is mapped to com.android.telephonycore
03-05 09:17:37.187 I/AconfigPackage(13947): com.android.media.extractor.flags is mapped to com.android.media
03-05 09:17:37.187 I/AconfigPackage(13947): com.android.media.mainline.flags is mapped to com.android.media
03-05 09:17:37.188 I/AconfigPackage(13947): com.android.wifi.flags is mapped to com.android.wifi
03-05 09:17:37.188 I/AconfigPackage(13947): com.android.org.conscrypt.flags is mapped to com.android.conscrypt
03-05 09:17:37.188 I/AconfigPackage(13947): com.android.org.conscrypt.net.flags is mapped to com.android.conscrypt
03-05 09:17:37.188 I/AconfigPackage(13947): com.android.healthfitness.flags is mapped to com.android.healthfitness
03-05 09:17:37.188 I/AconfigPackage(13947): com.android.ipsec.flags is mapped to com.android.ipsec
03-05 09:17:37.188 I/AconfigPackage(13947): com.android.nfc.module.flags is mapped to com.android.nfcservices
03-05 09:17:37.188 I/AconfigPackage(13947): com.android.adservices.ondevicepersonalization.flags is mapped to com.android.ondevicepersonalization
03-05 09:17:37.189 I/AconfigPackage(13947): com.android.adbd.flags is mapped to com.android.adbd
03-05 09:17:37.189 I/AconfigPackage(13947): com.android.bluetooth.flags is mapped to com.android.bt
03-05 09:17:37.189 I/AconfigPackage(13947): com.android.devicelock.flags is mapped to com.android.devicelock
03-05 09:17:37.189 I/AconfigPackage(13947): android.os.profiling is mapped to com.android.profiling
03-05 09:17:37.189 I/AconfigPackage(13947): android.os.profiling.anomaly.flags is mapped to com.android.profiling
03-05 09:17:37.189 I/AconfigPackage(13947): com.android.os.statsd.flags is mapped to com.android.os.statsd
03-05 09:17:37.190 I/AconfigPackage(13947): com.android.rkpd.flags is mapped to com.android.rkpd
03-05 09:17:37.190 I/AconfigPackage(13947): com.android.cellbroadcastreceiver.flags is mapped to com.android.cellbroadcast
03-05 09:17:37.190 I/AconfigPackage(13947): com.android.adservices.flags is mapped to com.android.adservices
03-05 09:17:37.190 I/AconfigPackage(13947): com.android.sdksandbox.flags is mapped to com.android.adservices
03-05 09:17:37.190 I/AconfigPackage(13947): com.android.uwb.flags is mapped to com.android.uwb
03-05 09:17:37.190 I/AconfigPackage(13947): com.android.ranging.flags is mapped to com.android.uwb
03-05 09:17:37.190 I/AconfigPackage(13947): android.graphics.pdf.flags is mapped to com.android.mediaprovider
03-05 09:17:37.190 I/AconfigPackage(13947): com.android.providers.media.flags is mapped to com.android.mediaprovider
03-05 09:17:37.190 I/AconfigPackage(13947): android.graphics.pdf.flags.readonly is mapped to com.android.mediaprovider
03-05 09:17:37.190 I/AconfigPackage(13947): com.android.tethering.mainline.beta is mapped to com.android.tethering
03-05 09:17:37.190 I/AconfigPackage(13947): android.net.http is mapped to com.android.tethering
03-05 09:17:37.190 I/AconfigPackage(13947): com.android.tethering.readonly.flags is mapped to com.android.tethering
03-05 09:17:37.190 I/AconfigPackage(13947): android.net.vcn is mapped to com.android.tethering
03-05 09:17:37.190 I/AconfigPackage(13947): com.android.net.flags is mapped to com.android.tethering
03-05 09:17:37.190 I/AconfigPackage(13947): com.android.tethering.beta.test is mapped to com.android.tethering
03-05 09:17:37.190 I/AconfigPackage(13947): com.android.nearby.flags is mapped to com.android.tethering
03-05 09:17:37.190 I/AconfigPackage(13947): com.android.net.ct.flags is mapped to com.android.tethering
03-05 09:17:37.190 I/AconfigPackage(13947): com.android.net.thread.flags is mapped to com.android.tethering
03-05 09:17:37.190 I/AconfigPackage(13947): com.android.system.virtualmachine.flags is mapped to com.android.virt
03-05 09:17:37.191 E/FeatureFlagsImplExport(13947): android.os.flagging.AconfigStorageReadException: ERROR_PACKAGE_NOT_FOUND: package android.xr cannot be found on the device
03-05 09:17:37.193 D/UiAutomationConnection(13947): Created on user UserHandle{0}
03-05 09:17:37.193 I/UiAutomation(13947): Initialized for user 0 on display 0
03-05 09:17:37.193 W/UiAutomation(13947): Created with deprecatead constructor, assumes DEFAULT_DISPLAY
03-05 09:17:37.197 D/AccessibilityManagerService(  767): changeCurrentUserForTestAutomationIfNeededLocked(0): ignoring because device doesn't support visible background users
03-05 09:17:37.197 I/UiAutomationManager(  767): Registering UiTestAutomationService (id=com.android.server.accessibility/UiAutomation, flags=0x0) when called by user 0
03-05 09:17:37.198 V/AccessibilityManagerService(  767): onUserStateChangedLocked for userId: 0, forceUpdate: false
03-05 09:17:37.201 V/AccessibilityUserState(  767): updateShortcutTargets: type:accessibility_shortcut_target_service, current:{}, new:{}
03-05 09:17:37.201 V/AccessibilityUserState(  767): updateShortcutTargets: type:accessibility_button_targets, current:{}, new:{}
