03-05 09:17:06.985 W/ActivityManager(  767): Slow operation: 110ms so far, now at startProcess: done updating battery stats
03-05 09:17:06.985 W/ActivityManager(  767): Slow operation: 110ms so far, now at startProcess: building log message
03-05 09:17:06.986 I/ActivityManager(  767): Start proc 13156:com.sportpass.app/u0a234 for next-top-activity {com.sportpass.app/com.sportpass.app.MainActivity}
03-05 09:17:06.986 W/ActivityManager(  767): Slow operation: 110ms so far, now at startProcess: starting to update pids map
03-05 09:17:06.986 W/ActivityManager(  767): Slow operation: 110ms so far, now at startProcess: done updating pids map
03-05 09:17:07.003 D/b/417220811( 1156): invalidateLoadedTasks - previous requestLoadId: -1
03-05 09:17:07.015 V/WindowManager(  767): Sent Transition (#54) createdAt=03-05 09:17:06.857 via request=TransitionRequestInfo { type = OPEN, triggerTask = TaskInfo{userId=0 taskId=191 effectiveUid=10234 displayId=0 isRunning=true baseIntent=Intent { flg=0x10000000 cmp=com.sportpass.app/.MainActivity } baseActivity=ComponentInfo{com.sportpass.app/com.sportpass.app.MainActivity} topActivity=ComponentInfo{com.sportpass.app/com.sportpass.app.MainActivity} origActivity=null realActivity=ComponentInfo{com.sportpass.app/com.sportpass.app.MainActivity} numActivities=1 lastActiveTime=2503144 supportsMultiWindow=true resizeMode=1 isResizeable=true minWidth=-1 minHeight=-1 defaultMinSize=220 token=WCT{RemoteToken{203e66a Task{7c1e561 #191 type=standard I=com.sportpass.app/.MainActivity}}} topActivityType=1 pictureInPictureParams=null shouldDockBigOverlays=false launchIntoPipHostTaskId=-1 lastParentTaskIdBeforePip=-1 displayCutoutSafeInsets=Rect(0, 136 - 0, 0) topActivityInfo=ActivityInfo{bd9975b com.sportpass.app.MainActivity} launchCookies=[] positionInParent=Point(0, 0) parentTaskId=-1 isFocused=false isVisible=false isVisibleRequested=false isTopActivityNoDisplay=false isSleeping=false locusId=null displayAreaFeatureId=1 isTopActivityTransparent=false isActivityStackTransparent=false lastNonFullscreenBounds=null capturedLink=null capturedLinkTimestamp=0 requestedVisibleTypes=503 topActivityRequestOpenInBrowserEducationTimestamp=0 appCompatTaskInfo=AppCompatTaskInfo { topActivityInSizeCompat=false isLeafTask= true eligibleForLetterboxEducation= false isLetterboxEducationEnabled= true isLetterboxDoubleTapEnabled= false eligibleForUserAspectRatioButton= false topActivityBoundsLetterboxed= false isFromLetterboxDoubleTap= false topActivityLetterboxVerticalPosition= -1 topActivityLetterboxHorizontalPosition= -1 topActivityLetterboxWidth=-1 topActivityLetterboxHeight=-1 topActivityAppBounds=Rect(0, 0 - 1080, 2400) isUserFullscreenOverrideEnabled=false isSystemFullscreenOverrideEnabled=false hasMinAspectRatioOverride=false topActivityLetterboxBounds=null cameraCompatTaskInfo=CameraCompatTaskInfo { cameraCompatMode=inactive0} topNonResizableActivityAspectRatio=-1.0} topActivityMainWindowFrame=null isAppBubble=false}, pipChange = null, remoteTransition = null, displayChange = null, requestedLocation = null, userChange = null, windowingLayerChange = null, flags = 0, debugId = 54 }
03-05 09:17:07.015 V/WindowManager(  767):     startWCT=WindowContainerTransaction { changes= {} hops= [] errorCallbackToken=null taskFragmentOrganizer=null }
03-05 09:17:07.015 V/WindowManager(  767):     info={id=54 t=OPEN f=0x0 trk=0 r=[0@Point(0, 0)] c=[
03-05 09:17:07.015 V/WindowManager(  767):         {WCT{RemoteToken{203e66a Task{7c1e561 #191 type=standard I=com.sportpass.app/.MainActivity}}} m=OPEN f=NONE leash=Surface(name=Task=191#665)/@0x5e025e sb=Rect(0, 0 - 1080, 2400) eb=Rect(0, 0 - 1080, 2400) epz=Point(1080, 2400) d=0 taskParent=-1 winMode=1 userId=0},
03-05 09:17:07.015 V/WindowManager(  767):         {WCT{RemoteToken{81f1ab3 Task{9aa8768 #1 type=home}}} m=TO_BACK f=SHOW_WALLPAPER leash=Surface(name=Task=1#44)/@0xee943b1 sb=Rect(0, 0 - 1080, 2400) eb=Rect(0, 0 - 1080, 2400) epz=Point(1080, 2400) d=0 taskParent=-1 winMode=1 userId=0},
03-05 09:17:07.015 V/WindowManager(  767):         {m=TO_BACK f=IS_WALLPAPER leash=Surface(name=WallpaperWindowToken{9e000cc}#60)/@0x88bd658 sb=Rect(0, 0 - 1080, 2400) eb=Rect(0, 0 - 1080, 2400) epz=Point(1080, 2400) d=0}
03-05 09:17:07.015 V/WindowManager(  767):     ]}
03-05 09:17:07.023 V/ShellTaskOrganizer( 1018): Task appeared taskId=191 listener=FullscreenTaskListener
03-05 09:17:07.023 V/ShellTaskOrganizer( 1018): Fullscreen Task Appeared: #191
03-05 09:17:07.026 V/WindowManagerShell( 1018): onTransitionReady(transaction=3294239921671)
03-05 09:17:07.026 D/b/417220811( 1156): invalidateLoadedTasks - previous requestLoadId: -1
03-05 09:17:07.026 V/WindowManagerShell( 1018): onTransitionReady (#54) android.os.BinderProxy@e43c490: {id=54 t=OPEN f=0x0 trk=0 r=[0@Point(0, 0)] c=[
03-05 09:17:07.026 V/WindowManagerShell( 1018):         {m=OPEN f=NONE leash=Surface(name=Task=191#665)/@0x7cd716 sb=Rect(0, 0 - 1080, 2400) eb=Rect(0, 0 - 1080, 2400) epz=Point(1080, 2400) d=0 taskParent=-1 winMode=1 userId=0},
03-05 09:17:07.026 V/WindowManagerShell( 1018):         {m=TO_BACK f=SHOW_WALLPAPER leash=Surface(name=Task=1#44)/@0xfb47897 sb=Rect(0, 0 - 1080, 2400) eb=Rect(0, 0 - 1080, 2400) epz=Point(1080, 2400) d=0 taskParent=-1 winMode=1 userId=0},
03-05 09:17:07.026 V/WindowManagerShell( 1018):         {m=TO_BACK f=IS_WALLPAPER leash=Surface(name=WallpaperWindowToken{9e000cc}#60)/@0x85f8a84 sb=Rect(0, 0 - 1080, 2400) eb=Rect(0, 0 - 1080, 2400) epz=Point(1080, 2400) d=0}
03-05 09:17:07.026 V/WindowManagerShell( 1018):     ]}
03-05 09:17:07.026 V/WindowManagerShell( 1018): Playing animation for (#54) android.os.BinderProxy@e43c490@0
03-05 09:17:07.027 V/ShellRecents( 1018): RecentsTransitionHandler.startAnimation: no controller found
03-05 09:17:07.027 V/WindowManagerShell( 1018): Transition doesn't have explicit remote, search filters for match for {id=54 t=OPEN f=0x0 trk=0 r=[0@Point(0, 0)] c=[{m=OPEN f=NONE leash=Surface(name=Task=191#665)/@0x7cd716 sb=Rect(0, 0 - 1080, 2400) eb=Rect(0, 0 - 1080, 2400) epz=Point(1080, 2400) d=0 taskParent=-1 winMode=1 userId=0},{m=TO_BACK f=SHOW_WALLPAPER leash=Surface(name=Task=1#44)/@0xfb47897 sb=Rect(0, 0 - 1080, 2400) eb=Rect(0, 0 - 1080, 2400) epz=Point(1080, 2400) d=0 taskParent=-1 winMode=1 userId=0},{m=TO_BACK f=IS_WALLPAPER leash=Surface(name=WallpaperWindowToken{9e000cc}#60)/@0x85f8a84 sb=Rect(0, 0 - 1080, 2400) eb=Rect(0, 0 - 1080, 2400) epz=Point(1080, 2400) d=0}]}
03-05 09:17:07.027 V/WindowManagerShell( 1018):  Checking filter Pair{{types=[] flags=0x0] notFlags=0x0 checks=[{atype=undefined independent=true modes=[CLOSE,TO_BACK] flags=IN_TASK_WITH_EMBEDDED_ACTIVITY mustBeTask=false order=ANY topActivity=null launchCookie=null taskFragmentToken=android.os.BinderProxy@988f1c7 windowingMode=undefined isCrossDisplayMove=false}]} RemoteTransition { remoteTransition = android.window.IRemoteTransition$Stub$Proxy@fe3c3f4, appThread = android.app.IApplicationThread$Stub$Proxy@c66f71d, debugName = overlayBackTransition }}
03-05 09:17:07.027 V/WindowManagerShell( 1018):  Checking filter Pair{{types=[] flags=0x0] notFlags=0x0 checks=[{atype=dream independent=true modes=[OPEN,TO_FRONT] flags=NONE mustBeTask=false order=ANY topActivity=null launchCookie=null windowingMode=undefined isCrossDisplayMove=false},{atype=home independent=true modes=[CLOSE,TO_BACK] flags=NONE mustBeTask=false order=ANY topActivity=null launchCookie=null windowingMode=undefined isCrossDisplayMove=false}]} RemoteTransition { remoteTransition = android.window.IRemoteTransition$Stub$Proxy@4903d92, appThread = android.app.IApplicationThread$Stub$Proxy@518e363, debugName = LauncherToDream }}
03-05 09:17:07.027 V/WindowManagerShell( 1018):  Checking filter Pair{{types=[] flags=0x0] notFlags=0x100 checks=[{atype=home independent=true modes=[OPEN,TO_FRONT] flags=NONE mustBeTask=false order=TOP topActivity=ComponentInfo{com.google.android.apps.nexuslauncher/com.google.android.apps.nexuslauncher.NexusLauncherActivity} launchCookie=null windowingMode=undefined isCrossDisplayMove=false},{atype=standard independent=true modes=[CLOSE,TO_BACK] flags=NONE mustBeTask=false order=ANY topActivity=null launchCookie=null windowingMode=undefined isCrossDisplayMove=false},{NOT atype=undefined independent=true modes=[] flags=NONE mustBeTask=true order=ANY topActivity=null launchCookie=null customAnim=true windowingMode=undefined isCrossDisplayMove=false}]} RemoteTransition { remoteTransition = android.window.IRemoteTransition$Stub$Proxy@2732b60, appThread = android.app.IApplicationThread$Stub$Proxy@e80e819, debugName = QuickstepLaunchHome }}
03-05 09:17:07.027 V/WindowManagerShell( 1018):  Delegate animation for (#54) to null
03-05 09:17:07.027 V/WindowManagerShell( 1018): start default transition animation, info = {id=54 t=OPEN f=0x0 trk=0 r=[0@Point(0, 0)] c=[{m=OPEN f=NONE leash=Surface(name=Task=191#665)/@0x7cd716 sb=Rect(0, 0 - 1080, 2400) eb=Rect(0, 0 - 1080, 2400) epz=Point(1080, 2400) d=0 taskParent=-1 winMode=1 userId=0},{m=TO_BACK f=SHOW_WALLPAPER leash=Surface(name=Task=1#44)/@0xfb47897 sb=Rect(0, 0 - 1080, 2400) eb=Rect(0, 0 - 1080, 2400) epz=Point(1080, 2400) d=0 taskParent=-1 winMode=1 userId=0},{m=TO_BACK f=IS_WALLPAPER leash=Surface(name=WallpaperWindowToken{9e000cc}#60)/@0x85f8a84 sb=Rect(0, 0 - 1080, 2400) eb=Rect(0, 0 - 1080, 2400) epz=Point(1080, 2400) d=0}]}
03-05 09:17:07.027 V/WindowManagerShell( 1018): loadAnimation: anim=android.view.animation.AnimationSet@ebe0733 animAttr=0x13 type=OPEN isEntrance=false
03-05 09:17:07.028 V/WindowManagerShell( 1018): loadAnimation: anim=android.view.animation.AnimationSet@18ccaf0 animAttr=0x12 type=OPEN isEntrance=true
03-05 09:17:07.029 V/WindowManagerShell( 1018):  animated by com.android.wm.shell.transition.DefaultTransitionHandler@d6ef025
03-05 09:17:07.030 I/Zygote  (13156): Process 13156 created for com.sportpass.app
03-05 09:17:07.031 I/m.sportpass.app(13156): Using CollectorTypeCMC GC.
03-05 09:17:07.031 V/WindowManagerShell( 1018): Transition animation finished (aborted=false), notifying core (#54) android.os.BinderProxy@e43c490@0
03-05 09:17:07.034 W/m.sportpass.app(13156): Unexpected CPU variant for x86: x86_64.
03-05 09:17:07.034 W/m.sportpass.app(13156): Known variants: atom, sandybridge, silvermont, goldmont, goldmont-plus, goldmont-without-sha-xsaves, tremont, kabylake, alderlake, default
03-05 09:17:07.043 V/WindowManager(  767): Finish Transition (#54): created at 03-05 09:17:06.857 collect-started=0.127ms request-sent=12.707ms started=45.856ms ready=149.219ms sent=153.582ms commit=21.22ms finished=185.573ms
03-05 09:17:07.044 D/WallpaperService( 1018): onVisibilityChanged(false): com.android.systemui.wallpapers.ImageWallpaper$CanvasEngine@bde2936
03-05 09:17:07.044 V/WindowManagerShell( 1018): Track 0 became idle
03-05 09:17:07.044 V/WindowManagerShell( 1018): All active transition animations finished
03-05 09:17:07.044 D/VRI[NexusLauncherActivity]( 1156): visibilityChanged oldVisibility=true newVisibility=false
03-05 09:17:07.048 D/nativeloader(13156): Load libframework-connectivity-tiramisu-jni.so using APEX ns com_android_tethering for caller /apex/com.android.tethering/javalib/framework-connectivity-t.jar: ok
03-05 09:17:07.049 D/NexusLauncherModelDelegate( 1156): notifySmartspaceEvent: SmartspaceTargetEvent{mSmartspaceTarget=null, mSmartspaceActionId='null', mEventType=7}
03-05 09:17:07.076 D/Bubbles ( 1018): onLocusVisibilityChanged=Overview|DISABLED visible=false taskId=1
03-05 09:17:07.102 D/BackgroundInstallControlService(  767): Package event received: 0
03-05 09:17:07.108 D/ApplicationLoaders(13156): Returning zygote-cached class loader: /system_ext/framework/androidx.window.extensions.jar
03-05 09:17:07.108 D/ApplicationLoaders(13156): Returning zygote-cached class loader: /system_ext/framework/androidx.window.sidecar.jar
03-05 09:17:07.113 D/nativeloader(13156): Configuring clns-9 for other apk /data/app/~~oaaB3bXZYUlLYQpTJUCY0w==/com.sportpass.app-BhIaDlK5syINX1bT1M-iOg==/base.apk. target_sdk_version=36, uses_libraries=, library_path=/data/app/~~oaaB3bXZYUlLYQpTJUCY0w==/com.sportpass.app-BhIaDlK5syINX1bT1M-iOg==/lib/x86_64:/data/app/~~oaaB3bXZYUlLYQpTJUCY0w==/com.sportpass.app-BhIaDlK5syINX1bT1M-iOg==/base.apk!/lib/x86_64, permitted_path=/data:/mnt/expand:/data/user/0/com.sportpass.app
03-05 09:17:07.124 V/GraphicsEnvironment(13156): Currently set values for:
03-05 09:17:07.124 V/GraphicsEnvironment(13156):   angle_gl_driver_selection_pkgs=[]
03-05 09:17:07.124 V/GraphicsEnvironment(13156):   angle_gl_driver_selection_values=[]
03-05 09:17:07.124 V/GraphicsEnvironment(13156): com.sportpass.app is not listed in per-application setting
03-05 09:17:07.124 V/GraphicsEnvironment(13156): ANGLE allowlist from config: com.dreamgames.royalmatch com.dts.freefiremax com.dxx.firenow com.gramgames.mergedragons com.ludo.king com.mojang.minecraftpe com.my.defense com.nintendo.zaka com.os.airforce com.playrix.fishdomdd.gplay io.teslatech.callbreak jp.konami.prospia net.peakgames.toonblast
03-05 09:17:07.124 V/GraphicsEnvironment(13156): No special selections for ANGLE, returning default driver choice
03-05 09:17:07.124 V/GraphicsEnvironment(13156): Neither updatable production driver nor prerelease driver is supported.
03-05 09:17:07.149 I/DisplayManager(13156): Choreographer implicitly registered for the refresh rate.
03-05 09:17:07.150 D/BackgroundInstallControlService(  767): Package event received: 0
03-05 09:17:07.150 D/BackgroundInstallControlService(  767): Package event received: 0
03-05 09:17:07.160 E/ashmem  (13156): Pinning is deprecated since Android Q. Please use trim or other methods.
03-05 09:17:07.229 D/nativeloader(13156): Load /data/app/~~oaaB3bXZYUlLYQpTJUCY0w==/com.sportpass.app-BhIaDlK5syINX1bT1M-iOg==/base.apk!/lib/x86_64/libflutter.so using class loader ns clns-9 (caller=/data/app/~~oaaB3bXZYUlLYQpTJUCY0w==/com.sportpass.app-BhIaDlK5syINX1bT1M-iOg==/base.apk): ok
03-05 09:17:07.234 D/FileUtils(  767): Rounded bytes from 2061942784 to 4000000000
03-05 09:17:07.245 I/GFXSTREAM(13156): [eglDisplay.cpp(297)] Opening libGLESv1_CM_emulation.so
03-05 09:17:07.245 I/GFXSTREAM(13156): [eglDisplay.cpp(297)] Opening libGLESv2_emulation.so
03-05 09:17:07.256 W/m.sportpass.app(13156): type=1400 audit(0.0:25): avc:  denied  { read } for  name="max_map_count" dev="proc" ino=45769 scontext=u:r:untrusted_app:s0:c234,c256,c512,c768 tcontext=u:object_r:proc_max_map_count:s0 tclass=file permissive=0 app=com.sportpass.app
03-05 09:17:07.285 D/DesktopExperienceFlags(13156): Toggle override initialized to: false
03-05 09:17:07.285 D/DesktopModeFlags(13156): Toggle override initialized to: OVERRIDE_UNSET
03-05 09:17:07.288 W/HWUI    (13156): Failed to choose config with EGL_SWAP_BEHAVIOR_PRESERVED, retrying without...
03-05 09:17:07.289 W/HWUI    (13156): Failed to initialize 101010-2 format, error = EGL_SUCCESS
03-05 09:17:07.317 I/flutter (13156): [IMPORTANT:flutter/shell/platform/android/android_context_gl_impeller.cc(104)] Using the Impeller rendering backend (OpenGLES).
03-05 09:17:07.336 D/com.llfbandit.app_links(13156): Intent { flg=0x10000000 xflg=0x5 cmp=com.sportpass.app/.MainActivity }
03-05 09:17:07.364 D/CompatChangeReporter(13156): Compat change id reported: 377864165; UID 10234; state: ENABLED
03-05 09:17:07.373 W/HWUI    (13156): Unknown dataspace 0
03-05 09:17:07.402 D/WindowOnBackDispatcher(13156): setTopOnBackInvokedCallback (unwrapped): android.app.Activity$$ExternalSyntheticLambda0@761c52d
03-05 09:17:07.416 D/CoreBackPreview(  767): Window{3be3658 u0 com.sportpass.app/com.sportpass.app.MainActivity}: Setting back callback OnBackInvokedCallbackInfo{mCallback=android.window.IOnBackInvokedCallback$Stub$Proxy@5613417, mPriority=-1, mIsAnimationCallback=false, mOverrideBehavior=0}
03-05 09:17:07.435 I/WindowExtensionsImpl(13156): Initializing Window Extensions, vendor API level=9, activity embedding enabled=true
03-05 09:17:07.445 D/VRI[MainActivity](13156): WindowInsets changed: 1080x2400 statusBars:[0,136,0,0] navigationBars:[0,0,0,63] mandatorySystemGestures:[0,168,0,84] 
03-05 09:17:07.662 D/FlutterGeolocator(13156): Creating service.
03-05 09:17:07.685 D/FlutterGeolocator(13156): Binding to location service.
03-05 09:17:07.725 D/FlutterGeolocator(13156): Flutter engine connected. Connected engine count 1
03-05 09:17:07.726 D/WindowLayoutComponentImpl(13156): Register WindowLayoutInfoListener on Context=com.sportpass.app.MainActivity@fdec836, of which baseContext=android.app.ContextImpl@8423310
03-05 09:17:07.767 I/ActivityTaskManager(  767): Displayed com.sportpass.app/.MainActivity for user 0: +916ms
03-05 09:17:07.767 I/ActivityTaskManager(  767): Fully drawn com.sportpass.app/.MainActivity: +916ms
03-05 09:17:07.777 D/BaseActivity( 1156): Launcher flags updated: [] -[state_started]
03-05 09:17:07.777 D/BaseDepthController( 1156): setSurface:
03-05 09:17:07.777 D/BaseDepthController( 1156): 	mWaitingOnSurfaceValidity: false
03-05 09:17:07.777 D/BaseDepthController( 1156): 	mBaseSurface: null
03-05 09:17:07.777 D/BaseDepthController( 1156): mSurface is null and mCurrentBlur is: 0
03-05 09:17:07.783 I/AutofillManager( 1156): onInvisibleForAutofill(): expiringResponse
03-05 09:17:07.788 D/LauncherStateManager( 1156): StateManager.goToState: fromState: Normal, toState: Normal, partial trace:
03-05 09:17:07.788 D/LauncherStateManager( 1156): 	at com.android.launcher3.statemanager.StateManager.moveToRestState(go/retraceme 7101499b44b219b757f6885b35ae099b24fc769225595efcaaacae5b0f94500b:6)
03-05 09:17:07.788 D/LauncherStateManager( 1156): 	at com.android.launcher3.statemanager.StateManager.moveToRestState(go/retraceme 7101499b44b219b757f6885b35ae099b24fc769225595efcaaacae5b0f94500b:2)
03-05 09:17:07.788 D/LauncherStateManager( 1156): 	at com.android.launcher3.statemanager.StatefulActivity.onStop(go/retraceme 7101499b44b219b757f6885b35ae099b24fc769225595efcaaacae5b0f94500b:32)
03-05 09:17:07.788 D/LauncherStateManager( 1156): StateManager.onRepeatStateSetAborted: state: Normal
03-05 09:17:07.788 D/ActivityContext( 1156): hideKeyboard
03-05 09:17:07.788 D/ActivityContext( 1156): isImeShown: false
03-05 09:17:07.789 D/StatsLog( 1156): LAUNCHER_ONSTOP
03-05 09:17:07.789 I/ImeTracker(  767): com.sportpass.app:dc0ef9d4: onRequestHide at ORIGIN_SERVER reason HIDE_UNSPECIFIED_WINDOW fromUser false
03-05 09:17:07.794 D/GmsPlayProvider( 1156): Shutdown the binder channel gracefully.
03-05 09:17:07.794 D/GmsPlayProvider( 1156): Binder channel is terminated gracefully.
03-05 09:17:07.796 D/InsetsController(13156): hide(ime())
03-05 09:17:07.796 I/ImeTracker(13156): com.sportpass.app:dc0ef9d4: onCancelled at PHASE_CLIENT_ALREADY_HIDDEN
03-05 09:17:07.801 W/libbinder.IPCThreadState(  645): Sending oneway calls to frozen process.
03-05 09:17:07.802 D/StatsLog( 1156): LAUNCHER_GOOGLE_SEARCH_RESTORE_LIST_SIZE_AFTER_ACTIVITY_RESTART
03-05 09:17:07.808 I/GoogleInputMethodService( 1517): GoogleInputMethodService.onFinishInput():2113 
03-05 09:17:07.811 I/Module  ( 1517): DeviceLockedStatusModuleProvider$Module.updateDeviceLockedStatus():103 repeatCheckTimes = 0, locked = false
03-05 09:17:07.811 I/ImeTracker(  767): system_server:81bc785a: onRequestHide at ORIGIN_SERVER reason IME_REQUESTED_CHANGED_LISTENER fromUser false
03-05 09:17:07.812 I/GoogleInputMethodService( 1517): GoogleInputMethodService.onStartInput():1384 onStartInput(EditorInfo{EditorInfo{packageName=com.sportpass.app, inputType=0, inputTypeString=NULL, enableLearning=false, autoCorrection=false, autoComplete=false, imeOptions=0, privateImeOptions=null, actionName=UNSPECIFIED, actionLabel=null, initialSelStart=-1, initialSelEnd=-1, initialCapsMode=0, label=null, fieldId=0, fieldName=null, extras=null, hintText=null, hintLocales=[]}}, false)
03-05 09:17:07.813 I/ImeTracker(  767): system_server:81bc785a: onCancelled at PHASE_SERVER_SHOULD_HIDE
03-05 09:17:07.813 I/Module  ( 1517): DeviceLockedStatusModuleProvider$Module.updateDeviceLockedStatus():103 repeatCheckTimes = 1, locked = false
03-05 09:17:07.814 W/PackageConfigPersister(  767): App-specific configuration not found for packageName: com.sportpass.app and userId: 0
03-05 09:17:07.932 D/BackgroundInstallControlService(  767): Package event received: 0
03-05 09:17:08.279 I/FontLog ( 1313): (REDACTED) Received query %s, URI %s
03-05 09:17:08.281 I/FontLog ( 1313): (REDACTED) Query [%s] resolved to %s
03-05 09:17:08.284 I/FontLog ( 1313): (REDACTED) Fetch %s end status %s
03-05 09:17:08.292 I/FontLog ( 1313): (REDACTED) Pulling font file for id = %d, cache size = %d
03-05 09:17:08.294 I/HWUI    (13156): Using FreeType backend (prop=Auto)
03-05 09:17:08.299 I/FontLog ( 1313): (REDACTED) Pulling font file for id = %d, cache size = %d
03-05 09:17:08.746 I/HalDevMgr(  767): bestIfaceCreationProposal is null, requestIface=STA, existingIface=[name=wlan0 type=STA]
03-05 09:17:08.950 W/System  ( 1018): A resource failed to call release. 
03-05 09:17:08.950 W/System  ( 1018): A resource failed to call release. 
03-05 09:17:08.950 W/System  ( 1018): A resource failed to call release. 
03-05 09:17:08.950 W/System  ( 1018): A resource failed to call release. 
03-05 09:17:08.950 W/System  ( 1018): A resource failed to call release. 
03-05 09:17:08.950 W/System  ( 1018): A resource failed to call release. 
03-05 09:17:08.950 W/System  ( 1018): A resource failed to call release. 
03-05 09:17:08.952 W/System  ( 1018): A resource failed to call release. 
03-05 09:17:08.952 W/System  ( 1018): A resource failed to call release. 
03-05 09:17:08.952 W/System  ( 1018): A resource failed to call release. 
03-05 09:17:08.952 W/System  ( 1018): A resource failed to call release. 
03-05 09:17:08.953 W/System  ( 1018): A resource failed to call release. 
03-05 09:17:08.953 W/System  ( 1018): A resource failed to call release. 
03-05 09:17:08.953 W/System  ( 1018): A resource failed to call release. 
03-05 09:17:08.953 W/System  ( 1018): A resource failed to call release. 
03-05 09:17:08.953 W/System  ( 1018): A resource failed to call release. 
03-05 09:17:09.075 W/MediaProvider( 1605): isAppCloneUserPair for user 0: false
03-05 09:17:09.098 D/MediaCodecList(13191): codecHandlesFormat: no format, so no extra checks
03-05 09:17:09.107 D/CCodec  (13191): allocate(c2.android.avc.encoder)
03-05 09:17:09.133 I/ApexCodecsLazy(13191): ApexCodecs loaded
03-05 09:17:09.133 I/Codec2Client(13191): Available Codec2 services: "default" "software" "__ApexCodecs__"
03-05 09:17:09.149 I/CCodec  (13191): setting up 'default' as default (vendor) store
03-05 09:17:09.166 I/mediaswcodec(  661): missing struct descriptor #Param::CoreIndex(--004) for field values of struct #Param::CoreIndex(F-12004)
03-05 09:17:09.166 I/mediaswcodec(  661): missing struct descriptor #Param::CoreIndex(--1812) for field values of struct #Param::CoreIndex(F-11812)
03-05 09:17:09.166 I/mediaswcodec(  661): missing struct descriptor #Param::CoreIndex(--004) for field values of struct #Param::CoreIndex(F-12004)
03-05 09:17:09.166 I/mediaswcodec(  661): missing struct descriptor #Param::CoreIndex(--1812) for field values of struct #Param::CoreIndex(F-11812)
03-05 09:17:09.173 I/CCodec  (13191): Created component [c2.android.avc.encoder] for [c2.android.avc.encoder]
03-05 09:17:09.174 D/CCodecConfig(13191): read media type: video/avc
03-05 09:17:09.175 D/ReflectedParamUpdater(13191): extent() != 1 for single value type: algo.buffers.max-count.values
03-05 09:17:09.175 D/ReflectedParamUpdater(13191): extent() != 1 for single value type: output.subscribed-indices.values
03-05 09:17:09.175 D/ReflectedParamUpdater(13191): extent() != 1 for single value type: input.buffers.allocator-ids.values
03-05 09:17:09.176 D/ReflectedParamUpdater(13191): extent() != 1 for single value type: output.buffers.allocator-ids.values
03-05 09:17:09.176 D/ReflectedParamUpdater(13191): extent() != 1 for single value type: algo.buffers.allocator-ids.values
03-05 09:17:09.176 D/ReflectedParamUpdater(13191): extent() != 1 for single value type: output.buffers.pool-ids.values
03-05 09:17:09.176 D/ReflectedParamUpdater(13191): extent() != 1 for single value type: algo.buffers.pool-ids.values
03-05 09:17:09.177 D/ReflectedParamUpdater(13191): ignored struct field coding.gop.values
03-05 09:17:09.177 D/ReflectedParamUpdater(13191): ignored struct field coding.qp.values
03-05 09:17:09.178 D/CCodecConfig(13191): ignoring local param raw.color (0xc2001809) as it is already supported
03-05 09:17:09.179 I/CCodecConfig(13191): query failed after returning 13 values (BAD_INDEX)
03-05 09:17:09.180 D/CCodecConfig(13191): c2 config diff is Dict {
03-05 09:17:09.180 D/CCodecConfig(13191):   c2::u32 algo.bitrate-mode.value = 3
03-05 09:17:09.180 D/CCodecConfig(13191):   c2::i32 coded.average-qp.value = 0
03-05 09:17:09.180 D/CCodecConfig(13191):   c2::u32 coded.bitrate.value = 64000
03-05 09:17:09.180 D/CCodecConfig(13191):   c2::float coded.frame-rate.value = 1
03-05 09:17:09.180 D/CCodecConfig(13191):   c2::u32 coded.picture-type.value = 0
03-05 09:17:09.180 D/CCodecConfig(13191):   c2::u32 coded.pl.level = 20492
03-05 09:17:09.180 D/CCodecConfig(13191):   c2::u32 coded.pl.profile = 20481
03-05 09:17:09.180 D/CCodecConfig(13191):   c2::u32 coded.vui.color.matrix = 0
03-05 09:17:09.180 D/CCodecConfig(13191):   c2::u32 coded.vui.color.primaries = 0
03-05 09:17:09.180 D/CCodecConfig(13191):   c2::u32 coded.vui.color.range = 0
03-05 09:17:09.180 D/CCodecConfig(13191):   c2::u32 coded.vui.color.transfer = 0
03-05 09:17:09.180 D/CCodecConfig(13191):   c2::u32 coding.intra-refresh.mode = 0
03-05 09:17:09.180 D/CCodecConfig(13191):   c2::float coding.intra-refresh.period = 0
03-05 09:17:09.180 D/CCodecConfig(13191):   c2::u32 coding.request-sync-frame.value = 0
03-05 09:17:09.180 D/CCodecConfig(13191):   c2::i64 coding.sync-frame-interval.value = 1000000
03-05 09:17:09.180 D/CCodecConfig(13191):   c2::u32 input.delay.value = 0
03-05 09:17:09.180 D/CCodecConfig(13191):   string input.media-type.value = "video/raw"
03-05 09:17:09.180 D/CCodecConfig(13191):   string output.media-type.value = "video/avc"
03-05 09:17:09.180 D/CCodecConfig(13191):   c2::u32 raw.color.matrix = 0
03-05 09:17:09.180 D/CCodecConfig(13191):   c2::u32 raw.color.primaries = 0
03-05 09:17:09.180 D/CCodecConfig(13191):   c2::u32 raw.color.range = 0
03-05 09:17:09.180 D/CCodecConfig(13191):   c2::u32 raw.color.transfer = 0
03-05 09:17:09.180 D/CCodecConfig(13191):   c2::u32 raw.size.height = 16
03-05 09:17:09.180 D/CCodecConfig(13191):   c2::u32 raw.size.width = 16
03-05 09:17:09.180 D/CCodecConfig(13191): }
03-05 09:17:09.180 W/ColorUtils(13191): expected specified color aspects (0:0:0:0)
03-05 09:17:09.182 I/MediaCodec(13191): media_quality service unavailable, skipping updatePictureProfile
03-05 09:17:09.202 D/CodecSeeding(13191): Seed: codec c2.android.avc.encoder, mediatype video/avc, overrideable 1
03-05 09:17:09.202 D/CodecProperties(13191): setTuningValue(vq-target-bpp,0)
03-05 09:17:09.202 D/CodecProperties(13191): setTuningValue(vq-target-bpp-1080p,1.90)
03-05 09:17:09.202 D/CodecProperties(13191): setTuningValue(vq-target-bpp-720p,2.25)
03-05 09:17:09.202 D/CodecProperties(13191): setTuningValue(vq-target-bpp-540p,2.65)
03-05 09:17:09.202 D/CodecProperties(13191): setTuningValue(vq-target-bpp-480p,3.00)
03-05 09:17:09.202 D/CodecProperties(13191): setTuningValue(vq-target-bpp-320x240,0)
03-05 09:17:09.202 D/CodecProperties(13191): setTuningValue(vq-target-qpmax,-1)
03-05 09:17:09.202 D/CodecProperties(13191): setTuningValue(vq-target-qpmax-1080p,45)
03-05 09:17:09.202 D/CodecProperties(13191): setTuningValue(vq-target-qpmax-720p,43)
03-05 09:17:09.202 D/CodecProperties(13191): setTuningValue(vq-target-qpmax-540p,42)
03-05 09:17:09.202 D/CodecProperties(13191): setTuningValue(vq-target-qpmax-480p,38)
03-05 09:17:09.202 D/CodecProperties(13191): setTuningValue(vq-bitrate-phaseout,1.75)
03-05 09:17:09.202 D/CodecProperties(13191): setTuningValue(vq-boost-missing-qp,0.20)
03-05 09:17:09.202 D/CodecProperties(13191): setFeatureValue(intra-refresh,0)
03-05 09:17:09.202 D/CodecProperties(13191): setFeatureValue(qp-bounds,0)
03-05 09:17:09.202 D/CodecProperties(13191): setFeatureValue(_vq_eligible.device,1)
03-05 09:17:09.202 D/CodecProperties(13191): setFeatureValue(_quality.target,1)
03-05 09:17:09.202 D/CodecSeeding(13191): Seed: codec c2.android.avc.encoder, mediatype video/avc, overrideable 0
03-05 09:17:09.203 D/VQApply (13191): minquality: 1080x2400 outside of shaping range
03-05 09:17:09.203 D/MediaCodec(13191): shapeMediaFormat: deltas(1): AMessage(what = 0x00000000) = {
03-05 09:17:09.203 D/MediaCodec(13191):     int32_t android._encoding-quality-level = 0
03-05 09:17:09.203 D/MediaCodec(13191):   }
03-05 09:17:09.203 D/CCodec  (13191): [c2.android.avc.encoder] buffers are bound to CCodec for this session
03-05 09:17:09.204 D/CCodecConfig(13191): no c2 equivalents for color-format
03-05 09:17:09.204 D/CCodecConfig(13191): no c2 equivalents for max-bframes
03-05 09:17:09.204 D/CCodecConfig(13191): no c2 equivalents for flags
03-05 09:17:09.204 D/CCodecConfig(13191): no c2 equivalents for encoder
03-05 09:17:09.204 D/CCodecConfig(13191): c2 config diff is   c2::u32 coded.bitrate.value = 20000000
03-05 09:17:09.204 D/CCodecConfig(13191):   c2::float coded.frame-rate.value = 60
03-05 09:17:09.204 D/CCodecConfig(13191):   c2::i64 coding.sync-frame-interval.value = 10000000
03-05 09:17:09.204 D/CCodecConfig(13191):   c2::u32 raw.size.height = 2400
03-05 09:17:09.204 D/CCodecConfig(13191):   c2::u32 raw.size.width = 1080
03-05 09:17:09.204 W/ColorUtils(13191): expected specified color aspects (0:0:0:0)
03-05 09:17:09.205 D/CCodec  (13191): encoding statistics level = 0
03-05 09:17:09.205 D/CCodec  (13191): setup formats input: AMessage(what = 0x00000000) = {
03-05 09:17:09.205 D/CCodec  (13191):   Rect crop(0, 0, 1079, 2399)
03-05 09:17:09.205 D/CCodec  (13191):   int32_t color-standard = 0
03-05 09:17:09.205 D/CCodec  (13191):   int32_t color-range = 0
03-05 09:17:09.205 D/CCodec  (13191):   int32_t color-transfer = 0
03-05 09:17:09.205 D/CCodec  (13191):   int32_t frame-rate = 60
03-05 09:17:09.205 D/CCodec  (13191):   int32_t height = 2400
03-05 09:17:09.205 D/CCodec  (13191):   int32_t intra-refresh-period = 0
03-05 09:17:09.205 D/CCodec  (13191):   string mime = "video/raw"
03-05 09:17:09.205 D/CCodec  (13191):   int32_t video-qp-average = 0
03-05 09:17:09.205 D/CCodec  (13191):   int32_t width = 1080
03-05 09:17:09.205 D/CCodec  (13191):   int32_t android._dataspace = 0
03-05 09:17:09.205 D/CCodec  (13191):   int32_t using-sw-read-often = 1
03-05 09:17:09.205 D/CCodec  (13191):   int64_t android._C2MemoryUsage = 1
03-05 09:17:09.205 D/CCodec  (13191):   int32_t color-format = 2130708361
03-05 09:17:09.205 D/CCodec  (13191):   int32_t android._color-format = 2130708361
03-05 09:17:09.205 D/CCodec  (13191): }
03-05 09:17:09.205 D/CCodec  (13191): setup formats output: AMessage(what = 0x00000000) = {
03-05 09:17:09.205 D/CCodec  (13191):   int32_t bitrate = 20000000
03-05 09:17:09.205 D/CCodec  (13191):   int32_t bitrate-mode = 1
03-05 09:17:09.205 D/CCodec  (13191):   Rect crop(0, 0, 1079, 2399)
03-05 09:17:09.205 D/CCodec  (13191):   int32_t color-standard = 0
03-05 09:17:09.205 D/CCodec  (13191):   int32_t color-range = 0
03-05 09:17:09.205 D/CCodec  (13191):   int32_t color-transfer = 0
03-05 09:17:09.205 D/CCodec  (13191):   int32_t frame-rate = 60
03-05 09:17:09.205 D/CCodec  (13191):   int32_t height = 2400
03-05 09:17:09.205 D/CCodec  (13191):   int32_t intra-refresh-period = 0
03-05 09:17:09.205 D/CCodec  (13191):   int32_t level = 4096
03-05 09:17:09.205 D/CCodec  (13191):   int32_t max-bitrate = 20000000
03-05 09:17:09.205 D/CCodec  (13191):   string mime = "video/avc"
03-05 09:17:09.205 D/CCodec  (13191):   int32_t profile = 65536
03-05 09:17:09.205 D/CCodec  (13191):   int32_t video-qp-average = 0
03-05 09:17:09.205 D/CCodec  (13191):   int32_t width = 1080
03-05 09:17:09.205 D/CCodec  (13191): }
03-05 09:17:09.205 I/CCodecConfig(13191): query failed after returning 14 values (BAD_INDEX)
03-05 09:17:09.205 D/CCodecConfig(13191): c2 config diff is   c2::u32 coded.pl.level = 20494
03-05 09:17:09.205 W/ColorUtils(13191): expected specified color aspects (0:0:0:0)
03-05 09:17:09.205 E/screenrecord(13191): Failed to query component interface for required system resources: 6
03-05 09:17:09.205 D/CCodec  (13191): aidl based PersistentSurface created
03-05 09:17:09.206 D/CCodec  (13191): input format changed to AMessage(what = 0x00000000) = {
03-05 09:17:09.206 D/CCodec  (13191):   Rect crop(0, 0, 1079, 2399)
03-05 09:17:09.206 D/CCodec  (13191):   int32_t color-standard = 1
03-05 09:17:09.206 D/CCodec  (13191):   int32_t color-range = 2
03-05 09:17:09.206 D/CCodec  (13191):   int32_t color-transfer = 3
03-05 09:17:09.206 D/CCodec  (13191):   int32_t frame-rate = 60
03-05 09:17:09.206 D/CCodec  (13191):   int32_t height = 2400
03-05 09:17:09.206 D/CCodec  (13191):   int32_t intra-refresh-period = 0
03-05 09:17:09.206 D/CCodec  (13191):   string mime = "video/raw"
03-05 09:17:09.206 D/CCodec  (13191):   int32_t video-qp-average = 0
03-05 09:17:09.206 D/CCodec  (13191):   int32_t width = 1080
03-05 09:17:09.206 D/CCodec  (13191):   int32_t android._dataspace = 260
03-05 09:17:09.206 D/CCodec  (13191):   int32_t using-sw-read-often = 1
03-05 09:17:09.206 D/CCodec  (13191):   int64_t android._C2MemoryUsage = 1
03-05 09:17:09.206 D/CCodec  (13191):   int32_t color-format = 2130708361
03-05 09:17:09.206 D/CCodec  (13191):   int32_t android._color-format = 2130708361
03-05 09:17:09.206 D/CCodec  (13191): }
03-05 09:17:09.206 D/GraphicBufferSource(13191): setting dataspace: 0x10c10000, acquired=0
03-05 09:17:09.206 D/CCodec  (13191): ISConfig not changed
03-05 09:17:09.206 W/Codec2Client(13191): query -- param skipped: index = 1342179345.
03-05 09:17:09.206 W/Codec2Client(13191): query -- param skipped: index = 2415921170.
03-05 09:17:09.206 D/CCodecBufferChannel(13191): [c2.android.avc.encoder#751] Using basic input block pool with poolID 1 => got 1 - OK (0)
03-05 09:17:09.206 D/C2Store (13191): Using DMABUF Heaps
03-05 09:17:09.210 I/CCodecBufferChannel(13191): [c2.android.avc.encoder#751] Created output block pool with allocatorID 16 => poolID 39 - OK
03-05 09:17:09.210 D/CCodecBufferChannel(13191): [c2.android.avc.encoder#751] Configured output block pool ids 39 => OK
03-05 09:17:09.210 W/ResourceManagerServiceUtils(  658): Ignoring request to add new resource entry with value <= 0
03-05 09:17:09.211 D/SurfaceFlinger(  607): Creating virtual display: ScreenRecorder
03-05 09:17:09.217 E/SurfaceFlinger(  607): [ScreenRecorder] getUniqueId: Invalid operation on virtual display
03-05 09:17:09.217 D/SurfaceFlinger(  607): processDisplayAdded: Optimizing thread scheduling: optimizeForPerformance
03-05 09:17:09.228 I/MediaProvider( 1605): Deleted 0 0 0 1 0 0 0 items on external_primary due to com.android.shell
03-05 09:17:09.235 W/MediaProvider( 1605): isAppCloneUserPair for user 0: false
03-05 09:17:09.247 D/MPEG4Writer(13191): PreAllocation enabled
03-05 09:17:09.250 I/UriTaskContentObserver( 1313): (REDACTED) Throttling content uri change event for %s
03-05 09:17:09.253 D/GraphicBufferSource(13191): got buffer with new dataSpace 0x10c10000
03-05 09:17:09.253 D/C2NodeImpl(13191): dataspace changed to 0x10c10000 pixel format: 0x1
03-05 09:17:09.253 E/mapper.ranchu(13191): getStandardMetadataImpl:886 failure: UNSUPPORTED: id=425: unexpected standardMetadataType=21
03-05 09:17:09.261 D/SimpleC2Component(  661): Using output block pool with poolID 39 => got 39 - 0
03-05 09:17:09.261 D/SimpleC2Component(  661): applied 2 configUpdates => BAD_INDEX (6)
03-05 09:17:09.261 D/C2SoftAvcEnc(  661): Params width 1080 height 2400 level 50 colorFormat 0 bframes 0
03-05 09:17:09.284 D/WM-SystemJobScheduler( 1605): Scheduling work ID 34a6d242-0ccc-4512-aa55-66e89e86f484Job ID 138
03-05 09:17:09.290 D/WM-GreedyScheduler( 1605): Ignoring {WorkSpec: cf45e1ef-e494-4551-9393-77631b533c5a}. Requires device idle.
03-05 09:17:09.290 D/WM-GreedyScheduler( 1605): Ignoring {WorkSpec: a4d9d5a1-b1cb-4921-bb97-5a8716d538ca}. Requires device idle.
03-05 09:17:09.290 D/WM-GreedyScheduler( 1605): Ignoring {WorkSpec: 3785cbf9-d338-4e01-8ddf-70a1276573a7}. Requires device idle.
03-05 09:17:09.290 D/WM-GreedyScheduler( 1605): Ignoring {WorkSpec: 71766563-693e-4a7a-bc92-64853f480048}. Requires device idle.
03-05 09:17:09.617 D/CCodecConfig(13191): c2 config diff is   Buffer coded.init-data.value = {
03-05 09:17:09.617 D/CCodecConfig(13191):     00000000:  00 00 00 01 67 42 c0 32  8d 68 04 40 12 de 5e 42  ....gB.2.h.@..^B
03-05 09:17:09.617 D/CCodecConfig(13191):     00000010:  02 02 02 0f 08 84 6a 00  00 00 01 68 ce 01 a8 35  ......j....h...5
03-05 09:17:09.617 D/CCodecConfig(13191):     00000020:  c8                                                .
03-05 09:17:09.617 D/CCodecConfig(13191):   }
03-05 09:17:09.623 D/MPEG4Writer(13191): fpathconf _PC_FILESIZEBITS:64
03-05 09:17:09.623 D/MPEG4Writer(13191): File size limit set to 4503599627370495 bytes implicitly
03-05 09:17:09.624 D/MPEG4Writer(13191): MP4WtrCtrlHlpLooper Started
03-05 09:17:09.624 I/MPEG4Writer(13191): limits: 4503599627370495/0 bytes/us, bit rate: -1 bps and the estimated moov size 3192 bytes
03-05 09:17:09.632 I/MPEG4Writer(13191): setStartTimestampUs: 2505527532
03-05 09:17:09.632 I/MPEG4Writer(13191): Earliest track starting time: 2505527532
03-05 09:17:09.635 E/TaskPersister(  767): File error accessing recents directory (directory doesn't exist?).
03-05 09:17:10.219 W/libbinder.BackendUnifiedServiceManager(13214): Thread Pool max thread count is 0. Cannot cache binder as linkToDeath cannot be implemented. serviceName: SurfaceFlingerAIDL
03-05 09:17:10.219 W/libbinder.BpBinder(13214): Linking to death on android.gui.ISurfaceComposer but there are no threads (yet?) listening to incoming transactions. See ProcessState::startThreadPool and ProcessState::setThreadPoolMaxThreadCount. Generally you should setup the binder threadpool before other initialization steps.
03-05 09:17:10.220 W/libbinder.ProcessState(13214): Extra binder thread started, but 0 threads requested. Do not use *startThreadPool when zero threads are requested.
03-05 09:17:10.660 D/AndroidRuntime(13218): >>>>>> START com.android.internal.os.RuntimeInit uid 2000 <<<<<<
03-05 09:17:10.669 I/AndroidRuntime(13218): Using default boot image
03-05 09:17:10.669 I/AndroidRuntime(13218): Leaving lock profiling enabled
03-05 09:17:10.673 I/app_process(13218): Using CollectorTypeCMC GC.
03-05 09:17:10.753 D/WM-DelayedWorkTracker( 1605): Scheduling work 34a6d242-0ccc-4512-aa55-66e89e86f484
03-05 09:17:10.754 D/WM-GreedyScheduler( 1605): Starting tracking for 34a6d242-0ccc-4512-aa55-66e89e86f484
03-05 09:17:10.762 D/WM-ConstraintTracker( 1605): BatteryNotLowTracker: initial state = true
03-05 09:17:10.762 D/WM-BrdcstRcvrCnstrntTrc( 1605): BatteryNotLowTracker: registering receiver
03-05 09:17:10.770 D/WM-GreedyScheduler( 1605): Constraints met: Scheduling work ID WorkGenerationalId(workSpecId=34a6d242-0ccc-4512-aa55-66e89e86f484, generation=0)
03-05 09:17:10.777 D/WM-Processor( 1605): Processor: processing WorkGenerationalId(workSpecId=34a6d242-0ccc-4512-aa55-66e89e86f484, generation=0)
03-05 09:17:10.787 D/WM-WorkerWrapper( 1605): Starting work for com.android.providers.media.photopicker.sync.ProactiveSyncWorker
03-05 09:17:10.790 I/PSyncWorker( 1605): Starting proactive picker sync from sync source: 1
03-05 09:17:10.791 I/PickerSyncTracker( 1605): Created new sync future java.util.concurrent.CompletableFuture@f97ddff[Not completed, 1 dependents]. Future map: {34a6d242-0ccc-4512-aa55-66e89e86f484=java.util.concurrent.CompletableFuture@f97ddff[Not completed, 1 dependents]}
03-05 09:17:10.799 D/PickerSyncController( 1605): syncAllMediaFromProvider() LOCAL, auth=com.android.providers.media.photopicker, retry=true
03-05 09:17:10.799 D/PickerSyncController( 1605): getSyncRequestParams() LOCAL, auth=com.android.providers.media.photopicker
03-05 09:17:10.804 D/PickerSyncController( 1605):    Latest ID/Gen=e0d6a8d4f9a0bbf0:0000-0000:external_primary/250
03-05 09:17:10.804 D/PickerSyncController( 1605):    Cached ID/Gen=e0d6a8d4f9a0bbf0:0000-0000:external_primary/226
03-05 09:17:10.804 D/PickerSyncController( 1605):    RESULT=SyncRequestParams{type=MEDIA_INCREMENTAL, gen=226, latest=Bundle[{last_media_sync_generation=250, media_collection_id=e0d6a8d4f9a0bbf0:0000-0000:external_primary}], pageSize=1000}
03-05 09:17:10.805 I/PickerSyncController( 1605): Executing SyncAdd. isLocal: true. authority: com.android.providers.media.photopicker
03-05 09:17:10.805 D/PickerSyncLockManager( 1605): Trying to acquire lock com.android.providers.media.photopicker.sync.CloseableReentrantLock@47b84e7[Unlocked]. Lock Name = CLOUD_PROVIDER_LOCK. Threads that may be waiting to acquire this lock = [] with timeout.
03-05 09:17:10.805 D/CloseableReentrantLock( 1605): Successfully acquired lock com.android.providers.media.photopicker.sync.CloseableReentrantLock@47b84e7[Locked by thread pool-4-thread-28]. Lock Name = CLOUD_PROVIDER_LOCK. Threads that may be waiting to acquire this lock = []
03-05 09:17:10.805 D/CloseableReentrantLock( 1605): Successfully released lock com.android.providers.media.photopicker.sync.CloseableReentrantLock@47b84e7[Unlocked]. Lock Name = CLOUD_PROVIDER_LOCK. Threads that may be waiting to acquire this lock = []
03-05 09:17:10.805 D/ExternalDbFacade( 1605): Token received for queryMedia = null
03-05 09:17:10.808 D/PickerSyncLockManager( 1605): Trying to acquire lock com.android.providers.media.photopicker.sync.CloseableReentrantLock@47b84e7[Unlocked]. Lock Name = CLOUD_PROVIDER_LOCK. Threads that may be waiting to acquire this lock = [] with timeout.
03-05 09:17:10.808 D/CloseableReentrantLock( 1605): Successfully acquired lock com.android.providers.media.photopicker.sync.CloseableReentrantLock@47b84e7[Locked by thread pool-4-thread-28]. Lock Name = CLOUD_PROVIDER_LOCK. Threads that may be waiting to acquire this lock = []
03-05 09:17:10.808 D/PickerSyncController( 1605): Clearing next page token for key: local_provider:media_add:resume
03-05 09:17:10.808 D/CloseableReentrantLock( 1605): Successfully released lock com.android.providers.media.photopicker.sync.CloseableReentrantLock@47b84e7[Unlocked]. Lock Name = CLOUD_PROVIDER_LOCK. Threads that may be waiting to acquire this lock = []
03-05 09:17:10.809 D/PickerNotificationSender( 1605): Sending a notification for media update
03-05 09:17:10.811 D/PickerNotificationSender( 1605): Sending a notification for merged album media update Videos
03-05 09:17:10.811 D/PickerNotificationSender( 1605): Sending a notification for album media update Videos
03-05 09:17:10.812 D/PickerNotificationSender( 1605): Sending a notification for merged album media update Favorites
03-05 09:17:10.812 D/PickerNotificationSender( 1605): Sending a notification for album media update Favorites
03-05 09:17:10.812 I/PickerSyncController( 1605): Paged sync successful. QueryArgs: Bundle[{android.provider.extra.SYNC_GENERATION=226, android.provider.extra.PAGE_SIZE=1000}] Total Rows: 0
03-05 09:17:10.812 I/PickerSyncController( 1605): Executing SyncRemove. isLocal: true. authority: com.android.providers.media.photopicker
03-05 09:17:10.812 D/PickerSyncLockManager( 1605): Trying to acquire lock com.android.providers.media.photopicker.sync.CloseableReentrantLock@47b84e7[Unlocked]. Lock Name = CLOUD_PROVIDER_LOCK. Threads that may be waiting to acquire this lock = [] with timeout.
03-05 09:17:10.812 D/CloseableReentrantLock( 1605): Successfully acquired lock com.android.providers.media.photopicker.sync.CloseableReentrantLock@47b84e7[Locked by thread pool-4-thread-28]. Lock Name = CLOUD_PROVIDER_LOCK. Threads that may be waiting to acquire this lock = []
03-05 09:17:10.812 D/CloseableReentrantLock( 1605): Successfully released lock com.android.providers.media.photopicker.sync.CloseableReentrantLock@47b84e7[Unlocked]. Lock Name = CLOUD_PROVIDER_LOCK. Threads that may be waiting to acquire this lock = []
03-05 09:17:10.814 E/PickerDbFacade( 1605): Could not get first date taken millis for media id: 55
03-05 09:17:10.814 W/PickerDbFacade( 1605): Unable to promote cloud media with localId: 55
03-05 09:17:10.814 D/PickerSyncLockManager( 1605): Trying to acquire lock com.android.providers.media.photopicker.sync.CloseableReentrantLock@47b84e7[Unlocked]. Lock Name = CLOUD_PROVIDER_LOCK. Threads that may be waiting to acquire this lock = [] with timeout.
03-05 09:17:10.814 D/CloseableReentrantLock( 1605): Successfully acquired lock com.android.providers.media.photopicker.sync.CloseableReentrantLock@47b84e7[Locked by thread pool-4-thread-28]. Lock Name = CLOUD_PROVIDER_LOCK. Threads that may be waiting to acquire this lock = []
03-05 09:17:10.814 D/PickerSyncController( 1605): Clearing next page token for key: local_provider:media_remove:resume
03-05 09:17:10.814 D/CloseableReentrantLock( 1605): Successfully released lock com.android.providers.media.photopicker.sync.CloseableReentrantLock@47b84e7[Unlocked]. Lock Name = CLOUD_PROVIDER_LOCK. Threads that may be waiting to acquire this lock = []
03-05 09:17:10.814 D/PickerNotificationSender( 1605): Sending a notification for media update
03-05 09:17:10.817 D/PickerNotificationSender( 1605): Sending a notification for merged album media update Videos
03-05 09:17:10.817 D/PickerNotificationSender( 1605): Sending a notification for album media update Videos
03-05 09:17:10.818 D/PickerNotificationSender( 1605): Sending a notification for merged album media update Favorites
03-05 09:17:10.818 D/PickerNotificationSender( 1605): Sending a notification for album media update Favorites
03-05 09:17:10.818 I/PickerSyncController( 1605): Paged sync successful. QueryArgs: Bundle[{android.provider.extra.SYNC_GENERATION=226, android.provider.extra.PAGE_SIZE=1000}] Total Rows: 0
03-05 09:17:10.818 I/PickerSyncTracker( 1605): Marked sync future complete for work id: 34a6d242-0ccc-4512-aa55-66e89e86f484. Future map: {}
03-05 09:17:10.818 I/PSyncWorker( 1605): Completed picker proactive sync complete from local provider.
03-05 09:17:10.826 I/WM-WorkerWrapper( 1605): Worker result SUCCESS for Work [ id=34a6d242-0ccc-4512-aa55-66e89e86f484, tags={ com.android.providers.media.photopicker.sync.ProactiveSyncWorker } ]
03-05 09:17:10.959 D/WM-Processor( 1605): Processor 34a6d242-0ccc-4512-aa55-66e89e86f484 executed; reschedule = false
03-05 09:17:10.960 D/WM-GreedyScheduler( 1605): Stopping tracking for WorkGenerationalId(workSpecId=34a6d242-0ccc-4512-aa55-66e89e86f484, generation=0)
03-05 09:17:10.972 D/InetDiagMessage(  767): Destroyed 0 sockets, proto=IPPROTO_TCP, family=AF_INET, states=14
03-05 09:17:10.985 D/WM-GreedyScheduler( 1605): Cancelling work ID 34a6d242-0ccc-4512-aa55-66e89e86f484
03-05 09:17:10.998 D/WM-GreedyScheduler( 1605): Ignoring {WorkSpec: cf45e1ef-e494-4551-9393-77631b533c5a}. Requires device idle.
03-05 09:17:10.998 D/WM-GreedyScheduler( 1605): Ignoring {WorkSpec: a4d9d5a1-b1cb-4921-bb97-5a8716d538ca}. Requires device idle.
03-05 09:17:10.998 D/WM-GreedyScheduler( 1605): Ignoring {WorkSpec: 3785cbf9-d338-4e01-8ddf-70a1276573a7}. Requires device idle.
03-05 09:17:10.998 D/WM-GreedyScheduler( 1605): Ignoring {WorkSpec: 71766563-693e-4a7a-bc92-64853f480048}. Requires device idle.
03-05 09:17:10.998 D/WM-BrdcstRcvrCnstrntTrc( 1605): BatteryNotLowTracker: unregistering receiver
03-05 09:17:11.001 D/InetDiagMessage(  767): Destroyed 0 sockets, proto=IPPROTO_TCP, family=AF_INET6, states=14
03-05 09:17:11.001 D/InetDiagMessage(  767): Destroyed live tcp sockets for uids={10154} in 30ms
03-05 09:17:11.011 D/InetDiagMessage(  767): Destroyed 0 sockets, proto=IPPROTO_TCP, family=AF_INET, states=14
03-05 09:17:11.022 D/InetDiagMessage(  767): Destroyed 0 sockets, proto=IPPROTO_TCP, family=AF_INET6, states=14
03-05 09:17:11.023 D/InetDiagMessage(  767): Destroyed live tcp sockets for uids={20154} in 13ms
03-05 09:17:11.163 D/InetDiagMessage(  767): Destroyed 0 sockets, proto=IPPROTO_TCP, family=AF_INET, states=14
03-05 09:17:11.164 D/InetDiagMessage(  767): Destroyed 0 sockets, proto=IPPROTO_TCP, family=AF_INET6, states=14
03-05 09:17:11.164 D/InetDiagMessage(  767): Destroyed live tcp sockets for uids={10155} in 3ms
03-05 09:17:11.165 D/InetDiagMessage(  767): Destroyed 0 sockets, proto=IPPROTO_TCP, family=AF_INET, states=14
03-05 09:17:11.165 D/InetDiagMessage(  767): Destroyed 0 sockets, proto=IPPROTO_TCP, family=AF_INET6, states=14
03-05 09:17:11.166 D/InetDiagMessage(  767): Destroyed live tcp sockets for uids={20155} in 2ms
03-05 09:17:11.316 D/nativeloader(13218): InitDefaultPublicLibraries for_preload=1: libandroid.so:libaaudio.so:libamidi.so:libbinder_ndk.so:libc.so:libcamera2ndk.so:libdl.so:libEGL.so:libGLESv1_CM.so:libGLESv2.so:libGLESv3.so:libicu.so:libicui18n.so:libicuuc.so:libjnigraphics.so:liblog.so:libmediandk.so:libm.so:libnativehelper.so:libnativewindow.so:libOpenMAXAL.so:libOpenSLES.so:libRS.so:libstdc++.so:libsync.so:libvulkan.so:libwebviewchromium_plat_support.so:libz.so
03-05 09:17:11.330 D/nativeloader(13218): Load libicu_jni.so using APEX ns com_android_art for caller /apex/com.android.art/javalib/core-oj.jar: ok
03-05 09:17:11.330 D/app_process(13218): u_setTimeZoneFilesDirectory("/apex/com.android.tzdata/etc/tz/versioned/9/icu") succeeded. 
03-05 09:17:11.333 D/app_process(13218): I18n APEX ICU file found: /apex/com.android.i18n/etc/icu/icudt76l.dat
03-05 09:17:11.338 D/nativeloader(13218): Load libjavacore.so using APEX ns com_android_art for caller /apex/com.android.art/javalib/core-oj.jar: ok
03-05 09:17:11.339 D/nativeloader(13218): Load libopenjdk.so using APEX ns com_android_art for caller /apex/com.android.art/javalib/core-oj.jar: ok
03-05 09:17:11.340 I/app_process(13218): Priority-to-niceness mapping: 19, 16, 13, 10, 0, -2, -4, -5, -6, -8
03-05 09:17:11.340 W/app_process(13218): Unexpected CPU variant for x86: x86_64.
