03-05 09:08:50.311 V/AccessibilityManagerService(  767): onUserStateChangedLocked for userId: 0, forceUpdate: false
03-05 09:08:50.314 V/AccessibilityUserState(  767): updateShortcutTargets: type:accessibility_shortcut_target_service, current:{}, new:{}
03-05 09:08:50.314 V/AccessibilityUserState(  767): updateShortcutTargets: type:accessibility_button_targets, current:{}, new:{}
03-05 09:08:50.314 V/AccessibilityUserState(  767): updateShortcutTargets: type:accessibility_gesture_targets, current:{}, new:{}
03-05 09:08:50.314 V/AccessibilityUserState(  767): updateShortcutTargets: type:accessibility_qs_targets, current:{}, new:{}
03-05 09:08:50.314 V/AccessibilityUserState(  767): updateShortcutTargets: type:accessibility_key_gesture_targets, current:{}, new:{}
03-05 09:08:50.314 W/MagnificationConnectionManager(  767): requestConnection duplicated request: connect=false, mConnectionState=DISCONNECTED
03-05 09:08:50.332 V/AccessibilityManagerService(  767): onUserStateChangedLocked for userId: 0, forceUpdate: false
03-05 09:08:50.335 V/AccessibilityUserState(  767): updateShortcutTargets: type:accessibility_shortcut_target_service, current:{}, new:{}
03-05 09:08:50.335 V/AccessibilityUserState(  767): updateShortcutTargets: type:accessibility_button_targets, current:{}, new:{}
03-05 09:08:50.335 V/AccessibilityUserState(  767): updateShortcutTargets: type:accessibility_gesture_targets, current:{}, new:{}
03-05 09:08:50.335 V/AccessibilityUserState(  767): updateShortcutTargets: type:accessibility_qs_targets, current:{}, new:{}
03-05 09:08:50.335 V/AccessibilityUserState(  767): updateShortcutTargets: type:accessibility_key_gesture_targets, current:{}, new:{}
03-05 09:08:50.335 W/MagnificationConnectionManager(  767): requestConnection duplicated request: connect=false, mConnectionState=DISCONNECTED
03-05 09:08:50.339 D/BatterySaverPolicy(  767): accessibility changed to true, updating policy.
03-05 09:08:50.374 D/AccessibilityManagerService(  767): .getAccessibilityShortcutTargets {shortcutType=32, userId=0}
03-05 09:08:50.448 E/TaskPersister(  767): File error accessing recents directory (directory doesn't exist?).
03-05 09:08:51.494 V/AccessibilityManagerService(  767): onUserStateChangedLocked for userId: 0, forceUpdate: false
03-05 09:08:51.497 V/AccessibilityUserState(  767): updateShortcutTargets: type:accessibility_shortcut_target_service, current:{}, new:{}
03-05 09:08:51.497 V/AccessibilityUserState(  767): updateShortcutTargets: type:accessibility_button_targets, current:{}, new:{}
03-05 09:08:51.497 V/AccessibilityUserState(  767): updateShortcutTargets: type:accessibility_gesture_targets, current:{}, new:{}
03-05 09:08:51.497 V/AccessibilityUserState(  767): updateShortcutTargets: type:accessibility_qs_targets, current:{}, new:{}
03-05 09:08:51.497 V/AccessibilityUserState(  767): updateShortcutTargets: type:accessibility_key_gesture_targets, current:{}, new:{}
03-05 09:08:51.497 W/MagnificationConnectionManager(  767): requestConnection duplicated request: connect=false, mConnectionState=DISCONNECTED
03-05 09:08:51.497 D/AccessibilityManagerService(  767): restoreCurrentUserForTestAutomationIfNeededLocked(): ignoring because device doesn't support visible background users
03-05 09:08:51.504 D/BatterySaverPolicy(  767): accessibility changed to false, updating policy.
03-05 09:08:59.908 W/Looper  (  767): Drained
03-05 09:09:01.527 D/ActivityManager(  767): sync unfroze 2344 com.google.android.apps.photos for 6
03-05 09:09:01.584 W/ProcessStats(  767): Tracking association SourceState{a5c3a1c system/1000 ImpBg #3085} whose proc state 6 is better than process ProcessState{f14282b com.google.android.apps.photos/10162 pkg=com.google.android.apps.photos} proc state 14 (1 skipped)
03-05 09:09:01.640 W/JobScheduler(  767): Job didn't exist in JobStore: 8b52df1 #u0a162/1034 com.google.android.apps.photos/com.google.android.libraries.social.mediamonitor.MediaMonitorJobSchedulerService
03-05 09:09:01.656 W/UriGrantsManagerService(  767): No permission grants found for com.google.android.apps.photos
03-05 09:09:01.656 W/UriGrantsManagerService(  767): No permission grants found for com.google.android.apps.photos
03-05 09:09:01.715 W/UriGrantsManagerService(  767): No permission grants found for com.google.android.apps.photos
03-05 09:09:01.715 W/UriGrantsManagerService(  767): No permission grants found for com.google.android.apps.photos
03-05 09:09:01.749 W/UriGrantsManagerService(  767): No permission grants found for com.google.android.apps.photos
03-05 09:09:01.749 W/UriGrantsManagerService(  767): No permission grants found for com.google.android.apps.photos
03-05 09:09:11.697 D/ActivityManager(  767): freezing 2344 com.google.android.apps.photos
03-05 09:09:31.849 D/AppOpHistoryHelper(  767): MetricHandler reporting 102 records.
03-05 09:10:13.990 D/ActivityManager(  767): sync unfroze 2344 com.google.android.apps.photos for 6
03-05 09:10:14.033 W/ProcessStats(  767): Tracking association SourceState{1022fef system/1000 ImpBg #3094} whose proc state 6 is better than process ProcessState{f14282b com.google.android.apps.photos/10162 pkg=com.google.android.apps.photos} proc state 14 (0 skipped)
03-05 09:10:17.448 I/ActivityManager(  767): Force stopping com.sportpass.app appid=10234 user=0: clear data
03-05 09:10:17.455 I/ActivityManager(  767): Killing 4531:com.sportpass.app/u0a234 (adj 0): stop com.sportpass.app due to clear data
03-05 09:10:17.462 W/ActivityTaskManager(  767): Force removing ActivityRecord{263150667 u0 com.sportpass.app/.MainActivity t183 f}}: app died, no saved state
03-05 09:10:17.466 D/InetDiagMessage(  767): Destroyed 0 sockets, proto=IPPROTO_TCP, family=AF_INET, states=14
03-05 09:10:17.467 D/InetDiagMessage(  767): Destroyed 0 sockets, proto=IPPROTO_TCP, family=AF_INET6, states=14
03-05 09:10:17.467 D/InetDiagMessage(  767): Destroyed live tcp sockets for uids={10234} in 1ms
03-05 09:10:17.467 D/InetDiagMessage(  767): Destroyed 0 sockets, proto=IPPROTO_TCP, family=AF_INET, states=14
03-05 09:10:17.467 D/InetDiagMessage(  767): Destroyed 0 sockets, proto=IPPROTO_TCP, family=AF_INET6, states=14
03-05 09:10:17.467 D/InetDiagMessage(  767): Destroyed live tcp sockets for uids={20234} in 1ms
03-05 09:10:17.772 V/WindowManager(  767): Defer transition id=39 for TaskFragmentTransaction=android.os.Binder@ec5d3af
03-05 09:10:17.773 V/WindowManagerShell( 1018): Transition requested (#39): android.os.BinderProxy@ef9f1f0 TransitionRequestInfo { type = CLOSE, triggerTask = TaskInfo{userId=0 taskId=183 effectiveUid=10234 displayId=0 isRunning=false baseIntent=Intent { flg=0x10000000 cmp=com.sportpass.app/.MainActivity } baseActivity=null topActivity=null origActivity=null realActivity=ComponentInfo{com.sportpass.app/com.sportpass.app.MainActivity} numActivities=0 lastActiveTime=2003230 supportsMultiWindow=true resizeMode=1 isResizeable=true minWidth=-1 minHeight=-1 defaultMinSize=220 token=WCT{android.os.BinderProxy@d74a723} topActivityType=1 pictureInPictureParams=null shouldDockBigOverlays=false launchIntoPipHostTaskId=-1 lastParentTaskIdBeforePip=-1 displayCutoutSafeInsets=Rect(0, 0 - 0, 0) topActivityInfo=null launchCookies=[] positionInParent=Point(0, 0) parentTaskId=-1 isFocused=true isVisible=true isVisibleRequested=true isTopActivityNoDisplay=false isSleeping=false locusId=null displayAreaFeatureId=1 isTopActivityTransparent=false isActivityStackTransparent=true lastNonFullscreenBounds=null capturedLink=null capturedLinkTimestamp=0 requestedVisibleTypes=503 topActivityRequestOpenInBrowserEducationTimestamp=0 appCompatTaskInfo=AppCompatTaskInfo { topActivityInSizeCompat=false isLeafTask= true eligibleForLetterboxEducation= false isLetterboxEducationEnabled= false isLetterboxDoubleTapEnabled= false eligibleForUserAspectRatioButton= false topActivityBoundsLetterboxed= false isFromLetterboxDoubleTap= false topActivityLetterboxVerticalPosition= -1 topActivityLetterboxHorizontalPosition= -1 topActivityLetterboxWidth=-1 topActivityLetterboxHeight=-1 topActivityAppBounds=Rect(0, 0 - 0, 0) isUserFullscreenOverrideEnabled=false isSystemFullscreenOverrideEnabled=false hasMinAspectRatioOverride=false topActivityLetterboxBounds=null cameraCompatTaskInfo=CameraCompatTaskInfo { cameraCompatMode=undefinedundefined} topNonResizableActivityAspectRatio=-1.0} topActivityMainWindowFrame=null isAppBubble=false}, pipChange = null, remoteTransition = null, displayChange = null, requestedLocation = null, userChange = null, windowingLayerChange = null, flags = 0, debugId = 39 }
03-05 09:10:17.776 D/BackgroundInstallControlService(  767): Package event received: 0
03-05 09:10:17.784 V/WindowManager(  767): deferTransitionReady deferReadyDepth=1 stack=com.android.server.wm.TransitionController.deferTransitionReady:1061 com.android.server.wm.TaskFragmentOrganizerController$TaskFragmentOrganizerState.dispatchTransaction:517 com.android.server.wm.TaskFragmentOrganizerController.dispatchPendingEvents:1259 com.android.server.wm.TaskFragmentOrganizerController.dispatchPendingEvents:1228 com.android.server.wm.RootWindowContainer.performSurfacePlacement:777 
03-05 09:10:17.785 D/BackgroundInstallControlService(  767): Package event received: 0
03-05 09:10:17.785 D/BackgroundInstallControlService(  767): Package event received: 0
03-05 09:10:17.789 D/ViewRootImpl( 1156): Skipping stats log for color mode
03-05 09:10:17.790 D/BaseActivity( 1156): Launcher flags updated: [state_started] +[state_started]
03-05 09:10:17.791 D/BaseActivity( 1156): Launcher flags updated: [state_started|state_resumed|state_user_active] +[state_resumed|state_user_active]
03-05 09:10:17.792 D/BaseActivity( 1156): Launcher flags updated: [state_started|state_resumed|state_deferred_resumed|state_user_active] +[state_deferred_resumed]
03-05 09:10:17.793 D/StatsLog( 1156): LAUNCHER_ONRESUME
03-05 09:10:17.795 V/WindowManager(  767): Continue transition id=39 for TaskFragmentTransaction=android.os.Binder@ec5d3af
03-05 09:10:17.795 V/WindowManager(  767): continueTransitionReady deferReadyDepth=0 stack=com.android.server.wm.TransitionController.continueTransitionReady:1071 com.android.server.wm.TaskFragmentOrganizerController$TaskFragmentOrganizerState.onTransactionFinished:546 com.android.server.wm.TaskFragmentOrganizerController.onTransactionHandled:740 android.window.ITaskFragmentOrganizerController$Stub.onTransact:225 android.os.Binder.execTransactInternal:1473 
03-05 09:10:17.800 D/NexusLauncherModelDelegate( 1156): notifySmartspaceEvent: SmartspaceTargetEvent{mSmartspaceTarget=null, mSmartspaceActionId='null', mEventType=6}
03-05 09:10:17.801 W/TransitionChain(  767): Combining removeTask into #39(CLOSE|R|0x0) from appDied
03-05 09:10:17.807 I/libbinder.BpBinder(  607): onLastStrongRef automatically unlinking death recipients for descriptor: '(not cached)'
03-05 09:10:17.807 D/WindowManagerShell( 1018): setLauncherKeepClearAreaHeight: visible=true, height=495
03-05 09:10:17.813 E/AppOps  (  767): package pm not found, can't check for attributionTag null
03-05 09:10:17.813 I/AiAiEcho( 1593): Predicting[0]:  [CONTEXT sampling_count=5 ]
03-05 09:10:17.813 E/AppOps  (  767): Bad call made by uid 1000. Package "pm" does not belong to uid 1000.
03-05 09:10:17.813 I/AiAiEcho( 1593): EchoTargets: 
03-05 09:10:17.813 I/AiAiEcho( 1593): Filtered by AiAi flag check: 
03-05 09:10:17.813 I/AiAiEcho( 1593): [CONTEXT ratelimit_period="10 SECONDS" ]
03-05 09:10:17.813 E/AppOps  (  767): Cannot noteOperation: non-application UID 1000
03-05 09:10:17.814 I/ActivityManager(  767): Force stopping com.sportpass.app appid=10234 user=0: clearApplicationUserData
03-05 09:10:17.814 I/AiAiEcho( 1593): #remoteViewsTwiddler: feature disabled.
03-05 09:10:17.815 I/AiAiEcho( 1593): #postPredictionTargets: Sending updates to UISurface home with targets# 0 (types=[])
03-05 09:10:17.817 D/QuickstepModelDelegate( 1156): notifyAppTargetEvent action=1 launchLocation=workspace/0/[-1,-1]/[1,1]
03-05 09:10:17.818 I/WindowManager(  767):   Force removing ActivityRecord{263150667 u0 com.sportpass.app/.MainActivity t183 f} isExiting}
03-05 09:10:17.819 W/WindowManager(  767): removeAppToken: Attempted to remove non-existing token: Token{dc40f41 ActivityRecord{263150667 u0 com.sportpass.app/.MainActivity t183 f} isExiting}}
03-05 09:10:17.825 D/WallpaperService( 1018): onVisibilityChanged(true): com.android.systemui.wallpapers.ImageWallpaper$CanvasEngine@bde2936
03-05 09:10:17.826 E/TaskPersister(  767): File error accessing recents directory (directory doesn't exist?).
03-05 09:10:17.827 D/SsBaseTemplateCard( 1156): Passed-in item info is null
03-05 09:10:17.827 D/SsBaseTemplateCard( 1156): Passed-in item info is null
03-05 09:10:17.827 D/SsBaseTemplateCard( 1156): Passed-in item info is null
03-05 09:10:17.827 D/SsBaseTemplateCard( 1156): Passed-in item info is null
03-05 09:10:17.827 I/SsBaseTemplateCard( 1156): Secondary card pane is null
03-05 09:10:17.829 D/BaseDepthController( 1156): setSurface:
03-05 09:10:17.829 D/BaseDepthController( 1156): 	mWaitingOnSurfaceValidity: false
03-05 09:10:17.829 D/BaseDepthController( 1156): 	mBaseSurface: Surface(name=com.google.android.apps.nexuslauncher/com.google.android.apps.nexuslauncher.NexusLauncherActivity#425)/@0x2655911
03-05 09:10:17.829 V/BaseDepthController( 1156): Applying blur: 0 to Surface(name=com.google.android.apps.nexuslauncher/com.google.android.apps.nexuslauncher.NexusLauncherActivity#425)/@0x2655911 applyImmediately: false
03-05 09:10:17.829 D/BaseDepthController( 1156): shouldBlurWorkspace: false targetState: Normal currentStableState: Normal mCurrentBlur: 0 mLauncher.getDepthBlurTargets(): [com.android.launcher3.Workspace{ba05df4 V.ED..... ......ID 0,0-1080,2400 #7f0a049d app:id/workspace}, com.android.launcher3.Hotseat{a704a76 V.ED..... .......D 0,1905-1080,2400 #7f0a01ee app:id/hotseat}]
03-05 09:10:17.874 D/b/417220811( 1156): invalidateLoadedTasks - previous requestLoadId: -1
03-05 09:10:17.875 D/b/417220811( 1156): invalidateLoadedTasks - previous requestLoadId: -1
03-05 09:10:17.881 D/SsBaseTemplateCard( 1156): Passed-in item info is null
03-05 09:10:17.883 D/SsBaseTemplateCard( 1156): Passed-in item info is null
03-05 09:10:17.883 D/SsBaseTemplateCard( 1156): Passed-in item info is null
03-05 09:10:17.883 D/SsBaseTemplateCard( 1156): Passed-in item info is null
03-05 09:10:17.883 I/SsBaseTemplateCard( 1156): Secondary card pane is null
03-05 09:10:17.898 V/WindowManager(  767): Sent Transition (#39) createdAt=03-05 09:10:17.462 via request=TransitionRequestInfo { type = CLOSE, triggerTask = TaskInfo{userId=0 taskId=183 effectiveUid=10234 displayId=0 isRunning=false baseIntent=Intent { flg=0x10000000 cmp=com.sportpass.app/.MainActivity } baseActivity=null topActivity=null origActivity=null realActivity=ComponentInfo{com.sportpass.app/com.sportpass.app.MainActivity} numActivities=0 lastActiveTime=2003230 supportsMultiWindow=true resizeMode=1 isResizeable=true minWidth=-1 minHeight=-1 defaultMinSize=220 token=WCT{RemoteToken{3ae42be Task{8cb5628 #183 type=standard I=com.sportpass.app/.MainActivity}}} topActivityType=1 pictureInPictureParams=null shouldDockBigOverlays=false launchIntoPipHostTaskId=-1 lastParentTaskIdBeforePip=-1 displayCutoutSafeInsets=Rect(0, 0 - 0, 0) topActivityInfo=null launchCookies=[] positionInParent=Point(0, 0) parentTaskId=-1 isFocused=true isVisible=true isVisibleRequested=true isTopActivityNoDisplay=false isSleeping=false locusId=null displayAreaFeatureId=1 isTopActivityTransparent=false isActivityStackTransparent=true lastNonFullscreenBounds=null capturedLink=null capturedLinkTimestamp=0 requestedVisibleTypes=503 topActivityRequestOpenInBrowserEducationTimestamp=0 appCompatTaskInfo=AppCompatTaskInfo { topActivityInSizeCompat=false isLeafTask= true eligibleForLetterboxEducation= false isLetterboxEducationEnabled= false isLetterboxDoubleTapEnabled= false eligibleForUserAspectRatioButton= false topActivityBoundsLetterboxed= false isFromLetterboxDoubleTap= false topActivityLetterboxVerticalPosition= -1 topActivityLetterboxHorizontalPosition= -1 topActivityLetterboxWidth=-1 topActivityLetterboxHeight=-1 topActivityAppBounds=Rect(0, 0 - 0, 0) isUserFullscreenOverrideEnabled=false isSystemFullscreenOverrideEnabled=false hasMinAspectRatioOverride=false topActivityLetterboxBounds=null cameraCompatTaskInfo=CameraCompatTaskInfo { cameraCompatMode=undefinedundefined} topNonResizableActivityAspectRatio=-1.0} topActivityMainWindowFrame=null isAppBubble=false}, pipChange = null, remoteTransition = null, displayChange = null, requestedLocation = null, userChange = null, windowingLayerChange = null, flags = 0, debugId = 39 }
03-05 09:10:17.898 V/WindowManager(  767):     startWCT=WindowContainerTransaction { changes= {} hops= [] errorCallbackToken=null taskFragmentOrganizer=null }
03-05 09:10:17.898 V/WindowManager(  767):     info={id=39 t=CLOSE f=0x0 trk=0 r=[0@Point(0, 0)] c=[
03-05 09:10:17.898 V/WindowManager(  767):         {WCT{RemoteToken{81f1ab3 Task{9aa8768 #1 type=home}}} m=TO_FRONT f=SHOW_WALLPAPER|MOVE_TO_TOP leash=Surface(name=Task=1#44)/@0xee943b1 sb=Rect(0, 0 - 1080, 2400) eb=Rect(0, 0 - 1080, 2400) epz=Point(1080, 2400) d=0 taskParent=-1 winMode=1 userId=0},
03-05 09:10:17.898 V/WindowManager(  767):         {WCT{RemoteToken{3ae42be Task{8cb5628 #183 type=standard I=com.sportpass.app/.MainActivity}}} m=CLOSE f=NONE leash=Surface(name=Task=183#405)/@0x7e8c240 sb=Rect(0, 0 - 1080, 2400) eb=Rect(0, 0 - 1080, 2400) epz=Point(1080, 2400) d=0 taskParent=-1 winMode=1 userId=0},
03-05 09:10:17.898 V/WindowManager(  767):         {m=TO_FRONT f=IS_WALLPAPER leash=Surface(name=WallpaperWindowToken{9e000cc}#60)/@0x88bd658 sb=Rect(0, 0 - 1080, 2400) eb=Rect(0, 0 - 1080, 2400) epz=Point(1080, 2400) d=0}
03-05 09:10:17.898 V/WindowManager(  767):     ]}
03-05 09:10:17.899 V/WindowManagerShell( 1018): onTransitionReady(transaction=3294239920267)
03-05 09:10:17.899 V/WindowManagerShell( 1018): onTransitionReady (#39) android.os.BinderProxy@ef9f1f0: {id=39 t=CLOSE f=0x0 trk=0 r=[0@Point(0, 0)] c=[
03-05 09:10:17.899 V/WindowManagerShell( 1018):         {m=TO_FRONT f=SHOW_WALLPAPER|MOVE_TO_TOP leash=Surface(name=Task=1#44)/@0x7c35369 sb=Rect(0, 0 - 1080, 2400) eb=Rect(0, 0 - 1080, 2400) epz=Point(1080, 2400) d=0 taskParent=-1 winMode=1 userId=0},
03-05 09:10:17.899 V/WindowManagerShell( 1018):         {m=CLOSE f=NONE leash=Surface(name=Task=183#405)/@0xdcab1ee sb=Rect(0, 0 - 1080, 2400) eb=Rect(0, 0 - 1080, 2400) epz=Point(1080, 2400) d=0 taskParent=-1 winMode=1 userId=0},
03-05 09:10:17.899 V/WindowManagerShell( 1018):         {m=TO_FRONT f=IS_WALLPAPER leash=Surface(name=WallpaperWindowToken{9e000cc}#60)/@0xd98768f sb=Rect(0, 0 - 1080, 2400) eb=Rect(0, 0 - 1080, 2400) epz=Point(1080, 2400) d=0}
03-05 09:10:17.899 V/WindowManagerShell( 1018):     ]}
03-05 09:10:17.900 V/WindowManagerShell( 1018): Playing animation for (#39) android.os.BinderProxy@ef9f1f0@0
03-05 09:10:17.900 V/ShellRecents( 1018): RecentsTransitionHandler.startAnimation: no controller found
03-05 09:10:17.900 V/WindowManagerShell( 1018): Transition doesn't have explicit remote, search filters for match for {id=39 t=CLOSE f=0x0 trk=0 r=[0@Point(0, 0)] c=[{m=TO_FRONT f=SHOW_WALLPAPER|MOVE_TO_TOP leash=Surface(name=Task=1#44)/@0x7c35369 sb=Rect(0, 0 - 1080, 2400) eb=Rect(0, 0 - 1080, 2400) epz=Point(1080, 2400) d=0 taskParent=-1 winMode=1 userId=0},{m=CLOSE f=NONE leash=Surface(name=Task=183#405)/@0xdcab1ee sb=Rect(0, 0 - 1080, 2400) eb=Rect(0, 0 - 1080, 2400) epz=Point(1080, 2400) d=0 taskParent=-1 winMode=1 userId=0},{m=TO_FRONT f=IS_WALLPAPER leash=Surface(name=WallpaperWindowToken{9e000cc}#60)/@0xd98768f sb=Rect(0, 0 - 1080, 2400) eb=Rect(0, 0 - 1080, 2400) epz=Point(1080, 2400) d=0}]}
03-05 09:10:17.901 V/WindowManagerShell( 1018):  Checking filter Pair{{types=[] flags=0x0] notFlags=0x0 checks=[{atype=undefined independent=true modes=[CLOSE,TO_BACK] flags=IN_TASK_WITH_EMBEDDED_ACTIVITY mustBeTask=false order=ANY topActivity=null launchCookie=null taskFragmentToken=android.os.BinderProxy@988f1c7 windowingMode=undefined isCrossDisplayMove=false}]} RemoteTransition { remoteTransition = android.window.IRemoteTransition$Stub$Proxy@fe3c3f4, appThread = android.app.IApplicationThread$Stub$Proxy@c66f71d, debugName = overlayBackTransition }}
03-05 09:10:17.901 V/WindowManagerShell( 1018):  Checking filter Pair{{types=[] flags=0x0] notFlags=0x0 checks=[{atype=dream independent=true modes=[OPEN,TO_FRONT] flags=NONE mustBeTask=false order=ANY topActivity=null launchCookie=null windowingMode=undefined isCrossDisplayMove=false},{atype=home independent=true modes=[CLOSE,TO_BACK] flags=NONE mustBeTask=false order=ANY topActivity=null launchCookie=null windowingMode=undefined isCrossDisplayMove=false}]} RemoteTransition { remoteTransition = android.window.IRemoteTransition$Stub$Proxy@4903d92, appThread = android.app.IApplicationThread$Stub$Proxy@518e363, debugName = LauncherToDream }}
03-05 09:10:17.901 V/WindowManagerShell( 1018):  Checking filter Pair{{types=[] flags=0x0] notFlags=0x100 checks=[{atype=home independent=true modes=[OPEN,TO_FRONT] flags=NONE mustBeTask=false order=TOP topActivity=ComponentInfo{com.google.android.apps.nexuslauncher/com.google.android.apps.nexuslauncher.NexusLauncherActivity} launchCookie=null windowingMode=undefined isCrossDisplayMove=false},{atype=standard independent=true modes=[CLOSE,TO_BACK] flags=NONE mustBeTask=false order=ANY topActivity=null launchCookie=null windowingMode=undefined isCrossDisplayMove=false},{NOT atype=undefined independent=true modes=[] flags=NONE mustBeTask=true order=ANY topActivity=null launchCookie=null customAnim=true windowingMode=undefined isCrossDisplayMove=false}]} RemoteTransition { remoteTransition = android.window.IRemoteTransition$Stub$Proxy@2732b60, appThread = android.app.IApplicationThread$Stub$Proxy@e80e819, debugName = QuickstepLaunchHome }}
03-05 09:10:17.901 D/RemoteTransitionHandler( 1018): Found filterPair{{types=[] flags=0x0] notFlags=0x100 checks=[{atype=home independent=true modes=[OPEN,TO_FRONT] flags=NONE mustBeTask=false order=TOP topActivity=ComponentInfo{com.google.android.apps.nexuslauncher/com.google.android.apps.nexuslauncher.NexusLauncherActivity} launchCookie=null windowingMode=undefined isCrossDisplayMove=false},{atype=standard independent=true modes=[CLOSE,TO_BACK] flags=NONE mustBeTask=false order=ANY topActivity=null launchCookie=null windowingMode=undefined isCrossDisplayMove=false},{NOT atype=undefined independent=true modes=[] flags=NONE mustBeTask=true order=ANY topActivity=null launchCookie=null customAnim=true windowingMode=undefined isCrossDisplayMove=false}]} RemoteTransition { remoteTransition = android.window.IRemoteTransition$Stub$Proxy@2732b60, appThread = android.app.IApplicationThread$Stub$Proxy@e80e819, debugName = QuickstepLaunchHome }}
03-05 09:10:17.901 V/WindowManagerShell( 1018):  Delegate animation for (#39) to RemoteTransition { remoteTransition = android.window.IRemoteTransition$Stub$Proxy@2732b60, appThread = android.app.IApplicationThread$Stub$Proxy@e80e819, debugName = QuickstepLaunchHome }
03-05 09:10:17.908 V/WindowManagerShell( 1018):  animated by com.android.wm.shell.transition.RemoteTransitionHandler@ff0a0de
03-05 09:10:17.910 D/Bubbles ( 1018): onLocusVisibilityChanged=Overview|DISABLED visible=true taskId=1
03-05 09:10:17.912 D/LauncherStateManager( 1156): StateManager.createAtomicAnimation: fromState: Normal, toState: Normal, partial trace:
03-05 09:10:17.912 D/LauncherStateManager( 1156): 	at com.android.quickstep.util.ScalingWorkspaceRevealAnim.<init>(go/retraceme 7101499b44b219b757f6885b35ae099b24fc769225595efcaaacae5b0f94500b:54)
03-05 09:10:17.912 D/LauncherStateManager( 1156): 	at com.android.launcher3.QuickstepTransitionManager.createWallpaperOpenAnimations(go/retraceme 7101499b44b219b757f6885b35ae099b24fc769225595efcaaacae5b0f94500b:537)
03-05 09:10:17.912 D/LauncherStateManager( 1156): 	at com.android.launcher3.QuickstepTransitionManager$WallpaperOpenLauncherAnimationRunner.onAnimationStart(go/retraceme 7101499b44b219b757f6885b35ae099b24fc769225595efcaaacae5b0f94500b:96)
03-05 09:10:17.912 D/AllAppsTransitionController( 1156): shouldProtectHeader: false skipScrim: true state: Normal stateManager.getState(): Normal
03-05 09:10:17.912 D/KeyboardInsetsHandler( 1156): removePendingImeController: pendingImeController=null
03-05 09:10:17.913 V/BaseDepthController( 1156): Applying blur: 0 to Surface(name=com.google.android.apps.nexuslauncher/com.google.android.apps.nexuslauncher.NexusLauncherActivity#425)/@0x2655911 applyImmediately: false
03-05 09:10:17.913 D/BaseDepthController( 1156): shouldBlurWorkspace: false targetState: Normal currentStableState: Normal mCurrentBlur: 0 mLauncher.getDepthBlurTargets(): [com.android.launcher3.Workspace{ba05df4 V.ED..... ......ID 0,0-1080,2400 #7f0a049d app:id/workspace}, com.android.launcher3.Hotseat{a704a76 V.ED..... ........ 0,1905-1080,2400 #7f0a01ee app:id/hotseat}]
03-05 09:10:17.913 V/BaseDepthController( 1156): Applying blur: 0 to Surface(name=com.google.android.apps.nexuslauncher/com.google.android.apps.nexuslauncher.NexusLauncherActivity#425)/@0x2655911 applyImmediately: false
03-05 09:10:17.913 D/BaseDepthController( 1156): shouldBlurWorkspace: false targetState: Normal currentStableState: Normal mCurrentBlur: 0 mLauncher.getDepthBlurTargets(): [com.android.launcher3.Workspace{ba05df4 V.ED..... ......ID 0,0-1080,2400 #7f0a049d app:id/workspace}, com.android.launcher3.Hotseat{a704a76 V.ED..... ........ 0,1905-1080,2400 #7f0a01ee app:id/hotseat}]
03-05 09:10:17.914 D/LauncherStateManager( 1156): StateManager.cancelAnimation: animation ongoing: false, partial trace:
03-05 09:10:17.914 D/LauncherStateManager( 1156): 	at com.android.launcher3.statemanager.StateManager.setCurrentAnimation(go/retraceme 7101499b44b219b757f6885b35ae099b24fc769225595efcaaacae5b0f94500b:18)
03-05 09:10:17.914 D/LauncherStateManager( 1156): 	at com.android.launcher3.QuickstepTransitionManager.createWallpaperOpenAnimations(go/retraceme 7101499b44b219b757f6885b35ae099b24fc769225595efcaaacae5b0f94500b:646)
03-05 09:10:17.914 D/LauncherStateManager( 1156): 	at com.android.launcher3.QuickstepTransitionManager$WallpaperOpenLauncherAnimationRunner.onAnimationStart(go/retraceme 7101499b44b219b757f6885b35ae099b24fc769225595efcaaacae5b0f94500b:96)
03-05 09:10:17.914 D/b/311077782( 1156): LauncherAnimationRunner.setAnimation
03-05 09:10:17.914 V/BaseDepthController( 1156): Applying blur: 0 to Surface(name=com.google.android.apps.nexuslauncher/com.google.android.apps.nexuslauncher.NexusLauncherActivity#425)/@0x2655911 applyImmediately: false
03-05 09:10:17.914 D/BaseDepthController( 1156): shouldBlurWorkspace: false targetState: Normal currentStableState: Normal mCurrentBlur: 0 mLauncher.getDepthBlurTargets(): [com.android.launcher3.Workspace{ba05df4 V.ED..... ......ID 0,0-1080,2400 #7f0a049d app:id/workspace}, com.android.launcher3.Hotseat{a704a76 V.ED..... ......ID 0,1905-1080,2400 #7f0a01ee app:id/hotseat}]
03-05 09:10:17.914 V/BaseDepthController( 1156): Applying blur: 0 to Surface(name=com.google.android.apps.nexuslauncher/com.google.android.apps.nexuslauncher.NexusLauncherActivity#425)/@0x2655911 applyImmediately: false
03-05 09:10:17.915 D/BaseDepthController( 1156): shouldBlurWorkspace: false targetState: Normal currentStableState: Normal mCurrentBlur: 0 mLauncher.getDepthBlurTargets(): [com.android.launcher3.Workspace{ba05df4 V.ED..... ......ID 0,0-1080,2400 #7f0a049d app:id/workspace}, com.android.launcher3.Hotseat{a704a76 V.ED..... ......ID 0,1905-1080,2400 #7f0a01ee app:id/hotseat}]
03-05 09:10:17.915 V/BaseDepthController( 1156): Applying blur: 0 to Surface(name=com.google.android.apps.nexuslauncher/com.google.android.apps.nexuslauncher.NexusLauncherActivity#425)/@0x2655911 applyImmediately: false
03-05 09:10:17.915 D/BaseDepthController( 1156): shouldBlurWorkspace: false targetState: Normal currentStableState: Normal mCurrentBlur: 0 mLauncher.getDepthBlurTargets(): [com.android.launcher3.Workspace{ba05df4 V.ED..... ......ID 0,0-1080,2400 #7f0a049d app:id/workspace}, com.android.launcher3.Hotseat{a704a76 V.ED..... ......ID 0,1905-1080,2400 #7f0a01ee app:id/hotseat}]
03-05 09:10:17.915 V/BaseDepthController( 1156): Applying blur: 0 to Surface(name=com.google.android.apps.nexuslauncher/com.google.android.apps.nexuslauncher.NexusLauncherActivity#425)/@0x2655911 applyImmediately: false
03-05 09:10:17.915 D/BaseDepthController( 1156): shouldBlurWorkspace: false targetState: Normal currentStableState: Normal mCurrentBlur: 0 mLauncher.getDepthBlurTargets(): [com.android.launcher3.Workspace{ba05df4 V.ED..... ......ID 0,0-1080,2400 #7f0a049d app:id/workspace}, com.android.launcher3.Hotseat{a704a76 V.ED..... ......ID 0,1905-1080,2400 #7f0a01ee app:id/hotseat}]
03-05 09:10:17.915 V/BaseDepthController( 1156): Applying blur: 0 to Surface(name=com.google.android.apps.nexuslauncher/com.google.android.apps.nexuslauncher.NexusLauncherActivity#425)/@0x2655911 applyImmediately: false
03-05 09:10:17.915 D/BaseDepthController( 1156): shouldBlurWorkspace: false targetState: Normal currentStableState: Normal mCurrentBlur: 0 mLauncher.getDepthBlurTargets(): [com.android.launcher3.Workspace{ba05df4 V.ED..... ......ID 0,0-1080,2400 #7f0a049d app:id/workspace}, com.android.launcher3.Hotseat{a704a76 V.ED..... ......ID 0,1905-1080,2400 #7f0a01ee app:id/hotseat}]
03-05 09:10:17.915 D/ScalingWorkspaceRevealAnim( 1156): onAnimationEnd, workspace and hotseat are visible
03-05 09:10:17.916 V/BaseDepthController( 1156): Applying blur: 0 to Surface(name=com.google.android.apps.nexuslauncher/com.google.android.apps.nexuslauncher.NexusLauncherActivity#425)/@0x2655911 applyImmediately: false
03-05 09:10:17.916 D/BaseDepthController( 1156): shouldBlurWorkspace: false targetState: Normal currentStableState: Normal mCurrentBlur: 0 mLauncher.getDepthBlurTargets(): [com.android.launcher3.Workspace{ba05df4 V.ED..... ......ID 0,0-1080,2400 #7f0a049d app:id/workspace}, com.android.launcher3.Hotseat{a704a76 V.ED..... ......ID 0,1905-1080,2400 #7f0a01ee app:id/hotseat}]
03-05 09:10:17.920 V/WindowManagerShell( 1018): Received remote transition finished callback for (#39)
03-05 09:10:17.920 V/WindowManagerShell( 1018): Transition animation finished (aborted=false), notifying core (#39) android.os.BinderProxy@ef9f1f0@0
03-05 09:10:17.928 V/WindowManager(  767): Finish Transition (#39): created at 03-05 09:10:17.462 collect-started=0.235ms request-sent=0.805ms started=326.145ms ready=332.897ms sent=420.014ms commit=33.572ms finished=465.15ms
03-05 09:10:17.929 W/libbinder.IPCThreadState(  767): Sending oneway calls to frozen process.
03-05 09:10:17.932 I/ImeTracker(  767): system_server:bfa5bc25: onRequestHide at ORIGIN_SERVER reason IME_REQUESTED_CHANGED_LISTENER fromUser false
03-05 09:10:17.933 I/ImeTracker(  767): system_server:bfa5bc25: onCancelled at PHASE_SERVER_SHOULD_HIDE
03-05 09:10:17.954 V/WindowManagerShell( 1018): Track 0 became idle
03-05 09:10:17.954 V/WindowManagerShell( 1018): All active transition animations finished
03-05 09:10:17.954 D/b/417220811( 1156): invalidateLoadedTasks - previous requestLoadId: -1
03-05 09:10:17.966 V/ShellTaskOrganizer( 1018): Task vanished taskId=183
03-05 09:10:17.968 V/ShellTaskOrganizer( 1018): Fullscreen Task Vanished: #183
03-05 09:10:17.969 D/ShellDesktopMode( 1018): AppToWebRepository: Task 183 is vanishing. Removing task data from repository
03-05 09:10:17.980 D/BaseActivity( 1156): Launcher flags updated: [state_started|state_resumed|state_deferred_resumed|state_window_focused|state_user_active] +[state_window_focused]
03-05 09:10:17.986 I/ImeTracker(  767): com.google.android.apps.nexuslauncher:7fd2d2fb: onRequestHide at ORIGIN_SERVER reason HIDE_UNSPECIFIED_WINDOW fromUser false
03-05 09:10:17.987 W/libbinder.IPCThreadState(  767): Sending oneway calls to frozen process.
03-05 09:10:17.987 W/libbinder.IPCThreadState(  767): Sending oneway calls to frozen process.
03-05 09:10:18.008 I/GoogleInputMethodService( 1517): GoogleInputMethodService.onFinishInput():2113 
03-05 09:10:18.015 I/Module  ( 1517): DeviceLockedStatusModuleProvider$Module.updateDeviceLockedStatus():103 repeatCheckTimes = 0, locked = false
03-05 09:10:18.018 D/RecentsView( 1156): onTaskRemoved: 183, not handling task stack changes
03-05 09:10:18.019 D/RecentsView( 1156): onTaskRemoved: 183, not handling task stack changes
03-05 09:10:18.019 D/b/417220811( 1156): invalidateLoadedTasks - previous requestLoadId: -1
03-05 09:10:18.019 D/InsetsController( 1156): hide(ime())
03-05 09:10:18.020 I/ImeTracker( 1156): com.google.android.apps.nexuslauncher:7fd2d2fb: onCancelled at PHASE_CLIENT_ALREADY_HIDDEN
03-05 09:10:18.027 I/GoogleInputMethodService( 1517): GoogleInputMethodService.onStartInput():1384 onStartInput(EditorInfo{EditorInfo{packageName=com.google.android.apps.nexuslauncher, inputType=0, inputTypeString=NULL, enableLearning=false, autoCorrection=false, autoComplete=false, imeOptions=0, privateImeOptions=null, actionName=UNSPECIFIED, actionLabel=null, initialSelStart=-1, initialSelEnd=-1, initialCapsMode=0, label=null, fieldId=0, fieldName=null, extras=null, hintText=null, hintLocales=[]}}, false)
03-05 09:10:18.053 I/ImeTracker(  767): system_server:94e512ca: onRequestHide at ORIGIN_SERVER reason IME_REQUESTED_CHANGED_LISTENER fromUser false
03-05 09:10:18.055 I/Module  ( 1517): DeviceLockedStatusModuleProvider$Module.updateDeviceLockedStatus():103 repeatCheckTimes = 1, locked = false
03-05 09:10:18.055 W/NotificationCenter( 1517): NotificationCenter$NotificationQueue.notifyPendingNotificationsOnExecutor():877 Heavy notify work detected on UI thread: [mul->kpu, mul->kpu, mul->kpu, mul->lxh, mul->knd, mul->mtn, mul->okf, mul->kpu, mul->kpu, mul->kpu, mul->kpu, mul->hmz, mul->krx, mul->kpu, mul->iet, mul->god, mul->kpu, mul->mfg, mul->oyp, mul->kpu, mul->kpu, mul->kpu, mul->mte, mul->glg, mul->kpu, mul->kpu] takes 27ms
03-05 09:10:18.055 I/ImeTracker(  767): system_server:94e512ca: onCancelled at PHASE_SERVER_SHOULD_HIDE
03-05 09:10:18.056 W/PackageConfigPersister(  767): App-specific configuration not found for packageName: com.google.android.apps.nexuslauncher and userId: 0
03-05 09:10:18.069 W/ImageReader_JNI(  767): Unable to acquire a buffer item, very likely client tried to acquire more than maxImages buffers
03-05 09:10:18.095 I/artd    (11664): Starting artd
03-05 09:10:18.098 I/libbinder.AidlLazyServiceRegistrar(11664): Registering service artd
03-05 09:10:18.102 I/libbinder.AidlLazyServiceRegistrar(11664): Process has 1 (of 1 available) client(s) in use after notification artd has clients: 1
03-05 09:10:18.119 I/keystore2(  260): system/security/keystore2/src/maintenance.rs:615 - clearNamespace(r#APP, nspace=10234)
03-05 09:10:18.124 I/s.nexuslauncher( 1156): NativeAlloc concurrent mark compact GC freed 3203KB AllocSpace bytes, 4(208KB) LOS objects, 49% free, 6009KB/11MB, paused 317us,4.942ms total 187.720ms
03-05 09:10:18.125 W/s.nexuslauncher( 1156): Reducing the number of considered missed Gc histogram windows from 111 to 100
03-05 09:10:18.137 I/AppsFilter(  767): interaction: PackageSetting{b961a21 com.android.microdroid.empty_payload/10214} -> PackageSetting{47b3174 com.sportpass.app/10234} BLOCKED
03-05 09:10:18.137 I/AppsFilter(  767): interaction: PackageSetting{b06a807 com.example.damascus_pass/10220} -> PackageSetting{47b3174 com.sportpass.app/10234} BLOCKED
03-05 09:10:18.138 I/AppsFilter(  767): interaction: PackageSetting{b961a21 com.android.microdroid.empty_payload/10214} -> PackageSetting{47b3174 com.sportpass.app/10234} BLOCKED
03-05 09:10:18.138 I/AppsFilter(  767): interaction: PackageSetting{b06a807 com.example.damascus_pass/10220} -> PackageSetting{47b3174 com.sportpass.app/10234} BLOCKED
03-05 09:10:18.158 D/ActivityManager(  767): sync unfroze 4343 com.google.android.documentsui for 3
03-05 09:10:18.202 I/AppSearchManagerService(  767): Handling android.intent.action.PACKAGE_DATA_CLEARED broadcast on package: com.sportpass.app
03-05 09:10:18.214 D/ShortcutService(  767): received package broadcast intent: Intent { act=android.intent.action.PACKAGE_DATA_CLEARED dat=package: flg=0x5000010 (has extras) }
03-05 09:10:18.227 D/CarrierSvcBindHelper( 1146): onHandleForceStop: [com.sportpass.app]
03-05 09:10:18.230 D/CarrierSvcBindHelper( 1146): No carrier app for: 0
03-05 09:10:18.231 W/System  ( 1156): A resource failed to call release. 
03-05 09:10:18.231 W/System  ( 1156): A resource failed to call release. 
03-05 09:10:18.231 W/System  ( 1156): A resource failed to call release. 
03-05 09:10:18.242 D/ShortcutService(  767): clearing data for package: com.sportpass.app userId=0
03-05 09:10:18.246 D/ActivityManager(  767): sync unfroze 4229 com.android.chrome for 3
03-05 09:10:18.250 W/System  ( 1156): A resource failed to call release. 
03-05 09:10:18.250 W/System  ( 1156): A resource failed to call release. 
03-05 09:10:18.250 W/System  ( 1156): A resource failed to call release. 
03-05 09:10:18.273 I/Zygote  (  541): Process 4531 exited due to signal 9 (Killed)
03-05 09:10:18.275 D/ActivityManager(  767): sync unfroze 3216 com.android.vending:background for 3
03-05 09:10:18.283 E/BpTransactionCompletedListener(  607): Failed to transact (-32)
03-05 09:10:18.284 E/BpTransactionCompletedListener(  607): Failed to transact (-32)
03-05 09:10:18.302 V/ActivityManager(  767): Got obituary of 4531:com.sportpass.app
03-05 09:10:18.302 W/ActivityManager(  767): setHasOverlayUi called on unknown pid: 4531
03-05 09:10:18.314 I/libprocessgroup(  767): Removed cgroup /sys/fs/cgroup/apps/uid_10234/pid_4531
03-05 09:10:18.323 I/Finsky:background( 3216): [2] Memory trim requested to level 40
03-05 09:10:18.326 W/oid.documentsui( 4343): userfaultfd: MOVE ioctl seems unsupported: Connection timed out
03-05 09:10:18.336 I/Finsky:background( 3216): [2] Memory trim requested to level 40
03-05 09:10:18.371 I/Finsky:background( 3216): [41] Stats for Executor: bgExecutor uww@255a63a[Running, pool size = 4, active threads = 0, queued tasks = 0, completed tasks = 67]
03-05 09:10:18.371 I/Finsky:background( 3216): [41] Stats for Executor: LightweightExecutor uww@8ca75de[Running, pool size = 3, active threads = 0, queued tasks = 3, completed tasks = 388]
03-05 09:10:18.371 I/Finsky:background( 3216): [41] Stats for Executor: BlockingExecutor uww@42c35d1[Running, pool size = 0, active threads = 0, queued tasks = 0, completed tasks = 18]
03-05 09:10:18.426 D/ActivityManager(  767): sync unfroze 1615 com.google.android.gms for 6
03-05 09:10:18.429 I/Finsky:background( 3216): [42] Current account updated in PVS
03-05 09:10:18.430 I/Finsky:background( 3216): [42] Current account updated in PVS
03-05 09:10:18.430 I/Finsky:background( 3216): [42] Current account updated in PVS
03-05 09:10:18.431 I/Finsky:background( 3216): [42] Current account updated in PVS
03-05 09:10:18.432 I/Finsky:background( 3216): [42] Current account updated in PVS
03-05 09:10:18.432 I/Finsky:background( 3216): [42] Current account updated in PVS
03-05 09:10:18.432 I/Finsky:background( 3216): [42] Current account updated in PVS
03-05 09:10:18.437 I/Finsky:background( 3216): [42] Current account updated in PVS
03-05 09:10:18.438 I/Finsky:background( 3216): [42] Current account updated in PVS
03-05 09:10:18.439 I/Finsky:background( 3216): [42] Current account updated in PVS
03-05 09:10:18.450 I/Finsky:background( 3216): [42] Current account updated in PVS
03-05 09:10:18.455 W/.android.chrome( 4229): userfaultfd: MOVE ioctl seems unsupported: Connection timed out
03-05 09:10:18.462 W/oid.documentsui( 4343): Reducing the number of considered missed Gc histogram windows from 202 to 100
03-05 09:10:18.469 D/ActivityManager(  767): sync unfroze 4212 com.android.externalstorage for 7
03-05 09:10:18.484 W/.android.chrome( 4229): Reducing the number of considered missed Gc histogram windows from 202 to 100
03-05 09:10:18.486 W/AppSearchManagerService(  767): Received persistToDisk call. Use AppSearchManagerService persistence schedule.
03-05 09:10:18.502 W/externalstorage( 4212): userfaultfd: MOVE ioctl seems unsupported: Connection timed out
03-05 09:10:18.506 W/externalstorage( 4212): Reducing the number of considered missed Gc histogram windows from 202 to 100
03-05 09:10:18.516 I/Finsky:background( 3216): [42] Current account updated in PVS
03-05 09:10:18.517 D/ActivityManager(  767): sync unfroze 4387 com.google.android.apps.docs for 7
03-05 09:10:18.529 I/Finsky:background( 3216): [44] Current account updated in PVS
03-05 09:10:18.529 I/Finsky:background( 3216): [44] Current account updated in PVS
03-05 09:10:18.595 I/Finsky:background( 3216): [47] RECEIVER_ENGAGE_PACKAGE_CHANGED#logWorkEndAndFinishGoAsync: SUCCESS
03-05 09:10:18.604 I/Finsky:background( 3216): [44] Current account updated in PVS
03-05 09:10:18.642 I/MediaServiceV2( 1605): Creating work for intent Intent { act=android.intent.action.PACKAGE_DATA_CLEARED dat=package: flg=0x5000010 cmp=com.google.android.providers.media.module/com.android.providers.media.MediaServiceV2 (has extras) }
03-05 09:10:18.645 I/MediaServiceV2( 1605): Work enqueued for intent: Intent { act=android.intent.action.PACKAGE_DATA_CLEARED dat=package: flg=0x5000010 cmp=com.google.android.providers.media.module/com.android.providers.media.MediaServiceV2 (has extras) }
03-05 09:10:18.656 E/GoogleApiManager( 4387): Failed to get service from broker. 
03-05 09:10:18.656 E/GoogleApiManager( 4387): java.lang.SecurityException: Unknown calling package name 'com.google.android.gms'.
03-05 09:10:18.656 E/GoogleApiManager( 4387): 	at android.os.Parcel.createExceptionOrNull(Parcel.java:3373)
03-05 09:10:18.656 E/GoogleApiManager( 4387): 	at android.os.Parcel.createException(Parcel.java:3357)
03-05 09:10:18.656 E/GoogleApiManager( 4387): 	at android.os.Parcel.readException(Parcel.java:3340)
03-05 09:10:18.656 E/GoogleApiManager( 4387): 	at android.os.Parcel.readException(Parcel.java:3282)
03-05 09:10:18.656 E/GoogleApiManager( 4387): 	at bdxl.a(:com.google.android.gms@260235038@26.02.35 (260800-862924022):36)
03-05 09:10:18.656 E/GoogleApiManager( 4387): 	at bdvm.z(:com.google.android.gms@260235038@26.02.35 (260800-862924022):143)
03-05 09:10:18.656 E/GoogleApiManager( 4387): 	at bdbo.run(:com.google.android.gms@260235038@26.02.35 (260800-862924022):42)
03-05 09:10:18.656 E/GoogleApiManager( 4387): 	at android.os.Handler.handleCallback(Handler.java:1070)
03-05 09:10:18.656 E/GoogleApiManager( 4387): 	at android.os.Handler.dispatchMessage(Handler.java:125)
03-05 09:10:18.656 E/GoogleApiManager( 4387): 	at crvf.mD(:com.google.android.gms@260235038@26.02.35 (260800-862924022):1)
03-05 09:10:18.656 E/GoogleApiManager( 4387): 	at crvf.dispatchMessage(:com.google.android.gms@260235038@26.02.35 (260800-862924022):5)
03-05 09:10:18.656 E/GoogleApiManager( 4387): 	at android.os.Looper.dispatchMessage(Looper.java:333)
03-05 09:10:18.656 E/GoogleApiManager( 4387): 	at android.os.Looper.loopOnce(Looper.java:263)
03-05 09:10:18.656 E/GoogleApiManager( 4387): 	at android.os.Looper.loop(Looper.java:367)
03-05 09:10:18.656 E/GoogleApiManager( 4387): 	at android.os.HandlerThread.run(HandlerThread.java:139)
03-05 09:10:18.657 W/GoogleApiManager( 4387): Not showing notification since connectionResult is not user-facing: ConnectionResult{statusCode=DEVELOPER_ERROR, resolution=null, message=null, clientMethodKey=null}
03-05 09:10:18.660 I/Fitness ( 1313): (REDACTED) FitCleanupIntentOperation received Intent %s
03-05 09:10:18.674 D/FileUtils(  767): Rounded bytes from 2061942784 to 4000000000
03-05 09:10:18.682 W/JobInfo ( 1605): Requested important-while-foreground flag for job124 is ignored and takes no effect
03-05 09:10:18.682 D/WM-SystemJobScheduler( 1605): Scheduling work ID 50e15c72-d0b8-45b5-8071-5e10b10eb471Job ID 124
03-05 09:10:18.686 I/Finsky:background( 3216): [2] Memory trim requested to level 40
03-05 09:10:18.690 D/SafetySourceDataValidat(  767): No cert check requested for package com.google.android.permissioncontroller
03-05 09:10:18.691 I/Finsky:background( 3216): [2] Current account updated in PVS
03-05 09:10:18.704 D/WM-SystemJobService( 1605): onStartJob for WorkGenerationalId(workSpecId=50e15c72-d0b8-45b5-8071-5e10b10eb471, generation=0)
03-05 09:10:18.704 D/WM-GreedyScheduler( 1605): Ignoring {WorkSpec: cf45e1ef-e494-4551-9393-77631b533c5a}. Requires device idle.
03-05 09:10:18.705 D/WM-GreedyScheduler( 1605): Ignoring {WorkSpec: a4d9d5a1-b1cb-4921-bb97-5a8716d538ca}. Requires device idle.
03-05 09:10:18.705 D/WM-GreedyScheduler( 1605): Ignoring {WorkSpec: 3785cbf9-d338-4e01-8ddf-70a1276573a7}. Requires device idle.
03-05 09:10:18.705 D/WM-GreedyScheduler( 1605): Ignoring {WorkSpec: 71766563-693e-4a7a-bc92-64853f480048}. Requires device idle.
03-05 09:10:18.705 D/WM-GreedyScheduler( 1605): Starting work for 50e15c72-d0b8-45b5-8071-5e10b10eb471
03-05 09:10:18.707 I/ProvidersCache( 4343): Provider returned no roots. Possibly naughty: com.google.android.apps.docs.storage
03-05 09:10:18.711 D/WM-Processor( 1605): Processor: processing WorkGenerationalId(workSpecId=50e15c72-d0b8-45b5-8071-5e10b10eb471, generation=0)
03-05 09:10:18.711 D/WM-Processor( 1605): Work WorkGenerationalId(workSpecId=50e15c72-d0b8-45b5-8071-5e10b10eb471, generation=0) is already enqueued for processing
03-05 09:10:18.714 D/PersistedStoragePackageUninstalledReceiver( 3930): Received android.intent.action.PACKAGE_DATA_CLEARED for com.sportpass.app for u0
03-05 09:10:18.717 D/WM-WorkerWrapper( 1605): Starting work for com.android.providers.media.MediaServiceV2
03-05 09:10:18.726 I/MediaServiceV2( 1605): Work initiated for action [ android.intent.action.PACKAGE_DATA_CLEARED ]
03-05 09:10:18.728 D/MediaProvider( 1605): Deleted 0 Android/media items belonging to com.sportpass.app on /data/user/0/com.google.android.providers.media.module/databases/external.db
03-05 09:10:18.734 I/FuseDaemon( 1605): Waiting for a blocking GC ProfileSaver
03-05 09:10:18.894 I/HalDevMgr(  767): bestIfaceCreationProposal is null, requestIface=STA, existingIface=[name=wlan0 type=STA]
03-05 09:10:19.056 D/InetDiagMessage(  767): Destroyed 0 sockets, proto=IPPROTO_TCP, family=AF_INET, states=14
03-05 09:10:19.056 D/InetDiagMessage(  767): Destroyed 0 sockets, proto=IPPROTO_TCP, family=AF_INET6, states=14
03-05 09:10:19.056 D/InetDiagMessage(  767): Destroyed live tcp sockets for uids={10162} in 1ms
03-05 09:10:19.056 D/InetDiagMessage(  767): Destroyed 0 sockets, proto=IPPROTO_TCP, family=AF_INET, states=14
03-05 09:10:19.056 D/InetDiagMessage(  767): Destroyed 0 sockets, proto=IPPROTO_TCP, family=AF_INET6, states=14
03-05 09:10:19.056 D/InetDiagMessage(  767): Destroyed live tcp sockets for uids={20162} in 0ms
03-05 09:10:19.214 W/ActivityTaskManager(  767): callingPackage for (uid=2000, pid=11705) has no WPC
03-05 09:10:19.215 V/WindowManager(  767): DesktopModeLaunchParamsModifier: phase= 0 task=null activity=null display-area-from-current-params=null display-area-from-default-fallback=DefaultTaskDisplayArea@201301039 display-id=0 task-display-area-windowing-mode=1 suggested-display-area=DefaultTaskDisplayArea@201301039 task null, skipping
03-05 09:10:19.215 V/WindowManager(  767): TaskLaunchParamsModifier:phase=0 task=null activity=null display-area-from-current-params=null display-area-from-default-fallback=DefaultTaskDisplayArea@201301039 display-id=0 task-display-area-windowing-mode=1 suggested-display-area=DefaultTaskDisplayArea@201301039
03-05 09:10:19.216 V/GrammaticalInflectionUtils(  767): AttributionSource: android.content.AttributionSource@a48a138c does not have READ_SYSTEM_GRAMMATICAL_GENDER permission.
03-05 09:10:19.218 V/WindowManager(  767): DesktopModeLaunchParamsModifier: phase= 0 task=null activity=ActivityRecord{133193481 u0 com.sportpass.app/.MainActivity display-area-from-current-params=null display-area-from-default-fallback=DefaultTaskDisplayArea@201301039 display-id=0 task-display-area-windowing-mode=1 suggested-display-area=DefaultTaskDisplayArea@201301039 task null, skipping
03-05 09:10:19.218 V/WindowManager(  767): TaskLaunchParamsModifier:phase=0 task=null activity=ActivityRecord{133193481 u0 com.sportpass.app/.MainActivity t-1} display-area-from-current-params=null display-area-from-default-fallback=DefaultTaskDisplayArea@201301039 display-id=0 task-display-area-windowing-mode=1 suggested-display-area=DefaultTaskDisplayArea@201301039
03-05 09:10:19.218 V/WindowManager(  767): DesktopModeLaunchParamsModifier: phase= 3 task=null activity=ActivityRecord{133193481 u0 com.sportpass.app/.MainActivity t-1} display-area-from-current-params=null display-area-from-default-fallback=DefaultTaskDisplayArea@201301039 display-id=0 task-display-area-windowing-mode=1 suggested-display-area=DefaultTaskDisplayArea@201301039 task null, skipping
03-05 09:10:19.218 V/WindowManager(  767): TaskLaunchParamsModifier:phase=3 task=null activity=ActivityRecord{133193481 u0 com.sportpass.app/.MainActivity t-1} display-area-from-current-params=null display-area-from-default-fallback=DefaultTaskDisplayArea@201301039 display-id=0 task-display-area-windowing-mode=1 suggested-display-area=DefaultTaskDisplayArea@201301039 non-freeform-task-display-area display-area=DefaultTaskDisplayArea@201301039 skip-bounds-fullscreen
03-05 09:10:19.224 V/WindowManager(  767): DesktopModeLaunchParamsModifier: phase= 3 task=Task{843650e #184 type=standard I=com.sportpass.app/.MainActivity} activity=ActivityRecord{133193481 u0 com.sportpass.app/.MainActivity t-1} display-from-task=0 display-id=0 task-display-area-windowing-mode=1 suggested-display-area=DefaultTaskDisplayArea@201301039 not entering desktop mode, skipping
