03-05 08:44:40.806 W/libbinder.IPCThreadState(  767): Sending oneway calls to frozen process.
03-05 08:44:40.806 W/libbinder.IPCThreadState(  767): Sending oneway calls to frozen process.
03-05 08:44:40.807 W/libbinder.IPCThreadState(  767): Sending oneway calls to frozen process.
03-05 08:44:40.807 W/libbinder.IPCThreadState(  767): Sending oneway calls to frozen process.
03-05 08:44:40.807 W/libbinder.IPCThreadState(  767): Sending oneway calls to frozen process.
03-05 08:44:40.807 D/BatterySaverPolicy(  767): accessibility changed to false, updating policy.
03-05 08:44:40.809 E/mapper.ranchu( 9696): getStandardMetadataImpl:886 failure: UNSUPPORTED: id=242: unexpected standardMetadataType=21
03-05 08:44:40.815 D/AndroidRuntime( 9759): Shutting down VM
03-05 08:44:40.817 W/libbinder.IPCThreadState( 9759): call to talkWithDriver in joinThreadPool returned error: -9 (Bad file descriptor), FD: -1
03-05 08:44:40.817 W/libbinder.IPCThreadState( 9759): call to talkWithDriver in joinThreadPool returned error: -9 (Bad file descriptor), FD: -1
03-05 08:44:40.817 W/libbinder.IPCThreadState( 9759): call to talkWithDriver in joinThreadPool returned error: -9 (Bad file descriptor), FD: -1
03-05 08:44:40.818 W/libbinder.IPCThreadState( 9759): call to talkWithDriver in joinThreadPool returned error: -9 (Bad file descriptor), FD: -1
03-05 08:44:40.837 E/mapper.ranchu( 9696): getStandardMetadataImpl:886 failure: UNSUPPORTED: id=243: unexpected standardMetadataType=21
03-05 08:44:41.142 I/HalDevMgr(  767): bestIfaceCreationProposal is null, requestIface=STA, existingIface=[name=wlan0 type=STA]
03-05 08:44:41.185 E/mapper.ranchu( 9696): getStandardMetadataImpl:886 failure: UNSUPPORTED: id=241: unexpected standardMetadataType=21
03-05 08:44:41.225 E/mapper.ranchu( 9696): getStandardMetadataImpl:886 failure: UNSUPPORTED: id=240: unexpected standardMetadataType=21
03-05 08:44:41.483 E/mapper.ranchu( 9696): getStandardMetadataImpl:886 failure: UNSUPPORTED: id=242: unexpected standardMetadataType=21
03-05 08:44:41.863 D/InetDiagMessage(  767): Destroyed 0 sockets, proto=IPPROTO_TCP, family=AF_INET, states=14
03-05 08:44:41.864 D/InetDiagMessage(  767): Destroyed 0 sockets, proto=IPPROTO_TCP, family=AF_INET6, states=14
03-05 08:44:41.864 D/InetDiagMessage(  767): Destroyed live tcp sockets for uids={10162} in 2ms
03-05 08:44:41.864 D/InetDiagMessage(  767): Destroyed 0 sockets, proto=IPPROTO_TCP, family=AF_INET, states=14
03-05 08:44:41.865 D/InetDiagMessage(  767): Destroyed 0 sockets, proto=IPPROTO_TCP, family=AF_INET6, states=14
03-05 08:44:41.865 D/InetDiagMessage(  767): Destroyed live tcp sockets for uids={20162} in 1ms
03-05 08:44:42.006 E/mapper.ranchu( 9696): getStandardMetadataImpl:886 failure: UNSUPPORTED: id=243: unexpected standardMetadataType=21
03-05 08:44:42.015 D/AndroidRuntime( 9816): >>>>>> START com.android.internal.os.RuntimeInit uid 2000 <<<<<<
03-05 08:44:42.023 I/AndroidRuntime( 9816): Using default boot image
03-05 08:44:42.023 I/AndroidRuntime( 9816): Leaving lock profiling enabled
03-05 08:44:42.026 I/app_process( 9816): Using CollectorTypeCMC GC.
03-05 08:44:42.270 D/nativeloader( 9816): InitDefaultPublicLibraries for_preload=1: libandroid.so:libaaudio.so:libamidi.so:libbinder_ndk.so:libc.so:libcamera2ndk.so:libdl.so:libEGL.so:libGLESv1_CM.so:libGLESv2.so:libGLESv3.so:libicu.so:libicui18n.so:libicuuc.so:libjnigraphics.so:liblog.so:libmediandk.so:libm.so:libnativehelper.so:libnativewindow.so:libOpenMAXAL.so:libOpenSLES.so:libRS.so:libstdc++.so:libsync.so:libvulkan.so:libwebviewchromium_plat_support.so:libz.so
03-05 08:44:42.286 D/nativeloader( 9816): Load libicu_jni.so using APEX ns com_android_art for caller /apex/com.android.art/javalib/core-oj.jar: ok
03-05 08:44:42.287 D/app_process( 9816): u_setTimeZoneFilesDirectory("/apex/com.android.tzdata/etc/tz/versioned/9/icu") succeeded. 
03-05 08:44:42.288 D/app_process( 9816): I18n APEX ICU file found: /apex/com.android.i18n/etc/icu/icudt76l.dat
03-05 08:44:42.289 D/nativeloader( 9816): Load libjavacore.so using APEX ns com_android_art for caller /apex/com.android.art/javalib/core-oj.jar: ok
03-05 08:44:42.290 D/nativeloader( 9816): Load libopenjdk.so using APEX ns com_android_art for caller /apex/com.android.art/javalib/core-oj.jar: ok
03-05 08:44:42.292 I/app_process( 9816): Priority-to-niceness mapping: 19, 16, 13, 10, 0, -2, -4, -5, -6, -8
03-05 08:44:42.292 W/app_process( 9816): Unexpected CPU variant for x86: x86_64.
03-05 08:44:42.292 W/app_process( 9816): Known variants: atom, sandybridge, silvermont, goldmont, goldmont-plus, goldmont-without-sha-xsaves, tremont, kabylake, alderlake, default
03-05 08:44:42.295 W/app_process( 9816): ClassLoaderContext shared library size mismatch. Expected=2, found=0 (PCL[]{PCL[/system/framework/android.test.base.jar*1653369819]#PCL[/system/framework/android.test.mock.jar*1009639922]} | PCL[])
03-05 08:44:42.296 W/app_process( 9816): ClassLoaderContext classpath size mismatch. expected=0, found=1 (PCL[]{PCL[/system/framework/android.test.runner.jar*3954641918]{PCL[/system/framework/android.test.base.jar*1653369819]#PCL[/system/framework/android.test.mock.jar*1009639922]}#PCL[/system/framework/android.test.base.jar*1653369819]} | PCL[/system/framework/android.test.runner.jar*3954641918])
03-05 08:44:42.323 D/InetDiagMessage(  767): Destroyed 0 sockets, proto=IPPROTO_TCP, family=AF_INET, states=14
03-05 08:44:42.324 D/InetDiagMessage(  767): Destroyed 0 sockets, proto=IPPROTO_TCP, family=AF_INET6, states=14
03-05 08:44:42.324 D/InetDiagMessage(  767): Destroyed live tcp sockets for uids={10152} in 3ms
03-05 08:44:42.324 D/InetDiagMessage(  767): Destroyed 0 sockets, proto=IPPROTO_TCP, family=AF_INET, states=14
03-05 08:44:42.324 D/InetDiagMessage(  767): Destroyed 0 sockets, proto=IPPROTO_TCP, family=AF_INET6, states=14
03-05 08:44:42.324 D/InetDiagMessage(  767): Destroyed live tcp sockets for uids={20152} in 1ms
03-05 08:44:42.357 D/nativeloader( 9816): Load libframework-connectivity-tiramisu-jni.so using APEX ns com_android_tethering for caller /apex/com.android.tethering/javalib/framework-connectivity-t.jar: ok
03-05 08:44:42.358 D/AndroidRuntime( 9816): Calling main entry com.android.commands.uiautomator.Launcher
03-05 08:44:42.366 I/AconfigPackage( 9816): android.media.swcodec.flags is mapped to com.android.media.swcodec
03-05 08:44:42.366 I/AconfigPackage( 9816): com.android.permission.flags is mapped to com.android.permission
03-05 08:44:42.366 I/AconfigPackage( 9816): com.android.permissioncontroller.flags is mapped to com.android.permission
03-05 08:44:42.366 I/AconfigPackage( 9816): com.android.icu is mapped to com.android.i18n
03-05 08:44:42.366 I/AconfigPackage( 9816): com.android.appsearch.flags is mapped to com.android.appsearch
03-05 08:44:42.366 I/AconfigPackage( 9816): android.uprobestats.mainline.flags is mapped to com.android.uprobestats
03-05 08:44:42.366 I/AconfigPackage( 9816): com.android.crashrecovery.flags is mapped to com.android.crashrecovery
03-05 08:44:42.367 I/AconfigPackage( 9816): android.provider.flags is mapped to com.android.configinfrastructure
03-05 08:44:42.367 I/AconfigPackage( 9816): com.android.server.deviceconfig is mapped to com.android.configinfrastructure
03-05 08:44:42.367 I/AconfigPackage( 9816): com.android.compos.flags is mapped to com.android.compos
03-05 08:44:42.367 I/AconfigPackage( 9816): com.android.art.flags is mapped to com.android.art
03-05 08:44:42.367 I/AconfigPackage( 9816): com.android.art.rw.flags is mapped to com.android.art
03-05 08:44:42.367 I/AconfigPackage( 9816): com.android.libcore is mapped to com.android.art
03-05 08:44:42.367 I/AconfigPackage( 9816): com.android.telephony.flags is mapped to com.android.telephonycore
03-05 08:44:42.367 I/AconfigPackage( 9816): com.android.media.extractor.flags is mapped to com.android.media
03-05 08:44:42.367 I/AconfigPackage( 9816): com.android.media.mainline.flags is mapped to com.android.media
03-05 08:44:42.367 I/AconfigPackage( 9816): com.android.wifi.flags is mapped to com.android.wifi
03-05 08:44:42.368 I/AconfigPackage( 9816): com.android.org.conscrypt.flags is mapped to com.android.conscrypt
03-05 08:44:42.368 I/AconfigPackage( 9816): com.android.org.conscrypt.net.flags is mapped to com.android.conscrypt
03-05 08:44:42.368 I/AconfigPackage( 9816): com.android.healthfitness.flags is mapped to com.android.healthfitness
03-05 08:44:42.368 I/AconfigPackage( 9816): com.android.ipsec.flags is mapped to com.android.ipsec
03-05 08:44:42.368 I/AconfigPackage( 9816): com.android.nfc.module.flags is mapped to com.android.nfcservices
03-05 08:44:42.368 I/AconfigPackage( 9816): com.android.adservices.ondevicepersonalization.flags is mapped to com.android.ondevicepersonalization
03-05 08:44:42.368 I/AconfigPackage( 9816): com.android.adbd.flags is mapped to com.android.adbd
03-05 08:44:42.369 I/AconfigPackage( 9816): com.android.bluetooth.flags is mapped to com.android.bt
03-05 08:44:42.369 I/AconfigPackage( 9816): com.android.devicelock.flags is mapped to com.android.devicelock
03-05 08:44:42.369 I/AconfigPackage( 9816): android.os.profiling is mapped to com.android.profiling
03-05 08:44:42.369 I/AconfigPackage( 9816): android.os.profiling.anomaly.flags is mapped to com.android.profiling
03-05 08:44:42.370 I/AconfigPackage( 9816): com.android.os.statsd.flags is mapped to com.android.os.statsd
03-05 08:44:42.370 I/AconfigPackage( 9816): com.android.rkpd.flags is mapped to com.android.rkpd
03-05 08:44:42.370 I/AconfigPackage( 9816): com.android.cellbroadcastreceiver.flags is mapped to com.android.cellbroadcast
03-05 08:44:42.371 I/AconfigPackage( 9816): com.android.adservices.flags is mapped to com.android.adservices
03-05 08:44:42.371 I/AconfigPackage( 9816): com.android.sdksandbox.flags is mapped to com.android.adservices
03-05 08:44:42.371 I/AconfigPackage( 9816): com.android.uwb.flags is mapped to com.android.uwb
03-05 08:44:42.371 I/AconfigPackage( 9816): com.android.ranging.flags is mapped to com.android.uwb
03-05 08:44:42.371 I/AconfigPackage( 9816): android.graphics.pdf.flags is mapped to com.android.mediaprovider
03-05 08:44:42.371 I/AconfigPackage( 9816): com.android.providers.media.flags is mapped to com.android.mediaprovider
03-05 08:44:42.371 I/AconfigPackage( 9816): android.graphics.pdf.flags.readonly is mapped to com.android.mediaprovider
03-05 08:44:42.371 I/AconfigPackage( 9816): com.android.tethering.mainline.beta is mapped to com.android.tethering
03-05 08:44:42.371 I/AconfigPackage( 9816): android.net.http is mapped to com.android.tethering
03-05 08:44:42.371 I/AconfigPackage( 9816): com.android.tethering.readonly.flags is mapped to com.android.tethering
03-05 08:44:42.371 I/AconfigPackage( 9816): android.net.vcn is mapped to com.android.tethering
03-05 08:44:42.371 I/AconfigPackage( 9816): com.android.net.flags is mapped to com.android.tethering
03-05 08:44:42.371 I/AconfigPackage( 9816): com.android.tethering.beta.test is mapped to com.android.tethering
03-05 08:44:42.371 I/AconfigPackage( 9816): com.android.nearby.flags is mapped to com.android.tethering
03-05 08:44:42.371 I/AconfigPackage( 9816): com.android.net.ct.flags is mapped to com.android.tethering
03-05 08:44:42.371 I/AconfigPackage( 9816): com.android.net.thread.flags is mapped to com.android.tethering
03-05 08:44:42.371 I/AconfigPackage( 9816): com.android.system.virtualmachine.flags is mapped to com.android.virt
03-05 08:44:42.371 E/FeatureFlagsImplExport( 9816): android.os.flagging.AconfigStorageReadException: ERROR_PACKAGE_NOT_FOUND: package android.xr cannot be found on the device
03-05 08:44:42.375 D/UiAutomationConnection( 9816): Created on user UserHandle{0}
03-05 08:44:42.375 I/UiAutomation( 9816): Initialized for user 0 on display 0
03-05 08:44:42.375 W/UiAutomation( 9816): Created with deprecatead constructor, assumes DEFAULT_DISPLAY
03-05 08:44:42.377 D/AccessibilityManagerService(  767): changeCurrentUserForTestAutomationIfNeededLocked(0): ignoring because device doesn't support visible background users
03-05 08:44:42.378 I/UiAutomationManager(  767): Registering UiTestAutomationService (id=com.android.server.accessibility/UiAutomation, flags=0x0) when called by user 0
03-05 08:44:42.379 V/AccessibilityManagerService(  767): onUserStateChangedLocked for userId: 0, forceUpdate: false
03-05 08:44:42.382 V/AccessibilityUserState(  767): updateShortcutTargets: type:accessibility_shortcut_target_service, current:{}, new:{}
03-05 08:44:42.382 V/AccessibilityUserState(  767): updateShortcutTargets: type:accessibility_button_targets, current:{}, new:{}
03-05 08:44:42.382 V/AccessibilityUserState(  767): updateShortcutTargets: type:accessibility_gesture_targets, current:{}, new:{}
03-05 08:44:42.382 V/AccessibilityUserState(  767): updateShortcutTargets: type:accessibility_qs_targets, current:{}, new:{}
03-05 08:44:42.382 V/AccessibilityUserState(  767): updateShortcutTargets: type:accessibility_key_gesture_targets, current:{}, new:{}
03-05 08:44:42.382 W/MagnificationConnectionManager(  767): requestConnection duplicated request: connect=false, mConnectionState=DISCONNECTED
03-05 08:44:42.385 I/AiAiEcho( 1593): Settings changed for uri: content://settings/secure/accessibility_enabled
03-05 08:44:42.387 W/libbinder.IPCThreadState(  767): Sending oneway calls to frozen process.
03-05 08:44:42.389 W/libbinder.IPCThreadState(  767): Sending oneway calls to frozen process.
03-05 08:44:42.389 W/libbinder.IPCThreadState(  767): Sending oneway calls to frozen process.
03-05 08:44:42.390 W/libbinder.IPCThreadState(  767): Sending oneway calls to frozen process.
03-05 08:44:42.391 I/AiAiEcho( 1593): Predicting[0]:  [CONTEXT sampling_count=5 ]
03-05 08:44:42.391 W/libbinder.IPCThreadState(  767): Sending oneway calls to frozen process.
03-05 08:44:42.391 I/AiAiEcho( 1593): EchoTargets: 
03-05 08:44:42.391 I/AiAiEcho( 1593): Filtered by AiAi flag check: 
03-05 08:44:42.391 I/AiAiEcho( 1593): [CONTEXT ratelimit_period="10 SECONDS" ]
03-05 08:44:42.391 W/libbinder.IPCThreadState(  767): Sending oneway calls to frozen process.
03-05 08:44:42.391 W/libbinder.IPCThreadState(  767): Sending oneway calls to frozen process.
03-05 08:44:42.391 W/libbinder.IPCThreadState(  767): Sending oneway calls to frozen process.
03-05 08:44:42.392 W/libbinder.IPCThreadState(  767): Sending oneway calls to frozen process.
03-05 08:44:42.392 W/libbinder.IPCThreadState(  767): Sending oneway calls to frozen process.
03-05 08:44:42.392 W/libbinder.IPCThreadState(  767): Sending oneway calls to frozen process.
03-05 08:44:42.392 W/libbinder.IPCThreadState(  767): Sending oneway calls to frozen process.
03-05 08:44:42.392 D/BatterySaverPolicy(  767): accessibility changed to true, updating policy.
03-05 08:44:42.399 I/AiAiEcho( 1593): #remoteViewsTwiddler: feature disabled.
03-05 08:44:42.400 I/AiAiEcho( 1593): #postPredictionTargets: Sending updates to UISurface home with targets# 0 (types=[])
03-05 08:44:42.416 V/AccessibilityManagerService(  767): onUserStateChangedLocked for userId: 0, forceUpdate: false
03-05 08:44:42.430 E/mapper.ranchu( 9696): getStandardMetadataImpl:886 failure: UNSUPPORTED: id=241: unexpected standardMetadataType=21
03-05 08:44:42.430 V/AccessibilityUserState(  767): updateShortcutTargets: type:accessibility_shortcut_target_service, current:{}, new:{}
03-05 08:44:42.430 V/AccessibilityUserState(  767): updateShortcutTargets: type:accessibility_button_targets, current:{}, new:{}
03-05 08:44:42.430 V/AccessibilityUserState(  767): updateShortcutTargets: type:accessibility_gesture_targets, current:{}, new:{}
03-05 08:44:42.430 V/AccessibilityUserState(  767): updateShortcutTargets: type:accessibility_qs_targets, current:{}, new:{}
03-05 08:44:42.430 V/AccessibilityUserState(  767): updateShortcutTargets: type:accessibility_key_gesture_targets, current:{}, new:{}
03-05 08:44:42.430 W/MagnificationConnectionManager(  767): requestConnection duplicated request: connect=false, mConnectionState=DISCONNECTED
03-05 08:44:42.431 W/libbinder.IPCThreadState(  767): Sending oneway calls to frozen process.
03-05 08:44:42.431 W/libbinder.IPCThreadState(  767): Sending oneway calls to frozen process.
03-05 08:44:42.431 W/libbinder.IPCThreadState(  767): Sending oneway calls to frozen process.
03-05 08:44:42.431 W/libbinder.IPCThreadState(  767): Sending oneway calls to frozen process.
03-05 08:44:42.431 W/libbinder.IPCThreadState(  767): Sending oneway calls to frozen process.
03-05 08:44:42.432 W/libbinder.IPCThreadState(  767): Sending oneway calls to frozen process.
03-05 08:44:42.432 W/libbinder.IPCThreadState(  767): Sending oneway calls to frozen process.
03-05 08:44:42.432 W/libbinder.IPCThreadState(  767): Sending oneway calls to frozen process.
03-05 08:44:42.439 I/AiAiEcho( 1593): Settings changed for uri: content://settings/secure/accessibility_enabled
03-05 08:44:42.446 E/mapper.ranchu( 9696): getStandardMetadataImpl:886 failure: UNSUPPORTED: id=240: unexpected standardMetadataType=21
03-05 08:44:42.457 D/AccessibilityManagerService(  767): .getAccessibilityShortcutTargets {shortcutType=32, userId=0}
03-05 08:44:42.460 D/AccessibilitySourceService( 3930): enabled a11y services count 0
03-05 08:44:42.460 D/AccessibilitySourceService( 3930): a11y source sending 0 issue to sc
03-05 08:44:42.462 D/SafetySourceDataValidat(  767): No cert check requested for package com.google.android.permissioncontroller
03-05 08:44:42.474 I/AiAiEcho( 1593): Predicting[0]:  [CONTEXT sampling_count=5 ]
03-05 08:44:42.474 I/AiAiEcho( 1593): EchoTargets: 
03-05 08:44:42.474 I/AiAiEcho( 1593): Filtered by AiAi flag check: 
03-05 08:44:42.474 I/AiAiEcho( 1593): [CONTEXT ratelimit_period="10 SECONDS" ]
03-05 08:44:42.475 I/AiAiEcho( 1593): #remoteViewsTwiddler: feature disabled.
03-05 08:44:42.476 I/AiAiEcho( 1593): #postPredictionTargets: Sending updates to UISurface home with targets# 0 (types=[])
03-05 08:44:42.499 E/mapper.ranchu( 9696): getStandardMetadataImpl:886 failure: UNSUPPORTED: id=242: unexpected standardMetadataType=21
03-05 08:44:42.542 E/mapper.ranchu( 9696): getStandardMetadataImpl:886 failure: UNSUPPORTED: id=243: unexpected standardMetadataType=21
03-05 08:44:42.581 E/mapper.ranchu( 9696): getStandardMetadataImpl:886 failure: UNSUPPORTED: id=241: unexpected standardMetadataType=21
03-05 08:44:42.887 D/SatelliteController( 1146): iisInCarrierRoamingNbIotNtn: satellite is disabled
03-05 08:44:42.890 D/SatelliteController( 1146): getCarrierRoamingNtnConnectType: Falling back to global carrier config connect type: 0
03-05 08:44:42.891 W/libbinder.IPCThreadState(  767): Sending oneway calls to frozen process.
03-05 08:44:43.103 E/mapper.ranchu( 9696): getStandardMetadataImpl:886 failure: UNSUPPORTED: id=240: unexpected standardMetadataType=21
03-05 08:44:43.120 E/mapper.ranchu( 9696): getStandardMetadataImpl:886 failure: UNSUPPORTED: id=242: unexpected standardMetadataType=21
03-05 08:44:43.527 W/AccessibilityNodeInfoDumper( 9816): Fetch time: 12ms
03-05 08:44:43.539 E/mapper.ranchu( 9696): getStandardMetadataImpl:886 failure: UNSUPPORTED: id=243: unexpected standardMetadataType=21
03-05 08:44:43.553 E/mapper.ranchu( 9696): getStandardMetadataImpl:886 failure: UNSUPPORTED: id=241: unexpected standardMetadataType=21
03-05 08:44:43.555 V/AccessibilityManagerService(  767): onUserStateChangedLocked for userId: 0, forceUpdate: false
03-05 08:44:43.561 V/AccessibilityUserState(  767): updateShortcutTargets: type:accessibility_shortcut_target_service, current:{}, new:{}
03-05 08:44:43.562 V/AccessibilityUserState(  767): updateShortcutTargets: type:accessibility_button_targets, current:{}, new:{}
03-05 08:44:43.562 V/AccessibilityUserState(  767): updateShortcutTargets: type:accessibility_gesture_targets, current:{}, new:{}
03-05 08:44:43.562 V/AccessibilityUserState(  767): updateShortcutTargets: type:accessibility_qs_targets, current:{}, new:{}
03-05 08:44:43.562 V/AccessibilityUserState(  767): updateShortcutTargets: type:accessibility_key_gesture_targets, current:{}, new:{}
03-05 08:44:43.562 W/MagnificationConnectionManager(  767): requestConnection duplicated request: connect=false, mConnectionState=DISCONNECTED
03-05 08:44:43.563 D/AccessibilityManagerService(  767): restoreCurrentUserForTestAutomationIfNeededLocked(): ignoring because device doesn't support visible background users
03-05 08:44:43.565 W/libbinder.IPCThreadState(  767): Sending oneway calls to frozen process.
03-05 08:44:43.565 I/AiAiEcho( 1593): Settings changed for uri: content://settings/secure/accessibility_enabled
03-05 08:44:43.569 W/libbinder.IPCThreadState( 9816): call to talkWithDriver in joinThreadPool returned error: -9 (Bad file descriptor), FD: -1
03-05 08:44:43.569 W/libbinder.IPCThreadState( 9816): call to talkWithDriver in joinThreadPool returned error: -9 (Bad file descriptor), FD: -1
03-05 08:44:43.569 W/libbinder.IPCThreadState( 9816): call to talkWithDriver in joinThreadPool returned error: -9 (Bad file descriptor), FD: -1
03-05 08:44:43.570 W/libbinder.IPCThreadState(  767): Sending oneway calls to frozen process.
03-05 08:44:43.570 W/libbinder.IPCThreadState(  767): Sending oneway calls to frozen process.
03-05 08:44:43.570 W/libbinder.IPCThreadState(  767): Sending oneway calls to frozen process.
03-05 08:44:43.570 W/libbinder.IPCThreadState(  767): Sending oneway calls to frozen process.
03-05 08:44:43.571 W/libbinder.IPCThreadState(  767): Sending oneway calls to frozen process.
03-05 08:44:43.571 W/libbinder.IPCThreadState(  767): Sending oneway calls to frozen process.
03-05 08:44:43.571 W/libbinder.IPCThreadState(  767): Sending oneway calls to frozen process.
03-05 08:44:43.571 W/libbinder.IPCThreadState(  767): Sending oneway calls to frozen process.
03-05 08:44:43.571 W/libbinder.IPCThreadState(  767): Sending oneway calls to frozen process.
03-05 08:44:43.571 W/libbinder.IPCThreadState(  767): Sending oneway calls to frozen process.
03-05 08:44:43.571 W/libbinder.IPCThreadState(  767): Sending oneway calls to frozen process.
03-05 08:44:43.571 D/BatterySaverPolicy(  767): accessibility changed to false, updating policy.
03-05 08:44:43.571 W/libbinder.IPCThreadState( 9816): call to talkWithDriver in joinThreadPool returned error: -9 (Bad file descriptor), FD: -1
03-05 08:44:43.575 D/AndroidRuntime( 9816): Shutting down VM
03-05 08:44:43.577 E/mapper.ranchu( 9696): getStandardMetadataImpl:886 failure: UNSUPPORTED: id=240: unexpected standardMetadataType=21
03-05 08:44:43.580 I/AiAiEcho( 1593): Predicting[0]:  [CONTEXT sampling_count=5 ]
03-05 08:44:43.580 I/AiAiEcho( 1593): EchoTargets: 
03-05 08:44:43.580 I/AiAiEcho( 1593): Filtered by AiAi flag check: 
03-05 08:44:43.580 I/AiAiEcho( 1593): [CONTEXT ratelimit_period="10 SECONDS" ]
03-05 08:44:43.581 I/AiAiEcho( 1593): #remoteViewsTwiddler: feature disabled.
03-05 08:44:43.595 I/AiAiEcho( 1593): #postPredictionTargets: Sending updates to UISurface home with targets# 0 (types=[])
03-05 08:44:43.608 E/mapper.ranchu( 9696): getStandardMetadataImpl:886 failure: UNSUPPORTED: id=242: unexpected standardMetadataType=21
03-05 08:44:43.998 E/mapper.ranchu( 9696): getStandardMetadataImpl:886 failure: UNSUPPORTED: id=243: unexpected standardMetadataType=21
03-05 08:44:44.157 I/HalDevMgr(  767): bestIfaceCreationProposal is null, requestIface=STA, existingIface=[name=wlan0 type=STA]
03-05 08:44:44.471 E/mapper.ranchu( 9696): getStandardMetadataImpl:886 failure: UNSUPPORTED: id=241: unexpected standardMetadataType=21
03-05 08:44:44.656 D/AndroidRuntime( 9875): >>>>>> START com.android.internal.os.RuntimeInit uid 2000 <<<<<<
03-05 08:44:44.662 I/AndroidRuntime( 9875): Using default boot image
03-05 08:44:44.662 I/AndroidRuntime( 9875): Leaving lock profiling enabled
03-05 08:44:44.665 I/app_process( 9875): Using CollectorTypeCMC GC.
03-05 08:44:44.988 D/nativeloader( 9875): InitDefaultPublicLibraries for_preload=1: libandroid.so:libaaudio.so:libamidi.so:libbinder_ndk.so:libc.so:libcamera2ndk.so:libdl.so:libEGL.so:libGLESv1_CM.so:libGLESv2.so:libGLESv3.so:libicu.so:libicui18n.so:libicuuc.so:libjnigraphics.so:liblog.so:libmediandk.so:libm.so:libnativehelper.so:libnativewindow.so:libOpenMAXAL.so:libOpenSLES.so:libRS.so:libstdc++.so:libsync.so:libvulkan.so:libwebviewchromium_plat_support.so:libz.so
03-05 08:44:44.990 E/mapper.ranchu( 9696): getStandardMetadataImpl:886 failure: UNSUPPORTED: id=240: unexpected standardMetadataType=21
03-05 08:44:45.018 D/nativeloader( 9875): Load libicu_jni.so using APEX ns com_android_art for caller /apex/com.android.art/javalib/core-oj.jar: ok
03-05 08:44:45.018 D/app_process( 9875): u_setTimeZoneFilesDirectory("/apex/com.android.tzdata/etc/tz/versioned/9/icu") succeeded. 
03-05 08:44:45.018 D/app_process( 9875): I18n APEX ICU file found: /apex/com.android.i18n/etc/icu/icudt76l.dat
03-05 08:44:45.020 D/nativeloader( 9875): Load libjavacore.so using APEX ns com_android_art for caller /apex/com.android.art/javalib/core-oj.jar: ok
03-05 08:44:45.021 D/nativeloader( 9875): Load libopenjdk.so using APEX ns com_android_art for caller /apex/com.android.art/javalib/core-oj.jar: ok
03-05 08:44:45.023 I/app_process( 9875): Priority-to-niceness mapping: 19, 16, 13, 10, 0, -2, -4, -5, -6, -8
03-05 08:44:45.024 W/app_process( 9875): Unexpected CPU variant for x86: x86_64.
03-05 08:44:45.024 W/app_process( 9875): Known variants: atom, sandybridge, silvermont, goldmont, goldmont-plus, goldmont-without-sha-xsaves, tremont, kabylake, alderlake, default
03-05 08:44:45.028 W/app_process( 9875): ClassLoaderContext shared library size mismatch. Expected=2, found=0 (PCL[]{PCL[/system/framework/android.test.base.jar*1653369819]#PCL[/system/framework/android.test.mock.jar*1009639922]} | PCL[])
03-05 08:44:45.030 W/app_process( 9875): ClassLoaderContext classpath size mismatch. expected=0, found=1 (PCL[]{PCL[/system/framework/android.test.runner.jar*3954641918]{PCL[/system/framework/android.test.base.jar*1653369819]#PCL[/system/framework/android.test.mock.jar*1009639922]}#PCL[/system/framework/android.test.base.jar*1653369819]} | PCL[/system/framework/android.test.runner.jar*3954641918])
03-05 08:44:45.067 D/nativeloader( 9875): Load libframework-connectivity-tiramisu-jni.so using APEX ns com_android_tethering for caller /apex/com.android.tethering/javalib/framework-connectivity-t.jar: ok
03-05 08:44:45.070 D/AndroidRuntime( 9875): Calling main entry com.android.commands.uiautomator.Launcher
03-05 08:44:45.076 I/AconfigPackage( 9875): android.media.swcodec.flags is mapped to com.android.media.swcodec
03-05 08:44:45.078 I/AconfigPackage( 9875): com.android.permission.flags is mapped to com.android.permission
03-05 08:44:45.078 I/AconfigPackage( 9875): com.android.permissioncontroller.flags is mapped to com.android.permission
03-05 08:44:45.078 I/AconfigPackage( 9875): com.android.icu is mapped to com.android.i18n
03-05 08:44:45.078 I/AconfigPackage( 9875): com.android.appsearch.flags is mapped to com.android.appsearch
03-05 08:44:45.079 I/AconfigPackage( 9875): android.uprobestats.mainline.flags is mapped to com.android.uprobestats
03-05 08:44:45.079 I/AconfigPackage( 9875): com.android.crashrecovery.flags is mapped to com.android.crashrecovery
03-05 08:44:45.079 I/AconfigPackage( 9875): android.provider.flags is mapped to com.android.configinfrastructure
03-05 08:44:45.079 I/AconfigPackage( 9875): com.android.server.deviceconfig is mapped to com.android.configinfrastructure
03-05 08:44:45.080 I/AconfigPackage( 9875): com.android.compos.flags is mapped to com.android.compos
03-05 08:44:45.080 I/AconfigPackage( 9875): com.android.art.flags is mapped to com.android.art
03-05 08:44:45.080 I/AconfigPackage( 9875): com.android.art.rw.flags is mapped to com.android.art
03-05 08:44:45.093 D/AccessibilityManagerService(  767): changeCurrentUserForTestAutomationIfNeededLocked(0): ignoring because device doesn't support visible background users
03-05 08:44:45.103 I/UiAutomationManager(  767): Registering UiTestAutomationService (id=com.android.server.accessibility/UiAutomation, flags=0x0) when called by user 0
03-05 08:44:45.104 V/AccessibilityManagerService(  767): onUserStateChangedLocked for userId: 0, forceUpdate: false
03-05 08:44:45.107 V/AccessibilityUserState(  767): updateShortcutTargets: type:accessibility_shortcut_target_service, current:{}, new:{}
03-05 08:44:45.108 V/AccessibilityUserState(  767): updateShortcutTargets: type:accessibility_button_targets, current:{}, new:{}
03-05 08:44:45.108 V/AccessibilityUserState(  767): updateShortcutTargets: type:accessibility_gesture_targets, current:{}, new:{}
03-05 08:44:45.108 V/AccessibilityUserState(  767): updateShortcutTargets: type:accessibility_qs_targets, current:{}, new:{}
03-05 08:44:45.108 V/AccessibilityUserState(  767): updateShortcutTargets: type:accessibility_key_gesture_targets, current:{}, new:{}
03-05 08:44:45.108 W/MagnificationConnectionManager(  767): requestConnection duplicated request: connect=false, mConnectionState=DISCONNECTED
03-05 08:44:45.118 V/AccessibilityManagerService(  767): onUserStateChangedLocked for userId: 0, forceUpdate: false
03-05 08:44:45.215 V/AccessibilityUserState(  767): updateShortcutTargets: type:accessibility_shortcut_target_service, current:{}, new:{}
03-05 08:44:45.215 V/AccessibilityUserState(  767): updateShortcutTargets: type:accessibility_button_targets, current:{}, new:{}
03-05 08:44:45.215 V/AccessibilityUserState(  767): updateShortcutTargets: type:accessibility_gesture_targets, current:{}, new:{}
03-05 08:44:45.215 V/AccessibilityUserState(  767): updateShortcutTargets: type:accessibility_qs_targets, current:{}, new:{}
03-05 08:44:45.215 V/AccessibilityUserState(  767): updateShortcutTargets: type:accessibility_key_gesture_targets, current:{}, new:{}
03-05 08:44:45.215 W/MagnificationConnectionManager(  767): requestConnection duplicated request: connect=false, mConnectionState=DISCONNECTED
03-05 08:44:45.244 W/Looper  (  767): Slow dispatch took 102ms main app=system_server main=true group=FOREGROUND h=com.android.server.accessibility.AccessibilityManagerService$MainHandler c=<recycled PooledLambda@5b1baa1> m=0
03-05 08:44:45.253 D/BatterySaverPolicy(  767): accessibility changed to true, updating policy.
03-05 08:44:45.254 D/AccessibilityManagerService(  767): .getAccessibilityShortcutTargets {shortcutType=32, userId=0}
03-05 08:44:46.336 V/AccessibilityManagerService(  767): onUserStateChangedLocked for userId: 0, forceUpdate: false
03-05 08:44:46.340 V/AccessibilityUserState(  767): updateShortcutTargets: type:accessibility_shortcut_target_service, current:{}, new:{}
03-05 08:44:46.340 V/AccessibilityUserState(  767): updateShortcutTargets: type:accessibility_button_targets, current:{}, new:{}
03-05 08:44:46.340 V/AccessibilityUserState(  767): updateShortcutTargets: type:accessibility_gesture_targets, current:{}, new:{}
03-05 08:44:46.340 V/AccessibilityUserState(  767): updateShortcutTargets: type:accessibility_qs_targets, current:{}, new:{}
03-05 08:44:46.340 V/AccessibilityUserState(  767): updateShortcutTargets: type:accessibility_key_gesture_targets, current:{}, new:{}
03-05 08:44:46.340 W/MagnificationConnectionManager(  767): requestConnection duplicated request: connect=false, mConnectionState=DISCONNECTED
03-05 08:44:46.341 D/AccessibilityManagerService(  767): restoreCurrentUserForTestAutomationIfNeededLocked(): ignoring because device doesn't support visible background users
03-05 08:44:46.374 D/BatterySaverPolicy(  767): accessibility changed to false, updating policy.
03-05 08:44:46.831 D/ActivityManager(  767): freezing 2344 com.google.android.apps.photos
03-05 08:44:47.114 D/ActivityManager(  767): freezing 2177 com.google.android.googlequicksearchbox:search
03-05 08:44:47.302 D/ActivityManager(  767): freezing 3886 com.google.android.calendar
03-05 08:44:48.553 D/AccessibilityManagerService(  767): changeCurrentUserForTestAutomationIfNeededLocked(0): ignoring because device doesn't support visible background users
03-05 08:44:48.553 I/UiAutomationManager(  767): Registering UiTestAutomationService (id=com.android.server.accessibility/UiAutomation, flags=0x0) when called by user 0
03-05 08:44:48.555 V/AccessibilityManagerService(  767): onUserStateChangedLocked for userId: 0, forceUpdate: false
03-05 08:44:48.557 V/AccessibilityUserState(  767): updateShortcutTargets: type:accessibility_shortcut_target_service, current:{}, new:{}
03-05 08:44:48.557 V/AccessibilityUserState(  767): updateShortcutTargets: type:accessibility_button_targets, current:{}, new:{}
03-05 08:44:48.557 V/AccessibilityUserState(  767): updateShortcutTargets: type:accessibility_gesture_targets, current:{}, new:{}
03-05 08:44:48.557 V/AccessibilityUserState(  767): updateShortcutTargets: type:accessibility_qs_targets, current:{}, new:{}
03-05 08:44:48.557 V/AccessibilityUserState(  767): updateShortcutTargets: type:accessibility_key_gesture_targets, current:{}, new:{}
03-05 08:44:48.558 W/MagnificationConnectionManager(  767): requestConnection duplicated request: connect=false, mConnectionState=DISCONNECTED
03-05 08:44:48.566 D/BatterySaverPolicy(  767): accessibility changed to true, updating policy.
03-05 08:44:48.583 V/AccessibilityManagerService(  767): onUserStateChangedLocked for userId: 0, forceUpdate: false
03-05 08:44:48.588 V/AccessibilityUserState(  767): updateShortcutTargets: type:accessibility_shortcut_target_service, current:{}, new:{}
03-05 08:44:48.588 V/AccessibilityUserState(  767): updateShortcutTargets: type:accessibility_button_targets, current:{}, new:{}
03-05 08:44:48.588 V/AccessibilityUserState(  767): updateShortcutTargets: type:accessibility_gesture_targets, current:{}, new:{}
03-05 08:44:48.588 V/AccessibilityUserState(  767): updateShortcutTargets: type:accessibility_qs_targets, current:{}, new:{}
03-05 08:44:48.588 V/AccessibilityUserState(  767): updateShortcutTargets: type:accessibility_key_gesture_targets, current:{}, new:{}
03-05 08:44:48.588 W/MagnificationConnectionManager(  767): requestConnection duplicated request: connect=false, mConnectionState=DISCONNECTED
03-05 08:44:48.669 D/AccessibilityManagerService(  767): .getAccessibilityShortcutTargets {shortcutType=32, userId=0}
03-05 08:44:49.376 W/Looper  (  767): Slow delivery took 344ms android.fg app=system_server main=false group=FOREGROUND h=android.os.Handler c=com.android.server.net.NetworkManagementService$NetdUnsolicitedEventListener$$ExternalSyntheticLambda3@6961cd9 m=0
03-05 08:44:49.713 V/AccessibilityManagerService(  767): onUserStateChangedLocked for userId: 0, forceUpdate: false
03-05 08:44:49.752 V/AccessibilityUserState(  767): updateShortcutTargets: type:accessibility_shortcut_target_service, current:{}, new:{}
03-05 08:44:49.752 V/AccessibilityUserState(  767): updateShortcutTargets: type:accessibility_button_targets, current:{}, new:{}
03-05 08:44:49.752 V/AccessibilityUserState(  767): updateShortcutTargets: type:accessibility_gesture_targets, current:{}, new:{}
03-05 08:44:49.752 V/AccessibilityUserState(  767): updateShortcutTargets: type:accessibility_qs_targets, current:{}, new:{}
03-05 08:44:49.752 V/AccessibilityUserState(  767): updateShortcutTargets: type:accessibility_key_gesture_targets, current:{}, new:{}
03-05 08:44:49.752 W/MagnificationConnectionManager(  767): requestConnection duplicated request: connect=false, mConnectionState=DISCONNECTED
03-05 08:44:49.752 D/AccessibilityManagerService(  767): restoreCurrentUserForTestAutomationIfNeededLocked(): ignoring because device doesn't support visible background users
03-05 08:44:49.769 D/BatterySaverPolicy(  767): accessibility changed to false, updating policy.
03-05 08:44:50.815 D/OomAdjuster(  767): Not killing cached processes
03-05 08:44:50.959 D/ActivityManager(  767): sync unfroze 2344 com.google.android.apps.photos for 6
03-05 08:44:50.975 D/ActivityManager(  767): sync unfroze 1615 com.google.android.gms for 6
03-05 08:44:50.979 W/Looper  (  767): Drained
03-05 08:44:51.005 W/ProcessStats(  767): Tracking association SourceState{a5c3a1c system/1000 ImpBg #2833} whose proc state 6 is better than process ProcessState{f14282b com.google.android.apps.photos/10162 pkg=com.google.android.apps.photos} proc state 14 (2 skipped)
03-05 08:44:51.094 W/JobScheduler(  767): Job didn't exist in JobStore: 5217b60 #u0a162/1034 com.google.android.apps.photos/com.google.android.libraries.social.mediamonitor.MediaMonitorJobSchedulerService
03-05 08:44:51.097 D/CompatChangeReporter(  767): Compat change id reported: 343977174; UID 10162; state: ENABLED
03-05 08:44:51.105 W/UriGrantsManagerService(  767): No permission grants found for com.google.android.apps.photos
03-05 08:44:51.105 W/UriGrantsManagerService(  767): No permission grants found for com.google.android.apps.photos
03-05 08:44:51.143 W/UriGrantsManagerService(  767): No permission grants found for com.google.android.apps.photos
03-05 08:44:51.144 W/UriGrantsManagerService(  767): No permission grants found for com.google.android.apps.photos
03-05 08:44:51.151 W/UriGrantsManagerService(  767): No permission grants found for com.google.android.apps.photos
03-05 08:44:51.152 W/UriGrantsManagerService(  767): No permission grants found for com.google.android.apps.photos
03-05 08:44:51.659 D/AccessibilityManagerService(  767): changeCurrentUserForTestAutomationIfNeededLocked(0): ignoring because device doesn't support visible background users
03-05 08:44:51.660 I/UiAutomationManager(  767): Registering UiTestAutomationService (id=com.android.server.accessibility/UiAutomation, flags=0x0) when called by user 0
03-05 08:44:51.662 V/AccessibilityManagerService(  767): onUserStateChangedLocked for userId: 0, forceUpdate: false
03-05 08:44:51.666 V/AccessibilityUserState(  767): updateShortcutTargets: type:accessibility_shortcut_target_service, current:{}, new:{}
03-05 08:44:51.666 V/AccessibilityUserState(  767): updateShortcutTargets: type:accessibility_button_targets, current:{}, new:{}
03-05 08:44:51.666 V/AccessibilityUserState(  767): updateShortcutTargets: type:accessibility_gesture_targets, current:{}, new:{}
03-05 08:44:51.666 V/AccessibilityUserState(  767): updateShortcutTargets: type:accessibility_qs_targets, current:{}, new:{}
03-05 08:44:51.666 V/AccessibilityUserState(  767): updateShortcutTargets: type:accessibility_key_gesture_targets, current:{}, new:{}
03-05 08:44:51.666 W/MagnificationConnectionManager(  767): requestConnection duplicated request: connect=false, mConnectionState=DISCONNECTED
03-05 08:44:51.677 V/AccessibilityManagerService(  767): onUserStateChangedLocked for userId: 0, forceUpdate: false
03-05 08:44:51.679 V/AccessibilityUserState(  767): updateShortcutTargets: type:accessibility_shortcut_target_service, current:{}, new:{}
03-05 08:44:51.679 V/AccessibilityUserState(  767): updateShortcutTargets: type:accessibility_button_targets, current:{}, new:{}
03-05 08:44:51.679 V/AccessibilityUserState(  767): updateShortcutTargets: type:accessibility_gesture_targets, current:{}, new:{}
03-05 08:44:51.679 V/AccessibilityUserState(  767): updateShortcutTargets: type:accessibility_qs_targets, current:{}, new:{}
03-05 08:44:51.679 V/AccessibilityUserState(  767): updateShortcutTargets: type:accessibility_key_gesture_targets, current:{}, new:{}
03-05 08:44:51.679 W/MagnificationConnectionManager(  767): requestConnection duplicated request: connect=false, mConnectionState=DISCONNECTED
03-05 08:44:51.684 D/BatterySaverPolicy(  767): accessibility changed to true, updating policy.
03-05 08:44:51.765 D/AccessibilityManagerService(  767): .getAccessibilityShortcutTargets {shortcutType=32, userId=0}
03-05 08:44:52.814 V/AccessibilityManagerService(  767): onUserStateChangedLocked for userId: 0, forceUpdate: false
03-05 08:44:52.819 V/AccessibilityUserState(  767): updateShortcutTargets: type:accessibility_shortcut_target_service, current:{}, new:{}
03-05 08:44:52.819 V/AccessibilityUserState(  767): updateShortcutTargets: type:accessibility_button_targets, current:{}, new:{}
03-05 08:44:52.819 V/AccessibilityUserState(  767): updateShortcutTargets: type:accessibility_gesture_targets, current:{}, new:{}
03-05 08:44:52.819 V/AccessibilityUserState(  767): updateShortcutTargets: type:accessibility_qs_targets, current:{}, new:{}
03-05 08:44:52.819 V/AccessibilityUserState(  767): updateShortcutTargets: type:accessibility_key_gesture_targets, current:{}, new:{}
03-05 08:44:52.819 W/MagnificationConnectionManager(  767): requestConnection duplicated request: connect=false, mConnectionState=DISCONNECTED
03-05 08:44:52.819 D/AccessibilityManagerService(  767): restoreCurrentUserForTestAutomationIfNeededLocked(): ignoring because device doesn't support visible background users
03-05 08:44:52.830 D/BatterySaverPolicy(  767): accessibility changed to false, updating policy.
03-05 08:44:54.779 D/AccessibilityManagerService(  767): changeCurrentUserForTestAutomationIfNeededLocked(0): ignoring because device doesn't support visible background users
03-05 08:44:54.779 I/UiAutomationManager(  767): Registering UiTestAutomationService (id=com.android.server.accessibility/UiAutomation, flags=0x0) when called by user 0
03-05 08:44:54.781 V/AccessibilityManagerService(  767): onUserStateChangedLocked for userId: 0, forceUpdate: false
03-05 08:44:54.784 V/AccessibilityUserState(  767): updateShortcutTargets: type:accessibility_shortcut_target_service, current:{}, new:{}
03-05 08:44:54.784 V/AccessibilityUserState(  767): updateShortcutTargets: type:accessibility_button_targets, current:{}, new:{}
03-05 08:44:54.784 V/AccessibilityUserState(  767): updateShortcutTargets: type:accessibility_gesture_targets, current:{}, new:{}
03-05 08:44:54.784 V/AccessibilityUserState(  767): updateShortcutTargets: type:accessibility_qs_targets, current:{}, new:{}
03-05 08:44:54.784 V/AccessibilityUserState(  767): updateShortcutTargets: type:accessibility_key_gesture_targets, current:{}, new:{}
03-05 08:44:54.784 W/MagnificationConnectionManager(  767): requestConnection duplicated request: connect=false, mConnectionState=DISCONNECTED
03-05 08:44:54.794 D/BatterySaverPolicy(  767): accessibility changed to true, updating policy.
03-05 08:44:54.794 V/AccessibilityManagerService(  767): onUserStateChangedLocked for userId: 0, forceUpdate: false
03-05 08:44:54.797 V/AccessibilityUserState(  767): updateShortcutTargets: type:accessibility_shortcut_target_service, current:{}, new:{}
03-05 08:44:54.798 V/AccessibilityUserState(  767): updateShortcutTargets: type:accessibility_button_targets, current:{}, new:{}
03-05 08:44:54.798 V/AccessibilityUserState(  767): updateShortcutTargets: type:accessibility_gesture_targets, current:{}, new:{}
03-05 08:44:54.798 V/AccessibilityUserState(  767): updateShortcutTargets: type:accessibility_qs_targets, current:{}, new:{}
03-05 08:44:54.798 V/AccessibilityUserState(  767): updateShortcutTargets: type:accessibility_key_gesture_targets, current:{}, new:{}
03-05 08:44:54.798 W/MagnificationConnectionManager(  767): requestConnection duplicated request: connect=false, mConnectionState=DISCONNECTED
03-05 08:44:54.828 D/AccessibilityManagerService(  767): .getAccessibilityShortcutTargets {shortcutType=32, userId=0}
03-05 08:44:56.008 V/AccessibilityManagerService(  767): onUserStateChangedLocked for userId: 0, forceUpdate: false
03-05 08:44:56.014 V/AccessibilityUserState(  767): updateShortcutTargets: type:accessibility_shortcut_target_service, current:{}, new:{}
03-05 08:44:56.014 V/AccessibilityUserState(  767): updateShortcutTargets: type:accessibility_button_targets, current:{}, new:{}
03-05 08:44:56.014 V/AccessibilityUserState(  767): updateShortcutTargets: type:accessibility_gesture_targets, current:{}, new:{}
03-05 08:44:56.014 V/AccessibilityUserState(  767): updateShortcutTargets: type:accessibility_qs_targets, current:{}, new:{}
03-05 08:44:56.014 V/AccessibilityUserState(  767): updateShortcutTargets: type:accessibility_key_gesture_targets, current:{}, new:{}
03-05 08:44:56.014 W/MagnificationConnectionManager(  767): requestConnection duplicated request: connect=false, mConnectionState=DISCONNECTED
03-05 08:44:56.015 D/AccessibilityManagerService(  767): restoreCurrentUserForTestAutomationIfNeededLocked(): ignoring because device doesn't support visible background users
03-05 08:44:56.025 D/BatterySaverPolicy(  767): accessibility changed to false, updating policy.
03-05 08:44:57.763 D/AccessibilityManagerService(  767): changeCurrentUserForTestAutomationIfNeededLocked(0): ignoring because device doesn't support visible background users
03-05 08:44:57.763 I/UiAutomationManager(  767): Registering UiTestAutomationService (id=com.android.server.accessibility/UiAutomation, flags=0x0) when called by user 0
03-05 08:44:57.764 V/AccessibilityManagerService(  767): onUserStateChangedLocked for userId: 0, forceUpdate: false
03-05 08:44:57.767 V/AccessibilityUserState(  767): updateShortcutTargets: type:accessibility_shortcut_target_service, current:{}, new:{}
03-05 08:44:57.767 V/AccessibilityUserState(  767): updateShortcutTargets: type:accessibility_button_targets, current:{}, new:{}
03-05 08:44:57.767 V/AccessibilityUserState(  767): updateShortcutTargets: type:accessibility_gesture_targets, current:{}, new:{}
03-05 08:44:57.767 V/AccessibilityUserState(  767): updateShortcutTargets: type:accessibility_qs_targets, current:{}, new:{}
03-05 08:44:57.767 V/AccessibilityUserState(  767): updateShortcutTargets: type:accessibility_key_gesture_targets, current:{}, new:{}
03-05 08:44:57.767 W/MagnificationConnectionManager(  767): requestConnection duplicated request: connect=false, mConnectionState=DISCONNECTED
03-05 08:44:57.776 V/AccessibilityManagerService(  767): onUserStateChangedLocked for userId: 0, forceUpdate: false
03-05 08:44:57.778 V/AccessibilityUserState(  767): updateShortcutTargets: type:accessibility_shortcut_target_service, current:{}, new:{}
03-05 08:44:57.779 V/AccessibilityUserState(  767): updateShortcutTargets: type:accessibility_button_targets, current:{}, new:{}
03-05 08:44:57.779 V/AccessibilityUserState(  767): updateShortcutTargets: type:accessibility_gesture_targets, current:{}, new:{}
03-05 08:44:57.779 V/AccessibilityUserState(  767): updateShortcutTargets: type:accessibility_qs_targets, current:{}, new:{}
03-05 08:44:57.779 V/AccessibilityUserState(  767): updateShortcutTargets: type:accessibility_key_gesture_targets, current:{}, new:{}
03-05 08:44:57.779 W/MagnificationConnectionManager(  767): requestConnection duplicated request: connect=false, mConnectionState=DISCONNECTED
03-05 08:44:57.780 D/BatterySaverPolicy(  767): accessibility changed to true, updating policy.
03-05 08:44:57.812 D/AccessibilityManagerService(  767): .getAccessibilityShortcutTargets {shortcutType=32, userId=0}
03-05 08:44:58.898 V/AccessibilityManagerService(  767): onUserStateChangedLocked for userId: 0, forceUpdate: false
03-05 08:44:58.901 V/AccessibilityUserState(  767): updateShortcutTargets: type:accessibility_shortcut_target_service, current:{}, new:{}
03-05 08:44:58.901 V/AccessibilityUserState(  767): updateShortcutTargets: type:accessibility_button_targets, current:{}, new:{}
03-05 08:44:58.901 V/AccessibilityUserState(  767): updateShortcutTargets: type:accessibility_gesture_targets, current:{}, new:{}
03-05 08:44:58.901 V/AccessibilityUserState(  767): updateShortcutTargets: type:accessibility_qs_targets, current:{}, new:{}
03-05 08:44:58.901 V/AccessibilityUserState(  767): updateShortcutTargets: type:accessibility_key_gesture_targets, current:{}, new:{}
03-05 08:44:58.902 W/MagnificationConnectionManager(  767): requestConnection duplicated request: connect=false, mConnectionState=DISCONNECTED
03-05 08:44:58.902 D/AccessibilityManagerService(  767): restoreCurrentUserForTestAutomationIfNeededLocked(): ignoring because device doesn't support visible background users
03-05 08:44:58.908 D/BatterySaverPolicy(  767): accessibility changed to false, updating policy.
03-05 08:45:00.469 D/AccessibilityManagerService(  767): changeCurrentUserForTestAutomationIfNeededLocked(0): ignoring because device doesn't support visible background users
03-05 08:45:00.469 I/UiAutomationManager(  767): Registering UiTestAutomationService (id=com.android.server.accessibility/UiAutomation, flags=0x0) when called by user 0
03-05 08:45:00.471 V/AccessibilityManagerService(  767): onUserStateChangedLocked for userId: 0, forceUpdate: false
03-05 08:45:00.473 V/AccessibilityUserState(  767): updateShortcutTargets: type:accessibility_shortcut_target_service, current:{}, new:{}
03-05 08:45:00.473 V/AccessibilityUserState(  767): updateShortcutTargets: type:accessibility_button_targets, current:{}, new:{}
03-05 08:45:00.473 V/AccessibilityUserState(  767): updateShortcutTargets: type:accessibility_gesture_targets, current:{}, new:{}
03-05 08:45:00.474 V/AccessibilityUserState(  767): updateShortcutTargets: type:accessibility_qs_targets, current:{}, new:{}
03-05 08:45:00.474 V/AccessibilityUserState(  767): updateShortcutTargets: type:accessibility_key_gesture_targets, current:{}, new:{}
03-05 08:45:00.474 W/MagnificationConnectionManager(  767): requestConnection duplicated request: connect=false, mConnectionState=DISCONNECTED
03-05 08:45:00.486 D/BatterySaverPolicy(  767): accessibility changed to true, updating policy.
03-05 08:45:00.497 V/AccessibilityManagerService(  767): onUserStateChangedLocked for userId: 0, forceUpdate: false
03-05 08:45:00.510 V/AccessibilityUserState(  767): updateShortcutTargets: type:accessibility_shortcut_target_service, current:{}, new:{}
03-05 08:45:00.510 V/AccessibilityUserState(  767): updateShortcutTargets: type:accessibility_button_targets, current:{}, new:{}
03-05 08:45:00.510 V/AccessibilityUserState(  767): updateShortcutTargets: type:accessibility_gesture_targets, current:{}, new:{}
03-05 08:45:00.510 V/AccessibilityUserState(  767): updateShortcutTargets: type:accessibility_qs_targets, current:{}, new:{}
