03-05 08:38:55.735 I/LatinIme( 1517): LatinIme.updateEnableInlineSuggestionsOnDecoderSideFlags():1255 inline flag updated to:false
03-05 08:38:55.736 I/DelightDataFileManagerLanguageModelProvider( 1517): DelightDataFileManagerLanguageModelProvider.fetchLanguageModel():79 find data en-840 mdd
03-05 08:38:55.736 I/LatinIme( 1517): LatinIme.resetInputContext():2262 resetInputContext(): reason=1, externalEditsInfo=ExternalEditsInfo{action=0, offset=-1, text=null, originalText=null, edits=null}
03-05 08:38:55.736 I/InputBundle( 1517): InputBundle.consumeEvent():1041 Skip consuming an event as keyboard status is INACTIVE
03-05 08:38:55.737 I/SuperDelight( 1517): SuperDelightManager.initializeBundledDelightSuperpacks():357 initializeBundledDelightSuperpacks()
03-05 08:38:55.737 I/KeyboardWrapper( 1517): KeyboardWrapper.activateKeyboard():582 activateKeyboard(): type=prime, status=INACTIVE, imeDef=nkh{stringId=ime_english_united_states, language=en-US, languageTag=en-US, processedConditions={writing_helper_enable_by_word_revert=false, true=true, enable_number_row=false, device=phone, enable_pk_simulator=false}, className=com.google.android.apps.inputmethod.libs.latin5.LatinIme, label=0, keyEventInterpreter=null, inlineComposing=true, autoCapital=true, announceAutoSelectedCandidate=true, statusIcon=0, indicatorIcon=0, indicatorLabel=US, displayAppCompletions=true, extraValues=nka{#0x7f0b02e2=TypedValue{t=0x3/d=0x0 "com.google.android.apps.inputmethod.libs.latin5.LatinIme"}}, processors=nlz@1e4d8c3, unacceptableMetaKeys=4098, languageSpecificSettings=0, asciiCapable=true, alwaysShowSuggestions=false, useAsciiPasswordKeyboard=false, keyboardGroupDef=nli@d33bd07, phenotypeFlagId=0, localizationLanguageTag=null, supportsInlineSuggestion=true}
03-05 08:38:55.737 I/KeyboardManager( 1517): KeyboardManager.requestKeyboard():249 Creating keyboard prime, imeId=ime_english_united_states, cacheKey=theme,!gsf,!pgsans,!pgsf,!use_system_font,BORDER,FLAVOR_DPI=XXHDPI,IS_LIGHT,KEYBOARD_WIDTH_CATEGORY=NORMAL,KEY_BORDER_SHAPE=1,LIGHT_THEME=true,PHYSICAL_DIAGONAL=5.972393,POPUP,SCREEN_SHORTEST_WIDTH=411,SCREEN_SHORTEST_WIDTH_NO_SCALE=411,SW400DP,XXHDPI,bottom4dp,enable_popup_on_keypress=true,keyboard_redesign_google_sans=true,non_linear_scale,noshadow,overlay_builtin_dynamic_color_light_base.binarypb:gm3-light-fffaf8fe-ff4c5e8b-4fb1adea13304a190d4abf12326cf60c,silkpopup
03-05 08:38:55.738 I/SP      ( 1517): Registering bundled_delight.2025121000, url: null, constraints: *:*:*:*, flags: *, requested: 2025121000, current: 2025121000
03-05 08:38:55.738 I/LmManager( 1517): LmManager.asyncUpdateEnabledLanguageModels():98 asyncUpdateEnabledLanguageModels()
03-05 08:38:55.738 I/SuperDelight( 1517): SuperDelightManager.initializeOverridesSuperpacks():383 initializeOverridesSuperpacks()
03-05 08:38:55.738 I/DelightKLPDownloader( 1517): DelightKLPDownloader.downloadKLPInternal():203 downloading KLP for en_840
03-05 08:38:55.739 I/KeyboardWrapper( 1517): KeyboardWrapper.onKeyboardReady():224 onKeyboardReady(): type=prime(prime), kb=com.google.android.apps.inputmethod.latin.keyboard.LatinPrimeKeyboard@55ff5f7
03-05 08:38:55.739 I/KeyboardWrapper( 1517): KeyboardWrapper.doActivateKeyboard():612 doActivateKeyboard(): prime
03-05 08:38:55.739 I/DelightDataFileManagerLanguageModelProvider( 1517): DelightDataFileManagerLanguageModelProvider.fetchLanguageModel():79 find data en-US bundled_delight
03-05 08:38:55.740 I/SuperDelight( 1517): SuperDelightManager.syncBundledLanguageModels():695 SuperDelightManager#syncBundledLanguageModels(): Syncing for version 2025121000
03-05 08:38:55.740 I/SuperDelight( 1517): SuperDelightManager.syncOverridesLanguageModels():620 SuperDelightManager#syncOverridesLanguageModels(): Superpack delight_overrides not found or negative version provided
03-05 08:38:55.741 I/SuperDelight( 1517): SuperDelightBundledSlicingStrategy.getSlices():41 BundledSlicing#getSlices() : Locale = [en_US]
03-05 08:38:55.741 I/SuperDelight( 1517): SuperDelightBundledSlicingStrategy.getSlices():67 BundledSlicing#getSlices(): result {slices=[bundled_delight:main_en_us_2025090100_2], last batch=true, sync metadata=false}
03-05 08:38:55.741 I/SP      ( 1517): Syncing bundled_delight (2025121000) with slices: [main_en_us_2025090100_2], metadata: false
03-05 08:38:55.741 I/SuperDelight( 1517): SuperDelightManager$2.onSuccess():498 delight_overrides sync success, adding to data file manager
03-05 08:38:55.742 I/SuperDelight( 1517): SuperDelightManager.initializeBundledDelightSuperpacks():357 initializeBundledDelightSuperpacks()
03-05 08:38:55.742 I/LmManager( 1517): LmManager.asyncUpdateEnabledLanguageModels():98 asyncUpdateEnabledLanguageModels()
03-05 08:38:55.742 I/SuperDelight( 1517): SuperDelightManager.initializeOverridesSuperpacks():383 initializeOverridesSuperpacks()
03-05 08:38:55.742 I/DelightKLPDownloader( 1517): DelightKLPDownloader.downloadKLPInternal():203 downloading KLP for en_840
03-05 08:38:55.743 I/Delight5Decoder( 1517): Delight5DecoderWrapper.loadLanguageModel():771 loadLanguageModel() : 1, version [2025120900]
03-05 08:38:55.745 I/MainLanguageModelLoader( 1517): MainLanguageModelLoader.updateLmAvailableState():361 updateLmAvailableState(): locale? en_US prevState? AVAILABLE
03-05 08:38:55.745 I/MainLanguageModelLoader( 1517): MainLanguageModelLoader.updateLmAvailableState():397 updateLmAvailableState(): locale? en_US newState? AVAILABLE
03-05 08:38:55.748 I/BaseKeyboardSizeHelper( 1517): BaseKeyboardSizeHelper.calculateMaxKeyboardBodyHeight():73 leave 281 height for app when ime window height:2138, header height:116 and isFullscreenMode:false, so the max keyboard body height is:1741
03-05 08:38:55.748 W/TooltipLifecycleManager( 1517): TooltipLifecycleManager.dismissTooltips():153 Tooltip with id undo_access_point_promotion_banner not found in tooltipManager.
03-05 08:38:55.752 I/KeyboardModeUtils( 1517): KeyboardModeUtils.getKeyboardBottomOffset():435 inch: 0.000000 ydpi: 420.000000 adjustKeyboardBottomByDisplaySize: false currentDensityDpi: 420 defaultDensityDpi: 420 keyboardBottomToScreenPx: 0 keyboardBottomToNavBarPx: -126 navBarHeight: 126
03-05 08:38:55.752 I/BaseKeyboardSizeHelper( 1517): BaseKeyboardSizeHelper.calculateMaxKeyboardBodyHeight():73 leave 281 height for app when ime window height:2138, header height:116 and isFullscreenMode:false, so the max keyboard body height is:1741
03-05 08:38:55.752 I/BaseKeyboardSizeHelper( 1517): BaseKeyboardSizeHelper.calculateMaxKeyboardBodyHeight():73 leave 281 height for app when ime window height:2138, header height:116 and isFullscreenMode:false, so the max keyboard body height is:1741
03-05 08:38:55.753 I/BaseKeyboardSizeHelper( 1517): BaseKeyboardSizeHelper.calculateMaxKeyboardBodyHeight():73 leave 281 height for app when ime window height:2138, header height:116 and isFullscreenMode:false, so the max keyboard body height is:1741
03-05 08:38:55.753 I/BaseKeyboardSizeHelper( 1517): BaseKeyboardSizeHelper.calculateMaxKeyboardBodyHeight():73 leave 281 height for app when ime window height:2138, header height:116 and isFullscreenMode:false, so the max keyboard body height is:1741
03-05 08:38:55.753 I/Delight5Facilitator( 1517): BlocklistLoader.call():40 Running blocklist loader
03-05 08:38:55.753 I/Delight5Facilitator( 1517): ContactsLanguageModelLoader.call():38 Running contacts language model loader
03-05 08:38:55.754 I/Delight5Facilitator( 1517): ContactsLanguageModelLoader.call():50 Contacts language model is unloaded: preferences=false, deviceLocked=false, blockPersonalData=false
03-05 08:38:55.754 I/Delight5Facilitator( 1517): PersonalLanguageModelLoader.call():48 Running personal language model loader
03-05 08:38:55.754 I/Delight5Facilitator( 1517): UserHistoryLanguageModelLoader.call():76 Running user history language model loader
03-05 08:38:55.754 I/GlobeKeyExtension( 1517): GlobeKeyExtension.getKeyboardInitialStates():175 
03-05 08:38:55.754 I/EmojiShortcutsLoader( 1517): EmojiShortcutsLoader.getEmojiShortcuts():135 Reading en_US emoji shortcuts
03-05 08:38:55.755 W/Keyboard( 1517): Keyboard.getKeyboardViewHelper():604 null helper is returned: keyboardDef=nlc{processedConditions={show_comma_key=true, enable_more_candidates_view_for_multilingual=false, layout_9key_split=false, enable_secondary_symbols=false, pref_enable_flick_symbols=false, language=en-US, deprecate_long_press_space_for_ime_picker=false, expressions=normal, android_software_xr_api_spatial=false, variant=qwerty, show_period_key=true, device=phone, keyboard_mode=normal, show_secondary_digits=true, enable_pk_simulator=false, enable_preemptive_decode=true}, globalConditions={global_theme_key=theme,!gsf,!pgsans,!pgsf,!use_system_font,BORDER,FLAVOR_DPI=XXHDPI,IS_LIGHT,KEYBOARD_WIDTH_CATEGORY=NORMAL,KEY_BORDER_SHAPE=1,LIGHT_THEME=true,PHYSICAL_DIAGONAL=5.972393,POPUP,SCREEN_SHORTEST_WIDTH=411,SCREEN_SHORTEST_WIDTH_NO_SCALE=411,SW400DP,XXHDPI,bottom4dp,enable_popup_on_keypress=true,keyboard_redesign_google_sans=true,non_linear_scale,noshadow,overlay_builtin_dynamic_color_light_base.binarypb:gm3-light-fffaf8fe-ff4c5e8b-4fb1adea13304a190d4abf12326cf60c,silkpopup, global_locale=en_US, global_density_dpi=420, global_orientation=1}, className=.latin.keyboard.LatinPrimeKeyboard, resourceIds=[#0x7f1705f9, #0x7f17088b], initialStates=0, keyboardViewDefs=[nlq{direction=null, id=#0x7f0b0225, isScalable=true, layoutId=#0x7f0e0379, type=BODY, touchable=true, defaultShow=true}, nlq{direction=null, id=#0x7f0b0225, isScalable=false, layoutId=#0x7f0e020f, type=FLOATING_CANDIDATES, touchable=false, defaultShow=false}, nlq{direction=LOCALE, id=#0x7f0b0225, isScalable=false, layoutId=#0x7f0e0516, type=HEADER, touchable=true, defaultShow=true}], persistentStates=0, persistentStatesPrefKey=null, popupBubbleLayoutId=#0x7f0e0604, recentKeyLayoutId=#0x0, recentKeyPopupLayoutId=#0x0, recentKeyType=null, rememberRecentKey=NONE, sessionStates=17592186044419}, type=WIDGET, helpersCreated={HEADER=mwp@7aa8bd1, BODY=mwp@edd6636, FLOATING_CANDIDATES=mwp@d2d2937}, context.getResources().getConfiguration(): {1.0 310mcc260mnc [en_US] ldltr sw411dp w411dp h914dp 420dpi nrml long compactNeeded port finger qwerty/v/v dpad/v winConfig={ mBounds=Rect(0, 0 - 1080, 2400) mAppBounds=Rect(0, 0 - 1080, 2400) mMaxBounds=Rect(0, 0 - 1080, 2400) mDisplayRotation=ROTATION_0 mWindowingMode=fullscreen mActivityType=undefined mAlwaysOnTop=undefined mRotation=ROTATION_0} as.3 s.32 fontWeightAdjustment=0}
03-05 08:38:55.755 I/BaseKeyboardSizeHelper( 1517): BaseKeyboardSizeHelper.calculateMaxKeyboardBodyHeight():73 leave 281 height for app when ime window height:2138, header height:116 and isFullscreenMode:false, so the max keyboard body height is:1741
03-05 08:38:55.756 I/AndroidIME( 1517): InputBundleManager.startInput():361 startInput() with nlm[keyboardType=prime, payload=null]
03-05 08:38:55.756 I/GlobeKeyExtension( 1517): GlobeKeyExtension.onDeactivate():144 
03-05 08:38:55.757 W/TooltipLifecycleManager( 1517): TooltipLifecycleManager.dismissTooltips():153 Tooltip with id SUGGESTION_VIEW_EDU_MINI_DIALOG not found in tooltipManager.
03-05 08:38:55.757 I/VoiceInputManagerWrapper( 1517): VoiceInputManagerWrapper.shutdown():131 shutdown()
03-05 08:38:55.758 I/PkModeUpdater( 1517): PkModeUpdater.onActivate():74 onActivate false true
03-05 08:38:55.758 I/AccessoryInputModeManager( 1517): AccessoryInputModeManager.onModeStarted():324 Accessory input mode started: null
03-05 08:38:55.758 W/SupplementaryKeyboardsWrapper( 1517): SupplementaryKeyboardsWrapper.deactivateKeyboard():162 keyboard accessory_candidates_consumer is not activated before!
03-05 08:38:55.758 I/SP      ( 1517): Registering bundled_delight.2025121000, url: null, constraints: *:*:*:*, flags: *, requested: 2025121000, current: 2025121000
03-05 08:38:55.758 I/KeyboardModeUtils( 1517): KeyboardModeUtils.getKeyboardBottomOffset():435 inch: 0.000000 ydpi: 420.000000 adjustKeyboardBottomByDisplaySize: false currentDensityDpi: 420 defaultDensityDpi: 420 keyboardBottomToScreenPx: 0 keyboardBottomToNavBarPx: -126 navBarHeight: 126
03-05 08:38:55.759 I/BaseKeyboardSizeHelper( 1517): BaseKeyboardSizeHelper.calculateMaxKeyboardBodyHeight():73 leave 281 height for app when ime window height:2138, header height:116 and isFullscreenMode:false, so the max keyboard body height is:1741
03-05 08:38:55.759 I/BaseKeyboardSizeHelper( 1517): BaseKeyboardSizeHelper.calculateMaxKeyboardBodyHeight():73 leave 281 height for app when ime window height:2138, header height:116 and isFullscreenMode:false, so the max keyboard body height is:1741
03-05 08:38:55.759 I/BaseKeyboardSizeHelper( 1517): BaseKeyboardSizeHelper.calculateMaxKeyboardBodyHeight():73 leave 281 height for app when ime window height:2138, header height:116 and isFullscreenMode:false, so the max keyboard body height is:1741
03-05 08:38:55.759 I/BaseKeyboardSizeHelper( 1517): BaseKeyboardSizeHelper.calculateMaxKeyboardBodyHeight():73 leave 281 height for app when ime window height:2138, header height:116 and isFullscreenMode:false, so the max keyboard body height is:1741
03-05 08:38:55.759 W/ExtensionWrapper( 1517): ExtensionWrapper.setExtensionViewVisibility():876 interface nac is not activate
03-05 08:38:55.759 I/GlobeKeyExtension( 1517): GlobeKeyExtension.onActivate():120 
03-05 08:38:55.759 I/HardKeyTracker( 1517): HardKeyTracker.unregisterKeySequence():229 Unregister key sequence ohy{labelResId=2132020485, callback=cti@b44d7e7, lastModifier=2, keyCodes=[56], actions=[0]}
03-05 08:38:55.759 I/HardKeyTracker( 1517): HardKeyTracker.unregisterKeySequence():229 Unregister key sequence ohy{labelResId=2132020485, callback=cti@9c27f94, lastModifier=0, keyCodes=[317], actions=[0]}
03-05 08:38:55.759 I/HardKeyTracker( 1517): HardKeyTracker.registerKeySequence():178 Register key sequence ohy{labelResId=2132020485, callback=cti@b4f9bc2, lastModifier=2, keyCodes=[56], actions=[0]}
03-05 08:38:55.759 I/HardKeyTracker( 1517): HardKeyTracker.registerKeySequence():178 Register key sequence ohy{labelResId=2132020485, callback=cti@c669dd3, lastModifier=0, keyCodes=[317], actions=[0]}
03-05 08:38:55.759 W/AccessPointsManager( 1517): AccessPointsManager.addAccessPoint():1084 The holder controller #0x7f0b246c is not registered
03-05 08:38:55.759 I/VoiceInputManagerWrapper( 1517): VoiceInputManagerWrapper.cancelShutdown():109 cancelShutdown()
03-05 08:38:55.759 I/VoiceInputManagerWrapper( 1517): VoiceInputManagerWrapper.syncLanguagePacks():121 syncLanguagePacks()
03-05 08:38:55.759 I/SpeechFactory( 1517): SpeechRecognitionFactory.maybeScheduleAutoPackDownloadForFallback():217 maybeScheduleAutoPackDownloadForFallback()
03-05 08:38:55.759 I/FallbackOnDeviceRecognitionProvider( 1517): FallbackOnDeviceRecognitionProvider.maybeScheduleAutoPackDownload():213 maybeScheduleAutoPackDownload() for language tag en-US
03-05 08:38:55.765 I/VoiceInputManager( 1517): VoiceInputManager.onKeyboardActivated():1215 onKeyboardActivated() [UD]
03-05 08:38:55.766 I/SP      ( 1517): Sync for bundled_delight succeeded in 22 ms: no changes
03-05 08:38:55.766 I/SuperDelight( 1517): SuperDelightManager.syncOverridesLanguageModels():620 SuperDelightManager#syncOverridesLanguageModels(): Superpack delight_overrides not found or negative version provided
03-05 08:38:55.767 I/Module  ( 1517): DeviceLockedStatusModuleProvider$Module.updateDeviceLockedStatus():103 repeatCheckTimes = 1, locked = false
03-05 08:38:55.768 I/HardKeyTracker( 1517): HardKeyTracker.unregisterKeySequence():229 Unregister key sequence ohy{labelResId=2132020489, callback=cti@b279a3d, lastModifier=2, keyCodes=[48], actions=[0]}
03-05 08:38:55.768 I/HardKeyTracker( 1517): HardKeyTracker.registerKeySequence():178 Register key sequence ohy{labelResId=2132020489, callback=cti@f43971f, lastModifier=2, keyCodes=[48], actions=[0]}
03-05 08:38:55.768 I/HardKeyTracker( 1517): HardKeyTracker.unregisterKeySequence():229 Unregister key sequence ohy{labelResId=2132020485, callback=cti@9097232, lastModifier=2, keyCodes=[56], actions=[0]}
03-05 08:38:55.768 I/HardKeyTracker( 1517): HardKeyTracker.unregisterKeySequence():229 Unregister key sequence ohy{labelResId=2132020485, callback=cti@e7d0b83, lastModifier=0, keyCodes=[317], actions=[0]}
03-05 08:38:55.768 I/HardKeyTracker( 1517): HardKeyTracker.registerKeySequence():178 Register key sequence ohy{labelResId=2132020485, callback=cti@8ccfa6c, lastModifier=2, keyCodes=[56], actions=[0]}
03-05 08:38:55.768 I/HardKeyTracker( 1517): HardKeyTracker.registerKeySequence():178 Register key sequence ohy{labelResId=2132020485, callback=cti@f1bb835, lastModifier=0, keyCodes=[317], actions=[0]}
03-05 08:38:55.768 I/HardKeyTracker( 1517): HardKeyTracker.unregisterKeySequence():229 Unregister key sequence ohy{labelResId=2132020489, callback=cti@f120100, lastModifier=2, keyCodes=[48], actions=[0]}
03-05 08:38:55.768 I/HardKeyTracker( 1517): HardKeyTracker.registerKeySequence():178 Register key sequence ohy{labelResId=2132020489, callback=cti@eebc4ca, lastModifier=2, keyCodes=[48], actions=[0]}
03-05 08:38:55.768 W/AccessPointsManager( 1517): AccessPointsManager.addAccessPoint():1084 The holder controller #0x7f0b246c is not registered
03-05 08:38:55.768 I/HardKeyTracker( 1517): HardKeyTracker.unregisterKeySequence():229 Unregister key sequence ohy{labelResId=2132020490, callback=cti@b162d2c, lastModifier=2, keyCodes=[32], actions=[0]}
03-05 08:38:55.768 I/HardKeyTracker( 1517): HardKeyTracker.unregisterKeySequence():229 Unregister key sequence ohy{labelResId=2132020490, callback=cti@63cd3f5, lastModifier=0, keyCodes=[319], actions=[0]}
03-05 08:38:55.768 I/HardKeyTracker( 1517): HardKeyTracker.registerKeySequence():178 Register key sequence ohy{labelResId=2132020490, callback=cti@2c55158, lastModifier=2, keyCodes=[32], actions=[0]}
03-05 08:38:55.769 I/HardKeyTracker( 1517): HardKeyTracker.registerKeySequence():178 Register key sequence ohy{labelResId=2132020490, callback=cti@edca2b1, lastModifier=0, keyCodes=[319], actions=[0]}
03-05 08:38:55.770 I/HardKeyTracker( 1517): HardKeyTracker.unregisterKeySequence():229 Unregister key sequence ohy{labelResId=2132020490, callback=cti@d188cad, lastModifier=2, keyCodes=[32], actions=[0]}
03-05 08:38:55.770 I/HardKeyTracker( 1517): HardKeyTracker.unregisterKeySequence():229 Unregister key sequence ohy{labelResId=2132020490, callback=cti@91ecbe2, lastModifier=0, keyCodes=[319], actions=[0]}
03-05 08:38:55.770 I/HardKeyTracker( 1517): HardKeyTracker.registerKeySequence():178 Register key sequence ohy{labelResId=2132020490, callback=cti@ea2b04, lastModifier=2, keyCodes=[32], actions=[0]}
03-05 08:38:55.770 I/HardKeyTracker( 1517): HardKeyTracker.registerKeySequence():178 Register key sequence ohy{labelResId=2132020490, callback=cti@5e7b8ed, lastModifier=0, keyCodes=[319], actions=[0]}
03-05 08:38:55.770 W/InputReader(  767): Received unexpected event (0x35, 0x26d) for slot 0 with tracking id 0
03-05 08:38:55.770 W/InputReader(  767): Received unexpected event (0x36, 0x607) for slot 0 with tracking id 0
03-05 08:38:55.770 I/VoiceImeExtension( 1517): VoiceImeExtension.shouldStartVoiceInputAutomaticallyInCurrentInputBox():384 No private IME option set to start voice input.
03-05 08:38:55.770 I/DelightKLPDownloader( 1517): DelightKLPDownloader.getBundledLmVersion():312 bundled KLP for en_840 version = 0
03-05 08:38:55.773 I/SystemHapticSettings( 1517): SystemHapticSettings.updateSystemVibrationState():61 update vibration state: true
03-05 08:38:55.775 I/EmojiShortcutsLoader( 1517): EmojiShortcutsLoader.getEmojiShortcuts():156 Read en_US emoji shortcuts successfully.
03-05 08:38:55.782 I/SP      ( 1517): GC for 'bundled_delight' (10) with ttl of 0 ms took 0 ms (0/0/0)
03-05 08:38:55.782 I/AbstractGestureMotionEventHandler( 1517): AbstractGestureMotionEventHandler.handle():585 handle() : Skip Event : ReadyForGestureInput = false
03-05 08:38:55.782 I/DelightKLPDownloader( 1517): DelightKLPDownloader.getBundledLmVersion():312 bundled KLP for en_840 version = 0
03-05 08:38:55.782 I/ManifestedDataDownloader( 1517): ManifestedDataDownloader.download():67 downloading manifest https://www.gstatic.com/android/keyboard/dictionarypack/2025121000/metadata.json-perlang/en-840.json?v=2026012601
03-05 08:38:55.783 W/TooltipLifecycleManager( 1517): TooltipLifecycleManager.dismissTooltips():153 Tooltip with id SUGGESTION_VIEW_EDU_MINI_DIALOG not found in tooltipManager.
03-05 08:38:55.784 I/DownloadManager( 1517): DownloadManager.downloadInternal():424 Download for __KLP_manifest_delight__en-840 scheduled with params nie[allowMetered=true, requireCharging=false, foreground=false, immediately=true, priority=0]
03-05 08:38:55.784 I/DownloadManager( 1517): DownloadManager.startDownload():508 start download of __KLP_manifest_delight__en-840
03-05 08:38:55.785 I/DownloadManager( 1517): DownloadManager$4.onSuccess():577 download for __KLP_manifest_delight__en-840 is finished with files # qna@b1f4bd3c
03-05 08:38:55.786 W/PresentationStatsEventLogger(  767): Bad view state for: -1, state: ViewState: [id=1073741824:i1170025110@2121414903, state:10010, currentValue:android.view.autofill.AutofillValue@31abaf, virtualBounds:Rect(259, 975 - 905, 1033)]
03-05 08:38:55.789 I/ManifestedDataDownloader( 1517): ManifestedDataDownloader.download():67 downloading manifest https://www.gstatic.com/android/keyboard/dictionarypack/2025121000/metadata.json-perlang/en-840.json?v=2026012601
03-05 08:38:55.795 I/LmManager( 1517): LmManager$1.onSuccess():84 Bundled delight sync success
03-05 08:38:55.795 I/SuperDelight( 1517): SuperDelightManager.syncBundledLanguageModels():695 SuperDelightManager#syncBundledLanguageModels(): Syncing for version 2025121000
03-05 08:38:55.796 I/SuperDelight( 1517): SuperDelightManager$2.onSuccess():498 delight_overrides sync success, adding to data file manager
03-05 08:38:55.796 D/Bubbles ( 1018): BubbleController.BubblesImeListener.onImeVisibilityChanged visible=truerunnable=null stackView=null
03-05 08:38:55.797 I/SuperDelight( 1517): SuperDelightManager$2.onSuccess():498 bundled_delight sync success, adding to data file manager
03-05 08:38:55.798 D/VRI[MainActivity]( 4531): WindowInsets changed: ime:[0,0,0,883] 
03-05 08:38:55.800 I/DataFileManager( 1517): DataFileManager.addDataWithoutNotify():184 data en-US already exists
03-05 08:38:55.800 I/SuperDelight( 1517): SuperDelightBundledSlicingStrategy.getSlices():41 BundledSlicing#getSlices() : Locale = [en_US]
03-05 08:38:55.800 I/SuperDelight( 1517): SuperDelightBundledSlicingStrategy.getSlices():67 BundledSlicing#getSlices(): result {slices=[bundled_delight:main_en_us_2025090100_2], last batch=true, sync metadata=false}
03-05 08:38:55.800 I/SP      ( 1517): Syncing bundled_delight (2025121000) with slices: [main_en_us_2025090100_2], metadata: false
03-05 08:38:55.801 I/EmojiShortcutsLoader( 1517): EmojiShortcutsLoader.call():71 1 emoji shortcut maps loaded.
03-05 08:38:55.804 I/EmojiShortcutsLoader( 1517): EmojiShortcutsLoader.call():82 Finished loading emoji shortcuts
03-05 08:38:55.804 I/Delight5Facilitator( 1517): EmailLanguageModelLoader.call():33 Running email language model loader
03-05 08:38:55.805 I/Delight5Facilitator( 1517): KeyCorrectionTfliteModelLoader.call():32 Running Key Correction Tflite Model loader
03-05 08:38:55.811 W/InputReader(  767): Received unexpected event (0x35, 0x1cd) for slot 0 with tracking id 0
03-05 08:38:55.811 W/InputReader(  767): Received unexpected event (0x36, 0x443) for slot 0 with tracking id 0
03-05 08:38:55.814 I/CrankEngineLocales( 1517): CrankEngineLocales.getLocaleToUseForCrankEngine():66 Using locale en_US for emoji prediction
03-05 08:38:55.814 I/CrankEngineLocales( 1517): CrankEngineLocales.getLocaleToUseForCrankEngine():66 Using locale en_US for emoji prediction
03-05 08:38:55.814 I/CrankEngineLocales( 1517): CrankEngineLocales.getLocaleToUseForCrankEngine():66 Using locale en_US for emoji prediction
03-05 08:38:55.814 I/SP      ( 1517): Sync for bundled_delight succeeded in 17 ms: no changes
03-05 08:38:55.815 I/SP      ( 1517): GC for 'bundled_delight' (10) with ttl of 0 ms took 0 ms (0/0/0)
03-05 08:38:55.815 I/LmManager( 1517): LmManager$1.onSuccess():84 Bundled delight sync success
03-05 08:38:55.817 I/CrankEngineLocales( 1517): CrankEngineLocales.getLocaleToUseForCrankEngine():66 Using locale en_US for emoji prediction
03-05 08:38:55.817 I/CrankEngineLocales( 1517): CrankEngineLocales.getLocaleToUseForCrankEngine():66 Using locale en_US for emoji prediction
03-05 08:38:55.818 I/CrankEngineLocales( 1517): CrankEngineLocales.getLocaleToUseForCrankEngine():66 Using locale en_US for emoji prediction
03-05 08:38:55.820 I/GoogleInputMethodService( 1517): GoogleInputMethodService$1.onKeyboardViewShown():331 onKeyboardViewShown: keyboardType=prime, keyboardViewType=HEADER keyboardView=com.google.android.libraries.inputmethod.widgets.SoftKeyboardView{3d2cef4 V.E...... ........ 0,0-1080,116}
03-05 08:38:55.820 I/BaseKeyboardSizeHelper( 1517): BaseKeyboardSizeHelper.calculateMaxKeyboardBodyHeight():73 leave 281 height for app when ime window height:2138, header height:116 and isFullscreenMode:false, so the max keyboard body height is:1741
03-05 08:38:55.821 I/GoogleInputMethodService( 1517): GoogleInputMethodService$1.onKeyboardViewShown():331 onKeyboardViewShown: keyboardType=prime, keyboardViewType=BODY keyboardView=com.google.android.libraries.inputmethod.widgets.SoftKeyboardView{3009487 V.E...... ........ 0,0-1080,641}
03-05 08:38:55.821 W/native  ( 1517): W0000 00:00:1772689135.821226    2093 fst-model-loader.cc:866] The section id=0x0x4000000000 is not recognized. Skipping.
03-05 08:38:55.821 I/BaseKeyboardSizeHelper( 1517): BaseKeyboardSizeHelper.calculateMaxKeyboardBodyHeight():73 leave 281 height for app when ime window height:2138, header height:116 and isFullscreenMode:false, so the max keyboard body height is:1741
03-05 08:38:55.821 I/GlobeKeyExtension( 1517): GlobeKeyExtension$1.onKeyboardViewShown():72 maybeDisableLanguageSwitchKeyPref when the keyboard is shown
03-05 08:38:55.821 I/GlobeKeyExtension( 1517): GlobeKeyExtension.maybeDisableLanguageSwitchKeyPref():200 maybeDisableLanguageSwitchKeyPref hasGlobeKeyBeenDisabled: true, shouldDisableLanguageSwitchKey: true
03-05 08:38:55.821 I/NewLanguagePromptExtension( 1517): NewLanguagePromptExtension$1.onKeyboardViewShown():98 Not show new language banner: no change in enabled input method entries
03-05 08:38:55.821 I/DynamicLayoutHandler( 1517): DynamicLayoutHandler.loadDynamicKeys():92 This isn't a dynamic layout.
03-05 08:38:55.822 E/mapper.ranchu( 4688): getStandardMetadataImpl:886 failure: UNSUPPORTED: id=118: unexpected standardMetadataType=21
03-05 08:38:55.823 I/KeyboardModeUtils( 1517): KeyboardModeUtils.getKeyboardBottomOffset():435 inch: 0.000000 ydpi: 420.000000 adjustKeyboardBottomByDisplaySize: false currentDensityDpi: 420 defaultDensityDpi: 420 keyboardBottomToScreenPx: 0 keyboardBottomToNavBarPx: -126 navBarHeight: 126
03-05 08:38:55.823 I/BaseKeyboardSizeHelper( 1517): BaseKeyboardSizeHelper.calculateMaxKeyboardBodyHeight():73 leave 281 height for app when ime window height:2138, header height:116 and isFullscreenMode:false, so the max keyboard body height is:1741
03-05 08:38:55.824 I/BaseKeyboardSizeHelper( 1517): BaseKeyboardSizeHelper.calculateMaxKeyboardBodyHeight():73 leave 281 height for app when ime window height:2138, header height:116 and isFullscreenMode:false, so the max keyboard body height is:1741
03-05 08:38:55.825 I/Delight5Decoder( 1517): Delight5DecoderWrapper.loadLanguageModel():797 Loaded main LM 1.en
03-05 08:38:55.825 I/SuperDelight( 1517): SuperDelightManager$2.onSuccess():498 bundled_delight sync success, adding to data file manager
03-05 08:38:55.825 I/Delight5Decoder( 1517): Delight5DecoderWrapper.loadLanguageModel():771 loadLanguageModel() : 7, version [n/a]
03-05 08:38:55.826 I/DataFileManager( 1517): DataFileManager.addDataWithoutNotify():184 data en-US already exists
03-05 08:38:55.826 I/native  ( 1517): I0000 00:00:1772689135.826090    2093 blocklist-assembly.cc:126] LoadBlocklist en
03-05 08:38:55.826 I/Delight5Decoder( 1517): Delight5DecoderWrapper.loadLanguageModel():816 Loaded dynamic LM 7.en
03-05 08:38:55.826 I/Delight5Decoder( 1517): Delight5DecoderWrapper.loadLanguageModel():771 loadLanguageModel() : 4, version [n/a]
03-05 08:38:55.826 I/Delight5Decoder( 1517): Delight5DecoderWrapper.loadLanguageModel():816 Loaded dynamic LM 4.en
03-05 08:38:55.827 I/Delight5Decoder( 1517): Delight5DecoderWrapper.loadLanguageModel():771 loadLanguageModel() : 3, version [n/a]
03-05 08:38:55.827 I/Delight5Decoder( 1517): Delight5DecoderWrapper.loadLanguageModel():816 Loaded dynamic LM 3.en
03-05 08:38:55.832 I/ImeTracker(  767): system_server:322e3edc: onRequestShow at ORIGIN_SERVER reason CONTROLS_CHANGED fromUser false
03-05 08:38:55.833 I/Delight5Decoder( 1517): Delight5DecoderWrapper.loadLanguageModel():771 loadLanguageModel() : 29, version [n/a]
03-05 08:38:55.833 W/Delight5Decoder( 1517): Delight5DecoderWrapper.getTimerTypeForLoadLanguageModule():916 Cannot find timer type for loading language model 29
03-05 08:38:55.836 I/Delight5Decoder( 1517): Delight5DecoderWrapper.loadLanguageModel():816 Loaded dynamic LM 29.en
03-05 08:38:55.838 I/Delight5Decoder( 1517): Delight5DecoderWrapper.setKeyboardLayout():548 setKeyboardLayout()
03-05 08:38:55.844 I/ManifestedDataDownloader( 1517): ManifestedDataDownloader.checkVersionAndDownload():98 filegroup __KLP_delight__en-840 with version 2025120900 is already downloaded
03-05 08:38:55.846 E/mapper.ranchu( 4688): getStandardMetadataImpl:886 failure: UNSUPPORTED: id=137: unexpected standardMetadataType=21
03-05 08:38:55.847 I/DownloadManager( 1517): DownloadManager.downloadInternal():424 Download for __KLP_manifest_delight__en-840 scheduled with params nie[allowMetered=true, requireCharging=false, foreground=false, immediately=true, priority=0]
03-05 08:38:55.847 I/DownloadManager( 1517): DownloadManager.startDownload():508 start download of __KLP_manifest_delight__en-840
03-05 08:38:55.847 I/DownloadManager( 1517): DownloadManager$4.onSuccess():577 download for __KLP_manifest_delight__en-840 is finished with files # qna@b1f4bd3c
03-05 08:38:55.848 I/DelightKLPDownloader( 1517): DelightKLPDownloader$2.onSuccess():233 klp en_840 downloaded with version 2025120900
03-05 08:38:55.849 I/ManifestedDataDownloader( 1517): ManifestedDataDownloader.checkVersionAndDownload():98 filegroup __KLP_delight__en-840 with version 2025120900 is already downloaded
03-05 08:38:55.849 I/DelightKLPDownloader( 1517): DelightKLPDownloader$2.onSuccess():233 klp en_840 downloaded with version 2025120900
03-05 08:38:55.852 I/KeyboardModeUtils( 1517): KeyboardModeUtils.getKeyboardBottomOffset():435 inch: 0.000000 ydpi: 420.000000 adjustKeyboardBottomByDisplaySize: false currentDensityDpi: 420 defaultDensityDpi: 420 keyboardBottomToScreenPx: 0 keyboardBottomToNavBarPx: -126 navBarHeight: 126
03-05 08:38:55.853 I/BaseKeyboardSizeHelper( 1517): BaseKeyboardSizeHelper.calculateMaxKeyboardBodyHeight():73 leave 281 height for app when ime window height:2138, header height:116 and isFullscreenMode:false, so the max keyboard body height is:1741
03-05 08:38:55.853 I/BaseKeyboardSizeHelper( 1517): BaseKeyboardSizeHelper.calculateMaxKeyboardBodyHeight():73 leave 281 height for app when ime window height:2138, header height:116 and isFullscreenMode:false, so the max keyboard body height is:1741
03-05 08:38:55.866 W/InputReader(  767): Received unexpected event (0x35, 0x423) for slot 0 with tracking id 0
03-05 08:38:55.866 W/InputReader(  767): Received unexpected event (0x36, 0x41d) for slot 0 with tracking id 0
03-05 08:38:55.870 I/ImeTracker( 4531): system_server:322e3edc: onCancelled at PHASE_CLIENT_ON_CONTROLS_CHANGED
03-05 08:38:55.871 W/putmethod.latin( 1517): Suspending all threads took: 14.047ms
03-05 08:38:55.876 E/mapper.ranchu( 4688): getStandardMetadataImpl:886 failure: UNSUPPORTED: id=131: unexpected standardMetadataType=21
03-05 08:38:55.879 D/ShellBackPreview( 1018): Finishing gesture with event action: 1
03-05 08:38:55.879 D/ShellBackPreview( 1018): onGestureFinished called while no gesture is started
03-05 08:38:55.890 E/mapper.ranchu( 4688): getStandardMetadataImpl:886 failure: UNSUPPORTED: id=132: unexpected standardMetadataType=21
03-05 08:38:55.928 E/mapper.ranchu( 4688): getStandardMetadataImpl:886 failure: UNSUPPORTED: id=120: unexpected standardMetadataType=21
03-05 08:38:55.938 W/InputReader(  767): Received unexpected event (0x35, 0x177) for slot 0 with tracking id 0
03-05 08:38:55.938 W/InputReader(  767): Received unexpected event (0x36, 0x502) for slot 0 with tracking id 0
03-05 08:38:55.943 W/TooltipLifecycleManager( 1517): TooltipLifecycleManager.dismissTooltips():153 Tooltip with id spell_check_add_to_dictionary not found in tooltipManager.
03-05 08:38:55.962 I/CrankEngineLocales( 1517): CrankEngineLocales.getLocaleToUseForCrankEngine():66 Using locale en_US for emoji prediction
03-05 08:38:55.971 E/mapper.ranchu( 4688): getStandardMetadataImpl:886 failure: UNSUPPORTED: id=133: unexpected standardMetadataType=21
03-05 08:38:55.982 I/Monkey  ( 4716):     //[calendar_time:2026-03-05 08:38:55.980  system_uptime:212255]
03-05 08:38:55.982 I/Monkey  ( 4716):     // Sending event #300
03-05 08:38:55.982 W/InputReader(  767): Received unexpected event (0x35, 0x1d9) for slot 0 with tracking id 0
03-05 08:38:55.982 W/InputReader(  767): Received unexpected event (0x36, 0x6e8) for slot 0 with tracking id 0
03-05 08:38:55.990 W/FillRequestEventLogger(  767): Shouldn't be logging AutofillFillRequestReported again for same event
03-05 08:38:55.990 W/FillResponseEventLogger(  767): Shouldn't be logging AutofillFillRequestReported again for same event
03-05 08:38:55.990 W/PresentationStatsEventLogger(  767): Empty dataset. Autofill ignoring log
03-05 08:38:55.990 D/AutofillSession(  767): clearPendingIntentLocked
03-05 08:38:55.996 W/TooltipLifecycleManager( 1517): TooltipLifecycleManager.dismissTooltips():153 Tooltip with id SUGGESTION_VIEW_EDU_MINI_DIALOG not found in tooltipManager.
03-05 08:38:55.996 V/InlineSuggestionRenderService( 1166): handleDestroySuggestionViews called for 0:2121414903
03-05 08:38:55.997 W/TooltipLifecycleManager( 1517): TooltipLifecycleManager.dismissTooltips():153 Tooltip with id SUGGESTION_VIEW_EDU_MINI_DIALOG not found in tooltipManager.
03-05 08:38:56.021 I/native  ( 1517): I0000 00:00:1772689136.021094    2093 input-context-store.cc:340] Ignoring stale client request for FetchSuggestions
03-05 08:38:56.025 W/InputContextProxy( 1517): InputContextProxy.applyClientDiffInternal():933 Ignore [FetchSuggestions] diff due to stale request: 21<22, inputStateId=3, lastInputStateId=3
03-05 08:38:56.029 E/mapper.ranchu( 4688): getStandardMetadataImpl:886 failure: UNSUPPORTED: id=121: unexpected standardMetadataType=21
03-05 08:38:56.030 W/InputReader(  767): Received unexpected event (0x35, 0x3d8) for slot 0 with tracking id 0
03-05 08:38:56.030 W/InputReader(  767): Received unexpected event (0x36, 0x53) for slot 0 with tracking id 0
03-05 08:38:56.038 E/mapper.ranchu( 4688): getStandardMetadataImpl:886 failure: UNSUPPORTED: id=134: unexpected standardMetadataType=21
03-05 08:38:56.045 W/SP      ( 1517): File ref is being finalized but wasn't closed, file: 2023012316_en[13]
03-05 08:38:56.045 W/SP      ( 1517): File ref is being finalized but wasn't closed, file: 2023012316_en[13]
03-05 08:38:56.045 W/SP      ( 1517): File ref is being finalized but wasn't closed, file: 2023012316_en[13]
03-05 08:38:56.045 W/SP      ( 1517): File ref is being finalized but wasn't closed, file: 2023012316_en[13]
03-05 08:38:56.045 W/SP      ( 1517): File ref is being finalized but wasn't closed, file: tflite-nwp-756c50035b995cfb0f7e8feb7d1b10ee[5]
03-05 08:38:56.045 W/SP      ( 1517): File ref is being finalized but wasn't closed, file: tflite-nwp-756c50035b995cfb0f7e8feb7d1b10ee[5]
03-05 08:38:56.045 W/SP      ( 1517): File ref is being finalized but wasn't closed, file: main_en_us_2025090100_2[10]
03-05 08:38:56.045 W/SP      ( 1517): File ref is being finalized but wasn't closed, file: main_en_us_2025090100_2[10]
03-05 08:38:56.046 W/SP      ( 1517): File ref is being finalized but wasn't closed, file: 2023012316_en[13]
03-05 08:38:56.046 W/SP      ( 1517): File ref is being finalized but wasn't closed, file: 2023012316_en[13]
03-05 08:38:56.046 W/SP      ( 1517): File ref is being finalized but wasn't closed, file: main_en_us_2025090100_2[10]
03-05 08:38:56.053 E/mapper.ranchu( 4688): getStandardMetadataImpl:886 failure: UNSUPPORTED: id=135: unexpected standardMetadataType=21
03-05 08:38:56.069 E/mapper.ranchu( 4688): getStandardMetadataImpl:886 failure: UNSUPPORTED: id=136: unexpected standardMetadataType=21
03-05 08:38:56.074 W/InputReader(  767): Received unexpected event (0x35, 0x3e4) for slot 0 with tracking id 0
03-05 08:38:56.074 W/InputReader(  767): Received unexpected event (0x36, 0x804) for slot 0 with tracking id 0
03-05 08:38:56.080 W/TooltipLifecycleManager( 1517): TooltipLifecycleManager.dismissTooltips():153 Tooltip with id SUGGESTION_VIEW_EDU_MINI_DIALOG not found in tooltipManager.
03-05 08:38:56.098 W/SP      ( 1517): File ref is being finalized but wasn't closed, file: main_en_us_2025090100_2[10]
03-05 08:38:56.105 E/mapper.ranchu( 4688): getStandardMetadataImpl:886 failure: UNSUPPORTED: id=128: unexpected standardMetadataType=21
03-05 08:38:56.118 W/InputReader(  767): Received unexpected event (0x35, 0x429) for slot 0 with tracking id 0
03-05 08:38:56.118 W/InputReader(  767): Received unexpected event (0x36, 0x451) for slot 0 with tracking id 0
03-05 08:38:56.119 I/KeyboardModeUtils( 1517): KeyboardModeUtils.getKeyboardBottomOffset():435 inch: 0.000000 ydpi: 420.000000 adjustKeyboardBottomByDisplaySize: false currentDensityDpi: 420 defaultDensityDpi: 420 keyboardBottomToScreenPx: 0 keyboardBottomToNavBarPx: -126 navBarHeight: 126
03-05 08:38:56.119 I/BaseKeyboardSizeHelper( 1517): BaseKeyboardSizeHelper.calculateMaxKeyboardBodyHeight():73 leave 281 height for app when ime window height:2138, header height:116 and isFullscreenMode:false, so the max keyboard body height is:1741
03-05 08:38:56.119 I/BaseKeyboardSizeHelper( 1517): BaseKeyboardSizeHelper.calculateMaxKeyboardBodyHeight():73 leave 281 height for app when ime window height:2138, header height:116 and isFullscreenMode:false, so the max keyboard body height is:1741
03-05 08:38:56.124 E/mapper.ranchu( 4688): getStandardMetadataImpl:886 failure: UNSUPPORTED: id=129: unexpected standardMetadataType=21
03-05 08:38:56.143 E/mapper.ranchu( 4688): getStandardMetadataImpl:886 failure: UNSUPPORTED: id=122: unexpected standardMetadataType=21
03-05 08:38:56.160 E/mapper.ranchu( 4688): getStandardMetadataImpl:886 failure: UNSUPPORTED: id=119: unexpected standardMetadataType=21
03-05 08:38:56.316 W/EventHub(  767): Slow read detected for device 'Monkey touch', eventTime: 212434220000ns, readDelta: 156885358 ns (over the threshold of 100 ms)
03-05 08:38:56.317 W/EventHub(  767): Slow read detected for device 'Monkey touch', eventTime: 212434220000ns, readDelta: 157354882 ns (over the threshold of 100 ms)
03-05 08:38:56.317 W/EventHub(  767): Slow read detected for device 'Monkey touch', eventTime: 212434220000ns, readDelta: 157363124 ns (over the threshold of 100 ms)
03-05 08:38:56.317 W/EventHub(  767): Slow read detected for device 'Monkey touch', eventTime: 212434282000ns, readDelta: 157308839 ns (over the threshold of 100 ms)
03-05 08:38:56.317 W/EventHub(  767): Slow read detected for device 'Monkey touch', eventTime: 212434282000ns, readDelta: 157315445 ns (over the threshold of 100 ms)
03-05 08:38:56.317 W/EventHub(  767): Slow read detected for device 'Monkey touch', eventTime: 212434367000ns, readDelta: 157235647 ns (over the threshold of 100 ms)
03-05 08:38:56.317 W/EventHub(  767): Slow read detected for device 'Monkey touch', eventTime: 212434367000ns, readDelta: 157241754 ns (over the threshold of 100 ms)
03-05 08:38:56.317 W/EventHub(  767): Slow read detected for device 'Monkey touch', eventTime: 212434367000ns, readDelta: 157244920 ns (over the threshold of 100 ms)
03-05 08:38:56.317 W/EventHub(  767): Slow read detected for device 'Monkey touch', eventTime: 212434446000ns, readDelta: 157168269 ns (over the threshold of 100 ms)
03-05 08:38:56.317 W/EventHub(  767): Slow read detected for device 'Monkey touch', eventTime: 212434446000ns, readDelta: 157170756 ns (over the threshold of 100 ms)
03-05 08:38:56.317 W/EventHub(  767): Slow read detected for device 'Monkey touch', eventTime: 212434446000ns, readDelta: 157172547 ns (over the threshold of 100 ms)
03-05 08:38:56.317 W/EventHub(  767): Slow read detected for device 'Monkey touch', eventTime: 212434446000ns, readDelta: 157174282 ns (over the threshold of 100 ms)
03-05 08:38:56.317 W/InputReader(  767): Received unexpected event (0x36, 0xf1) for slot 0 with tracking id 0
03-05 08:38:56.325 I/StylusModule( 1517): StylusModule.onUpdateToolType():774 Update tool type = 0
03-05 08:38:56.341 W/gle.android.gms( 1615): Suspending all threads took: 178.164ms
03-05 08:38:56.359 E/mapper.ranchu( 4688): getStandardMetadataImpl:886 failure: UNSUPPORTED: id=130: unexpected standardMetadataType=21
03-05 08:38:56.375 E/mapper.ranchu( 4688): getStandardMetadataImpl:886 failure: UNSUPPORTED: id=118: unexpected standardMetadataType=21
03-05 08:38:56.376 I/StylusModule( 1517): StylusModule.onUpdateToolType():774 Update tool type = 0
03-05 08:38:56.392 E/mapper.ranchu( 4688): getStandardMetadataImpl:886 failure: UNSUPPORTED: id=137: unexpected standardMetadataType=21
03-05 08:38:56.421 W/InputReader(  767): Received unexpected event (0x35, 0xa6) for slot 0 with tracking id 0
03-05 08:38:56.421 W/InputReader(  767): Received unexpected event (0x36, 0x944) for slot 0 with tracking id 0
03-05 08:38:56.423 I/StylusModule( 1517): StylusModule.onUpdateToolType():774 Update tool type = 0
03-05 08:38:56.425 D/OtherActivityInputConsumer( 1156): ACTION_DOWN: mIsDeferredDownTarget=true
03-05 08:38:56.426 I/ImeTracker( 1517): com.google.android.inputmethod.latin:b95716c9: onRequestHide at ORIGIN_IME reason HIDE_SOFT_INPUT_BY_BACK_KEY fromUser true
03-05 08:38:56.427 D/InsetsController( 4531): hide(ime())
03-05 08:38:56.427 D/WindowOnBackDispatcher( 4531): setTopOnBackInvokedCallback (unwrapped): android.app.Activity$$ExternalSyntheticLambda0@c82da62
03-05 08:38:56.428 D/CoreBackPreview(  767): Window{1375ec9 u0 com.sportpass.app/com.sportpass.app.MainActivity}: Setting back callback OnBackInvokedCallbackInfo{mCallback=android.window.IOnBackInvokedCallback$Stub$Proxy@2217a92, mPriority=-1, mIsAnimationCallback=false, mOverrideBehavior=0}
03-05 08:38:56.428 D/InsetsController( 4531): Setting requestedVisibleTypes to 503 (was 511)
03-05 08:38:56.429 D/InsetsController( 4531): hide(ime())
03-05 08:38:56.429 I/ImeTracker( 4531): com.google.android.inputmethod.latin:b95716c9: onCancelled at PHASE_CLIENT_ALREADY_HIDDEN
03-05 08:38:56.431 D/VRI[MainActivity]( 4531): WindowInsets changed: ime:null 
03-05 08:38:56.434 W/AS.PlaybackActivityMon(  767): No piid assigned for invalid/internal port id 15
03-05 08:38:56.436 I/ImeTracker(  767): system_server:c9b8e415: onRequestShow at ORIGIN_SERVER reason IME_REQUESTED_CHANGED_LISTENER fromUser false
03-05 08:38:56.437 I/NavHandleLongPressHandler( 1156): Contextual Search invocation: touch finished with reason: touch action up
03-05 08:38:56.439 D/Bubbles ( 1018): BubbleController.BubblesImeListener.onImeVisibilityChanged visible=falserunnable=null stackView=null
03-05 08:38:56.440 D/OtherActivityInputConsumer( 1156): finishTouchTracking: mPassedWindowMoveSlop=false
03-05 08:38:56.441 I/ImeTracker(  767): system_server:c9b8e415: onCancelled at PHASE_SERVER_ALREADY_VISIBLE
03-05 08:38:56.441 D/OtherActivityInputConsumer( 1156): finishTouchTracking: mInteractionHandler=null
03-05 08:38:56.441 D/OtherActivityInputConsumer( 1156): finishTouchTracking: ev=MotionEvent { action=ACTION_UP, actionButton=0, id[0]=0, x[0]=162.0, y[0]=2376.0, toolType[0]=TOOL_TYPE_FINGER, buttonState=0, classification=NONE, metaState=0, flags=0x0, edgeFlags=0x0, pointerCount=1, historySize=0, eventTime=212694, downTime=212694, deviceId=15, source=0x1002, displayId=0, eventId=128197063 }
03-05 08:38:56.441 D/OtherActivityInputConsumer( 1156): finishTouchTracking: mActiveCallbacks=null
03-05 08:38:56.441 I/StylusModule( 1517): StylusModule.onUpdateToolType():774 Update tool type = 1
03-05 08:38:56.451 I/ImeTracker(  767): com.google.android.inputmethod.latin:b95716c9: onFinished on previously finished token at PHASE_WM_NOTIFY_HIDE_ANIMATION_FINISHED with STATUS_FAIL
03-05 08:38:56.451 I/ImeTracker(  767): com.google.android.inputmethod.latin:b95716c9: onFailed at PHASE_WM_NOTIFY_HIDE_ANIMATION_FINISHED
03-05 08:38:56.457 I/GoogleInputMethodService( 1517): GoogleInputMethodService.onFinishInputView():1601 onFinishInputView(false)
03-05 08:38:56.457 E/mapper.ranchu( 4688): getStandardMetadataImpl:886 failure: UNSUPPORTED: id=131: unexpected standardMetadataType=21
03-05 08:38:56.458 W/TooltipLifecycleManager( 1517): TooltipLifecycleManager.dismissTooltips():153 Tooltip with id spell_check_add_to_dictionary not found in tooltipManager.
03-05 08:38:56.458 I/GlobeKeyExtension( 1517): GlobeKeyExtension.onDeactivate():144 
03-05 08:38:56.458 W/TooltipLifecycleManager( 1517): TooltipLifecycleManager.dismissTooltips():153 Tooltip with id SUGGESTION_VIEW_EDU_MINI_DIALOG not found in tooltipManager.
03-05 08:38:56.458 I/VoiceInputManagerWrapper( 1517): VoiceInputManagerWrapper.shutdown():131 shutdown()
03-05 08:38:56.458 I/InputBundle( 1517): InputBundle.consumeEvent():1041 Skip consuming an event as keyboard status is INACTIVE
03-05 08:38:56.460 E/native  ( 1517): E0000 00:00:1772689136.460258    1517 key-correction-manager.cc:366] User feature cache is not ready for key correction!
03-05 08:38:56.460 I/AndroidIME( 1517): AbstractIme.onDeactivate():213 LatinIme.onDeactivate()
03-05 08:38:56.461 W/ModuleManager( 1517): ModuleManager.loadModule():578 Module pdt is not available
03-05 08:38:56.461 I/NebulaeTrainingCacheMetricsProcessor( 1517): NebulaeTrainingCacheMetricsProcessor.processEndSession():568 End training cache session: com.sportpass.app_1/
03-05 08:38:56.463 I/PrimesLoggerHolder( 1517): FrameMetricServiceImpl.stopAsFuture():239 Measurement not found: OnConfigurationChanged
03-05 08:38:56.463 W/TooltipLifecycleManager( 1517): TooltipLifecycleManager.dismissTooltips():153 Tooltip with id undo_access_point_promotion_banner not found in tooltipManager.
03-05 08:38:56.463 D/ImeBackCallbackSender( 1517): Unregister OnBackInvokedCallback at app window (packageName=com.sportpass.app)
03-05 08:38:56.463 I/OnDeviceWmrCalculator( 1517): OnDeviceWmrCalculator.calculateWmr():94 WMR: -1.0000 (0 / 0)
03-05 08:38:56.463 I/ImeTracker( 1517): com.google.android.inputmethod.latin:b95716c9: onHidden
03-05 08:38:56.463 I/ImeTracker(  767): com.google.android.inputmethod.latin:b95716c9: onFinished on previously finished token at PHASE_NOT_SET with STATUS_SUCCESS
03-05 08:38:56.464 W/InputReader(  767): Received unexpected event (0x35, 0x1e6) for slot 0 with tracking id 0
03-05 08:38:56.464 W/InputReader(  767): Received unexpected event (0x36, 0x823) for slot 0 with tracking id 0
03-05 08:38:56.469 I/ImeTracker(  767): system_server:4b203ab6: onRequestShow at ORIGIN_SERVER reason CONTROLS_CHANGED fromUser false
03-05 08:38:56.471 I/ImeTracker( 4531): system_server:4b203ab6: onCancelled at PHASE_CLIENT_ON_CONTROLS_CHANGED
03-05 08:38:56.471 E/mapper.ranchu( 4688): getStandardMetadataImpl:886 failure: UNSUPPORTED: id=132: unexpected standardMetadataType=21
03-05 08:38:56.491 E/mapper.ranchu( 4688): getStandardMetadataImpl:886 failure: UNSUPPORTED: id=120: unexpected standardMetadataType=21
03-05 08:38:56.505 W/InputReader(  767): Received unexpected event (0x35, 0xd6) for slot 0 with tracking id 0
03-05 08:38:56.505 W/InputReader(  767): Received unexpected event (0x36, 0x542) for slot 0 with tracking id 0
03-05 08:38:56.507 E/mapper.ranchu( 4688): getStandardMetadataImpl:886 failure: UNSUPPORTED: id=133: unexpected standardMetadataType=21
03-05 08:38:56.538 E/mapper.ranchu( 4688): getStandardMetadataImpl:886 failure: UNSUPPORTED: id=121: unexpected standardMetadataType=21
03-05 08:38:56.546 I/StylusModule( 1517): StylusModule.onUpdateToolType():774 Update tool type = 0
03-05 08:38:56.571 E/mapper.ranchu( 4688): getStandardMetadataImpl:886 failure: UNSUPPORTED: id=134: unexpected standardMetadataType=21
03-05 08:38:56.588 I/StylusModule( 1517): StylusModule.onUpdateToolType():774 Update tool type = 0
03-05 08:38:56.623 E/mapper.ranchu( 4688): getStandardMetadataImpl:886 failure: UNSUPPORTED: id=135: unexpected standardMetadataType=21
03-05 08:38:56.630 W/InputReader(  767): Received unexpected event (0x35, 0x205) for slot 0 with tracking id 0
03-05 08:38:56.630 W/InputReader(  767): Received unexpected event (0x36, 0x189) for slot 0 with tracking id 0
03-05 08:38:56.654 E/mapper.ranchu( 4688): getStandardMetadataImpl:886 failure: UNSUPPORTED: id=136: unexpected standardMetadataType=21
03-05 08:38:56.672 W/InputReader(  767): Received unexpected event (0x35, 0x1ed) for slot 0 with tracking id 0
03-05 08:38:56.672 W/InputReader(  767): Received unexpected event (0x36, 0x337) for slot 0 with tracking id 0
03-05 08:38:56.716 W/InputReader(  767): Received unexpected event (0x35, 0x17e) for slot 0 with tracking id 0
03-05 08:38:56.716 W/InputReader(  767): Received unexpected event (0x36, 0x1fd) for slot 0 with tracking id 0
03-05 08:38:56.741 W/app_process( 4716): userfaultfd: MOVE ioctl seems unsupported: Success
03-05 08:38:56.758 W/InputReader(  767): Received unexpected event (0x35, 0x431) for slot 0 with tracking id 0
03-05 08:38:56.758 W/InputReader(  767): Received unexpected event (0x36, 0x39d) for slot 0 with tracking id 0
03-05 08:38:56.762 D/ShellBackPreview( 1018): Finishing gesture with event action: 1
