03-05 08:38:52.069 D/PresentationStatsEventLogger(  767): Started new PresentationStatsEvent
03-05 08:38:52.069 W/FillRequestEventLogger(  767): Couldn't find packageName: com.google.android.inputmethod.latin
03-05 08:38:52.075 I/HalDevMgr(  767): bestIfaceCreationProposal is null, requestIface=STA, existingIface=[name=wlan0 type=STA]
03-05 08:38:52.077 I/AssistStructure( 4531): Flattened final assist data: 480 bytes, containing 1 windows, 3 views
03-05 08:38:52.078 D/AutofillSession(  767): createPendingIntent for request 990
03-05 08:38:52.079 D/ContentCapturePerUserService(  767): Notified activity assist data for activity: Token{b3b6f44 ActivityRecord{168132054 u0 com.sportpass.app/.MainActivity t181}} without a session Id
03-05 08:38:52.080 I/GoogleInputMethodService( 1517): GoogleInputMethodService.onStartInput():1384 onStartInput(EditorInfo{EditorInfo{packageName=com.sportpass.app, inputType=80081, inputTypeString=Password[NoSuggestion], enableLearning=false, autoCorrection=false, autoComplete=true, imeOptions=2000006, privateImeOptions=null, actionName=DONE, actionLabel=null, initialSelStart=0, initialSelEnd=0, initialCapsMode=0, label=null, fieldId=1, fieldName=null, extras=Bundle[mParcelledData.dataSize=168], hintText=null, hintLocales=[]}}, true)
03-05 08:38:52.080 W/SessionManager( 1517): SessionManager.beginSession():53 Try to begin an already begun session [INPUT_SESSION], end it first
03-05 08:38:52.080 W/SessionManager( 1517): SessionManager.endSession():96 Child session [INPUT_VIEW_SESSION] is not ended while ending session [{INPUT_SESSION=1772689127980, INPUT_VIEW_SESSION=1772689128079, IME_SESSION=1772689128104, TRAINING_CACHE_SESSION=1772689128185}], ending it now.
03-05 08:38:52.080 W/SessionManager( 1517): SessionManager.endSession():96 Child session [IME_SESSION] is not ended while ending session [{INPUT_SESSION=1772689127980, INPUT_VIEW_SESSION=1772689128079, IME_SESSION=1772689128104, TRAINING_CACHE_SESSION=1772689128185}], ending it now.
03-05 08:38:52.082 I/HardKeyTracker( 1517): HardKeyTracker.unregisterKeySequence():229 Unregister key sequence ohy{labelResId=0, callback=gun@e2a8a9d, lastModifier=0, keyCodes=[57, 57], actions=[1, 0]}
03-05 08:38:52.082 I/HardKeyTracker( 1517): HardKeyTracker.unregisterKeySequence():229 Unregister key sequence ohy{labelResId=0, callback=gun@c70b12, lastModifier=0, keyCodes=[58, 58], actions=[1, 0]}
03-05 08:38:52.082 I/Module  ( 1517): DeviceLockedStatusModuleProvider$Module.updateDeviceLockedStatus():103 repeatCheckTimes = 1, locked = false
03-05 08:38:52.083 I/GoogleInputMethodService( 1517): GoogleInputMethodService.onStartInputView():1472 onStartInputView(EditorInfo{EditorInfo{packageName=com.sportpass.app, inputType=80081, inputTypeString=Password[NoSuggestion], enableLearning=false, autoCorrection=false, autoComplete=true, imeOptions=2000006, privateImeOptions=null, actionName=DONE, actionLabel=null, initialSelStart=0, initialSelEnd=0, initialCapsMode=0, label=null, fieldId=1, fieldName=null, extras=Bundle[{androidx.core.view.inputmethod.EditorInfoCompat.STYLUS_HANDWRITING_ENABLED=true}], hintText=null, hintLocales=[]}}, true)
03-05 08:38:52.085 I/InputBundle( 1517): InputBundle.consumeEvent():1041 Skip consuming an event as keyboard status is INACTIVE
03-05 08:38:52.087 E/native  ( 1517): E0000 00:00:1772689132.087452    1517 key-correction-manager.cc:366] User feature cache is not ready for key correction!
03-05 08:38:52.087 I/AndroidIME( 1517): AbstractIme.onDeactivate():213 LatinIme.onDeactivate()
03-05 08:38:52.087 W/ModuleManager( 1517): ModuleManager.loadModule():578 Module pdt is not available
03-05 08:38:52.088 W/SessionManager( 1517): SessionManager.endSession():88 Try to end a not begun session [IME_SESSION].
03-05 08:38:52.088 E/mapper.ranchu( 4688): getStandardMetadataImpl:886 failure: UNSUPPORTED: id=121: unexpected standardMetadataType=21
03-05 08:38:52.089 W/PackageConfigPersister(  767): App-specific configuration not found for packageName: com.sportpass.app and userId: 0
03-05 08:38:52.089 I/NebulaeTrainingCacheMetricsProcessor( 1517): NebulaeTrainingCacheMetricsProcessor.processEndSession():568 End training cache session: /
03-05 08:38:52.089 I/KeyboardHeightUtil( 1517): KeyboardHeightUtil.getOemKeyboardHeightRatio():81 systemKeyboardHeightRatio:1.000000.
03-05 08:38:52.090 W/android.hardware.audio@7.1-impl.ranchu(  544): pcmWrite:259 pcm_writei failed with 'cannot read/write stream data: I/O error' (-1)
03-05 08:38:52.090 E/android.hardware.audio@7.1-impl.ranchu(  544): pcmWrite:260 failure: -1
03-05 08:38:52.091 I/AndroidIME( 1517): InputBundleManager.loadActiveInputBundleId():531 loadActiveInputBundleId: und-Latn-x-password, password
03-05 08:38:52.092 I/ImeInterfacePrivate( 1517): IIme.createImeWithClassName():62 IIme created from HiltImeFactory: com.google.android.libraries.inputmethod.ime.password.PasswordIme
03-05 08:38:52.092 I/AndroidIME( 1517): AbstractIme.onActivate():95 PasswordIme.onActivate() : EditorInfo = EditorInfo{packageName=com.sportpass.app, inputType=80081, inputTypeString=Password[NoSuggestion], enableLearning=false, autoCorrection=false, autoComplete=true, imeOptions=2000006, privateImeOptions=null, actionName=DONE, actionLabel=null, initialSelStart=0, initialSelEnd=0, initialCapsMode=0, label=null, fieldId=1, fieldName=null, extras=Bundle[{androidx.core.view.inputmethod.EditorInfoCompat.STYLUS_HANDWRITING_ENABLED=true}], hintText=null, hintLocales=[]}, IncognitoMode = false, DeviceLocked = false
03-05 08:38:52.092 I/KeyboardWrapper( 1517): KeyboardWrapper.activateKeyboard():582 activateKeyboard(): type=prime, status=INACTIVE, imeDef=nkh{stringId=password, language=und-Latn-x-password, languageTag=und-Latn-x-password, processedConditions={writing_helper_enable_by_word_revert=false, variant=qwerty, true=true, language=en-US, enable_number_row=true, device=phone, enable_number_row_in_password=true, enable_pk_simulator=false}, className=com.google.android.libraries.inputmethod.ime.password.PasswordIme, label=2132019329, keyEventInterpreter=null, inlineComposing=true, autoCapital=true, announceAutoSelectedCandidate=true, statusIcon=0, indicatorIcon=0, indicatorLabel=null, displayAppCompletions=false, extraValues=nka{}, processors=nlz@1e4d8c3, unacceptableMetaKeys=4098, languageSpecificSettings=0, asciiCapable=false, alwaysShowSuggestions=false, useAsciiPasswordKeyboard=false, keyboardGroupDef=nli@c43c70f, phenotypeFlagId=0, localizationLanguageTag=null, supportsInlineSuggestion=false}
03-05 08:38:52.092 I/KeyboardManager( 1517): KeyboardManager.requestKeyboard():249 Creating keyboard prime, imeId=password, cacheKey=theme,!gsf,!pgsans,!pgsf,!use_system_font,BORDER,FLAVOR_DPI=XXHDPI,IS_LIGHT,KEYBOARD_WIDTH_CATEGORY=NORMAL,KEY_BORDER_SHAPE=1,LIGHT_THEME=true,PHYSICAL_DIAGONAL=5.972393,POPUP,SCREEN_SHORTEST_WIDTH=411,SCREEN_SHORTEST_WIDTH_NO_SCALE=411,SW400DP,XXHDPI,bottom4dp,enable_popup_on_keypress=true,keyboard_redesign_google_sans=true,non_linear_scale,noshadow,overlay_builtin_dynamic_color_light_base.binarypb:gm3-light-fffaf8fe-ff4c5e8b-4fb1adea13304a190d4abf12326cf60c,silkpopup
03-05 08:38:52.094 I/AndroidIME( 1517): InputBundleManager.startInput():361 startInput() with nlm[keyboardType=prime, payload=null]
03-05 08:38:52.096 I/GlobeKeyExtension( 1517): GlobeKeyExtension.onDeactivate():144 
03-05 08:38:52.096 W/TooltipLifecycleManager( 1517): TooltipLifecycleManager.dismissTooltips():153 Tooltip with id SUGGESTION_VIEW_EDU_MINI_DIALOG not found in tooltipManager.
03-05 08:38:52.099 I/VoiceInputManagerWrapper( 1517): VoiceInputManagerWrapper.shutdown():131 shutdown()
03-05 08:38:52.100 I/PkModeUpdater( 1517): PkModeUpdater.onActivate():74 onActivate false true
03-05 08:38:52.100 I/AccessoryInputModeManager( 1517): AccessoryInputModeManager.onModeStarted():324 Accessory input mode started: null
03-05 08:38:52.100 I/KeyboardWrapper( 1517): KeyboardWrapper.consumeEvent():429 Skip consuming an event as current keyboard is deactivated (state=ACTIVE, keyboard existence=false)
03-05 08:38:52.100 W/SupplementaryKeyboardsWrapper( 1517): SupplementaryKeyboardsWrapper.deactivateKeyboard():162 keyboard accessory_candidates_consumer is not activated before!
03-05 08:38:52.105 E/mapper.ranchu( 4688): getStandardMetadataImpl:886 failure: UNSUPPORTED: id=128: unexpected standardMetadataType=21
03-05 08:38:52.111 I/KeyboardModeUtils( 1517): KeyboardModeUtils.getKeyboardBottomOffset():435 inch: 0.000000 ydpi: 420.000000 adjustKeyboardBottomByDisplaySize: false currentDensityDpi: 420 defaultDensityDpi: 420 keyboardBottomToScreenPx: 0 keyboardBottomToNavBarPx: -126 navBarHeight: 126
03-05 08:38:52.111 I/BaseKeyboardSizeHelper( 1517): BaseKeyboardSizeHelper.calculateMaxKeyboardBodyHeight():73 leave 281 height for app when ime window height:2138, header height:116 and isFullscreenMode:false, so the max keyboard body height is:1741
03-05 08:38:52.111 I/BaseKeyboardSizeHelper( 1517): BaseKeyboardSizeHelper.calculateMaxKeyboardBodyHeight():73 leave 281 height for app when ime window height:2138, header height:116 and isFullscreenMode:false, so the max keyboard body height is:1741
03-05 08:38:52.111 I/BaseKeyboardSizeHelper( 1517): BaseKeyboardSizeHelper.calculateMaxKeyboardBodyHeight():73 leave 281 height for app when ime window height:2138, header height:116 and isFullscreenMode:false, so the max keyboard body height is:1741
03-05 08:38:52.111 I/BaseKeyboardSizeHelper( 1517): BaseKeyboardSizeHelper.calculateMaxKeyboardBodyHeight():73 leave 281 height for app when ime window height:2138, header height:116 and isFullscreenMode:false, so the max keyboard body height is:1741
03-05 08:38:52.111 W/ExtensionWrapper( 1517): ExtensionWrapper.setExtensionViewVisibility():876 interface nac is not activate
03-05 08:38:52.113 I/NewLanguagePromptExtension( 1517): NewLanguagePromptExtension.onActivate():189 Not activated NewLanguagePromptExtension: not a normal text input box.
03-05 08:38:52.113 W/InputReader(  767): Received unexpected event (0x35, 0x33c) for slot 0 with tracking id 0
03-05 08:38:52.114 W/InputReader(  767): Received unexpected event (0x36, 0x625) for slot 0 with tracking id 0
03-05 08:38:52.114 I/GlobeKeyExtension( 1517): GlobeKeyExtension.onActivate():120 
03-05 08:38:52.115 I/HardKeyTracker( 1517): HardKeyTracker.unregisterKeySequence():229 Unregister key sequence ohy{labelResId=2132020485, callback=cti@9141506, lastModifier=2, keyCodes=[56], actions=[0]}
03-05 08:38:52.115 I/HardKeyTracker( 1517): HardKeyTracker.unregisterKeySequence():229 Unregister key sequence ohy{labelResId=2132020485, callback=cti@498f7c7, lastModifier=0, keyCodes=[317], actions=[0]}
03-05 08:38:52.115 I/HardKeyTracker( 1517): HardKeyTracker.registerKeySequence():178 Register key sequence ohy{labelResId=2132020485, callback=cti@b44d7e7, lastModifier=2, keyCodes=[56], actions=[0]}
03-05 08:38:52.115 I/HardKeyTracker( 1517): HardKeyTracker.registerKeySequence():178 Register key sequence ohy{labelResId=2132020485, callback=cti@9c27f94, lastModifier=0, keyCodes=[317], actions=[0]}
03-05 08:38:52.115 W/AccessPointsManager( 1517): AccessPointsManager.addAccessPoint():1084 The holder controller #0x7f0b246c is not registered
03-05 08:38:52.115 I/VoiceInputManagerWrapper( 1517): VoiceInputManagerWrapper.cancelShutdown():109 cancelShutdown()
03-05 08:38:52.115 I/VoiceInputManagerWrapper( 1517): VoiceInputManagerWrapper.syncLanguagePacks():121 syncLanguagePacks()
03-05 08:38:52.116 I/Module  ( 1517): DeviceLockedStatusModuleProvider$Module.updateDeviceLockedStatus():103 repeatCheckTimes = 1, locked = false
03-05 08:38:52.116 I/HardKeyTracker( 1517): HardKeyTracker.unregisterKeySequence():229 Unregister key sequence ohy{labelResId=2132020489, callback=cti@37e1efe, lastModifier=2, keyCodes=[48], actions=[0]}
03-05 08:38:52.116 I/HardKeyTracker( 1517): HardKeyTracker.registerKeySequence():178 Register key sequence ohy{labelResId=2132020489, callback=cti@b279a3d, lastModifier=2, keyCodes=[48], actions=[0]}
03-05 08:38:52.116 I/HardKeyTracker( 1517): HardKeyTracker.unregisterKeySequence():229 Unregister key sequence ohy{labelResId=2132020485, callback=cti@8c657f1, lastModifier=2, keyCodes=[56], actions=[0]}
03-05 08:38:52.116 I/HardKeyTracker( 1517): HardKeyTracker.unregisterKeySequence():229 Unregister key sequence ohy{labelResId=2132020485, callback=cti@a50fd6, lastModifier=0, keyCodes=[317], actions=[0]}
03-05 08:38:52.116 I/HardKeyTracker( 1517): HardKeyTracker.registerKeySequence():178 Register key sequence ohy{labelResId=2132020485, callback=cti@9097232, lastModifier=2, keyCodes=[56], actions=[0]}
03-05 08:38:52.116 I/HardKeyTracker( 1517): HardKeyTracker.registerKeySequence():178 Register key sequence ohy{labelResId=2132020485, callback=cti@e7d0b83, lastModifier=0, keyCodes=[317], actions=[0]}
03-05 08:38:52.116 I/HardKeyTracker( 1517): HardKeyTracker.unregisterKeySequence():229 Unregister key sequence ohy{labelResId=2132020489, callback=cti@69f2257, lastModifier=2, keyCodes=[48], actions=[0]}
03-05 08:38:52.116 I/HardKeyTracker( 1517): HardKeyTracker.registerKeySequence():178 Register key sequence ohy{labelResId=2132020489, callback=cti@f120100, lastModifier=2, keyCodes=[48], actions=[0]}
03-05 08:38:52.116 W/AccessPointsManager( 1517): AccessPointsManager.addAccessPoint():1084 The holder controller #0x7f0b246c is not registered
03-05 08:38:52.117 I/HardKeyTracker( 1517): HardKeyTracker.unregisterKeySequence():229 Unregister key sequence ohy{labelResId=2132020490, callback=cti@7ff1a86, lastModifier=2, keyCodes=[32], actions=[0]}
03-05 08:38:52.117 I/HardKeyTracker( 1517): HardKeyTracker.unregisterKeySequence():229 Unregister key sequence ohy{labelResId=2132020490, callback=cti@b574f47, lastModifier=0, keyCodes=[319], actions=[0]}
03-05 08:38:52.117 I/HardKeyTracker( 1517): HardKeyTracker.registerKeySequence():178 Register key sequence ohy{labelResId=2132020490, callback=cti@b162d2c, lastModifier=2, keyCodes=[32], actions=[0]}
03-05 08:38:52.117 I/HardKeyTracker( 1517): HardKeyTracker.registerKeySequence():178 Register key sequence ohy{labelResId=2132020490, callback=cti@63cd3f5, lastModifier=0, keyCodes=[319], actions=[0]}
03-05 08:38:52.118 I/SystemHapticSettings( 1517): SystemHapticSettings.updateSystemVibrationState():61 update vibration state: true
03-05 08:38:52.127 I/SpeechFactory( 1517): SpeechRecognitionFactory.maybeScheduleAutoPackDownloadForFallback():217 maybeScheduleAutoPackDownloadForFallback()
03-05 08:38:52.127 I/FallbackOnDeviceRecognitionProvider( 1517): FallbackOnDeviceRecognitionProvider.maybeScheduleAutoPackDownload():213 maybeScheduleAutoPackDownload() for language tag en-US
03-05 08:38:52.127 I/HardKeyTracker( 1517): HardKeyTracker.unregisterKeySequence():229 Unregister key sequence ohy{labelResId=2132020490, callback=cti@1ac9837, lastModifier=2, keyCodes=[32], actions=[0]}
03-05 08:38:52.127 I/HardKeyTracker( 1517): HardKeyTracker.unregisterKeySequence():229 Unregister key sequence ohy{labelResId=2132020490, callback=cti@e67c1a4, lastModifier=0, keyCodes=[319], actions=[0]}
03-05 08:38:52.127 I/HardKeyTracker( 1517): HardKeyTracker.registerKeySequence():178 Register key sequence ohy{labelResId=2132020490, callback=cti@d188cad, lastModifier=2, keyCodes=[32], actions=[0]}
03-05 08:38:52.127 I/HardKeyTracker( 1517): HardKeyTracker.registerKeySequence():178 Register key sequence ohy{labelResId=2132020490, callback=cti@91ecbe2, lastModifier=0, keyCodes=[319], actions=[0]}
03-05 08:38:52.133 I/WindowMetricsNotification( 1517): WindowMetricsNotification.notifyWithWindow():166 
03-05 08:38:52.133 I/WindowMetricsNotification( 1517): WindowMetricsNotification.notify():159 qjg[bounds=Rect(0, 136 - 1080, 2400), insets=Rect(0, 0 - 0, 126), densityDpi=420, smallestScreenWidthDp=411, displayWidth=1080, displayHeight=2400, xdpi=420.0, ydpi=420.0, isTrustable=true, displayId=0]; DisplayMetrics{density=2.625, width=1080, height=2400, scaledDensity=2.625, xdpi=420.0, ydpi=420.0}
03-05 08:38:52.144 D/OomAdjuster(  767): Not killing cached processes
03-05 08:38:52.150 W/ModuleManager( 1517): ModuleManager.loadModule():578 Module pdt is not available
03-05 08:38:52.162 W/InputContextProxy( 1517): InputContextProxy.applyClientDiffInternal():933 Ignore [FetchSuggestions] diff due to stale request: 14<15, inputStateId=10, lastInputStateId=11
03-05 08:38:52.162 W/InputReader(  767): Received unexpected event (0x35, 0x128) for slot 0 with tracking id 0
03-05 08:38:52.171 I/KeyboardModeUtils( 1517): KeyboardModeUtils.getKeyboardBottomOffset():435 inch: 0.000000 ydpi: 420.000000 adjustKeyboardBottomByDisplaySize: false currentDensityDpi: 420 defaultDensityDpi: 420 keyboardBottomToScreenPx: 0 keyboardBottomToNavBarPx: -126 navBarHeight: 126
03-05 08:38:52.171 I/BaseKeyboardSizeHelper( 1517): BaseKeyboardSizeHelper.calculateMaxKeyboardBodyHeight():73 leave 281 height for app when ime window height:2138, header height:116 and isFullscreenMode:false, so the max keyboard body height is:1741
03-05 08:38:52.171 I/BaseKeyboardSizeHelper( 1517): BaseKeyboardSizeHelper.calculateMaxKeyboardBodyHeight():73 leave 281 height for app when ime window height:2138, header height:116 and isFullscreenMode:false, so the max keyboard body height is:1741
03-05 08:38:52.173 I/KeyboardInterfacePrivate( 1517): IKeyboard.createKeyboard():67 Keyboard created from HiltKeyboardFactory: com.google.android.apps.inputmethod.latin.keyboard.LatinPasswordKeyboard
03-05 08:38:52.173 I/KeyboardWrapper( 1517): KeyboardWrapper.onKeyboardReady():224 onKeyboardReady(): type=null(prime), kb=com.google.android.apps.inputmethod.latin.keyboard.LatinPasswordKeyboard@89e8763
03-05 08:38:52.173 I/VoiceInputManager( 1517): VoiceInputManager.onKeyboardActivated():1215 onKeyboardActivated() [UD]
03-05 08:38:52.173 I/KeyboardWrapper( 1517): KeyboardWrapper.doActivateKeyboard():612 doActivateKeyboard(): prime
03-05 08:38:52.175 I/OnDeviceWmrCalculator( 1517): OnDeviceWmrCalculator.calculateWmr():94 WMR: -1.0000 (0 / 0)
03-05 08:38:52.186 E/mapper.ranchu( 4688): getStandardMetadataImpl:886 failure: UNSUPPORTED: id=129: unexpected standardMetadataType=21
03-05 08:38:52.196 W/android.hardware.audio@7.1-impl.ranchu(  544): pcmWrite:259 pcm_writei failed with 'cannot read/write stream data: I/O error' (-1)
03-05 08:38:52.196 E/android.hardware.audio@7.1-impl.ranchu(  544): pcmWrite:260 failure: -1
03-05 08:38:52.218 W/InputReader(  767): Received unexpected event (0x35, 0x25c) for slot 0 with tracking id 0
03-05 08:38:52.218 W/InputReader(  767): Received unexpected event (0x36, 0x0) for slot 0 with tracking id 0
03-05 08:38:52.225 I/KeyboardViewHelper( 1517): KeyboardViewHelper.getView():180 Get view with height ratio:1.000000
03-05 08:38:52.236 I/BaseKeyboardSizeHelper( 1517): BaseKeyboardSizeHelper.calculateMaxKeyboardBodyHeight():73 leave 281 height for app when ime window height:2138, header height:116 and isFullscreenMode:false, so the max keyboard body height is:1741
03-05 08:38:52.237 I/SoftKeyboardView( 1517): SoftKeyboardView.setMaxHeight():1102 Set max keyboard height:1741.
03-05 08:38:52.237 W/TooltipLifecycleManager( 1517): TooltipLifecycleManager.dismissTooltips():153 Tooltip with id undo_access_point_promotion_banner not found in tooltipManager.
03-05 08:38:52.238 I/KeyboardModeUtils( 1517): KeyboardModeUtils.getKeyboardBottomOffset():435 inch: 0.000000 ydpi: 420.000000 adjustKeyboardBottomByDisplaySize: false currentDensityDpi: 420 defaultDensityDpi: 420 keyboardBottomToScreenPx: 0 keyboardBottomToNavBarPx: -126 navBarHeight: 126
03-05 08:38:52.238 I/BaseKeyboardSizeHelper( 1517): BaseKeyboardSizeHelper.calculateMaxKeyboardBodyHeight():73 leave 281 height for app when ime window height:2138, header height:116 and isFullscreenMode:false, so the max keyboard body height is:1741
03-05 08:38:52.238 I/BaseKeyboardSizeHelper( 1517): BaseKeyboardSizeHelper.calculateMaxKeyboardBodyHeight():73 leave 281 height for app when ime window height:2138, header height:116 and isFullscreenMode:false, so the max keyboard body height is:1741
03-05 08:38:52.238 I/BaseKeyboardSizeHelper( 1517): BaseKeyboardSizeHelper.calculateMaxKeyboardBodyHeight():73 leave 281 height for app when ime window height:2138, header height:116 and isFullscreenMode:false, so the max keyboard body height is:1741
03-05 08:38:52.238 I/BaseKeyboardSizeHelper( 1517): BaseKeyboardSizeHelper.calculateMaxKeyboardBodyHeight():73 leave 281 height for app when ime window height:2138, header height:116 and isFullscreenMode:false, so the max keyboard body height is:1741
03-05 08:38:52.239 I/GlobeKeyExtension( 1517): GlobeKeyExtension.getKeyboardInitialStates():175 
03-05 08:38:52.239 W/KeyboardDef( 1517): KeyboardDef.getKeyboardViewDef():739 KeyboardViewDef is not found: keyboardDef=nlc{processedConditions={show_comma_key=true, enable_more_candidates_view_for_multilingual=false, layout_9key_split=false, enable_secondary_symbols=false, pref_enable_flick_symbols=false, language=en-US, deprecate_long_press_space_for_ime_picker=false, show_suggestion_strip=true, expressions=normal, android_software_xr_api_spatial=false, variant=qwerty, show_period_key=true, enable_number_row=true, device=phone, keyboard_mode=normal, show_secondary_digits=false, enable_pk_simulator=false, enable_preemptive_decode=true}, globalConditions={global_theme_key=theme,!gsf,!pgsans,!pgsf,!use_system_font,BORDER,FLAVOR_DPI=XXHDPI,IS_LIGHT,KEYBOARD_WIDTH_CATEGORY=NORMAL,KEY_BORDER_SHAPE=1,LIGHT_THEME=true,PHYSICAL_DIAGONAL=5.972393,POPUP,SCREEN_SHORTEST_WIDTH=411,SCREEN_SHORTEST_WIDTH_NO_SCALE=411,SW400DP,XXHDPI,bottom4dp,enable_popup_on_keypress=true,keyboard_redesign_google_sans=true,non_linear_scale,noshadow,overlay_builtin_dynamic_color_light_base.binarypb:gm3-light-fffaf8fe-ff4c5e8b-4fb1adea13304a190d4abf12326cf60c,silkpopup, global_locale=en_US, global_density_dpi=420, global_orientation=1}, className=.latin.keyboard.LatinPasswordKeyboard, resourceIds=[#0x7f1705f9, #0x7f17088b, #0x7f1706b9], initialStates=0, keyboardViewDefs=[nlq{direction=null, id=#0x7f0b0225, isScalable=true, layoutId=#0x7f0e02b3, type=BODY, touchable=true, defaultShow=true}, nlq{direction=null, id=#0x7f0b0225, isScalable=false, layoutId=#0x7f0e020f, type=FLOATING_CANDIDATES, touchable=false, defaultShow=false}, nlq{direction=LOCALE, id=#0x7f0b0225, isScalable=false, layoutId=#0x7f0e0516, type=HEADER, touchable=true, defaultShow=true}], persistentStates=0, persistentStatesPrefKey=null, popupBubbleLayoutId=#0x7f0e0604, recentKeyLayoutId=#0x0, recentKeyPopupLayoutId=#0x0, recentKeyType=null, rememberRecentKey=NONE, sessionStates=17592186044419}, type=WIDGET, id=2131427877
03-05 08:38:52.239 W/Keyboard( 1517): Keyboard.getKeyboardViewHelper():604 null helper is returned: keyboardDef=nlc{processedConditions={show_comma_key=true, enable_more_candidates_view_for_multilingual=false, layout_9key_split=false, enable_secondary_symbols=false, pref_enable_flick_symbols=false, language=en-US, deprecate_long_press_space_for_ime_picker=false, show_suggestion_strip=true, expressions=normal, android_software_xr_api_spatial=false, variant=qwerty, show_period_key=true, enable_number_row=true, device=phone, keyboard_mode=normal, show_secondary_digits=false, enable_pk_simulator=false, enable_preemptive_decode=true}, globalConditions={global_theme_key=theme,!gsf,!pgsans,!pgsf,!use_system_font,BORDER,FLAVOR_DPI=XXHDPI,IS_LIGHT,KEYBOARD_WIDTH_CATEGORY=NORMAL,KEY_BORDER_SHAPE=1,LIGHT_THEME=true,PHYSICAL_DIAGONAL=5.972393,POPUP,SCREEN_SHORTEST_WIDTH=411,SCREEN_SHORTEST_WIDTH_NO_SCALE=411,SW400DP,XXHDPI,bottom4dp,enable_popup_on_keypress=true,keyboard_redesign_google_sans=true,non_linear_scale,noshadow,overlay_builtin_dynamic_color_light_base.binarypb:gm3-light-fffaf8fe-ff4c5e8b-4fb1adea13304a190d4abf12326cf60c,silkpopup, global_locale=en_US, global_density_dpi=420, global_orientation=1}, className=.latin.keyboard.LatinPasswordKeyboard, resourceIds=[#0x7f1705f9, #0x7f17088b, #0x7f1706b9], initialStates=0, keyboardViewDefs=[nlq{direction=null, id=#0x7f0b0225, isScalable=true, layoutId=#0x7f0e02b3, type=BODY, touchable=true, defaultShow=true}, nlq{direction=null, id=#0x7f0b0225, isScalable=false, layoutId=#0x7f0e020f, type=FLOATING_CANDIDATES, touchable=false, defaultShow=false}, nlq{direction=LOCALE, id=#0x7f0b0225, isScalable=false, layoutId=#0x7f0e0516, type=HEADER, touchable=true, defaultShow=true}], persistentStates=0, persistentStatesPrefKey=null, popupBubbleLayoutId=#0x7f0e0604, recentKeyLayoutId=#0x0, recentKeyPopupLayoutId=#0x0, recentKeyType=null, rememberRecentKey=NONE, sessionStates=17592186044419}, type=WIDGET, helpersCreated={HEADER=mwp@7120070, BODY=mwp@56c7fe9, FLOATING_CANDIDATES=mwp@561a46e}, context.getResources().getConfiguration(): {1.0 310mcc260mnc [en_US] ldltr sw411dp w411dp h914dp 420dpi nrml long compactNeeded port finger qwerty/v/v dpad/v winConfig={ mBounds=Rect(0, 0 - 1080, 2400) mAppBounds=Rect(0, 0 - 1080, 2400) mMaxBounds=Rect(0, 0 - 1080, 2400) mDisplayRotation=ROTATION_0 mWindowingMode=fullscreen mActivityType=undefined mAlwaysOnTop=undefined mRotation=ROTATION_0} as.3 s.32 fontWeightAdjustment=0}
03-05 08:38:52.240 I/MotionEventHandlerManager( 1517): MotionEventHandlerManager.newHandlerInstance():562 Created handler instance from HiltMotionEventHandlerFactory com.google.android.libraries.inputmethod.motioneventhandler.BasicMotionEventHandler
03-05 08:38:52.240 I/MotionEventHandlerManager( 1517): MotionEventHandlerManager.newHandlerInstance():562 Created handler instance from HiltMotionEventHandlerFactory .motioneventhandler.BasicMotionEventHandler
03-05 08:38:52.240 I/MotionEventHandlerManager( 1517): MotionEventHandlerManager.newHandlerInstance():562 Created handler instance from HiltMotionEventHandlerFactory .motioneventhandler.ScrubDeleteMotionEventHandler
03-05 08:38:52.240 I/MotionEventHandlerManager( 1517): MotionEventHandlerManager.newHandlerInstance():562 Created handler instance from HiltMotionEventHandlerFactory .motioneventhandler.ScrubMoveMotionEventHandler
03-05 08:38:52.240 I/MotionEventHandlerManager( 1517): MotionEventHandlerManager.newHandlerInstance():562 Created handler instance from HiltMotionEventHandlerFactory com.google.android.libraries.inputmethod.motioneventhandler.BasicMotionEventHandler
03-05 08:38:52.240 I/BaseKeyboardSizeHelper( 1517): BaseKeyboardSizeHelper.calculateMaxKeyboardBodyHeight():73 leave 281 height for app when ime window height:2138, header height:116 and isFullscreenMode:false, so the max keyboard body height is:1741
03-05 08:38:52.244 I/KeyboardInterfacePrivate( 1517): IKeyboard.createKeyboard():67 Keyboard created from HiltKeyboardFactory: com.google.android.apps.inputmethod.latin.keyboard.LatinSymbolsKeyboard
03-05 08:38:52.245 I/KeyboardInterfacePrivate( 1517): IKeyboard.createKeyboard():67 Keyboard created from HiltKeyboardFactory: com.google.android.apps.inputmethod.latin.keyboard.LatinDigitsKeyboard
03-05 08:38:52.249 W/View    ( 1517): requestLayout() improperly called by com.google.android.libraries.inputmethod.widgets.SoftKeyView{f008294 VFE...C.. ......ID 5,0-115,116 #7f0b04ec app:id/key_pos_header_access_points_menu} during layout: running second layout pass
03-05 08:38:52.249 W/View    ( 1517): requestLayout() improperly called by com.google.android.libraries.inputmethod.widgets.CopyImageSourceView{d78e13d V.ED..... ......ID 5,0-1075,116 #7f0b01e2 app:id/0_resource_name_obfuscated} during layout: running second layout pass
03-05 08:38:52.249 W/View    ( 1517): requestLayout() improperly called by android.widget.LinearLayout{346ad32 V.E...... ......ID 115,0-965,116 #7f0b0392 app:id/0_resource_name_obfuscated} during layout: running second layout pass
03-05 08:38:52.249 W/View    ( 1517): requestLayout() improperly called by com.google.android.libraries.inputmethod.widgets.SoftKeyView{4892a83 VFE...C.. ......ID 965,0-1075,116 #7f0b04f4 app:id/key_pos_header_power_key} during layout: running second layout pass
03-05 08:38:52.259 W/InputReader(  767): Received unexpected event (0x35, 0x97) for slot 0 with tracking id 0
03-05 08:38:52.259 W/InputReader(  767): Received unexpected event (0x36, 0x5b4) for slot 0 with tracking id 0
03-05 08:38:52.266 I/ImeTracker( 4531): com.sportpass.app:8fbf05a2: onRequestShow at ORIGIN_CLIENT reason SHOW_SOFT_INPUT fromUser false
03-05 08:38:52.266 D/InsetsController( 4531): show(ime())
03-05 08:38:52.266 I/ImeTracker( 4531): com.sportpass.app:8fbf05a2: onCancelled at PHASE_CLIENT_APPLY_ANIMATION
03-05 08:38:52.267 I/GoogleInputMethodService( 1517): GoogleInputMethodService$1.onKeyboardViewShown():331 onKeyboardViewShown: keyboardType=prime, keyboardViewType=HEADER keyboardView=com.google.android.libraries.inputmethod.widgets.SoftKeyboardView{4d2e5ec V.E...... ........ 0,0-1080,116}
03-05 08:38:52.270 I/BaseKeyboardSizeHelper( 1517): BaseKeyboardSizeHelper.calculateMaxKeyboardBodyHeight():73 leave 281 height for app when ime window height:2138, header height:116 and isFullscreenMode:false, so the max keyboard body height is:1741
03-05 08:38:52.270 I/GoogleInputMethodService( 1517): GoogleInputMethodService$1.onKeyboardViewShown():331 onKeyboardViewShown: keyboardType=prime, keyboardViewType=BODY keyboardView=com.google.android.libraries.inputmethod.widgets.SoftKeyboardView{aa64962 V.E...... ........ 0,0-1080,764}
03-05 08:38:52.271 D/Bubbles ( 1018): BubbleController.BubblesImeListener.onImeVisibilityChanged visible=truerunnable=null stackView=null
03-05 08:38:52.274 I/BaseKeyboardSizeHelper( 1517): BaseKeyboardSizeHelper.calculateMaxKeyboardBodyHeight():73 leave 281 height for app when ime window height:2138, header height:116 and isFullscreenMode:false, so the max keyboard body height is:1741
03-05 08:38:52.274 I/GlobeKeyExtension( 1517): GlobeKeyExtension$1.onKeyboardViewShown():72 maybeDisableLanguageSwitchKeyPref when the keyboard is shown
03-05 08:38:52.284 D/VRI[MainActivity]( 4531): WindowInsets changed: ime:[0,0,0,1006] 
03-05 08:38:52.295 I/GlobeKeyExtension( 1517): GlobeKeyExtension.maybeDisableLanguageSwitchKeyPref():200 maybeDisableLanguageSwitchKeyPref hasGlobeKeyBeenDisabled: true, shouldDisableLanguageSwitchKey: true
03-05 08:38:52.295 I/NewLanguagePromptExtension( 1517): NewLanguagePromptExtension$1.onKeyboardViewShown():88 Not show new language banner: not prime keyboard, or the extension not activated.
03-05 08:38:52.296 I/KeyboardModeUtils( 1517): KeyboardModeUtils.getKeyboardBottomOffset():435 inch: 0.000000 ydpi: 420.000000 adjustKeyboardBottomByDisplaySize: false currentDensityDpi: 420 defaultDensityDpi: 420 keyboardBottomToScreenPx: 0 keyboardBottomToNavBarPx: -126 navBarHeight: 126
03-05 08:38:52.296 I/BaseKeyboardSizeHelper( 1517): BaseKeyboardSizeHelper.calculateMaxKeyboardBodyHeight():73 leave 281 height for app when ime window height:2138, header height:116 and isFullscreenMode:false, so the max keyboard body height is:1741
03-05 08:38:52.296 I/BaseKeyboardSizeHelper( 1517): BaseKeyboardSizeHelper.calculateMaxKeyboardBodyHeight():73 leave 281 height for app when ime window height:2138, header height:116 and isFullscreenMode:false, so the max keyboard body height is:1741
03-05 08:38:52.296 I/KeyboardModeUtils( 1517): KeyboardModeUtils.getKeyboardBottomOffset():435 inch: 0.000000 ydpi: 420.000000 adjustKeyboardBottomByDisplaySize: false currentDensityDpi: 420 defaultDensityDpi: 420 keyboardBottomToScreenPx: 0 keyboardBottomToNavBarPx: -126 navBarHeight: 126
03-05 08:38:52.296 I/BaseKeyboardSizeHelper( 1517): BaseKeyboardSizeHelper.calculateMaxKeyboardBodyHeight():73 leave 281 height for app when ime window height:2138, header height:116 and isFullscreenMode:false, so the max keyboard body height is:1741
03-05 08:38:52.296 I/BaseKeyboardSizeHelper( 1517): BaseKeyboardSizeHelper.calculateMaxKeyboardBodyHeight():73 leave 281 height for app when ime window height:2138, header height:116 and isFullscreenMode:false, so the max keyboard body height is:1741
03-05 08:38:52.297 W/android.hardware.audio@7.1-impl.ranchu(  544): pcmWrite:259 pcm_writei failed with 'cannot read/write stream data: I/O error' (-1)
03-05 08:38:52.297 E/android.hardware.audio@7.1-impl.ranchu(  544): pcmWrite:260 failure: -1
03-05 08:38:52.314 I/KeyboardModeUtils( 1517): KeyboardModeUtils.getKeyboardBottomOffset():435 inch: 0.000000 ydpi: 420.000000 adjustKeyboardBottomByDisplaySize: false currentDensityDpi: 420 defaultDensityDpi: 420 keyboardBottomToScreenPx: 0 keyboardBottomToNavBarPx: -126 navBarHeight: 126
03-05 08:38:52.314 I/BaseKeyboardSizeHelper( 1517): BaseKeyboardSizeHelper.calculateMaxKeyboardBodyHeight():73 leave 281 height for app when ime window height:2138, header height:116 and isFullscreenMode:false, so the max keyboard body height is:1741
03-05 08:38:52.314 I/BaseKeyboardSizeHelper( 1517): BaseKeyboardSizeHelper.calculateMaxKeyboardBodyHeight():73 leave 281 height for app when ime window height:2138, header height:116 and isFullscreenMode:false, so the max keyboard body height is:1741
03-05 08:38:52.324 E/mapper.ranchu( 4688): getStandardMetadataImpl:886 failure: UNSUPPORTED: id=122: unexpected standardMetadataType=21
03-05 08:38:52.325 I/ImeTracker(  767): system_server:cca88b0f: onRequestShow at ORIGIN_SERVER reason CONTROLS_CHANGED fromUser false
03-05 08:38:52.331 I/ImeTracker( 4531): system_server:cca88b0f: onCancelled at PHASE_CLIENT_ON_CONTROLS_CHANGED
03-05 08:38:52.343 E/mapper.ranchu( 4688): getStandardMetadataImpl:886 failure: UNSUPPORTED: id=119: unexpected standardMetadataType=21
03-05 08:38:52.362 E/mapper.ranchu( 4688): getStandardMetadataImpl:886 failure: UNSUPPORTED: id=130: unexpected standardMetadataType=21
03-05 08:38:52.362 W/FillRequestEventLogger(  767): Shouldn't be logging AutofillFillRequestReported again for same event
03-05 08:38:52.362 W/FillResponseEventLogger(  767): Shouldn't be logging AutofillFillRequestReported again for same event
03-05 08:38:52.362 W/PresentationStatsEventLogger(  767): Empty dataset. Autofill ignoring log
03-05 08:38:52.362 D/AutofillSession(  767): clearPendingIntentLocked
03-05 08:38:52.368 W/TooltipLifecycleManager( 1517): TooltipLifecycleManager.dismissTooltips():153 Tooltip with id SUGGESTION_VIEW_EDU_MINI_DIALOG not found in tooltipManager.
03-05 08:38:52.372 V/InlineSuggestionRenderService( 1166): handleDestroySuggestionViews called for 0:1183918985
03-05 08:38:52.375 I/StylusModule( 1517): StylusModule.onUpdateToolType():774 Update tool type = 0
03-05 08:38:52.379 E/mapper.ranchu( 4688): getStandardMetadataImpl:886 failure: UNSUPPORTED: id=118: unexpected standardMetadataType=21
03-05 08:38:52.401 W/android.hardware.audio@7.1-impl.ranchu(  544): pcmWrite:259 pcm_writei failed with 'cannot read/write stream data: I/O error' (-1)
03-05 08:38:52.401 E/android.hardware.audio@7.1-impl.ranchu(  544): pcmWrite:260 failure: -1
03-05 08:38:52.592 W/android.hardware.audio@7.1-impl.ranchu(  544): pcmWrite:259 pcm_writei failed with 'cannot read/write stream data: I/O error' (-1)
03-05 08:38:52.592 E/android.hardware.audio@7.1-impl.ranchu(  544): pcmWrite:260 failure: -1
03-05 08:38:52.614 E/mapper.ranchu( 4688): getStandardMetadataImpl:886 failure: UNSUPPORTED: id=131: unexpected standardMetadataType=21
03-05 08:38:52.619 D/android.hardware.audio@7.1-impl.ranchu(  544): threadLoop: entering standby, frames: 168640
03-05 08:38:52.619 D/android.hardware.audio@7.1-impl.ranchu(  544): ~TinyalsaSink: joining consumeThread
03-05 08:38:52.627 I/StylusModule( 1517): StylusModule.onUpdateToolType():774 Update tool type = 0
03-05 08:38:52.649 E/mapper.ranchu( 4688): getStandardMetadataImpl:886 failure: UNSUPPORTED: id=132: unexpected standardMetadataType=21
03-05 08:38:52.673 W/InputReader(  767): Received unexpected event (0x35, 0x261) for slot 0 with tracking id 0
03-05 08:38:52.673 W/InputReader(  767): Received unexpected event (0x36, 0x689) for slot 0 with tracking id 0
03-05 08:38:52.687 W/TooltipLifecycleManager( 1517): TooltipLifecycleManager.dismissTooltips():153 Tooltip with id SUGGESTION_VIEW_EDU_MINI_DIALOG not found in tooltipManager.
03-05 08:38:52.693 W/android.hardware.audio@7.1-impl.ranchu(  544): pcmWrite:259 pcm_writei failed with 'cannot read/write stream data: I/O error' (-1)
03-05 08:38:52.694 E/android.hardware.audio@7.1-impl.ranchu(  544): pcmWrite:260 failure: -1
03-05 08:38:52.694 D/android.hardware.audio@7.1-impl.ranchu(  544): consumeThread: exiting
03-05 08:38:52.694 D/android.hardware.audio@7.1-impl.ranchu(  544): ~TinyalsaSink: stopping PCM stream
03-05 08:38:52.714 W/InputReader(  767): Received unexpected event (0x35, 0x291) for slot 0 with tracking id 0
03-05 08:38:52.714 W/InputReader(  767): Received unexpected event (0x36, 0x3d5) for slot 0 with tracking id 0
03-05 08:38:52.724 E/mapper.ranchu( 4688): getStandardMetadataImpl:886 failure: UNSUPPORTED: id=120: unexpected standardMetadataType=21
03-05 08:38:52.960 E/mapper.ranchu( 4688): getStandardMetadataImpl:886 failure: UNSUPPORTED: id=133: unexpected standardMetadataType=21
03-05 08:38:52.960 W/InputReader(  767): Received unexpected event (0x35, 0x25a) for slot 0 with tracking id 0
03-05 08:38:52.960 W/InputReader(  767): Received unexpected event (0x36, 0x8cc) for slot 0 with tracking id 0
03-05 08:38:52.982 D/SatelliteController( 1146): iisInCarrierRoamingNbIotNtn: satellite is disabled
03-05 08:38:52.983 W/TooltipLifecycleManager( 1517): TooltipLifecycleManager.dismissTooltips():153 Tooltip with id SUGGESTION_VIEW_EDU_MINI_DIALOG not found in tooltipManager.
03-05 08:38:52.987 D/SatelliteController( 1146): getCarrierRoamingNtnConnectType: Falling back to global carrier config connect type: 0
03-05 08:38:52.991 W/libbinder.IPCThreadState(  767): Sending oneway calls to frozen process.
03-05 08:38:52.997 E/mapper.ranchu( 4688): getStandardMetadataImpl:886 failure: UNSUPPORTED: id=121: unexpected standardMetadataType=21
03-05 08:38:53.011 W/InputReader(  767): Received unexpected event (0x35, 0x3dd) for slot 0 with tracking id 0
03-05 08:38:53.011 W/InputReader(  767): Received unexpected event (0x36, 0x35e) for slot 0 with tracking id 0
03-05 08:38:53.026 E/mapper.ranchu( 4688): getStandardMetadataImpl:886 failure: UNSUPPORTED: id=134: unexpected standardMetadataType=21
03-05 08:38:53.041 E/mapper.ranchu( 4688): getStandardMetadataImpl:886 failure: UNSUPPORTED: id=135: unexpected standardMetadataType=21
03-05 08:38:53.059 I/StylusModule( 1517): StylusModule.onUpdateToolType():774 Update tool type = 0
03-05 08:38:53.059 E/mapper.ranchu( 4688): getStandardMetadataImpl:886 failure: UNSUPPORTED: id=136: unexpected standardMetadataType=21
03-05 08:38:53.094 E/mapper.ranchu( 4688): getStandardMetadataImpl:886 failure: UNSUPPORTED: id=128: unexpected standardMetadataType=21
03-05 08:38:53.104 W/InputReader(  767): Received unexpected event (0x35, 0x309) for slot 0 with tracking id 0
03-05 08:38:53.104 W/InputReader(  767): Received unexpected event (0x36, 0x37e) for slot 0 with tracking id 0
03-05 08:38:53.140 E/mapper.ranchu( 4688): getStandardMetadataImpl:886 failure: UNSUPPORTED: id=129: unexpected standardMetadataType=21
03-05 08:38:53.145 W/InputReader(  767): Received unexpected event (0x35, 0xa4) for slot 0 with tracking id 0
03-05 08:38:53.173 W/ResourcesCompat( 1517): Failed to inflate ColorStateList, leaving it to the framework
03-05 08:38:53.173 W/ResourcesCompat( 1517): java.lang.UnsupportedOperationException: Failed to resolve attribute at index 0: TypedValue{t=0x2/d=0x7f0404cb a=-1}, theme={InheritanceMap=[id=0x7f1506accom.google.android.inputmethod.latin:style/0_resource_name_obfuscated, id=0x7f1506a9com.google.android.inputmethod.latin:style/0_resource_name_obfuscated, id=0x7f1506a8com.google.android.inputmethod.latin:style/0_resource_name_obfuscated], Themes=[com.google.android.inputmethod.latin:style/0_resource_name_obfuscated, forced, com.google.android.inputmethod.latin:style/0_resource_name_obfuscated, forced, com.google.android.inputmethod.latin:style/0_resource_name_obfuscated, forced, com.google.android.inputmethod.latin:style/0_resource_name_obfuscated, forced, com.google.android.inputmethod.latin:style/0_resource_name_obfuscated, forced, com.google.android.inputmethod.latin:style/0_resource_name_obfuscated, forced, com.google.android.inputmethod.latin:style/0_resource_name_obfuscated, forced, com.google.android.inputmethod.latin:style/0_resource_name_obfuscated, forced, com.google.android.inputmethod.latin:style/0_resource_name_obfuscated, forced, com.google.android.inputmethod.latin:style/0_resource_name_obfuscated, forced, com.google.android.inputmethod.latin:style/0_resource_name_obfuscated, forced, com.google.android.inputmethod.latin:style/0_resource_name_obfuscated, forced, com.google.android.inputmethod.latin:style/0_resource_name_obfuscated, forced, com.google.android.inputmethod.latin:style/0_resource_name_obfuscated, forced, com.google.android.inputmethod.latin:style/0_resource_name_obfuscated, forced, com.google.android.inputmethod.latin:style/0_resource_name_obfuscated, forced, com.google.android.inputmethod.latin:style/0_resource_name_obfuscated, forced, com.google.android.inputmethod.latin:style/0_resource_name_obfuscated, forced, com.google.android.inputmethod.latin:style/0_resource_name_obfuscated, forced, com.google.android.inputmethod.latin:style/0_resource_name_obfuscated, forced, com.google.android.inputmethod.latin:style/0_resource_name_obfuscated, forced, com.google.android.inputmethod.latin:style/0_resource_name_obfuscated, forced, com.google.android.inputmethod.latin:style/0_resource_name_obfuscated, forced, com.google.android.inputmethod.latin:style/0_resource_name_obfuscated, forced, com.google.android.inputmethod.latin:style/0_resource_name_obfuscated, forced, com.google.android.inputmethod.latin:style/0_resource_name_obfuscated, forced, com.google.android.inputmethod.latin:style/0_resource_name_obfuscated, forced, com.google.android.inputmethod.latin:style/0_resource_name_obfuscated, forced, com.google.android.inputmethod.latin:style/0_resource_name_obfuscated, forced, com.google.android.inputmethod.latin:style/0_resource_name_obfuscated, forced, com.google.android.inputmethod.latin:style/0_resource_name_obfuscated, forced, android:style/Theme.DeviceDefault.InputMethod, forced]}
03-05 08:38:53.173 W/ResourcesCompat( 1517): 	at android.content.res.TypedArray.getColor(TypedArray.java:535)
03-05 08:38:53.173 W/ResourcesCompat( 1517): 	at bep.b(PG:143)
03-05 08:38:53.173 W/ResourcesCompat( 1517): 	at bep.a(PG:24)
03-05 08:38:53.173 W/ResourcesCompat( 1517): 	at bej.c(PG:114)
03-05 08:38:53.173 W/ResourcesCompat( 1517): 	at sge.n(PG:14)
03-05 08:38:53.173 W/ResourcesCompat( 1517): 	at com.google.android.material.button.MaterialButton.<init>(PG:154)
03-05 08:38:53.173 W/ResourcesCompat( 1517): 	at com.google.android.material.button.MaterialButton.<init>(PG:696)
03-05 08:38:53.173 W/ResourcesCompat( 1517): 	at java.lang.reflect.Constructor.newInstance0(Native Method)
03-05 08:38:53.173 W/ResourcesCompat( 1517): 	at java.lang.reflect.Constructor.newInstance(Constructor.java:343)
03-05 08:38:53.173 W/ResourcesCompat( 1517): 	at android.view.LayoutInflater.createView(LayoutInflater.java:743)
03-05 08:38:53.173 W/ResourcesCompat( 1517): 	at android.view.LayoutInflater.createViewFromTag(LayoutInflater.java:895)
03-05 08:38:53.173 W/ResourcesCompat( 1517): 	at android.view.LayoutInflater.createViewFromTag(LayoutInflater.java:850)
03-05 08:38:53.173 W/ResourcesCompat( 1517): 	at android.view.LayoutInflater.rInflate(LayoutInflater.java:1012)
03-05 08:38:53.173 W/ResourcesCompat( 1517): 	at android.view.LayoutInflater.rInflateChildren(LayoutInflater.java:973)
03-05 08:38:53.173 W/ResourcesCompat( 1517): 	at android.view.LayoutInflater.rInflate(LayoutInflater.java:1016)
03-05 08:38:53.173 W/ResourcesCompat( 1517): 	at android.view.LayoutInflater.rInflateChildren(LayoutInflater.java:973)
03-05 08:38:53.173 W/ResourcesCompat( 1517): 	at android.view.LayoutInflater.inflate(LayoutInflater.java:571)
03-05 08:38:53.173 W/ResourcesCompat( 1517): 	at android.view.LayoutInflater.inflate(LayoutInflater.java:462)
03-05 08:38:53.173 W/ResourcesCompat( 1517): 	at opb.inflate(PG:8)
03-05 08:38:53.173 W/ResourcesCompat( 1517): 	at opk.inflate(PG:34)
03-05 08:38:53.173 W/ResourcesCompat( 1517): 	at mgn.d(PG:466)
03-05 08:38:53.173 W/ResourcesCompat( 1517): 	at hcu.dw(PG:537)
03-05 08:38:53.173 W/ResourcesCompat( 1517): 	at nrw.run(PG:459)
03-05 08:38:53.173 W/ResourcesCompat( 1517): 	at lhq.execute(PG:12)
03-05 08:38:53.173 W/ResourcesCompat( 1517): 	at oiv.c(PG:14)
03-05 08:38:53.173 W/ResourcesCompat( 1517): 	at nuy.k(PG:94)
03-05 08:38:53.173 W/ResourcesCompat( 1517): 	at nuy.i(PG:33)
03-05 08:38:53.173 W/ResourcesCompat( 1517): 	at mgz.a(PG:10)
03-05 08:38:53.173 W/ResourcesCompat( 1517): 	at ppm.bQ(PG:54)
03-05 08:38:53.173 W/ResourcesCompat( 1517): 	at ppm.av(PG:2)
03-05 08:38:53.173 W/ResourcesCompat( 1517): 	at ppm.at(PG:2)
03-05 08:38:53.173 W/ResourcesCompat( 1517): 	at com.google.android.libraries.inputmethod.keyboard.impl.Keyboard.m(PG:214)
03-05 08:38:53.173 W/ResourcesCompat( 1517): 	at com.google.android.apps.inputmethod.latin.keyboard.LatinPasswordKeyboard.m(PG:1)
03-05 08:38:53.173 W/ResourcesCompat( 1517): 	at msk.ar(PG:61)
03-05 08:38:53.173 W/ResourcesCompat( 1517): 	at msk.dn(PG:6)
03-05 08:38:53.173 W/ResourcesCompat( 1517): 	at mmx.J(PG:5)
03-05 08:38:53.173 W/ResourcesCompat( 1517): 	at mwx.n(PG:5)
03-05 08:38:53.173 W/ResourcesCompat( 1517): 	at com.google.android.libraries.inputmethod.motioneventhandler.BasicMotionEventHandler.h(PG:101)
03-05 08:38:53.173 W/ResourcesCompat( 1517): 	at nru.f(PG:3)
03-05 08:38:53.173 W/ResourcesCompat( 1517): 	at nrx.q(PG:36)
03-05 08:38:53.173 W/ResourcesCompat( 1517): 	at nrx.u(PG:54)
03-05 08:38:53.173 W/ResourcesCompat( 1517): 	at nru.t(PG:112)
03-05 08:38:53.173 W/ResourcesCompat( 1517): 	at nru.i(PG:27)
03-05 08:38:53.173 W/ResourcesCompat( 1517): 	at com.google.android.libraries.inputmethod.motioneventhandler.BasicMotionEventHandler.m(PG:378)
03-05 08:38:53.173 W/ResourcesCompat( 1517): 	at com.google.android.libraries.inputmethod.motioneventhandler.BasicMotionEventHandler.g(PG:621)
03-05 08:38:53.173 W/ResourcesCompat( 1517): 	at mwy.a(PG:71)
03-05 08:38:53.173 W/ResourcesCompat( 1517): 	at com.google.android.libraries.inputmethod.widgets.SoftKeyboardView.h(PG:138)
03-05 08:38:53.173 W/ResourcesCompat( 1517): 	at com.google.android.libraries.inputmethod.widgets.SoftKeyboardView.dispatchTouchEvent(PG:68)
03-05 08:38:53.173 W/ResourcesCompat( 1517): 	at com.google.android.libraries.inputmethod.keyboard.impl.KeyboardViewHolder.dispatchTouchEvent(PG:75)
03-05 08:38:53.173 W/ResourcesCompat( 1517): 	at android.view.ViewGroup.dispatchTransformedTouchEvent(ViewGroup.java:3143)
03-05 08:38:53.173 W/ResourcesCompat( 1517): 	at android.view.ViewGroup.dispatchTouchEvent(ViewGroup.java:2826)
03-05 08:38:53.173 W/ResourcesCompat( 1517): 	at android.view.ViewGroup.dispatchTransformedTouchEvent(ViewGroup.java:3143)
03-05 08:38:53.173 W/ResourcesCompat( 1517): 	at android.view.ViewGroup.dispatchTouchEvent(ViewGroup.java:2826)
03-05 08:38:53.173 W/ResourcesCompat( 1517): 	at android.view.ViewGroup.dispatchTransformedTouchEvent(ViewGroup.java:3143)
03-05 08:38:53.173 W/ResourcesCompat( 1517): 	at android.view.ViewGroup.dispatchTouchEvent(ViewGroup.java:2826)
03-05 08:38:53.173 W/ResourcesCompat( 1517): 	at android.view.ViewGroup.dispatchTransformedTouchEvent(ViewGroup.java:3143)
03-05 08:38:53.173 W/ResourcesCompat( 1517): 	at android.view.ViewGroup.dispatchTouchEvent(ViewGroup.java:2826)
03-05 08:38:53.173 W/ResourcesCompat( 1517): 	at com.google.android.libraries.inputmethod.inputview.InputView.dispatchTouchEvent(PG:47)
03-05 08:38:53.173 W/ResourcesCompat( 1517): 	at android.view.ViewGroup.dispatchTransformedTouchEvent(ViewGroup.java:3143)
03-05 08:38:53.173 W/ResourcesCompat( 1517): 	at android.view.ViewGroup.dispatchTouchEvent(ViewGroup.java:2826)
03-05 08:38:53.173 W/ResourcesCompat( 1517): 	at android.view.ViewGroup.dispatchTransformedTouchEvent(ViewGroup.java:3143)
03-05 08:38:53.173 W/ResourcesCompat( 1517): 	at android.view.ViewGroup.dispatchTouchEvent(ViewGroup.java:2826)
03-05 08:38:53.173 W/ResourcesCompat( 1517): 	at android.view.ViewGroup.dispatchTransformedTouchEvent(ViewGroup.java:3143)
03-05 08:38:53.173 W/ResourcesCompat( 1517): 	at android.view.ViewGroup.dispatchTouchEvent(ViewGroup.java:2826)
03-05 08:38:53.173 W/ResourcesCompat( 1517): 	at android.view.ViewGroup.dispatchTransformedTouchEvent(ViewGroup.java:3143)
03-05 08:38:53.173 W/ResourcesCompat( 1517): 	at android.view.ViewGroup.dispatchTouchEvent(ViewGroup.java:2826)
03-05 08:38:53.173 W/ResourcesCompat( 1517): 	at android.view.ViewGroup.dispatchTransformedTouchEvent(ViewGroup.java:3143)
03-05 08:38:53.173 W/ResourcesCompat( 1517): 	at android.view.ViewGroup.dispatchTouchEvent(ViewGroup.java:2826)
03-05 08:38:53.173 W/ResourcesCompat( 1517): 	at com.android.internal.policy.DecorView.superDispatchTouchEvent(DecorView.java:503)
03-05 08:38:53.173 W/ResourcesCompat( 1517): 	at com.android.internal.policy.PhoneWindow.superDispatchTouchEvent(PhoneWindow.java:2017)
03-05 08:38:53.173 W/ResourcesCompat( 1517): 	at android.app.Dialog.dispatchTouchEvent(Dialog.java:937)
03-05 08:38:53.173 W/ResourcesCompat( 1517): 	at msd.dispatchTouchEvent(PG:5)
03-05 08:38:53.173 W/ResourcesCompat( 1517): 	at com.android.internal.policy.DecorView.dispatchTouchEvent(DecorView.java:441)
03-05 08:38:53.173 W/ResourcesCompat( 1517): 	at android.view.View.dispatchPointerEvent(View.java:17110)
03-05 08:38:53.173 W/ResourcesCompat( 1517): 	at android.view.ViewRootImpl$ViewPostImeInputStage.processPointerEvent(ViewRootImpl.java:8349)
03-05 08:38:53.173 W/ResourcesCompat( 1517): 	at android.view.ViewRootImpl$ViewPostImeInputStage.onProcess(ViewRootImpl.java:8103)
03-05 08:38:53.173 W/ResourcesCompat( 1517): 	at android.view.ViewRootImpl$InputStage.deliver(ViewRootImpl.java:7480)
