03-05 08:52:40.373 V/AccessibilityUserState(  767): updateShortcutTargets: type:accessibility_shortcut_target_service, current:{}, new:{}
03-05 08:52:40.373 V/AccessibilityUserState(  767): updateShortcutTargets: type:accessibility_button_targets, current:{}, new:{}
03-05 08:52:40.373 V/AccessibilityUserState(  767): updateShortcutTargets: type:accessibility_gesture_targets, current:{}, new:{}
03-05 08:52:40.373 V/AccessibilityUserState(  767): updateShortcutTargets: type:accessibility_qs_targets, current:{}, new:{}
03-05 08:52:40.373 V/AccessibilityUserState(  767): updateShortcutTargets: type:accessibility_key_gesture_targets, current:{}, new:{}
03-05 08:52:40.373 W/MagnificationConnectionManager(  767): requestConnection duplicated request: connect=false, mConnectionState=DISCONNECTED
03-05 08:52:40.373 D/AccessibilityManagerService(  767): restoreCurrentUserForTestAutomationIfNeededLocked(): ignoring because device doesn't support visible background users
03-05 08:52:40.396 D/BatterySaverPolicy(  767): accessibility changed to false, updating policy.
03-05 08:52:41.975 D/AccessibilityManagerService(  767): changeCurrentUserForTestAutomationIfNeededLocked(0): ignoring because device doesn't support visible background users
03-05 08:52:41.976 I/UiAutomationManager(  767): Registering UiTestAutomationService (id=com.android.server.accessibility/UiAutomation, flags=0x0) when called by user 0
03-05 08:52:41.977 V/AccessibilityManagerService(  767): onUserStateChangedLocked for userId: 0, forceUpdate: false
03-05 08:52:42.015 V/AccessibilityUserState(  767): updateShortcutTargets: type:accessibility_shortcut_target_service, current:{}, new:{}
03-05 08:52:42.015 V/AccessibilityUserState(  767): updateShortcutTargets: type:accessibility_button_targets, current:{}, new:{}
03-05 08:52:42.015 V/AccessibilityUserState(  767): updateShortcutTargets: type:accessibility_gesture_targets, current:{}, new:{}
03-05 08:52:42.015 V/AccessibilityUserState(  767): updateShortcutTargets: type:accessibility_qs_targets, current:{}, new:{}
03-05 08:52:42.015 V/AccessibilityUserState(  767): updateShortcutTargets: type:accessibility_key_gesture_targets, current:{}, new:{}
03-05 08:52:42.016 W/MagnificationConnectionManager(  767): requestConnection duplicated request: connect=false, mConnectionState=DISCONNECTED
03-05 08:52:42.021 D/BatterySaverPolicy(  767): accessibility changed to true, updating policy.
03-05 08:52:42.022 V/AccessibilityManagerService(  767): onUserStateChangedLocked for userId: 0, forceUpdate: false
03-05 08:52:42.022 V/AccessibilityUserState(  767): updateShortcutTargets: type:accessibility_shortcut_target_service, current:{}, new:{}
03-05 08:52:42.022 V/AccessibilityUserState(  767): updateShortcutTargets: type:accessibility_button_targets, current:{}, new:{}
03-05 08:52:42.022 V/AccessibilityUserState(  767): updateShortcutTargets: type:accessibility_gesture_targets, current:{}, new:{}
03-05 08:52:42.022 V/AccessibilityUserState(  767): updateShortcutTargets: type:accessibility_qs_targets, current:{}, new:{}
03-05 08:52:42.022 V/AccessibilityUserState(  767): updateShortcutTargets: type:accessibility_key_gesture_targets, current:{}, new:{}
03-05 08:52:42.022 W/MagnificationConnectionManager(  767): requestConnection duplicated request: connect=false, mConnectionState=DISCONNECTED
03-05 08:52:42.034 D/AccessibilityManagerService(  767): .getAccessibilityShortcutTargets {shortcutType=32, userId=0}
03-05 08:52:43.301 V/AccessibilityManagerService(  767): onUserStateChangedLocked for userId: 0, forceUpdate: false
03-05 08:52:43.306 V/AccessibilityUserState(  767): updateShortcutTargets: type:accessibility_shortcut_target_service, current:{}, new:{}
03-05 08:52:43.306 V/AccessibilityUserState(  767): updateShortcutTargets: type:accessibility_button_targets, current:{}, new:{}
03-05 08:52:43.306 V/AccessibilityUserState(  767): updateShortcutTargets: type:accessibility_gesture_targets, current:{}, new:{}
03-05 08:52:43.306 V/AccessibilityUserState(  767): updateShortcutTargets: type:accessibility_qs_targets, current:{}, new:{}
03-05 08:52:43.306 V/AccessibilityUserState(  767): updateShortcutTargets: type:accessibility_key_gesture_targets, current:{}, new:{}
03-05 08:52:43.306 W/MagnificationConnectionManager(  767): requestConnection duplicated request: connect=false, mConnectionState=DISCONNECTED
03-05 08:52:43.307 D/AccessibilityManagerService(  767): restoreCurrentUserForTestAutomationIfNeededLocked(): ignoring because device doesn't support visible background users
03-05 08:52:43.313 D/BatterySaverPolicy(  767): accessibility changed to false, updating policy.
03-05 08:52:45.622 D/AccessibilityManagerService(  767): changeCurrentUserForTestAutomationIfNeededLocked(0): ignoring because device doesn't support visible background users
03-05 08:52:45.623 I/UiAutomationManager(  767): Registering UiTestAutomationService (id=com.android.server.accessibility/UiAutomation, flags=0x0) when called by user 0
03-05 08:52:45.624 V/AccessibilityManagerService(  767): onUserStateChangedLocked for userId: 0, forceUpdate: false
03-05 08:52:45.626 V/AccessibilityUserState(  767): updateShortcutTargets: type:accessibility_shortcut_target_service, current:{}, new:{}
03-05 08:52:45.626 V/AccessibilityUserState(  767): updateShortcutTargets: type:accessibility_button_targets, current:{}, new:{}
03-05 08:52:45.626 V/AccessibilityUserState(  767): updateShortcutTargets: type:accessibility_gesture_targets, current:{}, new:{}
03-05 08:52:45.626 V/AccessibilityUserState(  767): updateShortcutTargets: type:accessibility_qs_targets, current:{}, new:{}
03-05 08:52:45.626 V/AccessibilityUserState(  767): updateShortcutTargets: type:accessibility_key_gesture_targets, current:{}, new:{}
03-05 08:52:45.626 W/MagnificationConnectionManager(  767): requestConnection duplicated request: connect=false, mConnectionState=DISCONNECTED
03-05 08:52:45.641 V/AccessibilityManagerService(  767): onUserStateChangedLocked for userId: 0, forceUpdate: false
03-05 08:52:45.641 V/AccessibilityUserState(  767): updateShortcutTargets: type:accessibility_shortcut_target_service, current:{}, new:{}
03-05 08:52:45.641 V/AccessibilityUserState(  767): updateShortcutTargets: type:accessibility_button_targets, current:{}, new:{}
03-05 08:52:45.641 V/AccessibilityUserState(  767): updateShortcutTargets: type:accessibility_gesture_targets, current:{}, new:{}
03-05 08:52:45.641 V/AccessibilityUserState(  767): updateShortcutTargets: type:accessibility_qs_targets, current:{}, new:{}
03-05 08:52:45.641 V/AccessibilityUserState(  767): updateShortcutTargets: type:accessibility_key_gesture_targets, current:{}, new:{}
03-05 08:52:45.641 W/MagnificationConnectionManager(  767): requestConnection duplicated request: connect=false, mConnectionState=DISCONNECTED
03-05 08:52:45.644 D/BatterySaverPolicy(  767): accessibility changed to true, updating policy.
03-05 08:52:45.659 D/AccessibilityManagerService(  767): .getAccessibilityShortcutTargets {shortcutType=32, userId=0}
03-05 08:52:46.709 V/AccessibilityManagerService(  767): onUserStateChangedLocked for userId: 0, forceUpdate: false
03-05 08:52:46.712 V/AccessibilityUserState(  767): updateShortcutTargets: type:accessibility_shortcut_target_service, current:{}, new:{}
03-05 08:52:46.712 V/AccessibilityUserState(  767): updateShortcutTargets: type:accessibility_button_targets, current:{}, new:{}
03-05 08:52:46.712 V/AccessibilityUserState(  767): updateShortcutTargets: type:accessibility_gesture_targets, current:{}, new:{}
03-05 08:52:46.712 V/AccessibilityUserState(  767): updateShortcutTargets: type:accessibility_qs_targets, current:{}, new:{}
03-05 08:52:46.712 V/AccessibilityUserState(  767): updateShortcutTargets: type:accessibility_key_gesture_targets, current:{}, new:{}
03-05 08:52:46.712 W/MagnificationConnectionManager(  767): requestConnection duplicated request: connect=false, mConnectionState=DISCONNECTED
03-05 08:52:46.712 D/AccessibilityManagerService(  767): restoreCurrentUserForTestAutomationIfNeededLocked(): ignoring because device doesn't support visible background users
03-05 08:52:46.720 D/BatterySaverPolicy(  767): accessibility changed to false, updating policy.
03-05 08:52:48.574 D/AccessibilityManagerService(  767): changeCurrentUserForTestAutomationIfNeededLocked(0): ignoring because device doesn't support visible background users
03-05 08:52:48.574 I/UiAutomationManager(  767): Registering UiTestAutomationService (id=com.android.server.accessibility/UiAutomation, flags=0x0) when called by user 0
03-05 08:52:48.576 V/AccessibilityManagerService(  767): onUserStateChangedLocked for userId: 0, forceUpdate: false
03-05 08:52:48.580 V/AccessibilityUserState(  767): updateShortcutTargets: type:accessibility_shortcut_target_service, current:{}, new:{}
03-05 08:52:48.580 V/AccessibilityUserState(  767): updateShortcutTargets: type:accessibility_button_targets, current:{}, new:{}
03-05 08:52:48.580 V/AccessibilityUserState(  767): updateShortcutTargets: type:accessibility_gesture_targets, current:{}, new:{}
03-05 08:52:48.580 V/AccessibilityUserState(  767): updateShortcutTargets: type:accessibility_qs_targets, current:{}, new:{}
03-05 08:52:48.580 V/AccessibilityUserState(  767): updateShortcutTargets: type:accessibility_key_gesture_targets, current:{}, new:{}
03-05 08:52:48.580 W/MagnificationConnectionManager(  767): requestConnection duplicated request: connect=false, mConnectionState=DISCONNECTED
03-05 08:52:48.594 V/AccessibilityManagerService(  767): onUserStateChangedLocked for userId: 0, forceUpdate: false
03-05 08:52:48.595 V/AccessibilityUserState(  767): updateShortcutTargets: type:accessibility_shortcut_target_service, current:{}, new:{}
03-05 08:52:48.595 V/AccessibilityUserState(  767): updateShortcutTargets: type:accessibility_button_targets, current:{}, new:{}
03-05 08:52:48.595 V/AccessibilityUserState(  767): updateShortcutTargets: type:accessibility_gesture_targets, current:{}, new:{}
03-05 08:52:48.595 V/AccessibilityUserState(  767): updateShortcutTargets: type:accessibility_qs_targets, current:{}, new:{}
03-05 08:52:48.595 V/AccessibilityUserState(  767): updateShortcutTargets: type:accessibility_key_gesture_targets, current:{}, new:{}
03-05 08:52:48.595 W/MagnificationConnectionManager(  767): requestConnection duplicated request: connect=false, mConnectionState=DISCONNECTED
03-05 08:52:48.596 D/BatterySaverPolicy(  767): accessibility changed to true, updating policy.
03-05 08:52:48.626 D/AccessibilityManagerService(  767): .getAccessibilityShortcutTargets {shortcutType=32, userId=0}
03-05 08:52:50.024 V/AccessibilityManagerService(  767): onUserStateChangedLocked for userId: 0, forceUpdate: false
03-05 08:52:50.029 V/AccessibilityUserState(  767): updateShortcutTargets: type:accessibility_shortcut_target_service, current:{}, new:{}
03-05 08:52:50.029 V/AccessibilityUserState(  767): updateShortcutTargets: type:accessibility_button_targets, current:{}, new:{}
03-05 08:52:50.029 V/AccessibilityUserState(  767): updateShortcutTargets: type:accessibility_gesture_targets, current:{}, new:{}
03-05 08:52:50.029 V/AccessibilityUserState(  767): updateShortcutTargets: type:accessibility_qs_targets, current:{}, new:{}
03-05 08:52:50.029 V/AccessibilityUserState(  767): updateShortcutTargets: type:accessibility_key_gesture_targets, current:{}, new:{}
03-05 08:52:50.029 W/MagnificationConnectionManager(  767): requestConnection duplicated request: connect=false, mConnectionState=DISCONNECTED
03-05 08:52:50.030 D/AccessibilityManagerService(  767): restoreCurrentUserForTestAutomationIfNeededLocked(): ignoring because device doesn't support visible background users
03-05 08:52:50.040 D/BatterySaverPolicy(  767): accessibility changed to false, updating policy.
03-05 08:52:51.898 D/AccessibilityManagerService(  767): changeCurrentUserForTestAutomationIfNeededLocked(0): ignoring because device doesn't support visible background users
03-05 08:52:51.899 I/UiAutomationManager(  767): Registering UiTestAutomationService (id=com.android.server.accessibility/UiAutomation, flags=0x0) when called by user 0
03-05 08:52:51.899 V/AccessibilityManagerService(  767): onUserStateChangedLocked for userId: 0, forceUpdate: false
03-05 08:52:51.902 V/AccessibilityUserState(  767): updateShortcutTargets: type:accessibility_shortcut_target_service, current:{}, new:{}
03-05 08:52:51.902 V/AccessibilityUserState(  767): updateShortcutTargets: type:accessibility_button_targets, current:{}, new:{}
03-05 08:52:51.902 V/AccessibilityUserState(  767): updateShortcutTargets: type:accessibility_gesture_targets, current:{}, new:{}
03-05 08:52:51.902 V/AccessibilityUserState(  767): updateShortcutTargets: type:accessibility_qs_targets, current:{}, new:{}
03-05 08:52:51.902 V/AccessibilityUserState(  767): updateShortcutTargets: type:accessibility_key_gesture_targets, current:{}, new:{}
03-05 08:52:51.902 W/MagnificationConnectionManager(  767): requestConnection duplicated request: connect=false, mConnectionState=DISCONNECTED
03-05 08:52:51.912 V/AccessibilityManagerService(  767): onUserStateChangedLocked for userId: 0, forceUpdate: false
03-05 08:52:51.912 V/AccessibilityUserState(  767): updateShortcutTargets: type:accessibility_shortcut_target_service, current:{}, new:{}
03-05 08:52:51.912 V/AccessibilityUserState(  767): updateShortcutTargets: type:accessibility_button_targets, current:{}, new:{}
03-05 08:52:51.912 V/AccessibilityUserState(  767): updateShortcutTargets: type:accessibility_gesture_targets, current:{}, new:{}
03-05 08:52:51.912 V/AccessibilityUserState(  767): updateShortcutTargets: type:accessibility_qs_targets, current:{}, new:{}
03-05 08:52:51.912 V/AccessibilityUserState(  767): updateShortcutTargets: type:accessibility_key_gesture_targets, current:{}, new:{}
03-05 08:52:51.912 W/MagnificationConnectionManager(  767): requestConnection duplicated request: connect=false, mConnectionState=DISCONNECTED
03-05 08:52:51.919 D/BatterySaverPolicy(  767): accessibility changed to true, updating policy.
03-05 08:52:51.934 D/AccessibilityManagerService(  767): .getAccessibilityShortcutTargets {shortcutType=32, userId=0}
03-05 08:52:53.306 V/AccessibilityManagerService(  767): onUserStateChangedLocked for userId: 0, forceUpdate: false
03-05 08:52:53.309 V/AccessibilityUserState(  767): updateShortcutTargets: type:accessibility_shortcut_target_service, current:{}, new:{}
03-05 08:52:53.309 V/AccessibilityUserState(  767): updateShortcutTargets: type:accessibility_button_targets, current:{}, new:{}
03-05 08:52:53.309 V/AccessibilityUserState(  767): updateShortcutTargets: type:accessibility_gesture_targets, current:{}, new:{}
03-05 08:52:53.309 V/AccessibilityUserState(  767): updateShortcutTargets: type:accessibility_qs_targets, current:{}, new:{}
03-05 08:52:53.309 V/AccessibilityUserState(  767): updateShortcutTargets: type:accessibility_key_gesture_targets, current:{}, new:{}
03-05 08:52:53.310 W/MagnificationConnectionManager(  767): requestConnection duplicated request: connect=false, mConnectionState=DISCONNECTED
03-05 08:52:53.310 D/AccessibilityManagerService(  767): restoreCurrentUserForTestAutomationIfNeededLocked(): ignoring because device doesn't support visible background users
03-05 08:52:53.319 D/BatterySaverPolicy(  767): accessibility changed to false, updating policy.
03-05 08:52:54.840 D/AccessibilityManagerService(  767): changeCurrentUserForTestAutomationIfNeededLocked(0): ignoring because device doesn't support visible background users
03-05 08:52:54.841 I/UiAutomationManager(  767): Registering UiTestAutomationService (id=com.android.server.accessibility/UiAutomation, flags=0x0) when called by user 0
03-05 08:52:54.842 V/AccessibilityManagerService(  767): onUserStateChangedLocked for userId: 0, forceUpdate: false
03-05 08:52:54.844 V/AccessibilityUserState(  767): updateShortcutTargets: type:accessibility_shortcut_target_service, current:{}, new:{}
03-05 08:52:54.844 V/AccessibilityUserState(  767): updateShortcutTargets: type:accessibility_button_targets, current:{}, new:{}
03-05 08:52:54.844 V/AccessibilityUserState(  767): updateShortcutTargets: type:accessibility_gesture_targets, current:{}, new:{}
03-05 08:52:54.844 V/AccessibilityUserState(  767): updateShortcutTargets: type:accessibility_qs_targets, current:{}, new:{}
03-05 08:52:54.844 V/AccessibilityUserState(  767): updateShortcutTargets: type:accessibility_key_gesture_targets, current:{}, new:{}
03-05 08:52:54.844 W/MagnificationConnectionManager(  767): requestConnection duplicated request: connect=false, mConnectionState=DISCONNECTED
03-05 08:52:54.854 V/AccessibilityManagerService(  767): onUserStateChangedLocked for userId: 0, forceUpdate: false
03-05 08:52:54.855 V/AccessibilityUserState(  767): updateShortcutTargets: type:accessibility_shortcut_target_service, current:{}, new:{}
03-05 08:52:54.855 V/AccessibilityUserState(  767): updateShortcutTargets: type:accessibility_button_targets, current:{}, new:{}
03-05 08:52:54.855 V/AccessibilityUserState(  767): updateShortcutTargets: type:accessibility_gesture_targets, current:{}, new:{}
03-05 08:52:54.855 V/AccessibilityUserState(  767): updateShortcutTargets: type:accessibility_qs_targets, current:{}, new:{}
03-05 08:52:54.855 V/AccessibilityUserState(  767): updateShortcutTargets: type:accessibility_key_gesture_targets, current:{}, new:{}
03-05 08:52:54.855 W/MagnificationConnectionManager(  767): requestConnection duplicated request: connect=false, mConnectionState=DISCONNECTED
03-05 08:52:54.859 D/BatterySaverPolicy(  767): accessibility changed to true, updating policy.
03-05 08:52:54.875 D/AccessibilityManagerService(  767): .getAccessibilityShortcutTargets {shortcutType=32, userId=0}
03-05 08:52:55.925 V/AccessibilityManagerService(  767): onUserStateChangedLocked for userId: 0, forceUpdate: false
03-05 08:52:55.928 V/AccessibilityUserState(  767): updateShortcutTargets: type:accessibility_shortcut_target_service, current:{}, new:{}
03-05 08:52:55.928 V/AccessibilityUserState(  767): updateShortcutTargets: type:accessibility_button_targets, current:{}, new:{}
03-05 08:52:55.928 V/AccessibilityUserState(  767): updateShortcutTargets: type:accessibility_gesture_targets, current:{}, new:{}
03-05 08:52:55.928 V/AccessibilityUserState(  767): updateShortcutTargets: type:accessibility_qs_targets, current:{}, new:{}
03-05 08:52:55.928 V/AccessibilityUserState(  767): updateShortcutTargets: type:accessibility_key_gesture_targets, current:{}, new:{}
03-05 08:52:55.929 W/MagnificationConnectionManager(  767): requestConnection duplicated request: connect=false, mConnectionState=DISCONNECTED
03-05 08:52:55.929 D/AccessibilityManagerService(  767): restoreCurrentUserForTestAutomationIfNeededLocked(): ignoring because device doesn't support visible background users
03-05 08:52:55.938 D/BatterySaverPolicy(  767): accessibility changed to false, updating policy.
03-05 08:52:57.083 V/WindowManagerShell( 1018): Transition requested (#37): android.os.BinderProxy@c812682 TransitionRequestInfo { type = CLOSE, triggerTask = TaskInfo{userId=0 taskId=182 effectiveUid=10234 displayId=0 isRunning=false baseIntent=Intent { flg=0x10000000 cmp=com.sportpass.app/.MainActivity } baseActivity=null topActivity=null origActivity=null realActivity=ComponentInfo{com.sportpass.app/com.sportpass.app.MainActivity} numActivities=0 lastActiveTime=986909 supportsMultiWindow=true resizeMode=1 isResizeable=true minWidth=-1 minHeight=-1 defaultMinSize=220 token=WCT{android.os.BinderProxy@4a67cd6} topActivityType=1 pictureInPictureParams=null shouldDockBigOverlays=false launchIntoPipHostTaskId=-1 lastParentTaskIdBeforePip=-1 displayCutoutSafeInsets=Rect(0, 0 - 0, 0) topActivityInfo=null launchCookies=[] positionInParent=Point(0, 0) parentTaskId=-1 isFocused=true isVisible=true isVisibleRequested=true isTopActivityNoDisplay=false isSleeping=false locusId=null displayAreaFeatureId=1 isTopActivityTransparent=false isActivityStackTransparent=true lastNonFullscreenBounds=null capturedLink=null capturedLinkTimestamp=0 requestedVisibleTypes=503 topActivityRequestOpenInBrowserEducationTimestamp=0 appCompatTaskInfo=AppCompatTaskInfo { topActivityInSizeCompat=false isLeafTask= true eligibleForLetterboxEducation= false isLetterboxEducationEnabled= false isLetterboxDoubleTapEnabled= false eligibleForUserAspectRatioButton= false topActivityBoundsLetterboxed= false isFromLetterboxDoubleTap= false topActivityLetterboxVerticalPosition= -1 topActivityLetterboxHorizontalPosition= -1 topActivityLetterboxWidth=-1 topActivityLetterboxHeight=-1 topActivityAppBounds=Rect(0, 0 - 0, 0) isUserFullscreenOverrideEnabled=false isSystemFullscreenOverrideEnabled=false hasMinAspectRatioOverride=false topActivityLetterboxBounds=null cameraCompatTaskInfo=CameraCompatTaskInfo { cameraCompatMode=undefinedundefined} topNonResizableActivityAspectRatio=-1.0} topActivityMainWindowFrame=null isAppBubble=false}, pipChange = null, remoteTransition = null, displayChange = null, requestedLocation = null, userChange = null, windowingLayerChange = null, flags = 0, debugId = 37 }
03-05 08:52:57.124 D/BackgroundInstallControlService(  767): Package event received: 0
03-05 08:52:57.131 V/WindowManager(  767): Defer transition id=37 for TaskFragmentTransaction=android.os.Binder@6b78856
03-05 08:52:57.131 V/WindowManager(  767): deferTransitionReady deferReadyDepth=1 stack=com.android.server.wm.TransitionController.deferTransitionReady:1061 com.android.server.wm.TaskFragmentOrganizerController$TaskFragmentOrganizerState.dispatchTransaction:517 com.android.server.wm.TaskFragmentOrganizerController.dispatchPendingEvents:1259 com.android.server.wm.TaskFragmentOrganizerController.dispatchPendingEvents:1228 com.android.server.wm.RootWindowContainer.performSurfacePlacement:777 
03-05 08:52:57.137 D/BackgroundInstallControlService(  767): Package event received: 0
03-05 08:52:57.137 D/BackgroundInstallControlService(  767): Package event received: 0
03-05 08:52:57.154 D/WindowManagerShell( 1018): setLauncherKeepClearAreaHeight: visible=true, height=495
03-05 08:52:57.251 D/ActivityManager(  767): sync unfroze 2344 com.google.android.apps.photos for 6
03-05 08:52:57.279 V/WindowManager(  767): Continue transition id=37 for TaskFragmentTransaction=android.os.Binder@6b78856
03-05 08:52:57.279 V/WindowManager(  767): continueTransitionReady deferReadyDepth=0 stack=com.android.server.wm.TransitionController.continueTransitionReady:1071 com.android.server.wm.TaskFragmentOrganizerController$TaskFragmentOrganizerState.onTransactionFinished:546 com.android.server.wm.TaskFragmentOrganizerController.onTransactionHandled:740 android.window.ITaskFragmentOrganizerController$Stub.onTransact:225 android.os.Binder.execTransactInternal:1473 
03-05 08:52:57.314 V/WindowManagerShell( 1018): onTransitionReady(transaction=3294239920072)
03-05 08:52:57.317 V/WindowManagerShell( 1018): onTransitionReady (#37) android.os.BinderProxy@c812682: {id=37 t=CLOSE f=0x0 trk=0 r=[0@Point(0, 0)] c=[
03-05 08:52:57.317 V/WindowManagerShell( 1018):         {m=TO_FRONT f=SHOW_WALLPAPER|MOVE_TO_TOP leash=Surface(name=Task=1#44)/@0x7453193 sb=Rect(0, 0 - 1080, 2400) eb=Rect(0, 0 - 1080, 2400) epz=Point(1080, 2400) d=0 taskParent=-1 winMode=1 userId=0},
03-05 08:52:57.317 V/WindowManagerShell( 1018):         {m=CLOSE f=NONE leash=Surface(name=Task=182#357)/@0x84315d0 sb=Rect(0, 0 - 1080, 2400) eb=Rect(0, 0 - 1080, 2400) epz=Point(1080, 2400) d=0 taskParent=-1 winMode=1 userId=0},
03-05 08:52:57.317 V/WindowManagerShell( 1018):         {m=TO_FRONT f=IS_WALLPAPER leash=Surface(name=WallpaperWindowToken{9e000cc}#60)/@0x415d9c9 sb=Rect(0, 0 - 1080, 2400) eb=Rect(0, 0 - 1080, 2400) epz=Point(1080, 2400) d=0}
03-05 08:52:57.317 V/WindowManagerShell( 1018):     ]}
03-05 08:52:57.318 V/WindowManagerShell( 1018): Playing animation for (#37) android.os.BinderProxy@c812682@0
03-05 08:52:57.318 V/ShellRecents( 1018): RecentsTransitionHandler.startAnimation: no controller found
03-05 08:52:57.318 V/WindowManagerShell( 1018): Transition doesn't have explicit remote, search filters for match for {id=37 t=CLOSE f=0x0 trk=0 r=[0@Point(0, 0)] c=[{m=TO_FRONT f=SHOW_WALLPAPER|MOVE_TO_TOP leash=Surface(name=Task=1#44)/@0x7453193 sb=Rect(0, 0 - 1080, 2400) eb=Rect(0, 0 - 1080, 2400) epz=Point(1080, 2400) d=0 taskParent=-1 winMode=1 userId=0},{m=CLOSE f=NONE leash=Surface(name=Task=182#357)/@0x84315d0 sb=Rect(0, 0 - 1080, 2400) eb=Rect(0, 0 - 1080, 2400) epz=Point(1080, 2400) d=0 taskParent=-1 winMode=1 userId=0},{m=TO_FRONT f=IS_WALLPAPER leash=Surface(name=WallpaperWindowToken{9e000cc}#60)/@0x415d9c9 sb=Rect(0, 0 - 1080, 2400) eb=Rect(0, 0 - 1080, 2400) epz=Point(1080, 2400) d=0}]}
03-05 08:52:57.319 V/WindowManagerShell( 1018):  Checking filter Pair{{types=[] flags=0x0] notFlags=0x0 checks=[{atype=undefined independent=true modes=[CLOSE,TO_BACK] flags=IN_TASK_WITH_EMBEDDED_ACTIVITY mustBeTask=false order=ANY topActivity=null launchCookie=null taskFragmentToken=android.os.BinderProxy@988f1c7 windowingMode=undefined isCrossDisplayMove=false}]} RemoteTransition { remoteTransition = android.window.IRemoteTransition$Stub$Proxy@fe3c3f4, appThread = android.app.IApplicationThread$Stub$Proxy@c66f71d, debugName = overlayBackTransition }}
03-05 08:52:57.319 V/WindowManagerShell( 1018):  Checking filter Pair{{types=[] flags=0x0] notFlags=0x0 checks=[{atype=dream independent=true modes=[OPEN,TO_FRONT] flags=NONE mustBeTask=false order=ANY topActivity=null launchCookie=null windowingMode=undefined isCrossDisplayMove=false},{atype=home independent=true modes=[CLOSE,TO_BACK] flags=NONE mustBeTask=false order=ANY topActivity=null launchCookie=null windowingMode=undefined isCrossDisplayMove=false}]} RemoteTransition { remoteTransition = android.window.IRemoteTransition$Stub$Proxy@4903d92, appThread = android.app.IApplicationThread$Stub$Proxy@518e363, debugName = LauncherToDream }}
03-05 08:52:57.319 V/WindowManagerShell( 1018):  Checking filter Pair{{types=[] flags=0x0] notFlags=0x100 checks=[{atype=home independent=true modes=[OPEN,TO_FRONT] flags=NONE mustBeTask=false order=TOP topActivity=ComponentInfo{com.google.android.apps.nexuslauncher/com.google.android.apps.nexuslauncher.NexusLauncherActivity} launchCookie=null windowingMode=undefined isCrossDisplayMove=false},{atype=standard independent=true modes=[CLOSE,TO_BACK] flags=NONE mustBeTask=false order=ANY topActivity=null launchCookie=null windowingMode=undefined isCrossDisplayMove=false},{NOT atype=undefined independent=true modes=[] flags=NONE mustBeTask=true order=ANY topActivity=null launchCookie=null customAnim=true windowingMode=undefined isCrossDisplayMove=false}]} RemoteTransition { remoteTransition = android.window.IRemoteTransition$Stub$Proxy@2732b60, appThread = android.app.IApplicationThread$Stub$Proxy@e80e819, debugName = QuickstepLaunchHome }}
03-05 08:52:57.319 D/RemoteTransitionHandler( 1018): Found filterPair{{types=[] flags=0x0] notFlags=0x100 checks=[{atype=home independent=true modes=[OPEN,TO_FRONT] flags=NONE mustBeTask=false order=TOP topActivity=ComponentInfo{com.google.android.apps.nexuslauncher/com.google.android.apps.nexuslauncher.NexusLauncherActivity} launchCookie=null windowingMode=undefined isCrossDisplayMove=false},{atype=standard independent=true modes=[CLOSE,TO_BACK] flags=NONE mustBeTask=false order=ANY topActivity=null launchCookie=null windowingMode=undefined isCrossDisplayMove=false},{NOT atype=undefined independent=true modes=[] flags=NONE mustBeTask=true order=ANY topActivity=null launchCookie=null customAnim=true windowingMode=undefined isCrossDisplayMove=false}]} RemoteTransition { remoteTransition = android.window.IRemoteTransition$Stub$Proxy@2732b60, appThread = android.app.IApplicationThread$Stub$Proxy@e80e819, debugName = QuickstepLaunchHome }}
03-05 08:52:57.319 V/WindowManagerShell( 1018):  Delegate animation for (#37) to RemoteTransition { remoteTransition = android.window.IRemoteTransition$Stub$Proxy@2732b60, appThread = android.app.IApplicationThread$Stub$Proxy@e80e819, debugName = QuickstepLaunchHome }
03-05 08:52:57.322 V/WindowManager(  767): Sent Transition (#37) createdAt=03-05 08:52:57.077 via request=TransitionRequestInfo { type = CLOSE, triggerTask = TaskInfo{userId=0 taskId=182 effectiveUid=10234 displayId=0 isRunning=false baseIntent=Intent { flg=0x10000000 cmp=com.sportpass.app/.MainActivity } baseActivity=null topActivity=null origActivity=null realActivity=ComponentInfo{com.sportpass.app/com.sportpass.app.MainActivity} numActivities=0 lastActiveTime=986909 supportsMultiWindow=true resizeMode=1 isResizeable=true minWidth=-1 minHeight=-1 defaultMinSize=220 token=WCT{RemoteToken{255b4aa Task{5695db4 #182 type=standard I=com.sportpass.app/.MainActivity}}} topActivityType=1 pictureInPictureParams=null shouldDockBigOverlays=false launchIntoPipHostTaskId=-1 lastParentTaskIdBeforePip=-1 displayCutoutSafeInsets=Rect(0, 0 - 0, 0) topActivityInfo=null launchCookies=[] positionInParent=Point(0, 0) parentTaskId=-1 isFocused=true isVisible=true isVisibleRequested=true isTopActivityNoDisplay=false isSleeping=false locusId=null displayAreaFeatureId=1 isTopActivityTransparent=false isActivityStackTransparent=true lastNonFullscreenBounds=null capturedLink=null capturedLinkTimestamp=0 requestedVisibleTypes=503 topActivityRequestOpenInBrowserEducationTimestamp=0 appCompatTaskInfo=AppCompatTaskInfo { topActivityInSizeCompat=false isLeafTask= true eligibleForLetterboxEducation= false isLetterboxEducationEnabled= false isLetterboxDoubleTapEnabled= false eligibleForUserAspectRatioButton= false topActivityBoundsLetterboxed= false isFromLetterboxDoubleTap= false topActivityLetterboxVerticalPosition= -1 topActivityLetterboxHorizontalPosition= -1 topActivityLetterboxWidth=-1 topActivityLetterboxHeight=-1 topActivityAppBounds=Rect(0, 0 - 0, 0) isUserFullscreenOverrideEnabled=false isSystemFullscreenOverrideEnabled=false hasMinAspectRatioOverride=false topActivityLetterboxBounds=null cameraCompatTaskInfo=CameraCompatTaskInfo { cameraCompatMode=undefinedundefined} topNonResizableActivityAspectRatio=-1.0} topActivityMainWindowFrame=null isAppBubble=false}, pipChange = null, remoteTransition = null, displayChange = null, requestedLocation = null, userChange = null, windowingLayerChange = null, flags = 0, debugId = 37 }
03-05 08:52:57.322 V/WindowManager(  767):     startWCT=WindowContainerTransaction { changes= {} hops= [] errorCallbackToken=null taskFragmentOrganizer=null }
03-05 08:52:57.323 V/WindowManager(  767):     info={id=37 t=CLOSE f=0x0 trk=0 r=[0@Point(0, 0)] c=[
03-05 08:52:57.323 V/WindowManager(  767):         {WCT{RemoteToken{81f1ab3 Task{9aa8768 #1 type=home}}} m=TO_FRONT f=SHOW_WALLPAPER|MOVE_TO_TOP leash=Surface(name=Task=1#44)/@0xee943b1 sb=Rect(0, 0 - 1080, 2400) eb=Rect(0, 0 - 1080, 2400) epz=Point(1080, 2400) d=0 taskParent=-1 winMode=1 userId=0},
03-05 08:52:57.323 V/WindowManager(  767):         {WCT{RemoteToken{255b4aa Task{5695db4 #182 type=standard I=com.sportpass.app/.MainActivity}}} m=CLOSE f=NONE leash=Surface(name=Task=182#357)/@0x8b6af4c sb=Rect(0, 0 - 1080, 2400) eb=Rect(0, 0 - 1080, 2400) epz=Point(1080, 2400) d=0 taskParent=-1 winMode=1 userId=0},
03-05 08:52:57.323 V/WindowManager(  767):         {m=TO_FRONT f=IS_WALLPAPER leash=Surface(name=WallpaperWindowToken{9e000cc}#60)/@0x88bd658 sb=Rect(0, 0 - 1080, 2400) eb=Rect(0, 0 - 1080, 2400) epz=Point(1080, 2400) d=0}
03-05 08:52:57.323 V/WindowManager(  767):     ]}
03-05 08:52:57.325 V/WindowManagerShell( 1018):  animated by com.android.wm.shell.transition.RemoteTransitionHandler@ff0a0de
03-05 08:52:57.331 W/ProcessStats(  767): Tracking association SourceState{1022fef system/1000 ImpBg #2953} whose proc state 6 is better than process ProcessState{f14282b com.google.android.apps.photos/10162 pkg=com.google.android.apps.photos} proc state 14 (1 skipped)
03-05 08:52:57.334 V/WindowManagerShell( 1018): Received remote transition finished callback for (#37)
03-05 08:52:57.334 V/WindowManagerShell( 1018): Transition animation finished (aborted=false), notifying core (#37) android.os.BinderProxy@c812682@0
03-05 08:52:57.338 V/WindowManager(  767): Finish Transition (#37): created at 03-05 08:52:57.077 collect-started=0.146ms request-sent=0.9ms started=13.355ms ready=201.494ms sent=217.529ms finished=259.902ms
03-05 08:52:57.343 V/WindowManagerShell( 1018): Track 0 became idle
03-05 08:52:57.343 V/WindowManagerShell( 1018): All active transition animations finished
03-05 08:52:57.343 D/Bubbles ( 1018): onLocusVisibilityChanged=Overview|DISABLED visible=true taskId=1
03-05 08:52:57.356 D/InsetsController( 1156): hide(ime())
03-05 08:52:57.367 W/PackageConfigPersister(  767): App-specific configuration not found for packageName: com.google.android.apps.nexuslauncher and userId: 0
03-05 08:52:57.444 D/CoreBackPreview(  767): Window{fd1f405 u0 com.sportpass.app/com.sportpass.app.MainActivity}: Setting back callback null
03-05 08:52:57.510 D/BackgroundInstallControlService(  767): Package event received: 0
03-05 08:52:57.516 V/ShellTaskOrganizer( 1018): Task vanished taskId=182
03-05 08:52:57.516 V/ShellTaskOrganizer( 1018): Fullscreen Task Vanished: #182
03-05 08:52:57.517 D/ShellDesktopMode( 1018): AppToWebRepository: Task 182 is vanishing. Removing task data from repository
03-05 08:53:00.524 E/TaskPersister(  767): File error accessing recents directory (directory doesn't exist?).
03-05 08:53:07.509 D/ActivityManager(  767): freezing 4531 com.sportpass.app
03-05 08:53:17.460 D/ActivityManager(  767): freezing 2344 com.google.android.apps.photos
03-05 08:53:21.609 D/TextClassificationManagerService(  767): Binding to ComponentInfo{com.google.android.as/com.google.android.apps.miphone.aiai.textclassifier.service.QAiaiTextClassifierService}
03-05 08:53:21.612 D/BackgroundInstallControlService(  767): Package event received: 0
03-05 08:53:21.724 V/Configuration(  767): Updating configuration, locales updated from [] to [en_US]
03-05 08:53:21.724 D/IntervalStats(  767): Unable to parse usage stats packages: [258]
03-05 08:53:21.724 V/Configuration(  767): Updating configuration, locales updated from [] to [en_US]
03-05 08:53:21.724 D/IntervalStats(  767): Unable to parse usage stats packages: [258]
03-05 08:53:21.725 V/Configuration(  767): Updating configuration, locales updated from [] to [en_US]
03-05 08:53:21.725 V/Configuration(  767): Updating configuration, locales updated from [] to [en_US]
03-05 08:53:21.725 V/Configuration(  767): Updating configuration, locales updated from [] to [en_US]
03-05 08:53:21.725 V/Configuration(  767): Updating configuration, locales updated from [] to [en_US]
03-05 08:53:21.725 V/Configuration(  767): Updating configuration, locales updated from [] to [en_US]
03-05 08:53:21.725 V/Configuration(  767): Updating configuration, locales updated from [] to [en_US]
03-05 08:53:21.725 D/IntervalStats(  767): Unable to parse usage stats packages: [258, 260]
03-05 08:53:21.726 V/Configuration(  767): Updating configuration, locales updated from [] to [en_US]
03-05 08:53:21.726 V/Configuration(  767): Updating configuration, locales updated from [] to [en_US]
03-05 08:53:21.726 V/Configuration(  767): Updating configuration, locales updated from [] to [en_US]
03-05 08:53:21.726 V/Configuration(  767): Updating configuration, locales updated from [] to [en_US]
03-05 08:53:21.726 V/Configuration(  767): Updating configuration, locales updated from [] to [en_US]
03-05 08:53:21.726 D/IntervalStats(  767): Unable to parse usage stats packages: [261]
03-05 08:53:21.727 V/Configuration(  767): Updating configuration, locales updated from [] to [en_US]
03-05 08:53:21.727 D/IntervalStats(  767): Unable to parse usage stats packages: [261]
03-05 08:53:21.727 V/Configuration(  767): Updating configuration, locales updated from [] to [en_US]
03-05 08:53:21.727 V/Configuration(  767): Updating configuration, locales updated from [] to [en_US]
03-05 08:53:21.727 V/Configuration(  767): Updating configuration, locales updated from [] to [en_US]
03-05 08:53:21.727 V/Configuration(  767): Updating configuration, locales updated from [] to [en_US]
03-05 08:53:21.727 V/Configuration(  767): Updating configuration, locales updated from [] to [en_US]
03-05 08:53:21.727 V/Configuration(  767): Updating configuration, locales updated from [] to [en_US]
03-05 08:53:21.727 V/Configuration(  767): Updating configuration, locales updated from [] to [en_US]
03-05 08:53:21.727 V/Configuration(  767): Updating configuration, locales updated from [] to [en_US]
03-05 08:53:21.727 D/IntervalStats(  767): Unable to parse usage stats packages: [261, 262, 263]
03-05 08:53:21.735 V/Configuration(  767): Updating configuration, locales updated from [] to [en_US]
03-05 08:53:21.735 D/IntervalStats(  767): Unable to parse usage stats packages: [258]
03-05 08:53:21.735 V/Configuration(  767): Updating configuration, locales updated from [] to [en_US]
03-05 08:53:21.735 D/IntervalStats(  767): Unable to parse usage stats packages: [258]
03-05 08:53:21.735 V/Configuration(  767): Updating configuration, locales updated from [] to [en_US]
03-05 08:53:21.735 V/Configuration(  767): Updating configuration, locales updated from [] to [en_US]
03-05 08:53:21.735 V/Configuration(  767): Updating configuration, locales updated from [] to [en_US]
03-05 08:53:21.735 V/Configuration(  767): Updating configuration, locales updated from [] to [en_US]
03-05 08:53:21.735 V/Configuration(  767): Updating configuration, locales updated from [] to [en_US]
03-05 08:53:21.735 V/Configuration(  767): Updating configuration, locales updated from [] to [en_US]
03-05 08:53:21.736 D/IntervalStats(  767): Unable to parse usage stats packages: [258, 260]
03-05 08:53:21.736 V/Configuration(  767): Updating configuration, locales updated from [] to [en_US]
03-05 08:53:21.736 V/Configuration(  767): Updating configuration, locales updated from [] to [en_US]
03-05 08:53:21.736 V/Configuration(  767): Updating configuration, locales updated from [] to [en_US]
03-05 08:53:21.736 V/Configuration(  767): Updating configuration, locales updated from [] to [en_US]
03-05 08:53:21.736 V/Configuration(  767): Updating configuration, locales updated from [] to [en_US]
03-05 08:53:21.736 D/IntervalStats(  767): Unable to parse usage stats packages: [261]
03-05 08:53:21.736 V/Configuration(  767): Updating configuration, locales updated from [] to [en_US]
03-05 08:53:21.736 D/IntervalStats(  767): Unable to parse usage stats packages: [261]
03-05 08:53:21.737 V/Configuration(  767): Updating configuration, locales updated from [] to [en_US]
03-05 08:53:21.737 V/Configuration(  767): Updating configuration, locales updated from [] to [en_US]
03-05 08:53:21.737 V/Configuration(  767): Updating configuration, locales updated from [] to [en_US]
03-05 08:53:21.737 V/Configuration(  767): Updating configuration, locales updated from [] to [en_US]
03-05 08:53:21.737 V/Configuration(  767): Updating configuration, locales updated from [] to [en_US]
03-05 08:53:21.737 V/Configuration(  767): Updating configuration, locales updated from [] to [en_US]
03-05 08:53:21.737 V/Configuration(  767): Updating configuration, locales updated from [] to [en_US]
03-05 08:53:21.737 V/Configuration(  767): Updating configuration, locales updated from [] to [en_US]
03-05 08:53:21.737 D/IntervalStats(  767): Unable to parse usage stats packages: [261, 262, 263]
03-05 08:53:21.744 V/Configuration(  767): Updating configuration, locales updated from [] to [en_US]
03-05 08:53:21.746 D/IntervalStats(  767): Unable to parse usage stats packages: [258]
03-05 08:53:21.746 D/IntervalStats(  767): Unable to parse event packages: [258]
03-05 08:53:21.746 V/Configuration(  767): Updating configuration, locales updated from [] to [en_US]
03-05 08:53:21.746 D/IntervalStats(  767): Unable to parse usage stats packages: [258]
03-05 08:53:21.746 D/IntervalStats(  767): Unable to parse event packages: [258]
03-05 08:53:21.746 V/Configuration(  767): Updating configuration, locales updated from [] to [en_US]
03-05 08:53:21.746 V/Configuration(  767): Updating configuration, locales updated from [] to [en_US]
03-05 08:53:21.747 V/Configuration(  767): Updating configuration, locales updated from [] to [en_US]
03-05 08:53:21.747 V/Configuration(  767): Updating configuration, locales updated from [] to [en_US]
03-05 08:53:21.747 V/Configuration(  767): Updating configuration, locales updated from [] to [en_US]
03-05 08:53:21.747 V/Configuration(  767): Updating configuration, locales updated from [] to [en_US]
03-05 08:53:21.747 D/IntervalStats(  767): Unable to parse usage stats packages: [258, 260]
03-05 08:53:21.747 D/IntervalStats(  767): Unable to parse event packages: [260]
03-05 08:53:21.747 V/Configuration(  767): Updating configuration, locales updated from [] to [en_US]
03-05 08:53:21.747 V/Configuration(  767): Updating configuration, locales updated from [] to [en_US]
03-05 08:53:21.747 V/Configuration(  767): Updating configuration, locales updated from [] to [en_US]
03-05 08:53:21.747 V/Configuration(  767): Updating configuration, locales updated from [] to [en_US]
03-05 08:53:21.747 V/Configuration(  767): Updating configuration, locales updated from [] to [en_US]
03-05 08:53:21.747 V/Configuration(  767): Updating configuration, locales updated from [] to [en_US]
03-05 08:53:21.748 D/IntervalStats(  767): Unable to parse usage stats packages: [261]
03-05 08:53:21.748 D/IntervalStats(  767): Unable to parse event packages: [261]
03-05 08:53:21.748 V/Configuration(  767): Updating configuration, locales updated from [] to [en_US]
03-05 08:53:21.748 D/IntervalStats(  767): Unable to parse usage stats packages: [261]
03-05 08:53:21.748 D/IntervalStats(  767): Unable to parse event packages: [261]
03-05 08:53:21.749 V/Configuration(  767): Updating configuration, locales updated from [] to [en_US]
03-05 08:53:21.749 V/Configuration(  767): Updating configuration, locales updated from [] to [en_US]
03-05 08:53:21.749 V/Configuration(  767): Updating configuration, locales updated from [] to [en_US]
03-05 08:53:21.749 V/Configuration(  767): Updating configuration, locales updated from [] to [en_US]
03-05 08:53:21.749 V/Configuration(  767): Updating configuration, locales updated from [] to [en_US]
03-05 08:53:21.749 V/Configuration(  767): Updating configuration, locales updated from [] to [en_US]
03-05 08:53:21.749 V/Configuration(  767): Updating configuration, locales updated from [] to [en_US]
03-05 08:53:21.749 V/Configuration(  767): Updating configuration, locales updated from [] to [en_US]
03-05 08:53:21.749 V/Configuration(  767): Updating configuration, locales updated from [] to [en_US]
03-05 08:53:21.749 D/IntervalStats(  767): Unable to parse usage stats packages: [261, 262, 263]
03-05 08:53:21.749 D/IntervalStats(  767): Unable to parse event packages: [263]
03-05 08:53:21.799 D/BackgroundInstallControlService(  767): Package event received: 0
03-05 08:53:21.806 D/ActivityManager(  767): sync unfroze 2157 com.google.android.as.oss for 6
03-05 08:53:22.167 D/BackgroundInstallControlService(  767): Package event received: 0
03-05 08:53:22.252 W/ProcessStats(  767): Tracking association SourceState{9cdbfa1 com.google.android.as/10137 BFgs #2975} whose proc state 4 is better than process ProcessState{2359c3 com.google.android.as.oss/10136 pkg=com.google.android.as.oss} proc state 14 (9 skipped)
03-05 08:53:30.646 D/AccessibilityManagerService(  767): changeCurrentUserForTestAutomationIfNeededLocked(0): ignoring because device doesn't support visible background users
03-05 08:53:30.646 I/UiAutomationManager(  767): Registering UiTestAutomationService (id=com.android.server.accessibility/UiAutomation, flags=0x0) when called by user 0
03-05 08:53:30.649 V/AccessibilityManagerService(  767): onUserStateChangedLocked for userId: 0, forceUpdate: false
03-05 08:53:30.656 V/AccessibilityUserState(  767): updateShortcutTargets: type:accessibility_shortcut_target_service, current:{}, new:{}
03-05 08:53:30.656 V/AccessibilityUserState(  767): updateShortcutTargets: type:accessibility_button_targets, current:{}, new:{}
03-05 08:53:30.656 V/AccessibilityUserState(  767): updateShortcutTargets: type:accessibility_gesture_targets, current:{}, new:{}
03-05 08:53:30.656 V/AccessibilityUserState(  767): updateShortcutTargets: type:accessibility_qs_targets, current:{}, new:{}
03-05 08:53:30.657 V/AccessibilityUserState(  767): updateShortcutTargets: type:accessibility_key_gesture_targets, current:{}, new:{}
03-05 08:53:30.666 W/MagnificationConnectionManager(  767): requestConnection duplicated request: connect=false, mConnectionState=DISCONNECTED
03-05 08:53:30.688 V/AccessibilityManagerService(  767): onUserStateChangedLocked for userId: 0, forceUpdate: false
03-05 08:53:30.688 V/AccessibilityUserState(  767): updateShortcutTargets: type:accessibility_shortcut_target_service, current:{}, new:{}
03-05 08:53:30.689 V/AccessibilityUserState(  767): updateShortcutTargets: type:accessibility_button_targets, current:{}, new:{}
03-05 08:53:30.689 V/AccessibilityUserState(  767): updateShortcutTargets: type:accessibility_gesture_targets, current:{}, new:{}
03-05 08:53:30.689 V/AccessibilityUserState(  767): updateShortcutTargets: type:accessibility_qs_targets, current:{}, new:{}
03-05 08:53:30.689 V/AccessibilityUserState(  767): updateShortcutTargets: type:accessibility_key_gesture_targets, current:{}, new:{}
03-05 08:53:30.689 W/MagnificationConnectionManager(  767): requestConnection duplicated request: connect=false, mConnectionState=DISCONNECTED
03-05 08:53:30.704 D/BatterySaverPolicy(  767): accessibility changed to true, updating policy.
03-05 08:53:30.758 D/AccessibilityManagerService(  767): .getAccessibilityShortcutTargets {shortcutType=32, userId=0}
03-05 08:53:32.091 V/AccessibilityManagerService(  767): onUserStateChangedLocked for userId: 0, forceUpdate: false
03-05 08:53:32.093 V/AccessibilityUserState(  767): updateShortcutTargets: type:accessibility_shortcut_target_service, current:{}, new:{}
03-05 08:53:32.093 V/AccessibilityUserState(  767): updateShortcutTargets: type:accessibility_button_targets, current:{}, new:{}
03-05 08:53:32.093 V/AccessibilityUserState(  767): updateShortcutTargets: type:accessibility_gesture_targets, current:{}, new:{}
03-05 08:53:32.093 V/AccessibilityUserState(  767): updateShortcutTargets: type:accessibility_qs_targets, current:{}, new:{}
03-05 08:53:32.093 V/AccessibilityUserState(  767): updateShortcutTargets: type:accessibility_key_gesture_targets, current:{}, new:{}
03-05 08:53:32.093 W/MagnificationConnectionManager(  767): requestConnection duplicated request: connect=false, mConnectionState=DISCONNECTED
03-05 08:53:32.093 D/AccessibilityManagerService(  767): restoreCurrentUserForTestAutomationIfNeededLocked(): ignoring because device doesn't support visible background users
03-05 08:53:32.107 D/BatterySaverPolicy(  767): accessibility changed to false, updating policy.
03-05 08:53:37.427 D/ActivityManager(  767): sync unfroze 4075 com.google.android.configupdater for 3
03-05 08:53:37.456 V/ActivityThread( 4075): getPackageInfo() caused update to cached ApplicationInfo for package com.google.android.configupdater
03-05 08:53:41.953 D/ActivityManager(  767): sync unfroze 2344 com.google.android.apps.photos for 6
03-05 08:53:41.992 W/ProcessStats(  767): Tracking association SourceState{a5c3a1c system/1000 ImpBg #2988} whose proc state 6 is better than process ProcessState{f14282b com.google.android.apps.photos/10162 pkg=com.google.android.apps.photos} proc state 14 (0 skipped)
03-05 08:53:42.087 W/JobScheduler(  767): Job didn't exist in JobStore: 97aeb7a #u0a162/1034 com.google.android.apps.photos/com.google.android.libraries.social.mediamonitor.MediaMonitorJobSchedulerService
03-05 08:53:42.109 W/UriGrantsManagerService(  767): No permission grants found for com.google.android.apps.photos
03-05 08:53:42.109 W/UriGrantsManagerService(  767): No permission grants found for com.google.android.apps.photos
03-05 08:53:42.200 W/UriGrantsManagerService(  767): No permission grants found for com.google.android.apps.photos
03-05 08:53:42.200 W/UriGrantsManagerService(  767): No permission grants found for com.google.android.apps.photos
03-05 08:53:42.225 W/UriGrantsManagerService(  767): No permission grants found for com.google.android.apps.photos
03-05 08:53:42.225 W/UriGrantsManagerService(  767): No permission grants found for com.google.android.apps.photos
03-05 08:53:47.698 D/ActivityManager(  767): freezing 4075 com.google.android.configupdater
03-05 08:53:52.106 D/ActivityManager(  767): freezing 2344 com.google.android.apps.photos
03-05 08:54:37.481 D/ActivityManager(  767): freezing 2157 com.google.android.as.oss
03-05 08:55:34.448 I/UsageStatsService(  767): User[0] Flushing usage stats to disk
03-05 08:55:34.504 D/BackgroundInstallControlService(  767): Package event received: 0
03-05 08:56:39.751 D/BackgroundInstallControlService(  767): Package event received: 0
03-05 08:56:40.326 W/AppOps  (  767): Noting op not finished: uid 10147 pkg com.google.android.gms code 113 startTime of in progress event=1772688974251
03-05 08:56:40.348 W/AppOps  (  767): Noting op not finished: uid 10147 pkg com.google.android.gms code 79 startTime of in progress event=1772688988051
03-05 08:56:41.329 W/AppOps  (  767): Noting op not finished: uid 10147 pkg com.google.android.gms code 113 startTime of in progress event=1772688974251
03-05 08:56:47.389 D/BackgroundInstallControlService(  767): Package event received: 0
03-05 08:58:16.270 D/AppOpHistoryHelper(  767): MetricHandler reporting 1 records.
03-05 09:00:00.046 D/ActivityManager(  767): sync unfroze 4310 com.android.keychain for 10
03-05 09:00:00.261 D/ActivityManager(  767): sync unfroze 4546 com.google.android.settings.intelligence for 7
