03-05 09:17:11.340 W/app_process(13218): Known variants: atom, sandybridge, silvermont, goldmont, goldmont-plus, goldmont-without-sha-xsaves, tremont, kabylake, alderlake, default
03-05 09:17:11.344 W/app_process(13218): ClassLoaderContext shared library size mismatch. Expected=2, found=0 (PCL[]{PCL[/system/framework/android.test.base.jar*1653369819]#PCL[/system/framework/android.test.mock.jar*1009639922]} | PCL[])
03-05 09:17:11.345 W/app_process(13218): ClassLoaderContext classpath size mismatch. expected=0, found=1 (PCL[]{PCL[/system/framework/android.test.runner.jar*3954641918]{PCL[/system/framework/android.test.base.jar*1653369819]#PCL[/system/framework/android.test.mock.jar*1009639922]}#PCL[/system/framework/android.test.base.jar*1653369819]} | PCL[/system/framework/android.test.runner.jar*3954641918])
03-05 09:17:11.366 D/nativeloader(13218): Load libframework-connectivity-tiramisu-jni.so using APEX ns com_android_tethering for caller /apex/com.android.tethering/javalib/framework-connectivity-t.jar: ok
03-05 09:17:11.367 D/AndroidRuntime(13218): Calling main entry com.android.commands.uiautomator.Launcher
03-05 09:17:11.371 I/AconfigPackage(13218): android.media.swcodec.flags is mapped to com.android.media.swcodec
03-05 09:17:11.371 I/AconfigPackage(13218): com.android.permission.flags is mapped to com.android.permission
03-05 09:17:11.371 I/AconfigPackage(13218): com.android.permissioncontroller.flags is mapped to com.android.permission
03-05 09:17:11.371 I/AconfigPackage(13218): com.android.icu is mapped to com.android.i18n
03-05 09:17:11.371 I/AconfigPackage(13218): com.android.appsearch.flags is mapped to com.android.appsearch
03-05 09:17:11.371 I/AconfigPackage(13218): android.uprobestats.mainline.flags is mapped to com.android.uprobestats
03-05 09:17:11.371 I/AconfigPackage(13218): com.android.crashrecovery.flags is mapped to com.android.crashrecovery
03-05 09:17:11.371 I/AconfigPackage(13218): android.provider.flags is mapped to com.android.configinfrastructure
03-05 09:17:11.371 I/AconfigPackage(13218): com.android.server.deviceconfig is mapped to com.android.configinfrastructure
03-05 09:17:11.372 I/AconfigPackage(13218): com.android.compos.flags is mapped to com.android.compos
03-05 09:17:11.372 I/AconfigPackage(13218): com.android.art.flags is mapped to com.android.art
03-05 09:17:11.372 I/AconfigPackage(13218): com.android.art.rw.flags is mapped to com.android.art
03-05 09:17:11.372 I/AconfigPackage(13218): com.android.libcore is mapped to com.android.art
03-05 09:17:11.372 I/AconfigPackage(13218): com.android.telephony.flags is mapped to com.android.telephonycore
03-05 09:17:11.372 I/AconfigPackage(13218): com.android.media.extractor.flags is mapped to com.android.media
03-05 09:17:11.372 I/AconfigPackage(13218): com.android.media.mainline.flags is mapped to com.android.media
03-05 09:17:11.372 I/AconfigPackage(13218): com.android.wifi.flags is mapped to com.android.wifi
03-05 09:17:11.372 I/AconfigPackage(13218): com.android.org.conscrypt.flags is mapped to com.android.conscrypt
03-05 09:17:11.372 I/AconfigPackage(13218): com.android.org.conscrypt.net.flags is mapped to com.android.conscrypt
03-05 09:17:11.372 I/AconfigPackage(13218): com.android.healthfitness.flags is mapped to com.android.healthfitness
03-05 09:17:11.373 I/AconfigPackage(13218): com.android.ipsec.flags is mapped to com.android.ipsec
03-05 09:17:11.373 I/AconfigPackage(13218): com.android.nfc.module.flags is mapped to com.android.nfcservices
03-05 09:17:11.373 I/AconfigPackage(13218): com.android.adservices.ondevicepersonalization.flags is mapped to com.android.ondevicepersonalization
03-05 09:17:11.373 I/AconfigPackage(13218): com.android.adbd.flags is mapped to com.android.adbd
03-05 09:17:11.373 I/AconfigPackage(13218): com.android.bluetooth.flags is mapped to com.android.bt
03-05 09:17:11.373 I/AconfigPackage(13218): com.android.devicelock.flags is mapped to com.android.devicelock
03-05 09:17:11.373 I/AconfigPackage(13218): android.os.profiling is mapped to com.android.profiling
03-05 09:17:11.373 I/AconfigPackage(13218): android.os.profiling.anomaly.flags is mapped to com.android.profiling
03-05 09:17:11.373 I/AconfigPackage(13218): com.android.os.statsd.flags is mapped to com.android.os.statsd
03-05 09:17:11.373 I/AconfigPackage(13218): com.android.rkpd.flags is mapped to com.android.rkpd
03-05 09:17:11.374 I/AconfigPackage(13218): com.android.cellbroadcastreceiver.flags is mapped to com.android.cellbroadcast
03-05 09:17:11.374 I/AconfigPackage(13218): com.android.adservices.flags is mapped to com.android.adservices
03-05 09:17:11.374 I/AconfigPackage(13218): com.android.sdksandbox.flags is mapped to com.android.adservices
03-05 09:17:11.374 I/AconfigPackage(13218): com.android.uwb.flags is mapped to com.android.uwb
03-05 09:17:11.374 I/AconfigPackage(13218): com.android.ranging.flags is mapped to com.android.uwb
03-05 09:17:11.374 I/AconfigPackage(13218): android.graphics.pdf.flags is mapped to com.android.mediaprovider
03-05 09:17:11.374 I/AconfigPackage(13218): com.android.providers.media.flags is mapped to com.android.mediaprovider
03-05 09:17:11.374 I/AconfigPackage(13218): android.graphics.pdf.flags.readonly is mapped to com.android.mediaprovider
03-05 09:17:11.374 I/AconfigPackage(13218): com.android.tethering.mainline.beta is mapped to com.android.tethering
03-05 09:17:11.374 I/AconfigPackage(13218): android.net.http is mapped to com.android.tethering
03-05 09:17:11.374 I/AconfigPackage(13218): com.android.tethering.readonly.flags is mapped to com.android.tethering
03-05 09:17:11.374 I/AconfigPackage(13218): android.net.vcn is mapped to com.android.tethering
03-05 09:17:11.374 I/AconfigPackage(13218): com.android.net.flags is mapped to com.android.tethering
03-05 09:17:11.374 I/AconfigPackage(13218): com.android.tethering.beta.test is mapped to com.android.tethering
03-05 09:17:11.374 I/AconfigPackage(13218): com.android.nearby.flags is mapped to com.android.tethering
03-05 09:17:11.374 I/AconfigPackage(13218): com.android.net.ct.flags is mapped to com.android.tethering
03-05 09:17:11.374 I/AconfigPackage(13218): com.android.net.thread.flags is mapped to com.android.tethering
03-05 09:17:11.374 I/AconfigPackage(13218): com.android.system.virtualmachine.flags is mapped to com.android.virt
03-05 09:17:11.374 E/FeatureFlagsImplExport(13218): android.os.flagging.AconfigStorageReadException: ERROR_PACKAGE_NOT_FOUND: package android.xr cannot be found on the device
03-05 09:17:11.376 D/UiAutomationConnection(13218): Created on user UserHandle{0}
03-05 09:17:11.376 I/UiAutomation(13218): Initialized for user 0 on display 0
03-05 09:17:11.376 W/UiAutomation(13218): Created with deprecatead constructor, assumes DEFAULT_DISPLAY
03-05 09:17:11.378 D/AccessibilityManagerService(  767): changeCurrentUserForTestAutomationIfNeededLocked(0): ignoring because device doesn't support visible background users
03-05 09:17:11.378 I/UiAutomationManager(  767): Registering UiTestAutomationService (id=com.android.server.accessibility/UiAutomation, flags=0x0) when called by user 0
03-05 09:17:11.379 V/AccessibilityManagerService(  767): onUserStateChangedLocked for userId: 0, forceUpdate: false
03-05 09:17:11.381 V/AccessibilityUserState(  767): updateShortcutTargets: type:accessibility_shortcut_target_service, current:{}, new:{}
03-05 09:17:11.381 V/AccessibilityUserState(  767): updateShortcutTargets: type:accessibility_button_targets, current:{}, new:{}
03-05 09:17:11.381 V/AccessibilityUserState(  767): updateShortcutTargets: type:accessibility_gesture_targets, current:{}, new:{}
03-05 09:17:11.381 V/AccessibilityUserState(  767): updateShortcutTargets: type:accessibility_qs_targets, current:{}, new:{}
03-05 09:17:11.382 V/AccessibilityUserState(  767): updateShortcutTargets: type:accessibility_key_gesture_targets, current:{}, new:{}
03-05 09:17:11.382 W/MagnificationConnectionManager(  767): requestConnection duplicated request: connect=false, mConnectionState=DISCONNECTED
03-05 09:17:11.386 I/AiAiEcho( 1593): Settings changed for uri: content://settings/secure/accessibility_enabled
03-05 09:17:11.388 W/libbinder.IPCThreadState(  767): Sending oneway calls to frozen process.
03-05 09:17:11.389 W/libbinder.IPCThreadState(  767): Sending oneway calls to frozen process.
03-05 09:17:11.389 W/libbinder.IPCThreadState(  767): Sending oneway calls to frozen process.
03-05 09:17:11.389 W/libbinder.IPCThreadState(  767): Sending oneway calls to frozen process.
03-05 09:17:11.390 I/AiAiEcho( 1593): Predicting[0]:  [CONTEXT sampling_count=5 ]
03-05 09:17:11.390 I/AiAiEcho( 1593): EchoTargets: 
03-05 09:17:11.390 I/AiAiEcho( 1593): Filtered by AiAi flag check: 
03-05 09:17:11.390 I/AiAiEcho( 1593): [CONTEXT ratelimit_period="10 SECONDS" ]
03-05 09:17:11.390 W/libbinder.IPCThreadState(  767): Sending oneway calls to frozen process.
03-05 09:17:11.391 W/libbinder.IPCThreadState(  767): Sending oneway calls to frozen process.
03-05 09:17:11.391 I/AiAiEcho( 1593): #remoteViewsTwiddler: feature disabled.
03-05 09:17:11.391 W/libbinder.IPCThreadState(  767): Sending oneway calls to frozen process.
03-05 09:17:11.391 W/libbinder.IPCThreadState(  767): Sending oneway calls to frozen process.
03-05 09:17:11.391 W/libbinder.IPCThreadState(  767): Sending oneway calls to frozen process.
03-05 09:17:11.392 I/AiAiEcho( 1593): #postPredictionTargets: Sending updates to UISurface home with targets# 0 (types=[])
03-05 09:17:11.392 V/AccessibilityManagerService(  767): onUserStateChangedLocked for userId: 0, forceUpdate: false
03-05 09:17:11.392 V/AccessibilityUserState(  767): updateShortcutTargets: type:accessibility_shortcut_target_service, current:{}, new:{}
03-05 09:17:11.392 V/AccessibilityUserState(  767): updateShortcutTargets: type:accessibility_button_targets, current:{}, new:{}
03-05 09:17:11.392 V/AccessibilityUserState(  767): updateShortcutTargets: type:accessibility_gesture_targets, current:{}, new:{}
03-05 09:17:11.392 V/AccessibilityUserState(  767): updateShortcutTargets: type:accessibility_qs_targets, current:{}, new:{}
03-05 09:17:11.392 V/AccessibilityUserState(  767): updateShortcutTargets: type:accessibility_key_gesture_targets, current:{}, new:{}
03-05 09:17:11.392 W/MagnificationConnectionManager(  767): requestConnection duplicated request: connect=false, mConnectionState=DISCONNECTED
03-05 09:17:11.393 W/libbinder.IPCThreadState(  767): Sending oneway calls to frozen process.
03-05 09:17:11.396 W/libbinder.IPCThreadState(  767): Sending oneway calls to frozen process.
03-05 09:17:11.396 W/libbinder.IPCThreadState(  767): Sending oneway calls to frozen process.
03-05 09:17:11.396 W/libbinder.IPCThreadState(  767): Sending oneway calls to frozen process.
03-05 09:17:11.396 W/libbinder.IPCThreadState(  767): Sending oneway calls to frozen process.
03-05 09:17:11.396 W/libbinder.IPCThreadState(  767): Sending oneway calls to frozen process.
03-05 09:17:11.397 W/libbinder.IPCThreadState(  767): Sending oneway calls to frozen process.
03-05 09:17:11.397 W/libbinder.IPCThreadState(  767): Sending oneway calls to frozen process.
03-05 09:17:11.397 W/libbinder.IPCThreadState(  767): Sending oneway calls to frozen process.
03-05 09:17:11.397 W/libbinder.IPCThreadState(  767): Sending oneway calls to frozen process.
03-05 09:17:11.397 W/libbinder.IPCThreadState(  767): Sending oneway calls to frozen process.
03-05 09:17:11.397 W/libbinder.IPCThreadState(  767): Sending oneway calls to frozen process.
03-05 09:17:11.397 W/libbinder.IPCThreadState(  767): Sending oneway calls to frozen process.
03-05 09:17:11.397 W/libbinder.IPCThreadState(  767): Sending oneway calls to frozen process.
03-05 09:17:11.397 W/libbinder.IPCThreadState(  767): Sending oneway calls to frozen process.
03-05 09:17:11.399 W/libbinder.IPCThreadState(  767): Sending oneway calls to frozen process.
03-05 09:17:11.399 W/libbinder.IPCThreadState(  767): Sending oneway calls to frozen process.
03-05 09:17:11.399 W/libbinder.IPCThreadState(  767): Sending oneway calls to frozen process.
03-05 09:17:11.399 W/libbinder.IPCThreadState(  767): Sending oneway calls to frozen process.
03-05 09:17:11.399 W/libbinder.IPCThreadState(  767): Sending oneway calls to frozen process.
03-05 09:17:11.399 W/libbinder.IPCThreadState(  767): Sending oneway calls to frozen process.
03-05 09:17:11.399 D/BatterySaverPolicy(  767): accessibility changed to true, updating policy.
03-05 09:17:11.404 D/AccessibilitySourceService( 3930): enabled a11y services count 0
03-05 09:17:11.404 D/AccessibilitySourceService( 3930): a11y source sending 0 issue to sc
03-05 09:17:11.405 D/SafetySourceDataValidat(  767): No cert check requested for package com.google.android.permissioncontroller
03-05 09:17:11.413 E/mapper.ranchu(13191): getStandardMetadataImpl:886 failure: UNSUPPORTED: id=425: unexpected standardMetadataType=21
03-05 09:17:11.415 I/AiAiEcho( 1593): Settings changed for uri: content://settings/secure/accessibility_enabled
03-05 09:17:11.415 I/AiAiEcho( 1593): Predicting[0]:  [CONTEXT sampling_count=5 ]
03-05 09:17:11.415 I/AiAiEcho( 1593): EchoTargets: 
03-05 09:17:11.415 I/AiAiEcho( 1593): Filtered by AiAi flag check: 
03-05 09:17:11.415 I/AiAiEcho( 1593): [CONTEXT ratelimit_period="10 SECONDS" ]
03-05 09:17:11.416 I/AiAiEcho( 1593): #remoteViewsTwiddler: feature disabled.
03-05 09:17:11.416 I/AiAiEcho( 1593): #postPredictionTargets: Sending updates to UISurface home with targets# 0 (types=[])
03-05 09:17:11.420 D/AccessibilityManagerService(  767): .getAccessibilityShortcutTargets {shortcutType=32, userId=0}
03-05 09:17:11.442 E/mapper.ranchu(13191): getStandardMetadataImpl:886 failure: UNSUPPORTED: id=428: unexpected standardMetadataType=21
03-05 09:17:11.453 E/mapper.ranchu(13191): getStandardMetadataImpl:886 failure: UNSUPPORTED: id=429: unexpected standardMetadataType=21
03-05 09:17:11.758 I/HalDevMgr(  767): bestIfaceCreationProposal is null, requestIface=STA, existingIface=[name=wlan0 type=STA]
03-05 09:17:12.455 W/AccessibilityNodeInfoDumper(13218): Fetch time: 6ms
03-05 09:17:12.458 V/AccessibilityManagerService(  767): onUserStateChangedLocked for userId: 0, forceUpdate: false
03-05 09:17:12.459 V/AccessibilityUserState(  767): updateShortcutTargets: type:accessibility_shortcut_target_service, current:{}, new:{}
03-05 09:17:12.459 V/AccessibilityUserState(  767): updateShortcutTargets: type:accessibility_button_targets, current:{}, new:{}
03-05 09:17:12.459 V/AccessibilityUserState(  767): updateShortcutTargets: type:accessibility_gesture_targets, current:{}, new:{}
03-05 09:17:12.459 V/AccessibilityUserState(  767): updateShortcutTargets: type:accessibility_qs_targets, current:{}, new:{}
03-05 09:17:12.459 V/AccessibilityUserState(  767): updateShortcutTargets: type:accessibility_key_gesture_targets, current:{}, new:{}
03-05 09:17:12.459 W/MagnificationConnectionManager(  767): requestConnection duplicated request: connect=false, mConnectionState=DISCONNECTED
03-05 09:17:12.459 D/AccessibilityManagerService(  767): restoreCurrentUserForTestAutomationIfNeededLocked(): ignoring because device doesn't support visible background users
03-05 09:17:12.461 I/AiAiEcho( 1593): Settings changed for uri: content://settings/secure/accessibility_enabled
03-05 09:17:12.461 W/libbinder.IPCThreadState(  767): Sending oneway calls to frozen process.
03-05 09:17:12.462 W/libbinder.IPCThreadState(  767): Sending oneway calls to frozen process.
03-05 09:17:12.462 W/libbinder.IPCThreadState(  767): Sending oneway calls to frozen process.
03-05 09:17:12.462 W/libbinder.IPCThreadState(  767): Sending oneway calls to frozen process.
03-05 09:17:12.462 W/libbinder.IPCThreadState(  767): Sending oneway calls to frozen process.
03-05 09:17:12.462 W/libbinder.IPCThreadState(  767): Sending oneway calls to frozen process.
03-05 09:17:12.464 W/libbinder.IPCThreadState(13218): call to talkWithDriver in joinThreadPool returned error: -9 (Bad file descriptor), FD: -1
03-05 09:17:12.464 W/libbinder.IPCThreadState(  767): Sending oneway calls to frozen process.
03-05 09:17:12.464 W/libbinder.IPCThreadState(13218): call to talkWithDriver in joinThreadPool returned error: -9 (Bad file descriptor), FD: -1
03-05 09:17:12.464 W/libbinder.IPCThreadState(13218): call to talkWithDriver in joinThreadPool returned error: -9 (Bad file descriptor), FD: -1
03-05 09:17:12.464 W/libbinder.IPCThreadState(  767): Sending oneway calls to frozen process.
03-05 09:17:12.464 W/libbinder.IPCThreadState(  767): Sending oneway calls to frozen process.
03-05 09:17:12.464 W/libbinder.IPCThreadState(  767): Sending oneway calls to frozen process.
03-05 09:17:12.464 W/libbinder.IPCThreadState(  767): Sending oneway calls to frozen process.
03-05 09:17:12.464 W/libbinder.IPCThreadState(  767): Sending oneway calls to frozen process.
03-05 09:17:12.464 W/libbinder.IPCThreadState(  767): Sending oneway calls to frozen process.
03-05 09:17:12.464 W/libbinder.IPCThreadState(  767): Sending oneway calls to frozen process.
03-05 09:17:12.464 W/libbinder.IPCThreadState(  767): Sending oneway calls to frozen process.
03-05 09:17:12.465 W/libbinder.IPCThreadState(  767): Sending oneway calls to frozen process.
03-05 09:17:12.465 W/libbinder.IPCThreadState(  767): Sending oneway calls to frozen process.
03-05 09:17:12.465 W/libbinder.IPCThreadState(  767): Sending oneway calls to frozen process.
03-05 09:17:12.465 D/BatterySaverPolicy(  767): accessibility changed to false, updating policy.
03-05 09:17:12.469 D/AndroidRuntime(13218): Shutting down VM
03-05 09:17:12.470 I/AiAiEcho( 1593): Predicting[0]:  [CONTEXT sampling_count=5 ]
03-05 09:17:12.470 I/AiAiEcho( 1593): EchoTargets: 
03-05 09:17:12.470 I/AiAiEcho( 1593): Filtered by AiAi flag check: 
03-05 09:17:12.470 I/AiAiEcho( 1593): [CONTEXT ratelimit_period="10 SECONDS" ]
03-05 09:17:12.471 I/AiAiEcho( 1593): #remoteViewsTwiddler: feature disabled.
03-05 09:17:12.471 I/AiAiEcho( 1593): #postPredictionTargets: Sending updates to UISurface home with targets# 0 (types=[])
03-05 09:17:12.594 E/mapper.ranchu(13191): getStandardMetadataImpl:886 failure: UNSUPPORTED: id=425: unexpected standardMetadataType=21
03-05 09:17:12.701 E/mapper.ranchu(13191): getStandardMetadataImpl:886 failure: UNSUPPORTED: id=428: unexpected standardMetadataType=21
03-05 09:17:12.706 D/ProfileInstaller(13156): Installing profile for com.sportpass.app
03-05 09:17:12.714 E/mapper.ranchu(13191): getStandardMetadataImpl:886 failure: UNSUPPORTED: id=429: unexpected standardMetadataType=21
03-05 09:17:12.731 E/mapper.ranchu(13191): getStandardMetadataImpl:886 failure: UNSUPPORTED: id=430: unexpected standardMetadataType=21
03-05 09:17:12.935 D/SatelliteController( 1146): iisInCarrierRoamingNbIotNtn: satellite is disabled
03-05 09:17:12.939 D/SatelliteController( 1146): getCarrierRoamingNtnConnectType: Falling back to global carrier config connect type: 0
03-05 09:17:12.940 W/libbinder.IPCThreadState(  767): Sending oneway calls to frozen process.
03-05 09:17:13.562 I/ImeTracker(13156): com.sportpass.app:8b504aec: onRequestShow at ORIGIN_CLIENT reason SHOW_SOFT_INPUT fromUser false
03-05 09:17:13.572 D/InsetsController(13156): show(ime())
03-05 09:17:13.573 D/InsetsController(13156): Setting requestedVisibleTypes to 511 (was 503)
03-05 09:17:13.587 D/BackgroundInstallControlService(  767): Package event received: 0
03-05 09:17:13.588 V/AutofillSession(  767): Primary service component name: ComponentInfo{com.google.android.gms/com.google.android.gms.autofill.service.AutofillService}, secondary service component name: ComponentInfo{com.android.credentialmanager/com.android.credentialmanager.autofill.CredentialAutofillService}
03-05 09:17:13.588 V/SecondaryProviderHandler(  767): Creating a secondary provider handler with component name, ComponentInfo{com.android.credentialmanager/com.android.credentialmanager.autofill.CredentialAutofillService}
03-05 09:17:13.589 I/GoogleInputMethodService( 1517): GoogleInputMethodService.onFinishInput():2113 
03-05 09:17:13.592 I/Module  ( 1517): DeviceLockedStatusModuleProvider$Module.updateDeviceLockedStatus():103 repeatCheckTimes = 0, locked = false
03-05 09:17:13.593 I/GoogleInputMethodService( 1517): GoogleInputMethodService.onStartInput():1384 onStartInput(EditorInfo{EditorInfo{packageName=com.sportpass.app, inputType=8021, inputTypeString=EmailAddress[AutoCorrect], enableLearning=true, autoCorrection=true, autoComplete=true, imeOptions=2000005, privateImeOptions=null, actionName=NEXT, actionLabel=null, initialSelStart=0, initialSelEnd=0, initialCapsMode=0, label=null, fieldId=1, fieldName=null, extras=Bundle[mParcelledData.dataSize=168], hintText=null, hintLocales=[]}}, false)
03-05 09:17:13.596 I/Module  ( 1517): DeviceLockedStatusModuleProvider$Module.updateDeviceLockedStatus():103 repeatCheckTimes = 1, locked = false
03-05 09:17:13.603 I/GoogleInputMethodService( 1517): GoogleInputMethodService.onStartInputView():1472 onStartInputView(EditorInfo{EditorInfo{packageName=com.sportpass.app, inputType=8021, inputTypeString=EmailAddress[AutoCorrect], enableLearning=true, autoCorrection=true, autoComplete=true, imeOptions=2000005, privateImeOptions=null, actionName=NEXT, actionLabel=null, initialSelStart=0, initialSelEnd=0, initialCapsMode=0, label=null, fieldId=1, fieldName=null, extras=Bundle[{androidx.core.view.inputmethod.EditorInfoCompat.STYLUS_HANDWRITING_ENABLED=true}], hintText=null, hintLocales=[]}}, false)
03-05 09:17:13.605 I/KeyboardHeightUtil( 1517): KeyboardHeightUtil.getOemKeyboardHeightRatio():81 systemKeyboardHeightRatio:1.000000.
03-05 09:17:13.606 W/PackageConfigPersister(  767): App-specific configuration not found for packageName: com.sportpass.app and userId: 0
03-05 09:17:13.615 D/PresentationStatsEventLogger(  767): Started new PresentationStatsEvent
03-05 09:17:13.616 W/FillRequestEventLogger(  767): Couldn't find packageName: com.google.android.inputmethod.latin
03-05 09:17:13.737 W/ModuleManager( 1517): ModuleManager.loadModule():578 Module pdt is not available
03-05 09:17:13.808 I/AssistStructure(13156): Flattened final assist data: 508 bytes, containing 1 windows, 3 views
03-05 09:17:13.808 D/AutofillSession(  767): createPendingIntent for request 1044
03-05 09:17:13.809 D/ContentCapturePerUserService(  767): Notified activity assist data for activity: Token{b786886 ActivityRecord{178270408 u0 com.sportpass.app/.MainActivity t191}} without a session Id
03-05 09:17:13.827 W/InputConnectionWrapper( 1517): InputConnectionWrapper.recordDuration():1689 IPC IC_GET_SURROUNDING_TEXT took 222 ms
03-05 09:17:13.836 E/mapper.ranchu(13191): getStandardMetadataImpl:886 failure: UNSUPPORTED: id=425: unexpected standardMetadataType=21
03-05 09:17:13.840 I/AndroidIME( 1517): InputBundleManager.loadActiveInputBundleId():531 loadActiveInputBundleId: en-US, ime_english_united_states
03-05 09:17:13.841 I/AndroidIME( 1517): AbstractIme.onActivate():95 LatinIme.onActivate() : EditorInfo = EditorInfo{packageName=com.sportpass.app, inputType=8021, inputTypeString=EmailAddress[AutoCorrect], enableLearning=true, autoCorrection=true, autoComplete=true, imeOptions=2000005, privateImeOptions=null, actionName=NEXT, actionLabel=null, initialSelStart=0, initialSelEnd=0, initialCapsMode=0, label=null, fieldId=1, fieldName=null, extras=Bundle[{androidx.core.view.inputmethod.EditorInfoCompat.STYLUS_HANDWRITING_ENABLED=true}], hintText=null, hintLocales=[]}, IncognitoMode = false, DeviceLocked = false
03-05 09:17:13.842 I/InputBundle( 1517): InputBundle.consumeEvent():1041 Skip consuming an event as keyboard status is INACTIVE
03-05 09:17:13.843 I/Delight5Facilitator( 1517): Delight5Facilitator.initializeForIme():745 initializeForIme() : Locale = [en_US], layout = qwerty
03-05 09:17:13.844 I/LatinIme( 1517): LatinIme.updateEnableInlineSuggestionsOnDecoderSideFlags():1255 inline flag updated to:false
03-05 09:17:13.845 I/LatinIme( 1517): LatinIme.updateEnableInlineSuggestionsOnDecoderSideFlags():1255 inline flag updated to:false
03-05 09:17:13.846 I/NebulaeTrainingCacheMetricsProcessor( 1517): NebulaeTrainingCacheMetricsProcessor.processBeginSession():247 Begin training cache session: com.sportpass.app_1/
03-05 09:17:13.859 E/mapper.ranchu(13191): getStandardMetadataImpl:886 failure: UNSUPPORTED: id=428: unexpected standardMetadataType=21
03-05 09:17:13.877 I/InputBundle( 1517): InputBundle.consumeEvent():1041 Skip consuming an event as keyboard status is INACTIVE
03-05 09:17:13.879 I/LatinIme( 1517): LatinIme.resetInputContext():2262 resetInputContext(): reason=1, externalEditsInfo=ExternalEditsInfo{action=0, offset=-1, text=null, originalText=null, edits=null}
03-05 09:17:13.879 I/InputBundle( 1517): InputBundle.consumeEvent():1041 Skip consuming an event as keyboard status is INACTIVE
03-05 09:17:13.885 I/KeyboardWrapper( 1517): KeyboardWrapper.activateKeyboard():582 activateKeyboard(): type=prime, status=INACTIVE, imeDef=nkh{stringId=ime_english_united_states, language=en-US, languageTag=en-US, processedConditions={writing_helper_enable_by_word_revert=false, true=true, enable_number_row=false, device=phone, enable_pk_simulator=false}, className=com.google.android.apps.inputmethod.libs.latin5.LatinIme, label=0, keyEventInterpreter=null, inlineComposing=true, autoCapital=true, announceAutoSelectedCandidate=true, statusIcon=0, indicatorIcon=0, indicatorLabel=US, displayAppCompletions=true, extraValues=nka{#0x7f0b02e2=TypedValue{t=0x3/d=0x0 "com.google.android.apps.inputmethod.libs.latin5.LatinIme"}}, processors=nlz@1e4d8c3, unacceptableMetaKeys=4098, languageSpecificSettings=0, asciiCapable=true, alwaysShowSuggestions=false, useAsciiPasswordKeyboard=false, keyboardGroupDef=nli@d33bd07, phenotypeFlagId=0, localizationLanguageTag=null, supportsInlineSuggestion=true}
03-05 09:17:13.885 I/KeyboardManager( 1517): KeyboardManager.requestKeyboard():249 Creating keyboard prime, imeId=ime_english_united_states, cacheKey=theme,!gsf,!pgsans,!pgsf,!use_system_font,BORDER,FLAVOR_DPI=XXHDPI,IS_LIGHT,KEYBOARD_WIDTH_CATEGORY=NORMAL,KEY_BORDER_SHAPE=1,LIGHT_THEME=true,PHYSICAL_DIAGONAL=5.972393,POPUP,SCREEN_SHORTEST_WIDTH=411,SCREEN_SHORTEST_WIDTH_NO_SCALE=411,SW400DP,XXHDPI,bottom4dp,enable_popup_on_keypress=true,keyboard_redesign_google_sans=true,non_linear_scale,noshadow,overlay_builtin_dynamic_color_light_base.binarypb:gm3-light-fffaf8fe-ff4c5e8b-4fb1adea13304a190d4abf12326cf60c,silkpopup
03-05 09:17:13.887 I/KeyboardWrapper( 1517): KeyboardWrapper.onKeyboardReady():224 onKeyboardReady(): type=prime(prime), kb=com.google.android.apps.inputmethod.latin.keyboard.LatinPrimeKeyboard@55ff5f7
03-05 09:17:13.887 I/KeyboardWrapper( 1517): KeyboardWrapper.doActivateKeyboard():612 doActivateKeyboard(): prime
03-05 09:17:13.932 I/BaseKeyboardSizeHelper( 1517): BaseKeyboardSizeHelper.calculateMaxKeyboardBodyHeight():73 leave 281 height for app when ime window height:2138, header height:116 and isFullscreenMode:false, so the max keyboard body height is:1741
03-05 09:17:13.933 W/TooltipLifecycleManager( 1517): TooltipLifecycleManager.dismissTooltips():153 Tooltip with id undo_access_point_promotion_banner not found in tooltipManager.
03-05 09:17:13.936 W/ndroid.systemui( 1018): Suspending all threads took: 20.134ms
03-05 09:17:13.939 I/KeyboardModeUtils( 1517): KeyboardModeUtils.getKeyboardBottomOffset():435 inch: 0.000000 ydpi: 420.000000 adjustKeyboardBottomByDisplaySize: false currentDensityDpi: 420 defaultDensityDpi: 420 keyboardBottomToScreenPx: 0 keyboardBottomToNavBarPx: -126 navBarHeight: 126
03-05 09:17:13.939 I/BaseKeyboardSizeHelper( 1517): BaseKeyboardSizeHelper.calculateMaxKeyboardBodyHeight():73 leave 281 height for app when ime window height:2138, header height:116 and isFullscreenMode:false, so the max keyboard body height is:1741
03-05 09:17:13.939 I/BaseKeyboardSizeHelper( 1517): BaseKeyboardSizeHelper.calculateMaxKeyboardBodyHeight():73 leave 281 height for app when ime window height:2138, header height:116 and isFullscreenMode:false, so the max keyboard body height is:1741
03-05 09:17:13.939 I/BaseKeyboardSizeHelper( 1517): BaseKeyboardSizeHelper.calculateMaxKeyboardBodyHeight():73 leave 281 height for app when ime window height:2138, header height:116 and isFullscreenMode:false, so the max keyboard body height is:1741
03-05 09:17:13.939 I/BaseKeyboardSizeHelper( 1517): BaseKeyboardSizeHelper.calculateMaxKeyboardBodyHeight():73 leave 281 height for app when ime window height:2138, header height:116 and isFullscreenMode:false, so the max keyboard body height is:1741
03-05 09:17:13.940 I/GlobeKeyExtension( 1517): GlobeKeyExtension.getKeyboardInitialStates():175 
03-05 09:17:13.941 W/Keyboard( 1517): Keyboard.getKeyboardViewHelper():604 null helper is returned: keyboardDef=nlc{processedConditions={show_comma_key=true, enable_more_candidates_view_for_multilingual=false, layout_9key_split=false, enable_secondary_symbols=false, pref_enable_flick_symbols=false, language=en-US, deprecate_long_press_space_for_ime_picker=false, expressions=normal, android_software_xr_api_spatial=false, variant=qwerty, show_period_key=true, device=phone, keyboard_mode=normal, show_secondary_digits=true, enable_pk_simulator=false, enable_preemptive_decode=true}, globalConditions={global_theme_key=theme,!gsf,!pgsans,!pgsf,!use_system_font,BORDER,FLAVOR_DPI=XXHDPI,IS_LIGHT,KEYBOARD_WIDTH_CATEGORY=NORMAL,KEY_BORDER_SHAPE=1,LIGHT_THEME=true,PHYSICAL_DIAGONAL=5.972393,POPUP,SCREEN_SHORTEST_WIDTH=411,SCREEN_SHORTEST_WIDTH_NO_SCALE=411,SW400DP,XXHDPI,bottom4dp,enable_popup_on_keypress=true,keyboard_redesign_google_sans=true,non_linear_scale,noshadow,overlay_builtin_dynamic_color_light_base.binarypb:gm3-light-fffaf8fe-ff4c5e8b-4fb1adea13304a190d4abf12326cf60c,silkpopup, global_locale=en_US, global_density_dpi=420, global_orientation=1}, className=.latin.keyboard.LatinPrimeKeyboard, resourceIds=[#0x7f1705f9, #0x7f17088b], initialStates=0, keyboardViewDefs=[nlq{direction=null, id=#0x7f0b0225, isScalable=true, layoutId=#0x7f0e0379, type=BODY, touchable=true, defaultShow=true}, nlq{direction=null, id=#0x7f0b0225, isScalable=false, layoutId=#0x7f0e020f, type=FLOATING_CANDIDATES, touchable=false, defaultShow=false}, nlq{direction=LOCALE, id=#0x7f0b0225, isScalable=false, layoutId=#0x7f0e0516, type=HEADER, touchable=true, defaultShow=true}], persistentStates=0, persistentStatesPrefKey=null, popupBubbleLayoutId=#0x7f0e0604, recentKeyLayoutId=#0x0, recentKeyPopupLayoutId=#0x0, recentKeyType=null, rememberRecentKey=NONE, sessionStates=17592186044419}, type=WIDGET, helpersCreated={HEADER=mwp@7aa8bd1, BODY=mwp@edd6636, FLOATING_CANDIDATES=mwp@d2d2937}, context.getResources().getConfiguration(): {1.0 310mcc260mnc [en_US] ldltr sw411dp w411dp h914dp 420dpi nrml long compactNeeded port finger qwerty/v/v dpad/v winConfig={ mBounds=Rect(0, 0 - 1080, 2400) mAppBounds=Rect(0, 0 - 1080, 2400) mMaxBounds=Rect(0, 0 - 1080, 2400) mDisplayRotation=ROTATION_0 mWindowingMode=fullscreen mActivityType=undefined mAlwaysOnTop=undefined mRotation=ROTATION_0} as.3 s.32 fontWeightAdjustment=0}
03-05 09:17:13.942 I/BaseKeyboardSizeHelper( 1517): BaseKeyboardSizeHelper.calculateMaxKeyboardBodyHeight():73 leave 281 height for app when ime window height:2138, header height:116 and isFullscreenMode:false, so the max keyboard body height is:1741
03-05 09:17:14.068 I/AndroidIME( 1517): InputBundleManager.startInput():361 startInput() with nlm[keyboardType=prime, payload=null]
03-05 09:17:14.205 I/PkModeUpdater( 1517): PkModeUpdater.onActivate():74 onActivate false true
03-05 09:17:14.209 I/AccessoryInputModeManager( 1517): AccessoryInputModeManager.onModeStarted():324 Accessory input mode started: null
03-05 09:17:14.210 W/SupplementaryKeyboardsWrapper( 1517): SupplementaryKeyboardsWrapper.deactivateKeyboard():162 keyboard accessory_candidates_consumer is not activated before!
03-05 09:17:14.213 I/KeyboardModeUtils( 1517): KeyboardModeUtils.getKeyboardBottomOffset():435 inch: 0.000000 ydpi: 420.000000 adjustKeyboardBottomByDisplaySize: false currentDensityDpi: 420 defaultDensityDpi: 420 keyboardBottomToScreenPx: 0 keyboardBottomToNavBarPx: -126 navBarHeight: 126
03-05 09:17:14.213 I/BaseKeyboardSizeHelper( 1517): BaseKeyboardSizeHelper.calculateMaxKeyboardBodyHeight():73 leave 281 height for app when ime window height:2138, header height:116 and isFullscreenMode:false, so the max keyboard body height is:1741
03-05 09:17:14.213 I/BaseKeyboardSizeHelper( 1517): BaseKeyboardSizeHelper.calculateMaxKeyboardBodyHeight():73 leave 281 height for app when ime window height:2138, header height:116 and isFullscreenMode:false, so the max keyboard body height is:1741
03-05 09:17:14.214 I/BaseKeyboardSizeHelper( 1517): BaseKeyboardSizeHelper.calculateMaxKeyboardBodyHeight():73 leave 281 height for app when ime window height:2138, header height:116 and isFullscreenMode:false, so the max keyboard body height is:1741
03-05 09:17:14.214 I/BaseKeyboardSizeHelper( 1517): BaseKeyboardSizeHelper.calculateMaxKeyboardBodyHeight():73 leave 281 height for app when ime window height:2138, header height:116 and isFullscreenMode:false, so the max keyboard body height is:1741
03-05 09:17:14.214 W/ExtensionWrapper( 1517): ExtensionWrapper.setExtensionViewVisibility():876 interface nac is not activate
03-05 09:17:14.215 I/GlobeKeyExtension( 1517): GlobeKeyExtension.onActivate():120 
03-05 09:17:14.215 I/HardKeyTracker( 1517): HardKeyTracker.unregisterKeySequence():229 Unregister key sequence ohy{labelResId=2132020485, callback=cti@960f753, lastModifier=2, keyCodes=[56], actions=[0]}
03-05 09:17:14.215 I/HardKeyTracker( 1517): HardKeyTracker.unregisterKeySequence():229 Unregister key sequence ohy{labelResId=2132020485, callback=cti@6d6c890, lastModifier=0, keyCodes=[317], actions=[0]}
03-05 09:17:14.215 I/HardKeyTracker( 1517): HardKeyTracker.registerKeySequence():178 Register key sequence ohy{labelResId=2132020485, callback=cti@94ed420, lastModifier=2, keyCodes=[56], actions=[0]}
03-05 09:17:14.215 I/HardKeyTracker( 1517): HardKeyTracker.registerKeySequence():178 Register key sequence ohy{labelResId=2132020485, callback=cti@bf241d9, lastModifier=0, keyCodes=[317], actions=[0]}
03-05 09:17:14.215 W/AccessPointsManager( 1517): AccessPointsManager.addAccessPoint():1084 The holder controller #0x7f0b246c is not registered
03-05 09:17:14.215 I/VoiceInputManagerWrapper( 1517): VoiceInputManagerWrapper.cancelShutdown():109 cancelShutdown()
03-05 09:17:14.215 I/VoiceInputManagerWrapper( 1517): VoiceInputManagerWrapper.syncLanguagePacks():121 syncLanguagePacks()
03-05 09:17:14.216 I/VoiceInputManager( 1517): VoiceInputManager.onKeyboardActivated():1215 onKeyboardActivated() [UD]
03-05 09:17:14.219 I/Module  ( 1517): DeviceLockedStatusModuleProvider$Module.updateDeviceLockedStatus():103 repeatCheckTimes = 1, locked = false
03-05 09:17:14.219 I/HardKeyTracker( 1517): HardKeyTracker.unregisterKeySequence():229 Unregister key sequence ohy{labelResId=2132020489, callback=cti@9ef7589, lastModifier=2, keyCodes=[48], actions=[0]}
03-05 09:17:14.219 I/HardKeyTracker( 1517): HardKeyTracker.registerKeySequence():178 Register key sequence ohy{labelResId=2132020489, callback=cti@ba84c5f, lastModifier=2, keyCodes=[48], actions=[0]}
03-05 09:17:14.254 I/SpeechFactory( 1517): SpeechRecognitionFactory.maybeScheduleAutoPackDownloadForFallback():217 maybeScheduleAutoPackDownloadForFallback()
03-05 09:17:14.254 I/FallbackOnDeviceRecognitionProvider( 1517): FallbackOnDeviceRecognitionProvider.maybeScheduleAutoPackDownload():213 maybeScheduleAutoPackDownload() for language tag en-US
03-05 09:17:14.259 I/HardKeyTracker( 1517): HardKeyTracker.unregisterKeySequence():229 Unregister key sequence ohy{labelResId=2132020485, callback=cti@1baf98e, lastModifier=2, keyCodes=[56], actions=[0]}
03-05 09:17:14.259 I/HardKeyTracker( 1517): HardKeyTracker.unregisterKeySequence():229 Unregister key sequence ohy{labelResId=2132020485, callback=cti@679b5af, lastModifier=0, keyCodes=[317], actions=[0]}
03-05 09:17:14.259 I/HardKeyTracker( 1517): HardKeyTracker.registerKeySequence():178 Register key sequence ohy{labelResId=2132020485, callback=cti@77aeb0a, lastModifier=2, keyCodes=[56], actions=[0]}
03-05 09:17:14.259 I/HardKeyTracker( 1517): HardKeyTracker.registerKeySequence():178 Register key sequence ohy{labelResId=2132020485, callback=cti@6af4f7b, lastModifier=0, keyCodes=[317], actions=[0]}
03-05 09:17:14.259 I/HardKeyTracker( 1517): HardKeyTracker.unregisterKeySequence():229 Unregister key sequence ohy{labelResId=2132020489, callback=cti@b87ddbc, lastModifier=2, keyCodes=[48], actions=[0]}
03-05 09:17:14.259 I/HardKeyTracker( 1517): HardKeyTracker.registerKeySequence():178 Register key sequence ohy{labelResId=2132020489, callback=cti@6fe8198, lastModifier=2, keyCodes=[48], actions=[0]}
03-05 09:17:14.259 W/AccessPointsManager( 1517): AccessPointsManager.addAccessPoint():1084 The holder controller #0x7f0b246c is not registered
03-05 09:17:14.260 W/NotificationCenter( 1517): NotificationCenter$NotificationQueue.notifyPendingNotificationsOnExecutor():877 Heavy notify work detected on UI thread: [mul->kpu, mul->kpu, mul->kpu, mul->lxh, mul->knd, mul->mtn, mul->okf, mul->kpu, mul->kpu, mul->kpu, mul->kpu, mul->hmz, mul->krx, mul->kpu, mul->iet, mul->god, mul->kpu, mul->mfg, mul->oyp, mul->kpu, mul->kpu, mul->kpu, mul->mte, mul->glg, mul->kpu, mul->kpu, kpp->hcu, kpp->hcu, kpp->hcu, kpp->hcu] takes 44ms
03-05 09:17:14.260 I/HardKeyTracker( 1517): HardKeyTracker.unregisterKeySequence():229 Unregister key sequence ohy{labelResId=2132020490, callback=cti@2f1209a, lastModifier=2, keyCodes=[32], actions=[0]}
03-05 09:17:14.260 I/HardKeyTracker( 1517): HardKeyTracker.unregisterKeySequence():229 Unregister key sequence ohy{labelResId=2132020490, callback=cti@9b5fdcb, lastModifier=0, keyCodes=[319], actions=[0]}
03-05 09:17:14.260 I/HardKeyTracker( 1517): HardKeyTracker.registerKeySequence():178 Register key sequence ohy{labelResId=2132020490, callback=cti@e64add6, lastModifier=2, keyCodes=[32], actions=[0]}
03-05 09:17:14.260 I/HardKeyTracker( 1517): HardKeyTracker.registerKeySequence():178 Register key sequence ohy{labelResId=2132020490, callback=cti@7596857, lastModifier=0, keyCodes=[319], actions=[0]}
03-05 09:17:14.260 I/SystemHapticSettings( 1517): SystemHapticSettings.updateSystemVibrationState():61 update vibration state: true
03-05 09:17:14.263 I/HardKeyTracker( 1517): HardKeyTracker.unregisterKeySequence():229 Unregister key sequence ohy{labelResId=2132020490, callback=cti@730ac66, lastModifier=2, keyCodes=[32], actions=[0]}
03-05 09:17:14.263 I/HardKeyTracker( 1517): HardKeyTracker.unregisterKeySequence():229 Unregister key sequence ohy{labelResId=2132020490, callback=cti@124aba7, lastModifier=0, keyCodes=[319], actions=[0]}
03-05 09:17:14.263 I/HardKeyTracker( 1517): HardKeyTracker.registerKeySequence():178 Register key sequence ohy{labelResId=2132020490, callback=cti@455d162, lastModifier=2, keyCodes=[32], actions=[0]}
03-05 09:17:14.263 I/HardKeyTracker( 1517): HardKeyTracker.registerKeySequence():178 Register key sequence ohy{labelResId=2132020490, callback=cti@22232f3, lastModifier=0, keyCodes=[319], actions=[0]}
03-05 09:17:14.263 I/VoiceImeExtension( 1517): VoiceImeExtension.shouldStartVoiceInputAutomaticallyInCurrentInputBox():384 No private IME option set to start voice input.
03-05 09:17:14.264 D/ImeBackCallbackSender( 1517): Register OnBackInvokedCallback with priority=-1 at app window (packageName=com.sportpass.app)
03-05 09:17:14.276 D/BoundBrokerSvc( 1615): onBind: Intent { act=com.google.firebase.dynamiclinks.service.START xflg=0x4 pkg=com.google.android.gms }
03-05 09:17:14.276 D/BoundBrokerSvc( 1615): Loading bound service for intent: Intent { act=com.google.firebase.dynamiclinks.service.START xflg=0x4 pkg=com.google.android.gms }
03-05 09:17:14.276 D/BackgroundInstallControlService(  767): Package event received: 0
03-05 09:17:14.280 I/Choreographer( 1517): Skipped 39 frames!  The application may be doing too much work on its main thread.
03-05 09:17:14.287 D/WindowOnBackDispatcher(13156): setTopOnBackInvokedCallback (unwrapped): android.view.ImeBackAnimationController@36c4eff
03-05 09:17:14.306 D/BackgroundInstallControlService(  767): Package event received: 0
03-05 09:17:14.315 E/mapper.ranchu(13191): getStandardMetadataImpl:886 failure: UNSUPPORTED: id=429: unexpected standardMetadataType=21
03-05 09:17:14.336 E/mapper.ranchu(13191): getStandardMetadataImpl:886 failure: UNSUPPORTED: id=430: unexpected standardMetadataType=21
03-05 09:17:14.350 D/CoreBackPreview(  767): Window{3be3658 u0 com.sportpass.app/com.sportpass.app.MainActivity}: Setting back callback OnBackInvokedCallbackInfo{mCallback=android.window.IOnBackInvokedCallback$Stub$Proxy@976ac00, mPriority=0, mIsAnimationCallback=true, mOverrideBehavior=0}
03-05 09:17:14.369 I/GoogleInputMethodService( 1517): GoogleInputMethodService$1.onKeyboardViewShown():331 onKeyboardViewShown: keyboardType=prime, keyboardViewType=HEADER keyboardView=com.google.android.libraries.inputmethod.widgets.SoftKeyboardView{3d2cef4 V.E...... ........ 0,0-1080,116}
03-05 09:17:14.369 I/BaseKeyboardSizeHelper( 1517): BaseKeyboardSizeHelper.calculateMaxKeyboardBodyHeight():73 leave 281 height for app when ime window height:2138, header height:116 and isFullscreenMode:false, so the max keyboard body height is:1741
03-05 09:17:14.370 E/mapper.ranchu(13191): getStandardMetadataImpl:886 failure: UNSUPPORTED: id=425: unexpected standardMetadataType=21
03-05 09:17:14.372 I/HWUI    ( 1517): Davey! duration=746ms; Flags=1, FrameTimelineVsyncId=62982, IntendedVsync=2509888939206, Vsync=2510538939180, InputEventId=0, HandleInputStart=2510555596127, AnimationStart=2510555598123, PerformTraversalsStart=2510555598244, DrawStart=2510590647027, FrameDeadline=2509905605872, FrameStartTime=2510555117355, FrameInterval=16666666, WorkloadTarget=16666666, SyncQueued=2510614913193, SyncStart=2510618754077, IssueDrawCommandsStart=2510619981845, SwapBuffers=2510635315511, FrameCompleted=2510639082154, DequeueBufferDuration=3819, QueueBufferDuration=1475984, GpuCompleted=2510639082154, SwapBuffersCompleted=2510637506633, DisplayPresentTime=0, CommandSubmissionCompleted=2510635315511, 
03-05 09:17:14.373 I/GoogleInputMethodService( 1517): GoogleInputMethodService$1.onKeyboardViewShown():331 onKeyboardViewShown: keyboardType=prime, keyboardViewType=BODY keyboardView=com.google.android.libraries.inputmethod.widgets.SoftKeyboardView{3009487 V.E...... ........ 0,0-1080,641}
03-05 09:17:14.373 I/BaseKeyboardSizeHelper( 1517): BaseKeyboardSizeHelper.calculateMaxKeyboardBodyHeight():73 leave 281 height for app when ime window height:2138, header height:116 and isFullscreenMode:false, so the max keyboard body height is:1741
03-05 09:17:14.373 I/GlobeKeyExtension( 1517): GlobeKeyExtension$1.onKeyboardViewShown():72 maybeDisableLanguageSwitchKeyPref when the keyboard is shown
03-05 09:17:14.374 I/GlobeKeyExtension( 1517): GlobeKeyExtension.maybeDisableLanguageSwitchKeyPref():200 maybeDisableLanguageSwitchKeyPref hasGlobeKeyBeenDisabled: true, shouldDisableLanguageSwitchKey: true
03-05 09:17:14.374 I/NewLanguagePromptExtension( 1517): NewLanguagePromptExtension$1.onKeyboardViewShown():98 Not show new language banner: no change in enabled input method entries
03-05 09:17:14.374 I/DynamicLayoutHandler( 1517): DynamicLayoutHandler.loadDynamicKeys():92 This isn't a dynamic layout.
03-05 09:17:14.375 I/Delight5Decoder( 1517): Delight5DecoderWrapper.setKeyboardLayout():548 setKeyboardLayout()
03-05 09:17:14.375 W/TooltipLifecycleManager( 1517): TooltipLifecycleManager.dismissTooltips():153 Tooltip with id spell_check_add_to_dictionary not found in tooltipManager.
03-05 09:17:14.375 I/KeyboardModeUtils( 1517): KeyboardModeUtils.getKeyboardBottomOffset():435 inch: 0.000000 ydpi: 420.000000 adjustKeyboardBottomByDisplaySize: false currentDensityDpi: 420 defaultDensityDpi: 420 keyboardBottomToScreenPx: 0 keyboardBottomToNavBarPx: -126 navBarHeight: 126
03-05 09:17:14.375 I/BaseKeyboardSizeHelper( 1517): BaseKeyboardSizeHelper.calculateMaxKeyboardBodyHeight():73 leave 281 height for app when ime window height:2138, header height:116 and isFullscreenMode:false, so the max keyboard body height is:1741
03-05 09:17:14.375 I/BaseKeyboardSizeHelper( 1517): BaseKeyboardSizeHelper.calculateMaxKeyboardBodyHeight():73 leave 281 height for app when ime window height:2138, header height:116 and isFullscreenMode:false, so the max keyboard body height is:1741
03-05 09:17:14.377 I/KeyboardModeUtils( 1517): KeyboardModeUtils.getKeyboardBottomOffset():435 inch: 0.000000 ydpi: 420.000000 adjustKeyboardBottomByDisplaySize: false currentDensityDpi: 420 defaultDensityDpi: 420 keyboardBottomToScreenPx: 0 keyboardBottomToNavBarPx: -126 navBarHeight: 126
03-05 09:17:14.377 I/BaseKeyboardSizeHelper( 1517): BaseKeyboardSizeHelper.calculateMaxKeyboardBodyHeight():73 leave 281 height for app when ime window height:2138, header height:116 and isFullscreenMode:false, so the max keyboard body height is:1741
03-05 09:17:14.377 I/BaseKeyboardSizeHelper( 1517): BaseKeyboardSizeHelper.calculateMaxKeyboardBodyHeight():73 leave 281 height for app when ime window height:2138, header height:116 and isFullscreenMode:false, so the max keyboard body height is:1741
03-05 09:17:14.398 D/BufferPoolAccessor2.0(  661): bufferpool2 0x778e66611f98 : 2(7776000 size) total buffers - 1(3888000 size) used buffers - 8/10 (recycle/alloc) - 1/10 (fetch/transfer)
03-05 09:17:14.399 D/BackgroundInstallControlService(  767): Package event received: 0
03-05 09:17:14.399 D/Bubbles ( 1018): BubbleController.BubblesImeListener.onImeVisibilityChanged visible=truerunnable=null stackView=null
03-05 09:17:14.424 E/mapper.ranchu(13191): getStandardMetadataImpl:886 failure: UNSUPPORTED: id=428: unexpected standardMetadataType=21
03-05 09:17:14.431 D/VRI[MainActivity](13156): WindowInsets changed: ime:[0,0,0,883] 
03-05 09:17:14.436 D/BoundBrokerSvc( 1615): onBind: Intent { act=com.google.android.gms.common.BIND_SHARED_PREFS xflg=0x4 pkg=com.google.android.gms }
03-05 09:17:14.436 D/BoundBrokerSvc( 1615): Loading bound service for intent: Intent { act=com.google.android.gms.common.BIND_SHARED_PREFS xflg=0x4 pkg=com.google.android.gms }
03-05 09:17:14.438 W/InteractionJankMonitor(13156): Initializing without READ_DEVICE_CONFIG permission. enabled=false, interval=1, missedFrameThreshold=3, frameTimeThreshold=64, package=com.sportpass.app
03-05 09:17:14.446 I/Delight5Decoder( 1517): Delight5DecoderWrapper.setKeyboardLayout():548 setKeyboardLayout()
03-05 09:17:14.455 E/mapper.ranchu(13191): getStandardMetadataImpl:886 failure: UNSUPPORTED: id=429: unexpected standardMetadataType=21
03-05 09:17:14.462 I/ImeTracker(13156): com.sportpass.app:8b504aec: onShown
03-05 09:17:14.702 D/BoundBrokerSvc( 1615): onBind: Intent { act=com.google.android.mdd.service.START dat=chimera-action:/... xflg=0x4 cmp=com.google.android.gms/.chimera.GmsBoundBrokerService }
03-05 09:17:14.703 D/BoundBrokerSvc( 1615): Loading bound service for intent: Intent { act=com.google.android.mdd.service.START dat=chimera-action:/... xflg=0x4 cmp=com.google.android.gms/.chimera.GmsBoundBrokerService }
03-05 09:17:14.709 W/TooltipLifecycleManager( 1517): TooltipLifecycleManager.dismissTooltips():153 Tooltip with id SUGGESTION_VIEW_EDU_MINI_DIALOG not found in tooltipManager.
03-05 09:17:14.712 W/FillRequestEventLogger(  767): Shouldn't be logging AutofillFillRequestReported again for same event
03-05 09:17:14.712 W/FillResponseEventLogger(  767): Shouldn't be logging AutofillFillRequestReported again for same event
03-05 09:17:14.712 W/PresentationStatsEventLogger(  767): Empty dataset. Autofill ignoring log
03-05 09:17:14.712 D/AutofillSession(  767): clearPendingIntentLocked
03-05 09:17:14.716 V/InlineSuggestionRenderService( 1166): handleDestroySuggestionViews called for 0:783827384
03-05 09:17:14.722 W/TooltipLifecycleManager( 1517): TooltipLifecycleManager.dismissTooltips():153 Tooltip with id SUGGESTION_VIEW_EDU_MINI_DIALOG not found in tooltipManager.
03-05 09:17:14.723 D/BackgroundInstallControlService(  767): Package event received: 0
03-05 09:17:14.746 E/mapper.ranchu(13191): getStandardMetadataImpl:886 failure: UNSUPPORTED: id=434: unexpected standardMetadataType=21
03-05 09:17:14.758 E/mapper.ranchu(13191): getStandardMetadataImpl:886 failure: UNSUPPORTED: id=430: unexpected standardMetadataType=21
03-05 09:17:14.797 I/KeyboardModeUtils( 1517): KeyboardModeUtils.getKeyboardBottomOffset():435 inch: 0.000000 ydpi: 420.000000 adjustKeyboardBottomByDisplaySize: false currentDensityDpi: 420 defaultDensityDpi: 420 keyboardBottomToScreenPx: 0 keyboardBottomToNavBarPx: -126 navBarHeight: 126
03-05 09:17:14.797 I/BaseKeyboardSizeHelper( 1517): BaseKeyboardSizeHelper.calculateMaxKeyboardBodyHeight():73 leave 281 height for app when ime window height:2138, header height:116 and isFullscreenMode:false, so the max keyboard body height is:1741
03-05 09:17:14.797 I/BaseKeyboardSizeHelper( 1517): BaseKeyboardSizeHelper.calculateMaxKeyboardBodyHeight():73 leave 281 height for app when ime window height:2138, header height:116 and isFullscreenMode:false, so the max keyboard body height is:1741
03-05 09:17:14.808 I/HalDevMgr(  767): bestIfaceCreationProposal is null, requestIface=STA, existingIface=[name=wlan0 type=STA]
03-05 09:17:14.811 W/TooltipLifecycleManager( 1517): TooltipLifecycleManager.dismissTooltips():153 Tooltip with id SUGGESTION_VIEW_EDU_MINI_DIALOG not found in tooltipManager.
03-05 09:17:14.814 W/TooltipLifecycleManager( 1517): TooltipLifecycleManager.dismissTooltips():153 Tooltip with id SUGGESTION_VIEW_EDU_MINI_DIALOG not found in tooltipManager.
03-05 09:17:14.815 W/TooltipLifecycleManager( 1517): TooltipLifecycleManager.dismissTooltips():153 Tooltip with id SUGGESTION_VIEW_EDU_MINI_DIALOG not found in tooltipManager.
