03-05 09:17:51.173 D/RecentsView( 1156): onTaskRemoved: 191, not handling task stack changes
03-05 09:17:51.175 V/ShellTaskOrganizer( 1018): Task vanished taskId=191
03-05 09:17:51.175 E/TransitionChain(  767): Can't collect into a chain with no transition
03-05 09:17:51.175 E/TransitionChain(  767): Can't collect into a chain with no transition
03-05 09:17:51.175 V/ShellTaskOrganizer( 1018): Fullscreen Task Vanished: #191
03-05 09:17:51.176 D/ShellDesktopMode( 1018): AppToWebRepository: Task 191 is vanishing. Removing task data from repository
03-05 09:17:51.177 D/b/417220811( 1156): invalidateLoadedTasks - previous requestLoadId: -1
03-05 09:17:51.177 D/b/417220811( 1156): invalidateLoadedTasks - previous requestLoadId: -1
03-05 09:17:51.178 E/AppOps  (  767): package pm not found, can't check for attributionTag null
03-05 09:17:51.178 E/AppOps  (  767): Bad call made by uid 1000. Package "pm" does not belong to uid 1000.
03-05 09:17:51.178 E/AppOps  (  767): Cannot noteOperation: non-application UID 1000
03-05 09:17:51.178 I/ActivityManager(  767): Force stopping com.sportpass.app appid=10234 user=0: clearApplicationUserData
03-05 09:17:51.180 E/TaskPersister(  767): File error accessing recents directory (directory doesn't exist?).
03-05 09:17:51.268 I/libprocessgroup(  767): Removed cgroup /sys/fs/cgroup/apps/uid_10234/pid_13156
03-05 09:17:51.269 I/Zygote  (  541): Process 13156 exited due to signal 9 (Killed)
03-05 09:17:51.279 W/ActivityManager(  767): setHasOverlayUi called on unknown pid: 13156
03-05 09:17:51.743 D/b/417220811( 1156): invalidateLoadedTasks - previous requestLoadId: -1
03-05 09:17:51.747 D/WM-DelayedWorkTracker( 1605): Scheduling work bf775ad1-31ef-4480-b898-a39875d45145
03-05 09:17:51.748 V/ActivityManager(  767): Got obituary of 13156:com.sportpass.app
03-05 09:17:51.748 D/WM-GreedyScheduler( 1605): Starting tracking for bf775ad1-31ef-4480-b898-a39875d45145
03-05 09:17:51.751 D/WM-ConstraintTracker( 1605): BatteryNotLowTracker: initial state = true
03-05 09:17:51.751 D/WM-BrdcstRcvrCnstrntTrc( 1605): BatteryNotLowTracker: registering receiver
03-05 09:17:51.755 I/keystore2(  260): system/security/keystore2/src/maintenance.rs:615 - clearNamespace(r#APP, nspace=10234)
03-05 09:17:51.758 D/WM-GreedyScheduler( 1605): Constraints met: Scheduling work ID WorkGenerationalId(workSpecId=bf775ad1-31ef-4480-b898-a39875d45145, generation=0)
03-05 09:17:51.762 D/WM-Processor( 1605): Processor: processing WorkGenerationalId(workSpecId=bf775ad1-31ef-4480-b898-a39875d45145, generation=0)
03-05 09:17:51.768 I/AppsFilter(  767): interaction: PackageSetting{b961a21 com.android.microdroid.empty_payload/10214} -> PackageSetting{47b3174 com.sportpass.app/10234} BLOCKED
03-05 09:17:51.768 I/AppsFilter(  767): interaction: PackageSetting{b06a807 com.example.damascus_pass/10220} -> PackageSetting{47b3174 com.sportpass.app/10234} BLOCKED
03-05 09:17:51.769 I/AppsFilter(  767): interaction: PackageSetting{b961a21 com.android.microdroid.empty_payload/10214} -> PackageSetting{47b3174 com.sportpass.app/10234} BLOCKED
03-05 09:17:51.769 I/AppsFilter(  767): interaction: PackageSetting{b06a807 com.example.damascus_pass/10220} -> PackageSetting{47b3174 com.sportpass.app/10234} BLOCKED
03-05 09:17:51.772 D/WM-WorkerWrapper( 1605): Starting work for com.android.providers.media.photopicker.sync.ProactiveSyncWorker
03-05 09:17:51.773 D/WM-SystemJobService( 1605): onStartJob for WorkGenerationalId(workSpecId=bf775ad1-31ef-4480-b898-a39875d45145, generation=0)
03-05 09:17:51.773 I/PSyncWorker( 1605): Starting proactive picker sync from sync source: 1
03-05 09:17:51.773 I/PickerSyncTracker( 1605): Created new sync future java.util.concurrent.CompletableFuture@6cd6201[Not completed, 1 dependents]. Future map: {bf775ad1-31ef-4480-b898-a39875d45145=java.util.concurrent.CompletableFuture@6cd6201[Not completed, 1 dependents]}
03-05 09:17:51.777 D/WM-Processor( 1605): Work WorkGenerationalId(workSpecId=bf775ad1-31ef-4480-b898-a39875d45145, generation=0) is already enqueued for processing
03-05 09:17:51.794 D/PickerSyncController( 1605): syncAllMediaFromProvider() LOCAL, auth=com.android.providers.media.photopicker, retry=true
03-05 09:17:51.794 D/PickerSyncController( 1605): getSyncRequestParams() LOCAL, auth=com.android.providers.media.photopicker
03-05 09:17:51.795 D/ActivityManager(  767): sync unfroze 4229 com.android.chrome for 3
03-05 09:17:51.798 D/ShortcutService(  767): received package broadcast intent: Intent { act=android.intent.action.PACKAGE_DATA_CLEARED dat=package: flg=0x5000010 (has extras) }
03-05 09:17:51.798 D/ShortcutService(  767): clearing data for package: com.sportpass.app userId=0
03-05 09:17:51.802 I/AppSearchManagerService(  767): Handling android.intent.action.PACKAGE_DATA_CLEARED broadcast on package: com.sportpass.app
03-05 09:17:51.829 D/PickerSyncController( 1605):    Latest ID/Gen=e0d6a8d4f9a0bbf0:0000-0000:external_primary/254
03-05 09:17:51.829 D/PickerSyncController( 1605):    Cached ID/Gen=e0d6a8d4f9a0bbf0:0000-0000:external_primary/250
03-05 09:17:51.830 D/PickerSyncController( 1605):    RESULT=SyncRequestParams{type=MEDIA_INCREMENTAL, gen=250, latest=Bundle[{last_media_sync_generation=254, media_collection_id=e0d6a8d4f9a0bbf0:0000-0000:external_primary}], pageSize=1000}
03-05 09:17:51.830 I/PickerSyncController( 1605): Executing SyncAdd. isLocal: true. authority: com.android.providers.media.photopicker
03-05 09:17:51.831 D/PickerSyncLockManager( 1605): Trying to acquire lock com.android.providers.media.photopicker.sync.CloseableReentrantLock@47b84e7[Unlocked]. Lock Name = CLOUD_PROVIDER_LOCK. Threads that may be waiting to acquire this lock = [] with timeout.
03-05 09:17:51.831 D/CloseableReentrantLock( 1605): Successfully acquired lock com.android.providers.media.photopicker.sync.CloseableReentrantLock@47b84e7[Locked by thread pool-4-thread-30]. Lock Name = CLOUD_PROVIDER_LOCK. Threads that may be waiting to acquire this lock = []
03-05 09:17:51.831 D/CloseableReentrantLock( 1605): Successfully released lock com.android.providers.media.photopicker.sync.CloseableReentrantLock@47b84e7[Unlocked]. Lock Name = CLOUD_PROVIDER_LOCK. Threads that may be waiting to acquire this lock = []
03-05 09:17:51.832 D/ExternalDbFacade( 1605): Token received for queryMedia = null
03-05 09:17:51.839 D/ActivityManager(  767): sync unfroze 3216 com.android.vending:background for 3
03-05 09:17:51.846 D/ActivityManager(  767): sync unfroze 4343 com.google.android.documentsui for 3
03-05 09:17:51.867 D/PickerSyncLockManager( 1605): Trying to acquire lock com.android.providers.media.photopicker.sync.CloseableReentrantLock@47b84e7[Unlocked]. Lock Name = CLOUD_PROVIDER_LOCK. Threads that may be waiting to acquire this lock = [] with timeout.
03-05 09:17:51.867 D/CloseableReentrantLock( 1605): Successfully acquired lock com.android.providers.media.photopicker.sync.CloseableReentrantLock@47b84e7[Locked by thread pool-4-thread-30]. Lock Name = CLOUD_PROVIDER_LOCK. Threads that may be waiting to acquire this lock = []
03-05 09:17:51.867 D/PickerSyncController( 1605): Saving next page token: 1772691468000|55 for key: local_provider:media_add:resume
03-05 09:17:51.867 D/CloseableReentrantLock( 1605): Successfully released lock com.android.providers.media.photopicker.sync.CloseableReentrantLock@47b84e7[Unlocked]. Lock Name = CLOUD_PROVIDER_LOCK. Threads that may be waiting to acquire this lock = []
03-05 09:17:51.882 D/PickerNotificationSender( 1605): Sending a notification for media update
03-05 09:17:51.900 D/PickerNotificationSender( 1605): Sending a notification for merged album media update Videos
03-05 09:17:51.900 D/PickerNotificationSender( 1605): Sending a notification for album media update Videos
03-05 09:17:51.912 D/ActivityManager(  767): sync unfroze 1615 com.google.android.gms for 6
03-05 09:17:51.913 D/PickerNotificationSender( 1605): Sending a notification for merged album media update Favorites
03-05 09:17:51.913 D/PickerNotificationSender( 1605): Sending a notification for album media update Favorites
03-05 09:17:51.914 D/ExternalDbFacade( 1605): Token received for queryMedia = 1772691468000|55
03-05 09:17:51.918 D/PickerSyncLockManager( 1605): Trying to acquire lock com.android.providers.media.photopicker.sync.CloseableReentrantLock@47b84e7[Unlocked]. Lock Name = CLOUD_PROVIDER_LOCK. Threads that may be waiting to acquire this lock = [] with timeout.
03-05 09:17:51.918 D/CloseableReentrantLock( 1605): Successfully acquired lock com.android.providers.media.photopicker.sync.CloseableReentrantLock@47b84e7[Locked by thread pool-4-thread-30]. Lock Name = CLOUD_PROVIDER_LOCK. Threads that may be waiting to acquire this lock = []
03-05 09:17:51.918 D/PickerSyncController( 1605): Clearing next page token for key: local_provider:media_add:resume
03-05 09:17:51.918 D/CloseableReentrantLock( 1605): Successfully released lock com.android.providers.media.photopicker.sync.CloseableReentrantLock@47b84e7[Unlocked]. Lock Name = CLOUD_PROVIDER_LOCK. Threads that may be waiting to acquire this lock = []
03-05 09:17:51.918 D/PickerNotificationSender( 1605): Sending a notification for media update
03-05 09:17:51.918 D/PickerNotificationSender( 1605): Sending a notification for merged album media update Videos
03-05 09:17:51.918 D/PickerNotificationSender( 1605): Sending a notification for album media update Videos
03-05 09:17:51.918 D/PickerNotificationSender( 1605): Sending a notification for merged album media update Favorites
03-05 09:17:51.918 D/PickerNotificationSender( 1605): Sending a notification for album media update Favorites
03-05 09:17:51.918 I/PickerSyncController( 1605): Paged sync successful. QueryArgs: Bundle[{android.provider.extra.PAGE_TOKEN=1772691468000|55, android.provider.extra.SYNC_GENERATION=250, android.provider.extra.PAGE_SIZE=1000}] Total Rows: 1
03-05 09:17:51.918 I/PickerSyncController( 1605): Executing SyncRemove. isLocal: true. authority: com.android.providers.media.photopicker
03-05 09:17:51.918 D/PickerSyncLockManager( 1605): Trying to acquire lock com.android.providers.media.photopicker.sync.CloseableReentrantLock@47b84e7[Unlocked]. Lock Name = CLOUD_PROVIDER_LOCK. Threads that may be waiting to acquire this lock = [] with timeout.
03-05 09:17:51.918 D/CloseableReentrantLock( 1605): Successfully acquired lock com.android.providers.media.photopicker.sync.CloseableReentrantLock@47b84e7[Locked by thread pool-4-thread-30]. Lock Name = CLOUD_PROVIDER_LOCK. Threads that may be waiting to acquire this lock = []
03-05 09:17:51.918 D/CloseableReentrantLock( 1605): Successfully released lock com.android.providers.media.photopicker.sync.CloseableReentrantLock@47b84e7[Unlocked]. Lock Name = CLOUD_PROVIDER_LOCK. Threads that may be waiting to acquire this lock = []
03-05 09:17:51.928 D/PickerSyncLockManager( 1605): Trying to acquire lock com.android.providers.media.photopicker.sync.CloseableReentrantLock@47b84e7[Unlocked]. Lock Name = CLOUD_PROVIDER_LOCK. Threads that may be waiting to acquire this lock = [] with timeout.
03-05 09:17:51.928 D/CloseableReentrantLock( 1605): Successfully acquired lock com.android.providers.media.photopicker.sync.CloseableReentrantLock@47b84e7[Locked by thread pool-4-thread-30]. Lock Name = CLOUD_PROVIDER_LOCK. Threads that may be waiting to acquire this lock = []
03-05 09:17:51.928 D/PickerSyncController( 1605): Clearing next page token for key: local_provider:media_remove:resume
03-05 09:17:51.928 D/CloseableReentrantLock( 1605): Successfully released lock com.android.providers.media.photopicker.sync.CloseableReentrantLock@47b84e7[Unlocked]. Lock Name = CLOUD_PROVIDER_LOCK. Threads that may be waiting to acquire this lock = []
03-05 09:17:51.928 D/PickerNotificationSender( 1605): Sending a notification for media update
03-05 09:17:51.929 D/PickerNotificationSender( 1605): Sending a notification for merged album media update Videos
03-05 09:17:51.929 D/PickerNotificationSender( 1605): Sending a notification for album media update Videos
03-05 09:17:51.929 D/PickerNotificationSender( 1605): Sending a notification for merged album media update Favorites
03-05 09:17:51.929 D/PickerNotificationSender( 1605): Sending a notification for album media update Favorites
03-05 09:17:51.929 I/PickerSyncController( 1605): Paged sync successful. QueryArgs: Bundle[{android.provider.extra.PAGE_TOKEN=1772691468000|55, android.provider.extra.SYNC_GENERATION=250, android.provider.extra.PAGE_SIZE=1000}] Total Rows: 0
03-05 09:17:51.929 I/PickerSyncTracker( 1605): Marked sync future complete for work id: bf775ad1-31ef-4480-b898-a39875d45145. Future map: {}
03-05 09:17:51.929 I/PSyncWorker( 1605): Completed picker proactive sync complete from local provider.
03-05 09:17:51.931 I/WM-WorkerWrapper( 1605): Worker result SUCCESS for Work [ id=bf775ad1-31ef-4480-b898-a39875d45145, tags={ com.android.providers.media.photopicker.sync.ProactiveSyncWorker } ]
03-05 09:17:51.933 D/WM-Processor( 1605): Processor bf775ad1-31ef-4480-b898-a39875d45145 executed; reschedule = false
03-05 09:17:51.933 D/WM-GreedyScheduler( 1605): Stopping tracking for WorkGenerationalId(workSpecId=bf775ad1-31ef-4480-b898-a39875d45145, generation=0)
03-05 09:17:51.933 D/WM-SystemJobService( 1605): bf775ad1-31ef-4480-b898-a39875d45145 executed on JobScheduler
03-05 09:17:51.944 I/Finsky:background( 3216): [2] Memory trim requested to level 40
03-05 09:17:51.951 W/libbinder.IPCThreadState( 4343): Transaction failed because process frozen.
03-05 09:17:51.951 E/libbinder.IPCThreadState( 4343): Binder transaction failure. id: 505708, cmd: BR_FROZEN_REPLY (29202), error: 0 (Success)
03-05 09:17:51.951 E/JavaBinder( 4343): !!! FAILED BINDER TRANSACTION !!!  (parcel size = 332)
03-05 09:17:51.952 I/ActivityThread( 4343): Removing dead content provider:android.content.ContentProviderProxy@412b8aa
03-05 09:17:51.953 W/libbinder.IPCThreadState(  767): Transaction failed because process frozen.
03-05 09:17:51.953 E/libbinder.IPCThreadState(  767): Binder transaction failure. id: 505721, cmd: BR_FROZEN_REPLY (29202), error: 0 (Success)
03-05 09:17:51.953 I/ActivityManager(  767): Process com.google.android.apps.docs (pid 12561) early provider death
03-05 09:17:51.954 I/ActivityManager(  767): Process com.google.android.apps.docs (pid 12561) has died: cch CEM 
03-05 09:17:51.955 D/WM-GreedyScheduler( 1605): Cancelling work ID bf775ad1-31ef-4480-b898-a39875d45145
03-05 09:17:51.966 W/ProvidersCache( 4343): Failed to load some roots from com.google.android.apps.docs.storage
03-05 09:17:51.966 W/ProvidersCache( 4343): android.os.DeadObjectException: Transaction failed on small parcel; remote process probably died, but this could also be caused by running out of binder buffer space
03-05 09:17:51.966 W/ProvidersCache( 4343): 	at android.os.BinderProxy.transactNative(Native Method)
03-05 09:17:51.966 W/ProvidersCache( 4343): 	at android.os.BinderProxy.transact(BinderProxy.java:599)
03-05 09:17:51.966 W/ProvidersCache( 4343): 	at android.content.ContentProviderProxy.query(ContentProviderNative.java:493)
03-05 09:17:51.966 W/ProvidersCache( 4343): 	at android.content.ContentProviderClient.query(ContentProviderClient.java:196)
03-05 09:17:51.966 W/ProvidersCache( 4343): 	at android.content.ContentProviderClient.query(ContentProviderClient.java:178)
03-05 09:17:51.966 W/ProvidersCache( 4343): 	at android.content.ContentProviderClient.query(ContentProviderClient.java:168)
03-05 09:17:51.966 W/ProvidersCache( 4343): 	at com.android.documentsui.roots.ProvidersCache.loadRootsForAuthority(ProvidersCache.java:409)
03-05 09:17:51.966 W/ProvidersCache( 4343): 	at com.android.documentsui.roots.ProvidersCache.-$$Nest$mloadRootsForAuthority(ProvidersCache.java:0)
03-05 09:17:51.966 W/ProvidersCache( 4343): 	at com.android.documentsui.roots.ProvidersCache$MultiProviderUpdateTask.handleDocumentsProvider(ProvidersCache.java:701)
03-05 09:17:51.966 W/ProvidersCache( 4343): 	at com.android.documentsui.roots.ProvidersCache$MultiProviderUpdateTask.startSingleProviderUpdateTask(ProvidersCache.java:677)
03-05 09:17:51.966 W/ProvidersCache( 4343): 	at com.android.documentsui.roots.ProvidersCache$MultiProviderUpdateTask.lambda$doInBackground$0(ProvidersCache.java:623)
03-05 09:17:51.966 W/ProvidersCache( 4343): 	at com.android.documentsui.roots.ProvidersCache$MultiProviderUpdateTask.$r8$lambda$mnJpmgdZARm40VapREkQeOExLF8(ProvidersCache.java:0)
03-05 09:17:51.966 W/ProvidersCache( 4343): 	at com.android.documentsui.roots.ProvidersCache$MultiProviderUpdateTask$$ExternalSyntheticLambda0.run(R8$$SyntheticClass:0)
03-05 09:17:51.966 W/ProvidersCache( 4343): 	at java.util.concurrent.Executors$RunnableAdapter.call(Executors.java:520)
03-05 09:17:51.966 W/ProvidersCache( 4343): 	at java.util.concurrent.FutureTask.run(FutureTask.java:317)
03-05 09:17:51.966 W/ProvidersCache( 4343): 	at java.util.concurrent.ThreadPoolExecutor.runWorker(ThreadPoolExecutor.java:1154)
03-05 09:17:51.966 W/ProvidersCache( 4343): 	at java.util.concurrent.ThreadPoolExecutor$Worker.run(ThreadPoolExecutor.java:652)
03-05 09:17:51.966 W/ProvidersCache( 4343): 	at java.lang.Thread.run(Thread.java:1563)
03-05 09:17:51.968 I/FuseDaemon( 1605): Waiting for a blocking GC ProfileSaver
03-05 09:17:51.972 I/Finsky:background( 3216): [2] Memory trim requested to level 40
03-05 09:17:51.978 I/MediaServiceV2( 1605): Creating work for intent Intent { act=android.intent.action.PACKAGE_DATA_CLEARED dat=package: flg=0x5000010 cmp=com.google.android.providers.media.module/com.android.providers.media.MediaServiceV2 (has extras) }
03-05 09:17:51.979 I/MediaServiceV2( 1605): Work enqueued for intent: Intent { act=android.intent.action.PACKAGE_DATA_CLEARED dat=package: flg=0x5000010 cmp=com.google.android.providers.media.module/com.android.providers.media.MediaServiceV2 (has extras) }
03-05 09:17:51.992 W/AppSearchManagerService(  767): Received persistToDisk call. Use AppSearchManagerService persistence schedule.
03-05 09:17:51.997 W/ActivityManager(  767): pid 4343 com.google.android.documentsui sent binder code 1 with flags 2 and got error -2147483646
03-05 09:17:52.065 D/WM-GreedyScheduler( 1605): Ignoring {WorkSpec: cf45e1ef-e494-4551-9393-77631b533c5a}. Requires device idle.
03-05 09:17:52.066 D/WM-GreedyScheduler( 1605): Ignoring {WorkSpec: a4d9d5a1-b1cb-4921-bb97-5a8716d538ca}. Requires device idle.
03-05 09:17:52.066 D/WM-GreedyScheduler( 1605): Ignoring {WorkSpec: 3785cbf9-d338-4e01-8ddf-70a1276573a7}. Requires device idle.
03-05 09:17:52.066 D/WM-GreedyScheduler( 1605): Ignoring {WorkSpec: 71766563-693e-4a7a-bc92-64853f480048}. Requires device idle.
03-05 09:17:52.066 D/WM-BrdcstRcvrCnstrntTrc( 1605): BatteryNotLowTracker: unregistering receiver
03-05 09:17:52.183 D/CarrierSvcBindHelper( 1146): onHandleForceStop: [com.sportpass.app]
03-05 09:17:52.185 D/CarrierSvcBindHelper( 1146): No carrier app for: 0
03-05 09:17:52.360 W/InteractionJankMonitor( 1156): CUJ cancelled due to timeout, CUJ=LAUNCHER_APP_CLOSE_TO_HOME
03-05 09:17:52.630 I/FuseDaemon( 1605): WaitForGcToComplete blocked ProfileSaver on Background for 662.329ms
03-05 09:17:52.637 I/Fitness ( 1313): (REDACTED) FitCleanupIntentOperation received Intent %s
03-05 09:17:52.649 I/Finsky:background( 3216): [42] Current account updated in PVS
03-05 09:17:52.650 I/Finsky:background( 3216): [42] Current account updated in PVS
03-05 09:17:52.656 I/Finsky:background( 3216): [44] Current account updated in PVS
03-05 09:17:52.656 I/Finsky:background( 3216): [44] Current account updated in PVS
03-05 09:17:52.665 I/Finsky:background( 3216): [42] Current account updated in PVS
03-05 09:17:52.668 I/Finsky:background( 3216): [42] Current account updated in PVS
03-05 09:17:52.668 I/Finsky:background( 3216): [46] Current account updated in PVS
03-05 09:17:52.668 I/Finsky:background( 3216): [44] Current account updated in PVS
03-05 09:17:52.668 I/Finsky:background( 3216): [45] Current account updated in PVS
03-05 09:17:52.668 I/Finsky:background( 3216): [42] Current account updated in PVS
03-05 09:17:52.670 D/SafetySourceDataValidat(  767): No cert check requested for package com.google.android.permissioncontroller
03-05 09:17:52.674 I/Finsky:background( 3216): [47] Current account updated in PVS
03-05 09:17:52.683 D/PersistedStoragePackageUninstalledReceiver( 3930): Received android.intent.action.PACKAGE_DATA_CLEARED for com.sportpass.app for u0
03-05 09:17:52.685 W/JobInfo ( 1605): Requested important-while-foreground flag for job141 is ignored and takes no effect
03-05 09:17:52.685 D/WM-SystemJobScheduler( 1605): Scheduling work ID 39f9d458-5501-4ae4-bac9-51c10b73d686Job ID 141
03-05 09:17:52.697 I/Finsky:background( 3216): [45] Current account updated in PVS
03-05 09:17:52.705 I/Finsky:background( 3216): [45] Current account updated in PVS
03-05 09:17:52.705 I/Finsky:background( 3216): [45] Current account updated in PVS
03-05 09:17:52.722 D/WM-SystemJobService( 1605): onStartJob for WorkGenerationalId(workSpecId=39f9d458-5501-4ae4-bac9-51c10b73d686, generation=0)
03-05 09:17:52.723 D/WM-GreedyScheduler( 1605): Ignoring {WorkSpec: cf45e1ef-e494-4551-9393-77631b533c5a}. Requires device idle.
03-05 09:17:52.723 D/WM-GreedyScheduler( 1605): Ignoring {WorkSpec: a4d9d5a1-b1cb-4921-bb97-5a8716d538ca}. Requires device idle.
03-05 09:17:52.723 D/WM-GreedyScheduler( 1605): Ignoring {WorkSpec: 3785cbf9-d338-4e01-8ddf-70a1276573a7}. Requires device idle.
03-05 09:17:52.723 D/WM-GreedyScheduler( 1605): Ignoring {WorkSpec: 71766563-693e-4a7a-bc92-64853f480048}. Requires device idle.
03-05 09:17:52.723 D/WM-GreedyScheduler( 1605): Starting work for 39f9d458-5501-4ae4-bac9-51c10b73d686
03-05 09:17:52.724 D/WM-Processor( 1605): Processor: processing WorkGenerationalId(workSpecId=39f9d458-5501-4ae4-bac9-51c10b73d686, generation=0)
03-05 09:17:52.724 D/WM-Processor( 1605): Work WorkGenerationalId(workSpecId=39f9d458-5501-4ae4-bac9-51c10b73d686, generation=0) is already enqueued for processing
03-05 09:17:52.728 D/WM-WorkerWrapper( 1605): Starting work for com.android.providers.media.MediaServiceV2
03-05 09:17:52.729 I/MediaServiceV2( 1605): Work initiated for action [ android.intent.action.PACKAGE_DATA_CLEARED ]
03-05 09:17:52.729 D/MediaProvider( 1605): Deleted 0 Android/media items belonging to com.sportpass.app on /data/user/0/com.google.android.providers.media.module/databases/external.db
03-05 09:17:52.731 I/FuseDaemon( 1605): Successfully deleted rows in leveldb for owner_id:  and ownerPackageIdentifier: com.sportpass.app::0
03-05 09:17:52.731 D/MediaGrants( 1605): Removed 0 media_grants for 0 user for [com.sportpass.app, com.sportpass.app]. Reason: Package orphaned
03-05 09:17:52.732 I/MediaServiceV2( 1605): Work ended for action [ android.intent.action.PACKAGE_DATA_CLEARED ]
03-05 09:17:52.732 I/WM-WorkerWrapper( 1605): Worker result SUCCESS for Work [ id=39f9d458-5501-4ae4-bac9-51c10b73d686, tags={ com.android.providers.media.MediaServiceV2 } ]
03-05 09:17:52.737 D/WM-Processor( 1605): Processor 39f9d458-5501-4ae4-bac9-51c10b73d686 executed; reschedule = false
03-05 09:17:52.738 D/WM-SystemJobService( 1605): 39f9d458-5501-4ae4-bac9-51c10b73d686 executed on JobScheduler
03-05 09:17:52.738 I/Blockstore( 1615): [PackageIntentOperation] Checking IS_RESTORE extra. [CONTEXT service_id=258 ]
03-05 09:17:52.742 D/WM-GreedyScheduler( 1605): Cancelling work ID 39f9d458-5501-4ae4-bac9-51c10b73d686
03-05 09:17:52.743 D/WM-GreedyScheduler( 1605): Ignoring {WorkSpec: cf45e1ef-e494-4551-9393-77631b533c5a}. Requires device idle.
03-05 09:17:52.743 D/WM-GreedyScheduler( 1605): Ignoring {WorkSpec: a4d9d5a1-b1cb-4921-bb97-5a8716d538ca}. Requires device idle.
03-05 09:17:52.743 D/WM-GreedyScheduler( 1605): Ignoring {WorkSpec: 3785cbf9-d338-4e01-8ddf-70a1276573a7}. Requires device idle.
03-05 09:17:52.744 D/WM-GreedyScheduler( 1605): Ignoring {WorkSpec: 71766563-693e-4a7a-bc92-64853f480048}. Requires device idle.
03-05 09:17:52.746 I/NearbyDiscovery( 1615): (REDACTED) processGrantSlicePermission: %s
03-05 09:17:52.770 I/Icing   ( 1615): doRemovePackageData com.sportpass.app
03-05 09:17:52.775 I/Finsky:background( 3216): [50] RECEIVER_ENGAGE_PACKAGE_CHANGED#logWorkEndAndFinishGoAsync: SUCCESS
03-05 09:17:52.777 I/Finsky:background( 3216): [45] Current account updated in PVS
03-05 09:17:52.796 I/Finsky:background( 3216): [2] Memory trim requested to level 40
03-05 09:17:52.797 I/Finsky:background( 3216): [2] Current account updated in PVS
03-05 09:17:52.808 D/ConnectivityService(  767): releasing NetworkRequest [ REQUEST id=248, [ Capabilities: INTERNET&NOT_RESTRICTED&TRUSTED&NOT_VCN_MANAGED&NOT_BANDWIDTH_CONSTRAINED Uid: 10155 RequestorUid: 10155 RequestorPkg: com.google.android.apps.docs UnderlyingNetworks: Null] ] (release request)
03-05 09:17:52.810 V/ActivityManager(  767): Got obituary of 12561:com.google.android.apps.docs
03-05 09:17:52.812 I/Zygote  (  541): Process 12561 exited due to signal 9 (Killed)
03-05 09:17:52.830 I/libprocessgroup(  767): Removed cgroup /sys/fs/cgroup/apps/uid_10155/pid_12561
03-05 09:17:52.892 W/ActivityTaskManager(  767): callingPackage for (uid=2000, pid=14114) has no WPC
03-05 09:17:52.893 V/WindowManager(  767): DesktopModeLaunchParamsModifier: phase= 0 task=null activity=null display-area-from-current-params=null display-area-from-default-fallback=DefaultTaskDisplayArea@201301039 display-id=0 task-display-area-windowing-mode=1 suggested-display-area=DefaultTaskDisplayArea@201301039 task null, skipping
03-05 09:17:52.893 V/WindowManager(  767): TaskLaunchParamsModifier:phase=0 task=null activity=null display-area-from-current-params=null display-area-from-default-fallback=DefaultTaskDisplayArea@201301039 display-id=0 task-display-area-windowing-mode=1 suggested-display-area=DefaultTaskDisplayArea@201301039
03-05 09:17:52.894 V/GrammaticalInflectionUtils(  767): AttributionSource: android.content.AttributionSource@a48a138c does not have READ_SYSTEM_GRAMMATICAL_GENDER permission.
03-05 09:17:52.895 V/WindowManager(  767): DesktopModeLaunchParamsModifier: phase= 0 task=null activity=ActivityRecord{11826116 u0 com.sportpass.app/.MainActivity display-area-from-current-params=null display-area-from-default-fallback=DefaultTaskDisplayArea@201301039 display-id=0 task-display-area-windowing-mode=1 suggested-display-area=DefaultTaskDisplayArea@201301039 task null, skipping
03-05 09:17:52.896 V/WindowManager(  767): TaskLaunchParamsModifier:phase=0 task=null activity=ActivityRecord{11826116 u0 com.sportpass.app/.MainActivity t-1} display-area-from-current-params=null display-area-from-default-fallback=DefaultTaskDisplayArea@201301039 display-id=0 task-display-area-windowing-mode=1 suggested-display-area=DefaultTaskDisplayArea@201301039
03-05 09:17:52.896 V/WindowManager(  767): DesktopModeLaunchParamsModifier: phase= 3 task=null activity=ActivityRecord{11826116 u0 com.sportpass.app/.MainActivity t-1} display-area-from-current-params=null display-area-from-default-fallback=DefaultTaskDisplayArea@201301039 display-id=0 task-display-area-windowing-mode=1 suggested-display-area=DefaultTaskDisplayArea@201301039 task null, skipping
03-05 09:17:52.896 V/WindowManager(  767): TaskLaunchParamsModifier:phase=3 task=null activity=ActivityRecord{11826116 u0 com.sportpass.app/.MainActivity t-1} display-area-from-current-params=null display-area-from-default-fallback=DefaultTaskDisplayArea@201301039 display-id=0 task-display-area-windowing-mode=1 suggested-display-area=DefaultTaskDisplayArea@201301039 non-freeform-task-display-area display-area=DefaultTaskDisplayArea@201301039 skip-bounds-fullscreen
03-05 09:17:52.899 V/WindowManager(  767): DesktopModeLaunchParamsModifier: phase= 3 task=Task{5b332ad #192 type=standard I=com.sportpass.app/.MainActivity} activity=ActivityRecord{11826116 u0 com.sportpass.app/.MainActivity t-1} display-from-task=0 display-id=0 task-display-area-windowing-mode=1 suggested-display-area=DefaultTaskDisplayArea@201301039 not entering desktop mode, skipping
03-05 09:17:52.899 V/WindowManager(  767): TaskLaunchParamsModifier:phase=3 task=Task{5b332ad #192 type=standard I=com.sportpass.app/.MainActivity} activity=ActivityRecord{11826116 u0 com.sportpass.app/.MainActivity t-1} display-from-task=0 display-id=0 task-display-area-windowing-mode=1 suggested-display-area=DefaultTaskDisplayArea@201301039 inherit-from-task=fullscreen non-freeform-task-display-area display-area=DefaultTaskDisplayArea@201301039 skip-bounds-fullscreen
03-05 09:17:52.903 I/ActivityTaskManager(  767): START u0 {flg=0x10000000 xflg=0x5 cmp=com.sportpass.app/.MainActivity} with LAUNCH_SINGLE_TOP from uid 2000 (com.android.shell) (BAL_ALLOW_PERMISSION) result code=0
03-05 09:17:52.904 I/libbinder.BpBinder(  607): onLastStrongRef automatically unlinking death recipients for descriptor: '(not cached)'
03-05 09:17:52.905 D/BaseActivity( 1156): Launcher flags updated: [state_started|state_resumed|state_deferred_resumed|state_window_focused] -[state_user_active]
03-05 09:17:52.906 V/WindowManagerShell( 1018): Transition requested (#56): android.os.BinderProxy@faa0e77 TransitionRequestInfo { type = OPEN, triggerTask = TaskInfo{userId=0 taskId=192 effectiveUid=10234 displayId=0 isRunning=true baseIntent=Intent { flg=0x10000000 cmp=com.sportpass.app/.MainActivity } baseActivity=ComponentInfo{com.sportpass.app/com.sportpass.app.MainActivity} topActivity=ComponentInfo{com.sportpass.app/com.sportpass.app.MainActivity} origActivity=null realActivity=ComponentInfo{com.sportpass.app/com.sportpass.app.MainActivity} numActivities=1 lastActiveTime=2549176 supportsMultiWindow=true resizeMode=1 isResizeable=true minWidth=-1 minHeight=-1 defaultMinSize=220 token=WCT{android.os.BinderProxy@2da9ae4} topActivityType=1 pictureInPictureParams=null shouldDockBigOverlays=false launchIntoPipHostTaskId=-1 lastParentTaskIdBeforePip=-1 displayCutoutSafeInsets=Rect(0, 136 - 0, 0) topActivityInfo=ActivityInfo{29d9b4d com.sportpass.app.MainActivity} launchCookies=[] positionInParent=Point(0, 0) parentTaskId=-1 isFocused=false isVisible=false isVisibleRequested=false isTopActivityNoDisplay=false isSleeping=false locusId=null displayAreaFeatureId=1 isTopActivityTransparent=false isActivityStackTransparent=false lastNonFullscreenBounds=null capturedLink=null capturedLinkTimestamp=0 requestedVisibleTypes=503 topActivityRequestOpenInBrowserEducationTimestamp=0 appCompatTaskInfo=AppCompatTaskInfo { topActivityInSizeCompat=false isLeafTask= true eligibleForLetterboxEducation= false isLetterboxEducationEnabled= true isLetterboxDoubleTapEnabled= false eligibleForUserAspectRatioButton= false topActivityBoundsLetterboxed= false isFromLetterboxDoubleTap= false topActivityLetterboxVerticalPosition= -1 topActivityLetterboxHorizontalPosition= -1 topActivityLetterboxWidth=-1 topActivityLetterboxHeight=-1 topActivityAppBounds=Rect(0, 0 - 1080, 2400) isUserFullscreenOverrideEnabled=false isSystemFullscreenOverrideEnabled=false hasMinAspectRatioOverride=false topActivityLetterboxBounds=null cameraCompatTaskInfo=CameraCompatTaskInfo { cameraCompatMode=inactive0} topNonResizableActivityAspectRatio=-1.0} topActivityMainWindowFrame=null isAppBubble=false}, pipChange = null, remoteTransition = null, displayChange = null, requestedLocation = null, userChange = null, windowingLayerChange = null, flags = 0, debugId = 56 }
03-05 09:17:52.906 D/ShellSplitScreen( 1018): logExit: no-op, mLoggerSessionId is null
03-05 09:17:52.908 V/GrammaticalInflectionUtils(  767): AttributionSource: android.content.AttributionSource@a48a138c does not have READ_SYSTEM_GRAMMATICAL_GENDER permission.
03-05 09:17:52.942 D/Zygote  (  541): Forked child process 14117
03-05 09:17:52.943 I/ActivityManager(  767): Start proc 14117:com.sportpass.app/u0a234 for next-top-activity {com.sportpass.app/com.sportpass.app.MainActivity}
03-05 09:17:53.194 D/BaseActivity( 1156): Launcher flags updated: [state_started|state_window_focused] -[state_resumed|state_deferred_resumed]
03-05 09:17:53.195 W/SplitSelectStateCtor( 1156): Missing session instanceIds
03-05 09:17:53.195 D/StatsLog( 1156): LAUNCHER_SPLIT_SELECTION_EXIT_INTERRUPTED
03-05 09:17:53.197 D/WindowManagerShell( 1018): setLauncherKeepClearAreaHeight: visible=false, height=495
03-05 09:17:53.202 V/WindowManager(  767): Defer transition id=56 for TaskFragmentTransaction=android.os.Binder@d6b522e
03-05 09:17:53.202 V/WindowManager(  767): deferTransitionReady deferReadyDepth=1 stack=com.android.server.wm.TransitionController.deferTransitionReady:1061 com.android.server.wm.TaskFragmentOrganizerController$TaskFragmentOrganizerState.dispatchTransaction:517 com.android.server.wm.TaskFragmentOrganizerController.dispatchPendingEvents:1259 com.android.server.wm.TaskFragmentOrganizerController.dispatchPendingEvents:1228 com.android.server.wm.RootWindowContainer.performSurfacePlacement:777 
03-05 09:17:53.392 D/RecentsView( 1156): onTaskDisplayChanged: 192, new displayId = 0
03-05 09:17:53.392 D/b/417220811( 1156): invalidateLoadedTasks - previous requestLoadId: -1
03-05 09:17:53.397 W/libbinder.IPCThreadState(  767): Sending oneway calls to frozen process.
03-05 09:17:53.398 W/libbinder.IPCThreadState(  767): Sending oneway calls to frozen process.
03-05 09:17:53.430 D/SatelliteController( 1146): iisInCarrierRoamingNbIotNtn: satellite is disabled
03-05 09:17:53.432 D/SatelliteController( 1146): getCarrierRoamingNtnConnectType: Falling back to global carrier config connect type: 0
03-05 09:17:53.440 W/libbinder.IPCThreadState(  767): Sending oneway calls to frozen process.
03-05 09:17:53.441 D/b/417220811( 1156): invalidateLoadedTasks - previous requestLoadId: -1
03-05 09:17:53.442 W/Looper  (  767): Slow dispatch took 241ms android.fg app=system_server main=false group=FOREGROUND h=android.os.Handler c=<recycled PooledLambda@15c78a5> m=0
03-05 09:17:53.443 D/BackgroundInstallControlService(  767): Package event received: 0
03-05 09:17:53.443 V/WindowManager(  767): Continue transition id=56 for TaskFragmentTransaction=android.os.Binder@d6b522e
03-05 09:17:53.444 V/WindowManager(  767): continueTransitionReady deferReadyDepth=0 stack=com.android.server.wm.TransitionController.continueTransitionReady:1071 com.android.server.wm.TaskFragmentOrganizerController$TaskFragmentOrganizerState.onTransactionFinished:546 com.android.server.wm.TaskFragmentOrganizerController.onTransactionHandled:740 android.window.ITaskFragmentOrganizerController$Stub.onTransact:225 android.os.Binder.execTransactInternal:1473 
03-05 09:17:53.454 D/BaseActivity( 1156): Launcher flags updated: [state_started] -[state_window_focused]
03-05 09:17:53.455 W/libbinder.IPCThreadState(  645): Sending oneway calls to frozen process.
03-05 09:17:53.471 I/Zygote  (14117): Process 14117 created for com.sportpass.app
03-05 09:17:53.472 I/m.sportpass.app(14117): Using CollectorTypeCMC GC.
03-05 09:17:53.477 W/m.sportpass.app(14117): Unexpected CPU variant for x86: x86_64.
03-05 09:17:53.477 W/m.sportpass.app(14117): Known variants: atom, sandybridge, silvermont, goldmont, goldmont-plus, goldmont-without-sha-xsaves, tremont, kabylake, alderlake, default
03-05 09:17:53.501 D/nativeloader(14117): Load libframework-connectivity-tiramisu-jni.so using APEX ns com_android_tethering for caller /apex/com.android.tethering/javalib/framework-connectivity-t.jar: ok
03-05 09:17:53.565 V/WindowManager(  767): Sent Transition (#56) createdAt=03-05 09:17:52.895 via request=TransitionRequestInfo { type = OPEN, triggerTask = TaskInfo{userId=0 taskId=192 effectiveUid=10234 displayId=0 isRunning=true baseIntent=Intent { flg=0x10000000 cmp=com.sportpass.app/.MainActivity } baseActivity=ComponentInfo{com.sportpass.app/com.sportpass.app.MainActivity} topActivity=ComponentInfo{com.sportpass.app/com.sportpass.app.MainActivity} origActivity=null realActivity=ComponentInfo{com.sportpass.app/com.sportpass.app.MainActivity} numActivities=1 lastActiveTime=2549176 supportsMultiWindow=true resizeMode=1 isResizeable=true minWidth=-1 minHeight=-1 defaultMinSize=220 token=WCT{RemoteToken{67e55f4 Task{5b332ad #192 type=standard I=com.sportpass.app/.MainActivity}}} topActivityType=1 pictureInPictureParams=null shouldDockBigOverlays=false launchIntoPipHostTaskId=-1 lastParentTaskIdBeforePip=-1 displayCutoutSafeInsets=Rect(0, 136 - 0, 0) topActivityInfo=ActivityInfo{b3211d com.sportpass.app.MainActivity} launchCookies=[] positionInParent=Point(0, 0) parentTaskId=-1 isFocused=false isVisible=false isVisibleRequested=false isTopActivityNoDisplay=false isSleeping=false locusId=null displayAreaFeatureId=1 isTopActivityTransparent=false isActivityStackTransparent=false lastNonFullscreenBounds=null capturedLink=null capturedLinkTimestamp=0 requestedVisibleTypes=503 topActivityRequestOpenInBrowserEducationTimestamp=0 appCompatTaskInfo=AppCompatTaskInfo { topActivityInSizeCompat=false isLeafTask= true eligibleForLetterboxEducation= false isLetterboxEducationEnabled= true isLetterboxDoubleTapEnabled= false eligibleForUserAspectRatioButton= false topActivityBoundsLetterboxed= false isFromLetterboxDoubleTap= false topActivityLetterboxVerticalPosition= -1 topActivityLetterboxHorizontalPosition= -1 topActivityLetterboxWidth=-1 topActivityLetterboxHeight=-1 topActivityAppBounds=Rect(0, 0 - 1080, 2400) isUserFullscreenOverrideEnabled=false isSystemFullscreenOverrideEnabled=false hasMinAspectRatioOverride=false topActivityLetterboxBounds=null cameraCompatTaskInfo=CameraCompatTaskInfo { cameraCompatMode=inactive0} topNonResizableActivityAspectRatio=-1.0} topActivityMainWindowFrame=null isAppBubble=false}, pipChange = null, remoteTransition = null, displayChange = null, requestedLocation = null, userChange = null, windowingLayerChange = null, flags = 0, debugId = 56 }
03-05 09:17:53.566 V/WindowManager(  767):     startWCT=WindowContainerTransaction { changes= {} hops= [] errorCallbackToken=null taskFragmentOrganizer=null }
03-05 09:17:53.566 V/WindowManager(  767):     info={id=56 t=OPEN f=0x0 trk=0 r=[0@Point(0, 0)] c=[
03-05 09:17:53.566 V/WindowManager(  767):         {WCT{RemoteToken{67e55f4 Task{5b332ad #192 type=standard I=com.sportpass.app/.MainActivity}}} m=OPEN f=NONE leash=Surface(name=Task=192#706)/@0x95e633a sb=Rect(0, 0 - 1080, 2400) eb=Rect(0, 0 - 1080, 2400) epz=Point(1080, 2400) d=0 taskParent=-1 winMode=1 userId=0},
03-05 09:17:53.566 V/WindowManager(  767):         {WCT{RemoteToken{81f1ab3 Task{9aa8768 #1 type=home}}} m=TO_BACK f=SHOW_WALLPAPER leash=Surface(name=Task=1#44)/@0xee943b1 sb=Rect(0, 0 - 1080, 2400) eb=Rect(0, 0 - 1080, 2400) epz=Point(1080, 2400) d=0 taskParent=-1 winMode=1 userId=0},
03-05 09:17:53.566 V/WindowManager(  767):         {m=TO_BACK f=IS_WALLPAPER leash=Surface(name=WallpaperWindowToken{9e000cc}#60)/@0x88bd658 sb=Rect(0, 0 - 1080, 2400) eb=Rect(0, 0 - 1080, 2400) epz=Point(1080, 2400) d=0}
03-05 09:17:53.566 V/WindowManager(  767):     ]}
03-05 09:17:53.569 V/ShellTaskOrganizer( 1018): Task appeared taskId=192 listener=FullscreenTaskListener
03-05 09:17:53.569 V/ShellTaskOrganizer( 1018): Fullscreen Task Appeared: #192
03-05 09:17:53.571 D/BackgroundInstallControlService(  767): Package event received: 0
03-05 09:17:53.571 D/b/417220811( 1156): invalidateLoadedTasks - previous requestLoadId: -1
03-05 09:17:53.574 V/WindowManagerShell( 1018): onTransitionReady(transaction=3294239922052)
03-05 09:17:53.575 V/WindowManagerShell( 1018): onTransitionReady (#56) android.os.BinderProxy@faa0e77: {id=56 t=OPEN f=0x0 trk=0 r=[0@Point(0, 0)] c=[
03-05 09:17:53.575 V/WindowManagerShell( 1018):         {m=OPEN f=NONE leash=Surface(name=Task=192#706)/@0x38c147 sb=Rect(0, 0 - 1080, 2400) eb=Rect(0, 0 - 1080, 2400) epz=Point(1080, 2400) d=0 taskParent=-1 winMode=1 userId=0},
03-05 09:17:53.575 V/WindowManagerShell( 1018):         {m=TO_BACK f=SHOW_WALLPAPER leash=Surface(name=Task=1#44)/@0x6f81d74 sb=Rect(0, 0 - 1080, 2400) eb=Rect(0, 0 - 1080, 2400) epz=Point(1080, 2400) d=0 taskParent=-1 winMode=1 userId=0},
03-05 09:17:53.575 V/WindowManagerShell( 1018):         {m=TO_BACK f=IS_WALLPAPER leash=Surface(name=WallpaperWindowToken{9e000cc}#60)/@0xc56129d sb=Rect(0, 0 - 1080, 2400) eb=Rect(0, 0 - 1080, 2400) epz=Point(1080, 2400) d=0}
03-05 09:17:53.575 V/WindowManagerShell( 1018):     ]}
03-05 09:17:53.576 V/WindowManagerShell( 1018): Playing animation for (#56) android.os.BinderProxy@faa0e77@0
03-05 09:17:53.578 V/ShellRecents( 1018): RecentsTransitionHandler.startAnimation: no controller found
03-05 09:17:53.578 V/WindowManagerShell( 1018): Transition doesn't have explicit remote, search filters for match for {id=56 t=OPEN f=0x0 trk=0 r=[0@Point(0, 0)] c=[{m=OPEN f=NONE leash=Surface(name=Task=192#706)/@0x38c147 sb=Rect(0, 0 - 1080, 2400) eb=Rect(0, 0 - 1080, 2400) epz=Point(1080, 2400) d=0 taskParent=-1 winMode=1 userId=0},{m=TO_BACK f=SHOW_WALLPAPER leash=Surface(name=Task=1#44)/@0x6f81d74 sb=Rect(0, 0 - 1080, 2400) eb=Rect(0, 0 - 1080, 2400) epz=Point(1080, 2400) d=0 taskParent=-1 winMode=1 userId=0},{m=TO_BACK f=IS_WALLPAPER leash=Surface(name=WallpaperWindowToken{9e000cc}#60)/@0xc56129d sb=Rect(0, 0 - 1080, 2400) eb=Rect(0, 0 - 1080, 2400) epz=Point(1080, 2400) d=0}]}
03-05 09:17:53.579 V/WindowManagerShell( 1018):  Checking filter Pair{{types=[] flags=0x0] notFlags=0x0 checks=[{atype=undefined independent=true modes=[CLOSE,TO_BACK] flags=IN_TASK_WITH_EMBEDDED_ACTIVITY mustBeTask=false order=ANY topActivity=null launchCookie=null taskFragmentToken=android.os.BinderProxy@988f1c7 windowingMode=undefined isCrossDisplayMove=false}]} RemoteTransition { remoteTransition = android.window.IRemoteTransition$Stub$Proxy@fe3c3f4, appThread = android.app.IApplicationThread$Stub$Proxy@c66f71d, debugName = overlayBackTransition }}
03-05 09:17:53.580 V/WindowManagerShell( 1018):  Checking filter Pair{{types=[] flags=0x0] notFlags=0x0 checks=[{atype=dream independent=true modes=[OPEN,TO_FRONT] flags=NONE mustBeTask=false order=ANY topActivity=null launchCookie=null windowingMode=undefined isCrossDisplayMove=false},{atype=home independent=true modes=[CLOSE,TO_BACK] flags=NONE mustBeTask=false order=ANY topActivity=null launchCookie=null windowingMode=undefined isCrossDisplayMove=false}]} RemoteTransition { remoteTransition = android.window.IRemoteTransition$Stub$Proxy@4903d92, appThread = android.app.IApplicationThread$Stub$Proxy@518e363, debugName = LauncherToDream }}
03-05 09:17:53.580 V/WindowManagerShell( 1018):  Checking filter Pair{{types=[] flags=0x0] notFlags=0x100 checks=[{atype=home independent=true modes=[OPEN,TO_FRONT] flags=NONE mustBeTask=false order=TOP topActivity=ComponentInfo{com.google.android.apps.nexuslauncher/com.google.android.apps.nexuslauncher.NexusLauncherActivity} launchCookie=null windowingMode=undefined isCrossDisplayMove=false},{atype=standard independent=true modes=[CLOSE,TO_BACK] flags=NONE mustBeTask=false order=ANY topActivity=null launchCookie=null windowingMode=undefined isCrossDisplayMove=false},{NOT atype=undefined independent=true modes=[] flags=NONE mustBeTask=true order=ANY topActivity=null launchCookie=null customAnim=true windowingMode=undefined isCrossDisplayMove=false}]} RemoteTransition { remoteTransition = android.window.IRemoteTransition$Stub$Proxy@2732b60, appThread = android.app.IApplicationThread$Stub$Proxy@e80e819, debugName = QuickstepLaunchHome }}
03-05 09:17:53.580 V/WindowManagerShell( 1018):  Delegate animation for (#56) to null
03-05 09:17:53.580 V/WindowManagerShell( 1018): start default transition animation, info = {id=56 t=OPEN f=0x0 trk=0 r=[0@Point(0, 0)] c=[{m=OPEN f=NONE leash=Surface(name=Task=192#706)/@0x38c147 sb=Rect(0, 0 - 1080, 2400) eb=Rect(0, 0 - 1080, 2400) epz=Point(1080, 2400) d=0 taskParent=-1 winMode=1 userId=0},{m=TO_BACK f=SHOW_WALLPAPER leash=Surface(name=Task=1#44)/@0x6f81d74 sb=Rect(0, 0 - 1080, 2400) eb=Rect(0, 0 - 1080, 2400) epz=Point(1080, 2400) d=0 taskParent=-1 winMode=1 userId=0},{m=TO_BACK f=IS_WALLPAPER leash=Surface(name=WallpaperWindowToken{9e000cc}#60)/@0xc56129d sb=Rect(0, 0 - 1080, 2400) eb=Rect(0, 0 - 1080, 2400) epz=Point(1080, 2400) d=0}]}
03-05 09:17:53.581 V/WindowManagerShell( 1018): loadAnimation: anim=android.view.animation.AnimationSet@c339ce0 animAttr=0x13 type=OPEN isEntrance=false
03-05 09:17:53.583 D/ApplicationLoaders(14117): Returning zygote-cached class loader: /system_ext/framework/androidx.window.extensions.jar
03-05 09:17:53.583 D/ApplicationLoaders(14117): Returning zygote-cached class loader: /system_ext/framework/androidx.window.sidecar.jar
03-05 09:17:53.585 V/WindowManagerShell( 1018): loadAnimation: anim=android.view.animation.AnimationSet@de5a70c animAttr=0x12 type=OPEN isEntrance=true
03-05 09:17:53.589 D/nativeloader(14117): Configuring clns-9 for other apk /data/app/~~oaaB3bXZYUlLYQpTJUCY0w==/com.sportpass.app-BhIaDlK5syINX1bT1M-iOg==/base.apk. target_sdk_version=36, uses_libraries=, library_path=/data/app/~~oaaB3bXZYUlLYQpTJUCY0w==/com.sportpass.app-BhIaDlK5syINX1bT1M-iOg==/lib/x86_64:/data/app/~~oaaB3bXZYUlLYQpTJUCY0w==/com.sportpass.app-BhIaDlK5syINX1bT1M-iOg==/base.apk!/lib/x86_64, permitted_path=/data:/mnt/expand:/data/user/0/com.sportpass.app
03-05 09:17:53.591 V/WindowManagerShell( 1018):  animated by com.android.wm.shell.transition.DefaultTransitionHandler@d6ef025
03-05 09:17:53.598 V/WindowManagerShell( 1018): Transition animation finished (aborted=false), notifying core (#56) android.os.BinderProxy@faa0e77@0
03-05 09:17:53.604 V/WindowManager(  767): Finish Transition (#56): created at 03-05 09:17:52.895 collect-started=0.122ms request-sent=7.432ms started=11.44ms ready=646.707ms sent=653.8ms commit=50.156ms finished=707.795ms
03-05 09:17:53.604 V/GraphicsEnvironment(14117): Currently set values for:
03-05 09:17:53.604 V/GraphicsEnvironment(14117):   angle_gl_driver_selection_pkgs=[]
03-05 09:17:53.604 V/GraphicsEnvironment(14117):   angle_gl_driver_selection_values=[]
03-05 09:17:53.604 V/GraphicsEnvironment(14117): com.sportpass.app is not listed in per-application setting
03-05 09:17:53.604 V/GraphicsEnvironment(14117): ANGLE allowlist from config: com.dreamgames.royalmatch com.dts.freefiremax com.dxx.firenow com.gramgames.mergedragons com.ludo.king com.mojang.minecraftpe com.my.defense com.nintendo.zaka com.os.airforce com.playrix.fishdomdd.gplay io.teslatech.callbreak jp.konami.prospia net.peakgames.toonblast
03-05 09:17:53.604 V/GraphicsEnvironment(14117): No special selections for ANGLE, returning default driver choice
03-05 09:17:53.604 V/GraphicsEnvironment(14117): Neither updatable production driver nor prerelease driver is supported.
03-05 09:17:53.611 D/VRI[NexusLauncherActivity]( 1156): visibilityChanged oldVisibility=true newVisibility=false
03-05 09:17:53.611 D/WallpaperService( 1018): onVisibilityChanged(false): com.android.systemui.wallpapers.ImageWallpaper$CanvasEngine@bde2936
03-05 09:17:53.613 V/WindowManagerShell( 1018): Track 0 became idle
03-05 09:17:53.613 V/WindowManagerShell( 1018): All active transition animations finished
03-05 09:17:53.615 D/NexusLauncherModelDelegate( 1156): notifySmartspaceEvent: SmartspaceTargetEvent{mSmartspaceTarget=null, mSmartspaceActionId='null', mEventType=7}
03-05 09:17:53.616 D/Bubbles ( 1018): onLocusVisibilityChanged=Overview|DISABLED visible=false taskId=1
03-05 09:17:53.632 D/BackgroundInstallControlService(  767): Package event received: 0
03-05 09:17:53.632 D/BackgroundInstallControlService(  767): Package event received: 0
03-05 09:17:53.634 I/DisplayManager(14117): Choreographer implicitly registered for the refresh rate.
03-05 09:17:53.642 E/ashmem  (14117): Pinning is deprecated since Android Q. Please use trim or other methods.
03-05 09:17:53.684 D/nativeloader(14117): Load /data/app/~~oaaB3bXZYUlLYQpTJUCY0w==/com.sportpass.app-BhIaDlK5syINX1bT1M-iOg==/base.apk!/lib/x86_64/libflutter.so using class loader ns clns-9 (caller=/data/app/~~oaaB3bXZYUlLYQpTJUCY0w==/com.sportpass.app-BhIaDlK5syINX1bT1M-iOg==/base.apk): ok
03-05 09:17:53.690 D/FileUtils(  767): Rounded bytes from 2061942784 to 4000000000
03-05 09:17:53.693 I/GFXSTREAM(14117): [eglDisplay.cpp(297)] Opening libGLESv1_CM_emulation.so
03-05 09:17:53.713 I/GFXSTREAM(14117): [eglDisplay.cpp(297)] Opening libGLESv2_emulation.so
03-05 09:17:53.791 W/HWUI    (14117): Failed to choose config with EGL_SWAP_BEHAVIOR_PRESERVED, retrying without...
03-05 09:17:53.791 W/HWUI    (14117): Failed to initialize 101010-2 format, error = EGL_SUCCESS
03-05 09:17:53.788 W/m.sportpass.app(14117): type=1400 audit(0.0:26): avc:  denied  { read } for  name="max_map_count" dev="proc" ino=45769 scontext=u:r:untrusted_app:s0:c234,c256,c512,c768 tcontext=u:object_r:proc_max_map_count:s0 tclass=file permissive=0 app=com.sportpass.app
03-05 09:17:53.847 D/DesktopExperienceFlags(14117): Toggle override initialized to: false
03-05 09:17:53.847 D/DesktopModeFlags(14117): Toggle override initialized to: OVERRIDE_UNSET
03-05 09:17:53.877 I/flutter (14117): [IMPORTANT:flutter/shell/platform/android/android_context_gl_impeller.cc(104)] Using the Impeller rendering backend (OpenGLES).
03-05 09:17:54.005 D/com.llfbandit.app_links(14117): Intent { flg=0x10000000 xflg=0x5 cmp=com.sportpass.app/.MainActivity }
03-05 09:17:54.045 D/CompatChangeReporter(14117): Compat change id reported: 377864165; UID 10234; state: ENABLED
03-05 09:17:54.055 W/HWUI    (14117): Unknown dataspace 0
03-05 09:17:54.085 I/HalDevMgr(  767): bestIfaceCreationProposal is null, requestIface=STA, existingIface=[name=wlan0 type=STA]
03-05 09:17:54.147 I/Choreographer(14117): Skipped 30 frames!  The application may be doing too much work on its main thread.
03-05 09:17:54.149 D/WindowOnBackDispatcher(14117): setTopOnBackInvokedCallback (unwrapped): android.app.Activity$$ExternalSyntheticLambda0@761c52d
03-05 09:17:54.150 D/CoreBackPreview(  767): Window{663de54 u0 com.sportpass.app/com.sportpass.app.MainActivity}: Setting back callback OnBackInvokedCallbackInfo{mCallback=android.window.IOnBackInvokedCallback$Stub$Proxy@1ea0943, mPriority=-1, mIsAnimationCallback=false, mOverrideBehavior=0}
