03-05 08:45:15.283 I/AconfigPackage(10437): com.android.adservices.ondevicepersonalization.flags is mapped to com.android.ondevicepersonalization
03-05 08:45:15.283 I/AconfigPackage(10437): com.android.adbd.flags is mapped to com.android.adbd
03-05 08:45:15.284 I/AconfigPackage(10437): com.android.bluetooth.flags is mapped to com.android.bt
03-05 08:45:15.284 I/AconfigPackage(10437): com.android.devicelock.flags is mapped to com.android.devicelock
03-05 08:45:15.284 I/AconfigPackage(10437): android.os.profiling is mapped to com.android.profiling
03-05 08:45:15.284 I/AconfigPackage(10437): android.os.profiling.anomaly.flags is mapped to com.android.profiling
03-05 08:45:15.284 I/AconfigPackage(10437): com.android.os.statsd.flags is mapped to com.android.os.statsd
03-05 08:45:15.284 I/AconfigPackage(10437): com.android.rkpd.flags is mapped to com.android.rkpd
03-05 08:45:15.284 I/AconfigPackage(10437): com.android.cellbroadcastreceiver.flags is mapped to com.android.cellbroadcast
03-05 08:45:15.284 I/AconfigPackage(10437): com.android.adservices.flags is mapped to com.android.adservices
03-05 08:45:15.284 I/AconfigPackage(10437): com.android.sdksandbox.flags is mapped to com.android.adservices
03-05 08:45:15.284 I/AconfigPackage(10437): com.android.uwb.flags is mapped to com.android.uwb
03-05 08:45:15.284 I/AconfigPackage(10437): com.android.ranging.flags is mapped to com.android.uwb
03-05 08:45:15.284 I/AconfigPackage(10437): android.graphics.pdf.flags is mapped to com.android.mediaprovider
03-05 08:45:15.284 I/AconfigPackage(10437): com.android.providers.media.flags is mapped to com.android.mediaprovider
03-05 08:45:15.284 I/AconfigPackage(10437): android.graphics.pdf.flags.readonly is mapped to com.android.mediaprovider
03-05 08:45:15.284 I/AconfigPackage(10437): com.android.tethering.mainline.beta is mapped to com.android.tethering
03-05 08:45:15.284 I/AconfigPackage(10437): android.net.http is mapped to com.android.tethering
03-05 08:45:15.284 I/AconfigPackage(10437): com.android.tethering.readonly.flags is mapped to com.android.tethering
03-05 08:45:15.284 I/AconfigPackage(10437): android.net.vcn is mapped to com.android.tethering
03-05 08:45:15.284 I/AconfigPackage(10437): com.android.net.flags is mapped to com.android.tethering
03-05 08:45:15.284 I/AconfigPackage(10437): com.android.tethering.beta.test is mapped to com.android.tethering
03-05 08:45:15.284 I/AconfigPackage(10437): com.android.nearby.flags is mapped to com.android.tethering
03-05 08:45:15.284 I/AconfigPackage(10437): com.android.net.ct.flags is mapped to com.android.tethering
03-05 08:45:15.284 I/AconfigPackage(10437): com.android.net.thread.flags is mapped to com.android.tethering
03-05 08:45:15.284 I/AconfigPackage(10437): com.android.system.virtualmachine.flags is mapped to com.android.virt
03-05 08:45:15.285 E/FeatureFlagsImplExport(10437): android.os.flagging.AconfigStorageReadException: ERROR_PACKAGE_NOT_FOUND: package android.xr cannot be found on the device
03-05 08:45:15.286 D/UiAutomationConnection(10437): Created on user UserHandle{0}
03-05 08:45:15.286 I/UiAutomation(10437): Initialized for user 0 on display 0
03-05 08:45:15.286 W/UiAutomation(10437): Created with deprecatead constructor, assumes DEFAULT_DISPLAY
03-05 08:45:15.289 D/AccessibilityManagerService(  767): changeCurrentUserForTestAutomationIfNeededLocked(0): ignoring because device doesn't support visible background users
03-05 08:45:15.289 I/UiAutomationManager(  767): Registering UiTestAutomationService (id=com.android.server.accessibility/UiAutomation, flags=0x0) when called by user 0
03-05 08:45:15.290 V/AccessibilityManagerService(  767): onUserStateChangedLocked for userId: 0, forceUpdate: false
03-05 08:45:15.292 V/AccessibilityUserState(  767): updateShortcutTargets: type:accessibility_shortcut_target_service, current:{}, new:{}
03-05 08:45:15.292 V/AccessibilityUserState(  767): updateShortcutTargets: type:accessibility_button_targets, current:{}, new:{}
03-05 08:45:15.292 V/AccessibilityUserState(  767): updateShortcutTargets: type:accessibility_gesture_targets, current:{}, new:{}
03-05 08:45:15.292 V/AccessibilityUserState(  767): updateShortcutTargets: type:accessibility_qs_targets, current:{}, new:{}
03-05 08:45:15.292 V/AccessibilityUserState(  767): updateShortcutTargets: type:accessibility_key_gesture_targets, current:{}, new:{}
03-05 08:45:15.292 W/MagnificationConnectionManager(  767): requestConnection duplicated request: connect=false, mConnectionState=DISCONNECTED
03-05 08:45:15.296 I/AiAiEcho( 1593): Settings changed for uri: content://settings/secure/accessibility_enabled
03-05 08:45:15.297 W/libbinder.IPCThreadState(  767): Sending oneway calls to frozen process.
03-05 08:45:15.300 I/AiAiEcho( 1593): Predicting[0]:  [CONTEXT sampling_count=5 ]
03-05 08:45:15.300 I/AiAiEcho( 1593): EchoTargets: 
03-05 08:45:15.300 I/AiAiEcho( 1593): Filtered by AiAi flag check: 
03-05 08:45:15.300 I/AiAiEcho( 1593): [CONTEXT ratelimit_period="10 SECONDS" ]
03-05 08:45:15.300 I/AiAiEcho( 1593): #remoteViewsTwiddler: feature disabled.
03-05 08:45:15.301 I/AiAiEcho( 1593): #postPredictionTargets: Sending updates to UISurface home with targets# 0 (types=[])
03-05 08:45:15.306 W/libbinder.IPCThreadState(  767): Sending oneway calls to frozen process.
03-05 08:45:15.308 W/libbinder.IPCThreadState(  767): Sending oneway calls to frozen process.
03-05 08:45:15.308 W/libbinder.IPCThreadState(  767): Sending oneway calls to frozen process.
03-05 08:45:15.308 W/libbinder.IPCThreadState(  767): Sending oneway calls to frozen process.
03-05 08:45:15.308 W/libbinder.IPCThreadState(  767): Sending oneway calls to frozen process.
03-05 08:45:15.310 V/AccessibilityManagerService(  767): onUserStateChangedLocked for userId: 0, forceUpdate: false
03-05 08:45:15.310 V/AccessibilityUserState(  767): updateShortcutTargets: type:accessibility_shortcut_target_service, current:{}, new:{}
03-05 08:45:15.311 V/AccessibilityUserState(  767): updateShortcutTargets: type:accessibility_button_targets, current:{}, new:{}
03-05 08:45:15.311 V/AccessibilityUserState(  767): updateShortcutTargets: type:accessibility_gesture_targets, current:{}, new:{}
03-05 08:45:15.311 V/AccessibilityUserState(  767): updateShortcutTargets: type:accessibility_qs_targets, current:{}, new:{}
03-05 08:45:15.311 V/AccessibilityUserState(  767): updateShortcutTargets: type:accessibility_key_gesture_targets, current:{}, new:{}
03-05 08:45:15.311 W/MagnificationConnectionManager(  767): requestConnection duplicated request: connect=false, mConnectionState=DISCONNECTED
03-05 08:45:15.311 E/mapper.ranchu( 9696): getStandardMetadataImpl:886 failure: UNSUPPORTED: id=245: unexpected standardMetadataType=21
03-05 08:45:15.311 W/libbinder.IPCThreadState(  767): Sending oneway calls to frozen process.
03-05 08:45:15.311 I/AiAiEcho( 1593): Settings changed for uri: content://settings/secure/accessibility_enabled
03-05 08:45:15.311 W/libbinder.IPCThreadState(  767): Sending oneway calls to frozen process.
03-05 08:45:15.311 W/libbinder.IPCThreadState(  767): Sending oneway calls to frozen process.
03-05 08:45:15.311 W/libbinder.IPCThreadState(  767): Sending oneway calls to frozen process.
03-05 08:45:15.312 W/libbinder.IPCThreadState(  767): Sending oneway calls to frozen process.
03-05 08:45:15.312 W/libbinder.IPCThreadState(  767): Sending oneway calls to frozen process.
03-05 08:45:15.312 W/libbinder.IPCThreadState(  767): Sending oneway calls to frozen process.
03-05 08:45:15.313 W/libbinder.IPCThreadState(  767): Sending oneway calls to frozen process.
03-05 08:45:15.313 W/libbinder.IPCThreadState(  767): Sending oneway calls to frozen process.
03-05 08:45:15.317 W/libbinder.IPCThreadState(  767): Sending oneway calls to frozen process.
03-05 08:45:15.317 I/AiAiEcho( 1593): Predicting[0]:  [CONTEXT sampling_count=5 ]
03-05 08:45:15.317 I/AiAiEcho( 1593): EchoTargets: 
03-05 08:45:15.317 I/AiAiEcho( 1593): Filtered by AiAi flag check: 
03-05 08:45:15.317 I/AiAiEcho( 1593): [CONTEXT ratelimit_period="10 SECONDS" ]
03-05 08:45:15.317 I/AiAiEcho( 1593): #remoteViewsTwiddler: feature disabled.
03-05 08:45:15.318 W/libbinder.IPCThreadState(  767): Sending oneway calls to frozen process.
03-05 08:45:15.318 W/libbinder.IPCThreadState(  767): Sending oneway calls to frozen process.
03-05 08:45:15.318 W/libbinder.IPCThreadState(  767): Sending oneway calls to frozen process.
03-05 08:45:15.318 W/libbinder.IPCThreadState(  767): Sending oneway calls to frozen process.
03-05 08:45:15.322 W/libbinder.IPCThreadState(  767): Sending oneway calls to frozen process.
03-05 08:45:15.324 W/libbinder.IPCThreadState(  767): Sending oneway calls to frozen process.
03-05 08:45:15.324 W/libbinder.IPCThreadState(  767): Sending oneway calls to frozen process.
03-05 08:45:15.324 W/libbinder.IPCThreadState(  767): Sending oneway calls to frozen process.
03-05 08:45:15.324 W/libbinder.IPCThreadState(  767): Sending oneway calls to frozen process.
03-05 08:45:15.324 D/BatterySaverPolicy(  767): accessibility changed to true, updating policy.
03-05 08:45:15.325 E/mapper.ranchu( 9696): getStandardMetadataImpl:886 failure: UNSUPPORTED: id=242: unexpected standardMetadataType=21
03-05 08:45:15.330 I/AiAiEcho( 1593): #postPredictionTargets: Sending updates to UISurface home with targets# 0 (types=[])
03-05 08:45:15.336 D/AccessibilityManagerService(  767): .getAccessibilityShortcutTargets {shortcutType=32, userId=0}
03-05 08:45:15.354 E/mapper.ranchu( 9696): getStandardMetadataImpl:886 failure: UNSUPPORTED: id=244: unexpected standardMetadataType=21
03-05 08:45:15.355 D/AccessibilitySourceService( 3930): enabled a11y services count 0
03-05 08:45:15.355 D/AccessibilitySourceService( 3930): a11y source sending 0 issue to sc
03-05 08:45:15.360 D/SafetySourceDataValidat(  767): No cert check requested for package com.google.android.permissioncontroller
03-05 08:45:15.562 E/mapper.ranchu( 9696): getStandardMetadataImpl:886 failure: UNSUPPORTED: id=243: unexpected standardMetadataType=21
03-05 08:45:15.977 E/mapper.ranchu( 9696): getStandardMetadataImpl:886 failure: UNSUPPORTED: id=241: unexpected standardMetadataType=21
03-05 08:45:16.371 W/AccessibilityNodeInfoDumper(10437): Fetch time: 5ms
03-05 08:45:16.374 V/AccessibilityManagerService(  767): onUserStateChangedLocked for userId: 0, forceUpdate: false
03-05 08:45:16.376 V/AccessibilityUserState(  767): updateShortcutTargets: type:accessibility_shortcut_target_service, current:{}, new:{}
03-05 08:45:16.376 V/AccessibilityUserState(  767): updateShortcutTargets: type:accessibility_button_targets, current:{}, new:{}
03-05 08:45:16.376 V/AccessibilityUserState(  767): updateShortcutTargets: type:accessibility_gesture_targets, current:{}, new:{}
03-05 08:45:16.376 V/AccessibilityUserState(  767): updateShortcutTargets: type:accessibility_qs_targets, current:{}, new:{}
03-05 08:45:16.376 V/AccessibilityUserState(  767): updateShortcutTargets: type:accessibility_key_gesture_targets, current:{}, new:{}
03-05 08:45:16.376 W/MagnificationConnectionManager(  767): requestConnection duplicated request: connect=false, mConnectionState=DISCONNECTED
03-05 08:45:16.376 D/AccessibilityManagerService(  767): restoreCurrentUserForTestAutomationIfNeededLocked(): ignoring because device doesn't support visible background users
03-05 08:45:16.378 W/libbinder.IPCThreadState(10437): call to talkWithDriver in joinThreadPool returned error: -9 (Bad file descriptor), FD: -1
03-05 08:45:16.378 W/libbinder.IPCThreadState(10437): call to talkWithDriver in joinThreadPool returned error: -9 (Bad file descriptor), FD: -1
03-05 08:45:16.378 W/libbinder.IPCThreadState(10437): call to talkWithDriver in joinThreadPool returned error: -9 (Bad file descriptor), FD: -1
03-05 08:45:16.378 I/AiAiEcho( 1593): Settings changed for uri: content://settings/secure/accessibility_enabled
03-05 08:45:16.378 D/AndroidRuntime(10437): Shutting down VM
03-05 08:45:16.378 W/libbinder.IPCThreadState(  767): Sending oneway calls to frozen process.
03-05 08:45:16.380 I/AiAiEcho( 1593): Predicting[0]:  [CONTEXT sampling_count=5 ]
03-05 08:45:16.381 I/AiAiEcho( 1593): EchoTargets: 
03-05 08:45:16.381 I/AiAiEcho( 1593): Filtered by AiAi flag check: 
03-05 08:45:16.381 I/AiAiEcho( 1593): [CONTEXT ratelimit_period="10 SECONDS" ]
03-05 08:45:16.381 I/AiAiEcho( 1593): #remoteViewsTwiddler: feature disabled.
03-05 08:45:16.381 W/libbinder.IPCThreadState(  767): Sending oneway calls to frozen process.
03-05 08:45:16.382 W/libbinder.IPCThreadState(  767): Sending oneway calls to frozen process.
03-05 08:45:16.382 W/libbinder.IPCThreadState(  767): Sending oneway calls to frozen process.
03-05 08:45:16.382 W/libbinder.IPCThreadState(  767): Sending oneway calls to frozen process.
03-05 08:45:16.382 W/libbinder.IPCThreadState(  767): Sending oneway calls to frozen process.
03-05 08:45:16.382 W/libbinder.IPCThreadState(  767): Sending oneway calls to frozen process.
03-05 08:45:16.382 W/libbinder.IPCThreadState(  767): Sending oneway calls to frozen process.
03-05 08:45:16.384 W/libbinder.IPCThreadState(  767): Sending oneway calls to frozen process.
03-05 08:45:16.384 W/libbinder.IPCThreadState(  767): Sending oneway calls to frozen process.
03-05 08:45:16.384 W/libbinder.IPCThreadState(  767): Sending oneway calls to frozen process.
03-05 08:45:16.384 W/libbinder.IPCThreadState(  767): Sending oneway calls to frozen process.
03-05 08:45:16.388 W/libbinder.IPCThreadState(  767): Sending oneway calls to frozen process.
03-05 08:45:16.388 W/libbinder.IPCThreadState(  767): Sending oneway calls to frozen process.
03-05 08:45:16.388 W/libbinder.IPCThreadState(  767): Sending oneway calls to frozen process.
03-05 08:45:16.388 D/BatterySaverPolicy(  767): accessibility changed to false, updating policy.
03-05 08:45:16.391 I/AiAiEcho( 1593): #postPredictionTargets: Sending updates to UISurface home with targets# 0 (types=[])
03-05 08:45:16.393 E/mapper.ranchu( 9696): getStandardMetadataImpl:886 failure: UNSUPPORTED: id=240: unexpected standardMetadataType=21
03-05 08:45:16.398 W/libbinder.IPCThreadState(  767): Sending oneway calls to frozen process.
03-05 08:45:16.406 W/libbinder.IPCThreadState(  767): Sending oneway calls to frozen process.
03-05 08:45:16.411 E/mapper.ranchu( 9696): getStandardMetadataImpl:886 failure: UNSUPPORTED: id=245: unexpected standardMetadataType=21
03-05 08:45:16.424 E/mapper.ranchu( 9696): getStandardMetadataImpl:886 failure: UNSUPPORTED: id=242: unexpected standardMetadataType=21
03-05 08:45:16.475 E/mapper.ranchu( 9696): getStandardMetadataImpl:886 failure: UNSUPPORTED: id=244: unexpected standardMetadataType=21
03-05 08:45:16.948 D/OomAdjuster(  767): Not killing cached processes
03-05 08:45:16.999 E/mapper.ranchu( 9696): getStandardMetadataImpl:886 failure: UNSUPPORTED: id=243: unexpected standardMetadataType=21
03-05 08:45:17.014 D/BufferPoolAccessor2.0(  661): bufferpool2 0x778e66609288 : 2(7776000 size) total buffers - 1(3888000 size) used buffers - 178/180 (recycle/alloc) - 3/179 (fetch/transfer)
03-05 08:45:17.495 W/libbinder.IPCThreadState(  767): Sending oneway calls to frozen process.
03-05 08:45:17.499 E/mapper.ranchu( 9696): getStandardMetadataImpl:886 failure: UNSUPPORTED: id=241: unexpected standardMetadataType=21
03-05 08:45:17.562 D/AndroidRuntime(10485): >>>>>> START com.android.internal.os.RuntimeInit uid 2000 <<<<<<
03-05 08:45:17.570 I/AndroidRuntime(10485): Using default boot image
03-05 08:45:17.570 I/AndroidRuntime(10485): Leaving lock profiling enabled
03-05 08:45:17.574 I/app_process(10485): Using CollectorTypeCMC GC.
03-05 08:45:18.029 E/mapper.ranchu( 9696): getStandardMetadataImpl:886 failure: UNSUPPORTED: id=240: unexpected standardMetadataType=21
03-05 08:45:18.050 D/nativeloader(10485): InitDefaultPublicLibraries for_preload=1: libandroid.so:libaaudio.so:libamidi.so:libbinder_ndk.so:libc.so:libcamera2ndk.so:libdl.so:libEGL.so:libGLESv1_CM.so:libGLESv2.so:libGLESv3.so:libicu.so:libicui18n.so:libicuuc.so:libjnigraphics.so:liblog.so:libmediandk.so:libm.so:libnativehelper.so:libnativewindow.so:libOpenMAXAL.so:libOpenSLES.so:libRS.so:libstdc++.so:libsync.so:libvulkan.so:libwebviewchromium_plat_support.so:libz.so
03-05 08:45:18.070 D/nativeloader(10485): Load libicu_jni.so using APEX ns com_android_art for caller /apex/com.android.art/javalib/core-oj.jar: ok
03-05 08:45:18.071 D/app_process(10485): u_setTimeZoneFilesDirectory("/apex/com.android.tzdata/etc/tz/versioned/9/icu") succeeded. 
03-05 08:45:18.071 D/app_process(10485): I18n APEX ICU file found: /apex/com.android.i18n/etc/icu/icudt76l.dat
03-05 08:45:18.072 D/nativeloader(10485): Load libjavacore.so using APEX ns com_android_art for caller /apex/com.android.art/javalib/core-oj.jar: ok
03-05 08:45:18.074 D/nativeloader(10485): Load libopenjdk.so using APEX ns com_android_art for caller /apex/com.android.art/javalib/core-oj.jar: ok
03-05 08:45:18.075 I/app_process(10485): Priority-to-niceness mapping: 19, 16, 13, 10, 0, -2, -4, -5, -6, -8
03-05 08:45:18.076 W/app_process(10485): Unexpected CPU variant for x86: x86_64.
03-05 08:45:18.076 W/app_process(10485): Known variants: atom, sandybridge, silvermont, goldmont, goldmont-plus, goldmont-without-sha-xsaves, tremont, kabylake, alderlake, default
03-05 08:45:18.079 W/app_process(10485): ClassLoaderContext shared library size mismatch. Expected=2, found=0 (PCL[]{PCL[/system/framework/android.test.base.jar*1653369819]#PCL[/system/framework/android.test.mock.jar*1009639922]} | PCL[])
03-05 08:45:18.080 W/app_process(10485): ClassLoaderContext classpath size mismatch. expected=0, found=1 (PCL[]{PCL[/system/framework/android.test.runner.jar*3954641918]{PCL[/system/framework/android.test.base.jar*1653369819]#PCL[/system/framework/android.test.mock.jar*1009639922]}#PCL[/system/framework/android.test.base.jar*1653369819]} | PCL[/system/framework/android.test.runner.jar*3954641918])
03-05 08:45:18.132 D/nativeloader(10485): Load libframework-connectivity-tiramisu-jni.so using APEX ns com_android_tethering for caller /apex/com.android.tethering/javalib/framework-connectivity-t.jar: ok
03-05 08:45:18.134 D/AndroidRuntime(10485): Calling main entry com.android.commands.uiautomator.Launcher
03-05 08:45:18.140 I/AconfigPackage(10485): android.media.swcodec.flags is mapped to com.android.media.swcodec
03-05 08:45:18.140 I/AconfigPackage(10485): com.android.permission.flags is mapped to com.android.permission
03-05 08:45:18.140 I/AconfigPackage(10485): com.android.permissioncontroller.flags is mapped to com.android.permission
03-05 08:45:18.141 I/AconfigPackage(10485): com.android.icu is mapped to com.android.i18n
03-05 08:45:18.141 I/AconfigPackage(10485): com.android.appsearch.flags is mapped to com.android.appsearch
03-05 08:45:18.141 I/AconfigPackage(10485): android.uprobestats.mainline.flags is mapped to com.android.uprobestats
03-05 08:45:18.141 I/AconfigPackage(10485): com.android.crashrecovery.flags is mapped to com.android.crashrecovery
03-05 08:45:18.141 I/AconfigPackage(10485): android.provider.flags is mapped to com.android.configinfrastructure
03-05 08:45:18.141 I/AconfigPackage(10485): com.android.server.deviceconfig is mapped to com.android.configinfrastructure
03-05 08:45:18.141 I/AconfigPackage(10485): com.android.compos.flags is mapped to com.android.compos
03-05 08:45:18.141 I/AconfigPackage(10485): com.android.art.flags is mapped to com.android.art
03-05 08:45:18.142 I/AconfigPackage(10485): com.android.art.rw.flags is mapped to com.android.art
03-05 08:45:18.142 I/AconfigPackage(10485): com.android.libcore is mapped to com.android.art
03-05 08:45:18.142 I/AconfigPackage(10485): com.android.telephony.flags is mapped to com.android.telephonycore
03-05 08:45:18.142 I/AconfigPackage(10485): com.android.media.extractor.flags is mapped to com.android.media
03-05 08:45:18.142 I/AconfigPackage(10485): com.android.media.mainline.flags is mapped to com.android.media
03-05 08:45:18.143 I/AconfigPackage(10485): com.android.wifi.flags is mapped to com.android.wifi
03-05 08:45:18.143 I/AconfigPackage(10485): com.android.org.conscrypt.flags is mapped to com.android.conscrypt
03-05 08:45:18.143 I/AconfigPackage(10485): com.android.org.conscrypt.net.flags is mapped to com.android.conscrypt
03-05 08:45:18.143 I/AconfigPackage(10485): com.android.healthfitness.flags is mapped to com.android.healthfitness
03-05 08:45:18.143 I/AconfigPackage(10485): com.android.ipsec.flags is mapped to com.android.ipsec
03-05 08:45:18.143 I/AconfigPackage(10485): com.android.nfc.module.flags is mapped to com.android.nfcservices
03-05 08:45:18.144 I/AconfigPackage(10485): com.android.adservices.ondevicepersonalization.flags is mapped to com.android.ondevicepersonalization
03-05 08:45:18.144 I/AconfigPackage(10485): com.android.adbd.flags is mapped to com.android.adbd
03-05 08:45:18.144 I/AconfigPackage(10485): com.android.bluetooth.flags is mapped to com.android.bt
03-05 08:45:18.144 I/AconfigPackage(10485): com.android.devicelock.flags is mapped to com.android.devicelock
03-05 08:45:18.144 I/AconfigPackage(10485): android.os.profiling is mapped to com.android.profiling
03-05 08:45:18.144 I/AconfigPackage(10485): android.os.profiling.anomaly.flags is mapped to com.android.profiling
03-05 08:45:18.144 I/AconfigPackage(10485): com.android.os.statsd.flags is mapped to com.android.os.statsd
03-05 08:45:18.145 I/AconfigPackage(10485): com.android.rkpd.flags is mapped to com.android.rkpd
03-05 08:45:18.145 I/AconfigPackage(10485): com.android.cellbroadcastreceiver.flags is mapped to com.android.cellbroadcast
03-05 08:45:18.145 I/AconfigPackage(10485): com.android.adservices.flags is mapped to com.android.adservices
03-05 08:45:18.145 I/AconfigPackage(10485): com.android.sdksandbox.flags is mapped to com.android.adservices
03-05 08:45:18.145 I/AconfigPackage(10485): com.android.uwb.flags is mapped to com.android.uwb
03-05 08:45:18.145 I/AconfigPackage(10485): com.android.ranging.flags is mapped to com.android.uwb
03-05 08:45:18.145 I/AconfigPackage(10485): android.graphics.pdf.flags is mapped to com.android.mediaprovider
03-05 08:45:18.145 I/AconfigPackage(10485): com.android.providers.media.flags is mapped to com.android.mediaprovider
03-05 08:45:18.145 I/AconfigPackage(10485): android.graphics.pdf.flags.readonly is mapped to com.android.mediaprovider
03-05 08:45:18.145 I/AconfigPackage(10485): com.android.tethering.mainline.beta is mapped to com.android.tethering
03-05 08:45:18.146 I/AconfigPackage(10485): android.net.http is mapped to com.android.tethering
03-05 08:45:18.146 I/AconfigPackage(10485): com.android.tethering.readonly.flags is mapped to com.android.tethering
03-05 08:45:18.146 I/AconfigPackage(10485): android.net.vcn is mapped to com.android.tethering
03-05 08:45:18.146 I/AconfigPackage(10485): com.android.net.flags is mapped to com.android.tethering
03-05 08:45:18.146 I/AconfigPackage(10485): com.android.tethering.beta.test is mapped to com.android.tethering
03-05 08:45:18.146 I/AconfigPackage(10485): com.android.nearby.flags is mapped to com.android.tethering
03-05 08:45:18.146 I/AconfigPackage(10485): com.android.net.ct.flags is mapped to com.android.tethering
03-05 08:45:18.146 I/AconfigPackage(10485): com.android.net.thread.flags is mapped to com.android.tethering
03-05 08:45:18.146 I/AconfigPackage(10485): com.android.system.virtualmachine.flags is mapped to com.android.virt
03-05 08:45:18.146 E/FeatureFlagsImplExport(10485): android.os.flagging.AconfigStorageReadException: ERROR_PACKAGE_NOT_FOUND: package android.xr cannot be found on the device
03-05 08:45:18.148 D/UiAutomationConnection(10485): Created on user UserHandle{0}
03-05 08:45:18.148 I/UiAutomation(10485): Initialized for user 0 on display 0
03-05 08:45:18.148 W/UiAutomation(10485): Created with deprecatead constructor, assumes DEFAULT_DISPLAY
03-05 08:45:18.152 D/AccessibilityManagerService(  767): changeCurrentUserForTestAutomationIfNeededLocked(0): ignoring because device doesn't support visible background users
03-05 08:45:18.152 I/UiAutomationManager(  767): Registering UiTestAutomationService (id=com.android.server.accessibility/UiAutomation, flags=0x0) when called by user 0
03-05 08:45:18.154 V/AccessibilityManagerService(  767): onUserStateChangedLocked for userId: 0, forceUpdate: false
03-05 08:45:18.158 V/AccessibilityUserState(  767): updateShortcutTargets: type:accessibility_shortcut_target_service, current:{}, new:{}
03-05 08:45:18.158 V/AccessibilityUserState(  767): updateShortcutTargets: type:accessibility_button_targets, current:{}, new:{}
03-05 08:45:18.158 V/AccessibilityUserState(  767): updateShortcutTargets: type:accessibility_gesture_targets, current:{}, new:{}
03-05 08:45:18.158 V/AccessibilityUserState(  767): updateShortcutTargets: type:accessibility_qs_targets, current:{}, new:{}
03-05 08:45:18.158 V/AccessibilityUserState(  767): updateShortcutTargets: type:accessibility_key_gesture_targets, current:{}, new:{}
03-05 08:45:18.158 W/MagnificationConnectionManager(  767): requestConnection duplicated request: connect=false, mConnectionState=DISCONNECTED
03-05 08:45:18.161 I/AiAiEcho( 1593): Settings changed for uri: content://settings/secure/accessibility_enabled
03-05 08:45:18.187 I/AiAiEcho( 1593): Predicting[0]:  [CONTEXT sampling_count=5 ]
03-05 08:45:18.187 I/AiAiEcho( 1593): EchoTargets: 
03-05 08:45:18.187 I/AiAiEcho( 1593): Filtered by AiAi flag check: 
03-05 08:45:18.187 I/AiAiEcho( 1593): [CONTEXT ratelimit_period="10 SECONDS" ]
03-05 08:45:18.188 I/AiAiEcho( 1593): #remoteViewsTwiddler: feature disabled.
03-05 08:45:18.228 I/AiAiEcho( 1593): #postPredictionTargets: Sending updates to UISurface home with targets# 0 (types=[])
03-05 08:45:18.247 I/HalDevMgr(  767): bestIfaceCreationProposal is null, requestIface=STA, existingIface=[name=wlan0 type=STA]
03-05 08:45:18.251 W/libbinder.IPCThreadState(  767): Sending oneway calls to frozen process.
03-05 08:45:18.254 E/mapper.ranchu( 9696): getStandardMetadataImpl:886 failure: UNSUPPORTED: id=245: unexpected standardMetadataType=21
03-05 08:45:18.267 E/mapper.ranchu( 9696): getStandardMetadataImpl:886 failure: UNSUPPORTED: id=242: unexpected standardMetadataType=21
03-05 08:45:18.285 W/libbinder.IPCThreadState(  767): Sending oneway calls to frozen process.
03-05 08:45:18.286 W/libbinder.IPCThreadState(  767): Sending oneway calls to frozen process.
03-05 08:45:18.286 W/libbinder.IPCThreadState(  767): Sending oneway calls to frozen process.
03-05 08:45:18.286 W/libbinder.IPCThreadState(  767): Sending oneway calls to frozen process.
03-05 08:45:18.287 V/AccessibilityManagerService(  767): onUserStateChangedLocked for userId: 0, forceUpdate: false
03-05 08:45:18.287 W/libbinder.IPCThreadState(  767): Sending oneway calls to frozen process.
03-05 08:45:18.290 I/AiAiEcho( 1593): Settings changed for uri: content://settings/secure/accessibility_enabled
03-05 08:45:18.291 V/AccessibilityUserState(  767): updateShortcutTargets: type:accessibility_shortcut_target_service, current:{}, new:{}
03-05 08:45:18.301 V/AccessibilityUserState(  767): updateShortcutTargets: type:accessibility_button_targets, current:{}, new:{}
03-05 08:45:18.301 V/AccessibilityUserState(  767): updateShortcutTargets: type:accessibility_gesture_targets, current:{}, new:{}
03-05 08:45:18.301 V/AccessibilityUserState(  767): updateShortcutTargets: type:accessibility_qs_targets, current:{}, new:{}
03-05 08:45:18.301 V/AccessibilityUserState(  767): updateShortcutTargets: type:accessibility_key_gesture_targets, current:{}, new:{}
03-05 08:45:18.301 W/MagnificationConnectionManager(  767): requestConnection duplicated request: connect=false, mConnectionState=DISCONNECTED
03-05 08:45:18.301 W/libbinder.IPCThreadState(  767): Sending oneway calls to frozen process.
03-05 08:45:18.301 W/libbinder.IPCThreadState(  767): Sending oneway calls to frozen process.
03-05 08:45:18.301 W/libbinder.IPCThreadState(  767): Sending oneway calls to frozen process.
03-05 08:45:18.302 I/AiAiEcho( 1593): Predicting[0]:  [CONTEXT sampling_count=5 ]
03-05 08:45:18.302 W/libbinder.IPCThreadState(  767): Sending oneway calls to frozen process.
03-05 08:45:18.303 W/libbinder.IPCThreadState(  767): Sending oneway calls to frozen process.
03-05 08:45:18.304 I/AiAiEcho( 1593): EchoTargets: 
03-05 08:45:18.304 I/AiAiEcho( 1593): Filtered by AiAi flag check: 
03-05 08:45:18.304 I/AiAiEcho( 1593): [CONTEXT ratelimit_period="10 SECONDS" ]
03-05 08:45:18.305 I/AiAiEcho( 1593): #remoteViewsTwiddler: feature disabled.
03-05 08:45:18.308 I/AiAiEcho( 1593): #postPredictionTargets: Sending updates to UISurface home with targets# 0 (types=[])
03-05 08:45:18.324 W/libbinder.IPCThreadState(  767): Sending oneway calls to frozen process.
03-05 08:45:18.325 W/libbinder.IPCThreadState(  767): Sending oneway calls to frozen process.
03-05 08:45:18.325 W/libbinder.IPCThreadState(  767): Sending oneway calls to frozen process.
03-05 08:45:18.325 W/libbinder.IPCThreadState(  767): Sending oneway calls to frozen process.
03-05 08:45:18.325 W/libbinder.IPCThreadState(  767): Sending oneway calls to frozen process.
03-05 08:45:18.325 W/libbinder.IPCThreadState(  767): Sending oneway calls to frozen process.
03-05 08:45:18.326 W/libbinder.IPCThreadState(  767): Sending oneway calls to frozen process.
03-05 08:45:18.326 W/libbinder.IPCThreadState(  767): Sending oneway calls to frozen process.
03-05 08:45:18.326 W/libbinder.IPCThreadState(  767): Sending oneway calls to frozen process.
03-05 08:45:18.326 W/libbinder.IPCThreadState(  767): Sending oneway calls to frozen process.
03-05 08:45:18.327 W/libbinder.IPCThreadState(  767): Sending oneway calls to frozen process.
03-05 08:45:18.329 W/libbinder.IPCThreadState(  767): Sending oneway calls to frozen process.
03-05 08:45:18.329 W/libbinder.IPCThreadState(  767): Sending oneway calls to frozen process.
03-05 08:45:18.329 W/libbinder.IPCThreadState(  767): Sending oneway calls to frozen process.
03-05 08:45:18.330 D/BatterySaverPolicy(  767): accessibility changed to true, updating policy.
03-05 08:45:18.334 D/AccessibilityManagerService(  767): .getAccessibilityShortcutTargets {shortcutType=32, userId=0}
03-05 08:45:18.356 D/AccessibilitySourceService( 3930): enabled a11y services count 0
03-05 08:45:18.357 D/AccessibilitySourceService( 3930): a11y source sending 0 issue to sc
03-05 08:45:18.358 D/SafetySourceDataValidat(  767): No cert check requested for package com.google.android.permissioncontroller
03-05 08:45:18.407 E/mapper.ranchu( 9696): getStandardMetadataImpl:886 failure: UNSUPPORTED: id=244: unexpected standardMetadataType=21
03-05 08:45:18.416 E/mapper.ranchu( 9696): getStandardMetadataImpl:886 failure: UNSUPPORTED: id=243: unexpected standardMetadataType=21
03-05 08:45:18.490 E/mapper.ranchu( 9696): getStandardMetadataImpl:886 failure: UNSUPPORTED: id=241: unexpected standardMetadataType=21
03-05 08:45:18.601 W/AlarmManager( 1095): Unrecognized alarm listener com.android.networkstack.android.net.ip.IpClientLinkObserver$Dhcp6PdPreferredPrefixAlarmListener@539dc8f
03-05 08:45:18.603 D/ApfFilter( 1095): (wlan0): Adding RA fe80::2 -> ff02::1 1800s fec0::/64 86400s/14400s 
03-05 08:45:18.975 E/mapper.ranchu( 9696): getStandardMetadataImpl:886 failure: UNSUPPORTED: id=240: unexpected standardMetadataType=21
03-05 08:45:19.399 W/AccessibilityNodeInfoDumper(10485): Fetch time: 9ms
03-05 08:45:19.403 V/AccessibilityManagerService(  767): onUserStateChangedLocked for userId: 0, forceUpdate: false
03-05 08:45:19.406 V/AccessibilityUserState(  767): updateShortcutTargets: type:accessibility_shortcut_target_service, current:{}, new:{}
03-05 08:45:19.407 V/AccessibilityUserState(  767): updateShortcutTargets: type:accessibility_button_targets, current:{}, new:{}
03-05 08:45:19.407 V/AccessibilityUserState(  767): updateShortcutTargets: type:accessibility_gesture_targets, current:{}, new:{}
03-05 08:45:19.407 V/AccessibilityUserState(  767): updateShortcutTargets: type:accessibility_qs_targets, current:{}, new:{}
03-05 08:45:19.407 V/AccessibilityUserState(  767): updateShortcutTargets: type:accessibility_key_gesture_targets, current:{}, new:{}
03-05 08:45:19.407 W/MagnificationConnectionManager(  767): requestConnection duplicated request: connect=false, mConnectionState=DISCONNECTED
03-05 08:45:19.407 D/AccessibilityManagerService(  767): restoreCurrentUserForTestAutomationIfNeededLocked(): ignoring because device doesn't support visible background users
03-05 08:45:19.407 W/libbinder.IPCThreadState(  767): Sending oneway calls to frozen process.
03-05 08:45:19.409 W/libbinder.IPCThreadState(  767): Sending oneway calls to frozen process.
03-05 08:45:19.409 W/libbinder.IPCThreadState(  767): Sending oneway calls to frozen process.
03-05 08:45:19.410 W/libbinder.IPCThreadState(  767): Sending oneway calls to frozen process.
03-05 08:45:19.411 W/libbinder.IPCThreadState(  767): Sending oneway calls to frozen process.
03-05 08:45:19.412 W/libbinder.IPCThreadState(  767): Sending oneway calls to frozen process.
03-05 08:45:19.413 W/libbinder.IPCThreadState(  767): Sending oneway calls to frozen process.
03-05 08:45:19.413 W/libbinder.IPCThreadState(  767): Sending oneway calls to frozen process.
03-05 08:45:19.413 W/libbinder.IPCThreadState(10485): call to talkWithDriver in joinThreadPool returned error: -9 (Bad file descriptor), FD: -1
03-05 08:45:19.413 W/libbinder.IPCThreadState(  767): Sending oneway calls to frozen process.
03-05 08:45:19.413 W/libbinder.IPCThreadState(10485): call to talkWithDriver in joinThreadPool returned error: -9 (Bad file descriptor), FD: -1
03-05 08:45:19.413 W/libbinder.IPCThreadState(10485): call to talkWithDriver in joinThreadPool returned error: -9 (Bad file descriptor), FD: -1
03-05 08:45:19.414 D/AndroidRuntime(10485): Shutting down VM
03-05 08:45:19.417 I/AiAiEcho( 1593): Settings changed for uri: content://settings/secure/accessibility_enabled
03-05 08:45:19.421 I/AiAiEcho( 1593): Predicting[0]:  [CONTEXT sampling_count=5 ]
03-05 08:45:19.421 I/AiAiEcho( 1593): EchoTargets: 
03-05 08:45:19.421 I/AiAiEcho( 1593): Filtered by AiAi flag check: 
03-05 08:45:19.421 I/AiAiEcho( 1593): [CONTEXT ratelimit_period="10 SECONDS" ]
03-05 08:45:19.422 I/AiAiEcho( 1593): #remoteViewsTwiddler: feature disabled.
03-05 08:45:19.423 W/libbinder.IPCThreadState(  767): Sending oneway calls to frozen process.
03-05 08:45:19.424 I/AiAiEcho( 1593): #postPredictionTargets: Sending updates to UISurface home with targets# 0 (types=[])
03-05 08:45:19.429 E/mapper.ranchu( 9696): getStandardMetadataImpl:886 failure: UNSUPPORTED: id=245: unexpected standardMetadataType=21
03-05 08:45:19.434 W/libbinder.IPCThreadState(  767): Sending oneway calls to frozen process.
03-05 08:45:19.462 W/libbinder.IPCThreadState(  767): Sending oneway calls to frozen process.
03-05 08:45:19.502 E/mapper.ranchu( 9696): getStandardMetadataImpl:886 failure: UNSUPPORTED: id=242: unexpected standardMetadataType=21
03-05 08:45:19.516 E/mapper.ranchu( 9696): getStandardMetadataImpl:886 failure: UNSUPPORTED: id=244: unexpected standardMetadataType=21
03-05 08:45:20.031 W/Looper  (  767): Slow dispatch took 605ms main app=system_server main=true group=FOREGROUND h=com.android.server.accessibility.AccessibilityManagerService$MainHandler c=<recycled PooledLambda@4cc50e6> m=0
03-05 08:45:20.031 W/libbinder.IPCThreadState(  767): Sending oneway calls to frozen process.
03-05 08:45:20.031 W/libbinder.IPCThreadState(  767): Sending oneway calls to frozen process.
03-05 08:45:20.032 W/libbinder.IPCThreadState(  767): Sending oneway calls to frozen process.
03-05 08:45:20.032 W/libbinder.IPCThreadState(  767): Sending oneway calls to frozen process.
03-05 08:45:20.032 W/libbinder.IPCThreadState(  767): Sending oneway calls to frozen process.
03-05 08:45:20.035 W/Looper  (  767): Slow delivery took 624ms main app=system_server main=true group=FOREGROUND h=com.android.server.accessibility.AccessibilityManagerService$MainHandler c=com.android.server.accessibility.AccessibilityManagerService$$ExternalSyntheticLambda1@388b627 m=0
03-05 08:45:20.035 D/BatterySaverPolicy(  767): accessibility changed to false, updating policy.
03-05 08:45:20.036 W/Looper  (  767): Drained
03-05 08:45:20.278 I/Choreographer( 4531): Skipped 50 frames!  The application may be doing too much work on its main thread.
03-05 08:45:20.315 E/mapper.ranchu( 9696): getStandardMetadataImpl:886 failure: UNSUPPORTED: id=243: unexpected standardMetadataType=21
03-05 08:45:20.327 I/HWUI    ( 4531): Davey! duration=864ms; Flags=0, FrameTimelineVsyncId=43576, IntendedVsync=595705682440, Vsync=596539015740, InputEventId=0, HandleInputStart=596554712583, AnimationStart=596554718891, PerformTraversalsStart=596554719312, DrawStart=596555796046, FrameDeadline=595722349106, FrameStartTime=596552443169, FrameInterval=16666666, WorkloadTarget=16666666, SyncQueued=596559093973, SyncStart=596559260666, IssueDrawCommandsStart=596559763826, SwapBuffers=596567636320, FrameCompleted=596570419547, DequeueBufferDuration=38359, QueueBufferDuration=1157785, GpuCompleted=596570339847, SwapBuffersCompleted=596570419547, DisplayPresentTime=18589, CommandSubmissionCompleted=596567636320, 
03-05 08:45:20.331 E/mapper.ranchu( 9696): getStandardMetadataImpl:886 failure: UNSUPPORTED: id=241: unexpected standardMetadataType=21
03-05 08:45:20.499 E/mapper.ranchu( 9696): getStandardMetadataImpl:886 failure: UNSUPPORTED: id=240: unexpected standardMetadataType=21
03-05 08:45:20.679 D/AndroidRuntime(10534): >>>>>> START com.android.internal.os.RuntimeInit uid 2000 <<<<<<
03-05 08:45:20.688 I/AndroidRuntime(10534): Using default boot image
03-05 08:45:20.688 I/AndroidRuntime(10534): Leaving lock profiling enabled
03-05 08:45:20.691 I/app_process(10534): Using CollectorTypeCMC GC.
03-05 08:45:20.816 W/libbinder.IPCThreadState(  767): Sending oneway calls to frozen process.
03-05 08:45:21.017 E/mapper.ranchu( 9696): getStandardMetadataImpl:886 failure: UNSUPPORTED: id=245: unexpected standardMetadataType=21
03-05 08:45:21.115 D/nativeloader(10534): InitDefaultPublicLibraries for_preload=1: libandroid.so:libaaudio.so:libamidi.so:libbinder_ndk.so:libc.so:libcamera2ndk.so:libdl.so:libEGL.so:libGLESv1_CM.so:libGLESv2.so:libGLESv3.so:libicu.so:libicui18n.so:libicuuc.so:libjnigraphics.so:liblog.so:libmediandk.so:libm.so:libnativehelper.so:libnativewindow.so:libOpenMAXAL.so:libOpenSLES.so:libRS.so:libstdc++.so:libsync.so:libvulkan.so:libwebviewchromium_plat_support.so:libz.so
03-05 08:45:21.139 D/nativeloader(10534): Load libicu_jni.so using APEX ns com_android_art for caller /apex/com.android.art/javalib/core-oj.jar: ok
03-05 08:45:21.140 D/app_process(10534): u_setTimeZoneFilesDirectory("/apex/com.android.tzdata/etc/tz/versioned/9/icu") succeeded. 
03-05 08:45:21.140 D/app_process(10534): I18n APEX ICU file found: /apex/com.android.i18n/etc/icu/icudt76l.dat
03-05 08:45:21.142 D/nativeloader(10534): Load libjavacore.so using APEX ns com_android_art for caller /apex/com.android.art/javalib/core-oj.jar: ok
03-05 08:45:21.148 D/nativeloader(10534): Load libopenjdk.so using APEX ns com_android_art for caller /apex/com.android.art/javalib/core-oj.jar: ok
03-05 08:45:21.150 I/app_process(10534): Priority-to-niceness mapping: 19, 16, 13, 10, 0, -2, -4, -5, -6, -8
03-05 08:45:21.151 W/app_process(10534): Unexpected CPU variant for x86: x86_64.
03-05 08:45:21.151 W/app_process(10534): Known variants: atom, sandybridge, silvermont, goldmont, goldmont-plus, goldmont-without-sha-xsaves, tremont, kabylake, alderlake, default
03-05 08:45:21.173 W/app_process(10534): ClassLoaderContext shared library size mismatch. Expected=2, found=0 (PCL[]{PCL[/system/framework/android.test.base.jar*1653369819]#PCL[/system/framework/android.test.mock.jar*1009639922]} | PCL[])
03-05 08:45:21.175 W/app_process(10534): ClassLoaderContext classpath size mismatch. expected=0, found=1 (PCL[]{PCL[/system/framework/android.test.runner.jar*3954641918]{PCL[/system/framework/android.test.base.jar*1653369819]#PCL[/system/framework/android.test.mock.jar*1009639922]}#PCL[/system/framework/android.test.base.jar*1653369819]} | PCL[/system/framework/android.test.runner.jar*3954641918])
03-05 08:45:21.237 D/nativeloader(10534): Load libframework-connectivity-tiramisu-jni.so using APEX ns com_android_tethering for caller /apex/com.android.tethering/javalib/framework-connectivity-t.jar: ok
03-05 08:45:21.238 D/AndroidRuntime(10534): Calling main entry com.android.commands.uiautomator.Launcher
03-05 08:45:21.244 I/AconfigPackage(10534): android.media.swcodec.flags is mapped to com.android.media.swcodec
03-05 08:45:21.245 I/AconfigPackage(10534): com.android.permission.flags is mapped to com.android.permission
03-05 08:45:21.245 I/AconfigPackage(10534): com.android.permissioncontroller.flags is mapped to com.android.permission
03-05 08:45:21.245 I/AconfigPackage(10534): com.android.icu is mapped to com.android.i18n
03-05 08:45:21.245 I/AconfigPackage(10534): com.android.appsearch.flags is mapped to com.android.appsearch
03-05 08:45:21.245 I/AconfigPackage(10534): android.uprobestats.mainline.flags is mapped to com.android.uprobestats
03-05 08:45:21.245 I/AconfigPackage(10534): com.android.crashrecovery.flags is mapped to com.android.crashrecovery
03-05 08:45:21.245 I/AconfigPackage(10534): android.provider.flags is mapped to com.android.configinfrastructure
03-05 08:45:21.245 I/AconfigPackage(10534): com.android.server.deviceconfig is mapped to com.android.configinfrastructure
03-05 08:45:21.246 I/AconfigPackage(10534): com.android.compos.flags is mapped to com.android.compos
03-05 08:45:21.246 I/AconfigPackage(10534): com.android.art.flags is mapped to com.android.art
03-05 08:45:21.246 I/AconfigPackage(10534): com.android.art.rw.flags is mapped to com.android.art
03-05 08:45:21.246 I/AconfigPackage(10534): com.android.libcore is mapped to com.android.art
03-05 08:45:21.246 I/AconfigPackage(10534): com.android.telephony.flags is mapped to com.android.telephonycore
03-05 08:45:21.246 I/AconfigPackage(10534): com.android.media.extractor.flags is mapped to com.android.media
03-05 08:45:21.246 I/AconfigPackage(10534): com.android.media.mainline.flags is mapped to com.android.media
03-05 08:45:21.247 I/AconfigPackage(10534): com.android.wifi.flags is mapped to com.android.wifi
03-05 08:45:21.247 I/AconfigPackage(10534): com.android.org.conscrypt.flags is mapped to com.android.conscrypt
03-05 08:45:21.247 I/AconfigPackage(10534): com.android.org.conscrypt.net.flags is mapped to com.android.conscrypt
03-05 08:45:21.247 I/AconfigPackage(10534): com.android.healthfitness.flags is mapped to com.android.healthfitness
03-05 08:45:21.247 I/AconfigPackage(10534): com.android.ipsec.flags is mapped to com.android.ipsec
03-05 08:45:21.247 I/AconfigPackage(10534): com.android.nfc.module.flags is mapped to com.android.nfcservices
03-05 08:45:21.248 I/AconfigPackage(10534): com.android.adservices.ondevicepersonalization.flags is mapped to com.android.ondevicepersonalization
03-05 08:45:21.248 I/AconfigPackage(10534): com.android.adbd.flags is mapped to com.android.adbd
03-05 08:45:21.248 I/AconfigPackage(10534): com.android.bluetooth.flags is mapped to com.android.bt
03-05 08:45:21.248 I/AconfigPackage(10534): com.android.devicelock.flags is mapped to com.android.devicelock
03-05 08:45:21.248 I/AconfigPackage(10534): android.os.profiling is mapped to com.android.profiling
03-05 08:45:21.248 I/AconfigPackage(10534): android.os.profiling.anomaly.flags is mapped to com.android.profiling
03-05 08:45:21.248 I/AconfigPackage(10534): com.android.os.statsd.flags is mapped to com.android.os.statsd
03-05 08:45:21.248 I/AconfigPackage(10534): com.android.rkpd.flags is mapped to com.android.rkpd
03-05 08:45:21.249 I/AconfigPackage(10534): com.android.cellbroadcastreceiver.flags is mapped to com.android.cellbroadcast
03-05 08:45:21.249 I/AconfigPackage(10534): com.android.adservices.flags is mapped to com.android.adservices
03-05 08:45:21.249 I/AconfigPackage(10534): com.android.sdksandbox.flags is mapped to com.android.adservices
03-05 08:45:21.249 I/AconfigPackage(10534): com.android.uwb.flags is mapped to com.android.uwb
03-05 08:45:21.249 I/AconfigPackage(10534): com.android.ranging.flags is mapped to com.android.uwb
03-05 08:45:21.249 I/AconfigPackage(10534): android.graphics.pdf.flags is mapped to com.android.mediaprovider
03-05 08:45:21.249 I/AconfigPackage(10534): com.android.providers.media.flags is mapped to com.android.mediaprovider
03-05 08:45:21.249 I/AconfigPackage(10534): android.graphics.pdf.flags.readonly is mapped to com.android.mediaprovider
03-05 08:45:21.249 I/AconfigPackage(10534): com.android.tethering.mainline.beta is mapped to com.android.tethering
03-05 08:45:21.249 I/AconfigPackage(10534): android.net.http is mapped to com.android.tethering
03-05 08:45:21.249 I/AconfigPackage(10534): com.android.tethering.readonly.flags is mapped to com.android.tethering
03-05 08:45:21.249 I/AconfigPackage(10534): android.net.vcn is mapped to com.android.tethering
03-05 08:45:21.249 I/AconfigPackage(10534): com.android.net.flags is mapped to com.android.tethering
03-05 08:45:21.249 I/AconfigPackage(10534): com.android.tethering.beta.test is mapped to com.android.tethering
03-05 08:45:21.249 I/AconfigPackage(10534): com.android.nearby.flags is mapped to com.android.tethering
03-05 08:45:21.249 I/AconfigPackage(10534): com.android.net.ct.flags is mapped to com.android.tethering
03-05 08:45:21.249 I/AconfigPackage(10534): com.android.net.thread.flags is mapped to com.android.tethering
03-05 08:45:21.250 I/AconfigPackage(10534): com.android.system.virtualmachine.flags is mapped to com.android.virt
03-05 08:45:21.250 E/FeatureFlagsImplExport(10534): android.os.flagging.AconfigStorageReadException: ERROR_PACKAGE_NOT_FOUND: package android.xr cannot be found on the device
03-05 08:45:21.252 D/UiAutomationConnection(10534): Created on user UserHandle{0}
03-05 08:45:21.252 I/UiAutomation(10534): Initialized for user 0 on display 0
03-05 08:45:21.252 W/UiAutomation(10534): Created with deprecatead constructor, assumes DEFAULT_DISPLAY
03-05 08:45:21.255 D/AccessibilityManagerService(  767): changeCurrentUserForTestAutomationIfNeededLocked(0): ignoring because device doesn't support visible background users
03-05 08:45:21.256 I/UiAutomationManager(  767): Registering UiTestAutomationService (id=com.android.server.accessibility/UiAutomation, flags=0x0) when called by user 0
03-05 08:45:21.257 V/AccessibilityManagerService(  767): onUserStateChangedLocked for userId: 0, forceUpdate: false
03-05 08:45:21.259 V/AccessibilityUserState(  767): updateShortcutTargets: type:accessibility_shortcut_target_service, current:{}, new:{}
03-05 08:45:21.259 V/AccessibilityUserState(  767): updateShortcutTargets: type:accessibility_button_targets, current:{}, new:{}
03-05 08:45:21.259 V/AccessibilityUserState(  767): updateShortcutTargets: type:accessibility_gesture_targets, current:{}, new:{}
03-05 08:45:21.260 V/AccessibilityUserState(  767): updateShortcutTargets: type:accessibility_qs_targets, current:{}, new:{}
03-05 08:45:21.260 V/AccessibilityUserState(  767): updateShortcutTargets: type:accessibility_key_gesture_targets, current:{}, new:{}
03-05 08:45:21.260 W/MagnificationConnectionManager(  767): requestConnection duplicated request: connect=false, mConnectionState=DISCONNECTED
03-05 08:45:21.263 W/libbinder.IPCThreadState(  767): Sending oneway calls to frozen process.
03-05 08:45:21.264 I/AiAiEcho( 1593): Settings changed for uri: content://settings/secure/accessibility_enabled
03-05 08:45:21.267 I/HalDevMgr(  767): bestIfaceCreationProposal is null, requestIface=STA, existingIface=[name=wlan0 type=STA]
03-05 08:45:21.269 I/AiAiEcho( 1593): Predicting[0]:  [CONTEXT sampling_count=5 ]
03-05 08:45:21.269 I/AiAiEcho( 1593): EchoTargets: 
03-05 08:45:21.269 I/AiAiEcho( 1593): Filtered by AiAi flag check: 
03-05 08:45:21.269 I/AiAiEcho( 1593): [CONTEXT ratelimit_period="10 SECONDS" ]
03-05 08:45:21.270 I/AiAiEcho( 1593): #remoteViewsTwiddler: feature disabled.
03-05 08:45:21.270 W/libbinder.IPCThreadState(  767): Sending oneway calls to frozen process.
03-05 08:45:21.270 W/libbinder.IPCThreadState(  767): Sending oneway calls to frozen process.
03-05 08:45:21.272 I/AiAiEcho( 1593): #postPredictionTargets: Sending updates to UISurface home with targets# 0 (types=[])
03-05 08:45:21.272 W/libbinder.IPCThreadState(  767): Sending oneway calls to frozen process.
03-05 08:45:21.272 W/libbinder.IPCThreadState(  767): Sending oneway calls to frozen process.
03-05 08:45:21.273 W/libbinder.IPCThreadState(  767): Sending oneway calls to frozen process.
03-05 08:45:21.274 W/libbinder.IPCThreadState(  767): Sending oneway calls to frozen process.
03-05 08:45:21.274 W/libbinder.IPCThreadState(  767): Sending oneway calls to frozen process.
03-05 08:45:21.274 W/libbinder.IPCThreadState(  767): Sending oneway calls to frozen process.
03-05 08:45:21.274 W/libbinder.IPCThreadState(  767): Sending oneway calls to frozen process.
03-05 08:45:21.274 W/libbinder.IPCThreadState(  767): Sending oneway calls to frozen process.
03-05 08:45:21.274 W/libbinder.IPCThreadState(  767): Sending oneway calls to frozen process.
03-05 08:45:21.274 W/libbinder.IPCThreadState(  767): Sending oneway calls to frozen process.
03-05 08:45:21.277 V/AccessibilityManagerService(  767): onUserStateChangedLocked for userId: 0, forceUpdate: false
03-05 08:45:21.277 V/AccessibilityUserState(  767): updateShortcutTargets: type:accessibility_shortcut_target_service, current:{}, new:{}
03-05 08:45:21.277 V/AccessibilityUserState(  767): updateShortcutTargets: type:accessibility_button_targets, current:{}, new:{}
03-05 08:45:21.277 V/AccessibilityUserState(  767): updateShortcutTargets: type:accessibility_gesture_targets, current:{}, new:{}
03-05 08:45:21.277 V/AccessibilityUserState(  767): updateShortcutTargets: type:accessibility_qs_targets, current:{}, new:{}
