03-05 08:45:09.409 I/AconfigPackage(10319): android.media.swcodec.flags is mapped to com.android.media.swcodec
03-05 08:45:09.410 I/AconfigPackage(10319): com.android.permission.flags is mapped to com.android.permission
03-05 08:45:09.410 I/AconfigPackage(10319): com.android.permissioncontroller.flags is mapped to com.android.permission
03-05 08:45:09.410 I/AconfigPackage(10319): com.android.icu is mapped to com.android.i18n
03-05 08:45:09.410 I/AconfigPackage(10319): com.android.appsearch.flags is mapped to com.android.appsearch
03-05 08:45:09.410 I/AconfigPackage(10319): android.uprobestats.mainline.flags is mapped to com.android.uprobestats
03-05 08:45:09.410 I/AconfigPackage(10319): com.android.crashrecovery.flags is mapped to com.android.crashrecovery
03-05 08:45:09.411 I/AconfigPackage(10319): android.provider.flags is mapped to com.android.configinfrastructure
03-05 08:45:09.411 I/AconfigPackage(10319): com.android.server.deviceconfig is mapped to com.android.configinfrastructure
03-05 08:45:09.411 I/AconfigPackage(10319): com.android.compos.flags is mapped to com.android.compos
03-05 08:45:09.411 I/AconfigPackage(10319): com.android.art.flags is mapped to com.android.art
03-05 08:45:09.411 I/AconfigPackage(10319): com.android.art.rw.flags is mapped to com.android.art
03-05 08:45:09.411 I/AconfigPackage(10319): com.android.libcore is mapped to com.android.art
03-05 08:45:09.411 I/AconfigPackage(10319): com.android.telephony.flags is mapped to com.android.telephonycore
03-05 08:45:09.411 I/AconfigPackage(10319): com.android.media.extractor.flags is mapped to com.android.media
03-05 08:45:09.411 I/AconfigPackage(10319): com.android.media.mainline.flags is mapped to com.android.media
03-05 08:45:09.412 I/AconfigPackage(10319): com.android.wifi.flags is mapped to com.android.wifi
03-05 08:45:09.412 I/AconfigPackage(10319): com.android.org.conscrypt.flags is mapped to com.android.conscrypt
03-05 08:45:09.412 I/AconfigPackage(10319): com.android.org.conscrypt.net.flags is mapped to com.android.conscrypt
03-05 08:45:09.412 I/AconfigPackage(10319): com.android.healthfitness.flags is mapped to com.android.healthfitness
03-05 08:45:09.412 I/AconfigPackage(10319): com.android.ipsec.flags is mapped to com.android.ipsec
03-05 08:45:09.412 I/AconfigPackage(10319): com.android.nfc.module.flags is mapped to com.android.nfcservices
03-05 08:45:09.412 I/AconfigPackage(10319): com.android.adservices.ondevicepersonalization.flags is mapped to com.android.ondevicepersonalization
03-05 08:45:09.413 I/AconfigPackage(10319): com.android.adbd.flags is mapped to com.android.adbd
03-05 08:45:09.413 I/AconfigPackage(10319): com.android.bluetooth.flags is mapped to com.android.bt
03-05 08:45:09.413 I/AconfigPackage(10319): com.android.devicelock.flags is mapped to com.android.devicelock
03-05 08:45:09.413 I/AconfigPackage(10319): android.os.profiling is mapped to com.android.profiling
03-05 08:45:09.413 I/AconfigPackage(10319): android.os.profiling.anomaly.flags is mapped to com.android.profiling
03-05 08:45:09.413 I/AconfigPackage(10319): com.android.os.statsd.flags is mapped to com.android.os.statsd
03-05 08:45:09.413 I/AconfigPackage(10319): com.android.rkpd.flags is mapped to com.android.rkpd
03-05 08:45:09.414 I/AconfigPackage(10319): com.android.cellbroadcastreceiver.flags is mapped to com.android.cellbroadcast
03-05 08:45:09.414 I/AconfigPackage(10319): com.android.adservices.flags is mapped to com.android.adservices
03-05 08:45:09.414 I/AconfigPackage(10319): com.android.sdksandbox.flags is mapped to com.android.adservices
03-05 08:45:09.414 I/AconfigPackage(10319): com.android.uwb.flags is mapped to com.android.uwb
03-05 08:45:09.414 I/AconfigPackage(10319): com.android.ranging.flags is mapped to com.android.uwb
03-05 08:45:09.414 I/AconfigPackage(10319): android.graphics.pdf.flags is mapped to com.android.mediaprovider
03-05 08:45:09.414 I/AconfigPackage(10319): com.android.providers.media.flags is mapped to com.android.mediaprovider
03-05 08:45:09.414 I/AconfigPackage(10319): android.graphics.pdf.flags.readonly is mapped to com.android.mediaprovider
03-05 08:45:09.414 I/AconfigPackage(10319): com.android.tethering.mainline.beta is mapped to com.android.tethering
03-05 08:45:09.414 I/AconfigPackage(10319): android.net.http is mapped to com.android.tethering
03-05 08:45:09.414 I/AconfigPackage(10319): com.android.tethering.readonly.flags is mapped to com.android.tethering
03-05 08:45:09.414 I/AconfigPackage(10319): android.net.vcn is mapped to com.android.tethering
03-05 08:45:09.414 I/AconfigPackage(10319): com.android.net.flags is mapped to com.android.tethering
03-05 08:45:09.414 I/AconfigPackage(10319): com.android.tethering.beta.test is mapped to com.android.tethering
03-05 08:45:09.414 I/AconfigPackage(10319): com.android.nearby.flags is mapped to com.android.tethering
03-05 08:45:09.414 I/AconfigPackage(10319): com.android.net.ct.flags is mapped to com.android.tethering
03-05 08:45:09.414 I/AconfigPackage(10319): com.android.net.thread.flags is mapped to com.android.tethering
03-05 08:45:09.414 I/AconfigPackage(10319): com.android.system.virtualmachine.flags is mapped to com.android.virt
03-05 08:45:09.414 E/FeatureFlagsImplExport(10319): android.os.flagging.AconfigStorageReadException: ERROR_PACKAGE_NOT_FOUND: package android.xr cannot be found on the device
03-05 08:45:09.417 D/UiAutomationConnection(10319): Created on user UserHandle{0}
03-05 08:45:09.417 I/UiAutomation(10319): Initialized for user 0 on display 0
03-05 08:45:09.417 W/UiAutomation(10319): Created with deprecatead constructor, assumes DEFAULT_DISPLAY
03-05 08:45:09.420 D/AccessibilityManagerService(  767): changeCurrentUserForTestAutomationIfNeededLocked(0): ignoring because device doesn't support visible background users
03-05 08:45:09.420 I/UiAutomationManager(  767): Registering UiTestAutomationService (id=com.android.server.accessibility/UiAutomation, flags=0x0) when called by user 0
03-05 08:45:09.421 V/AccessibilityManagerService(  767): onUserStateChangedLocked for userId: 0, forceUpdate: false
03-05 08:45:09.424 V/AccessibilityUserState(  767): updateShortcutTargets: type:accessibility_shortcut_target_service, current:{}, new:{}
03-05 08:45:09.424 V/AccessibilityUserState(  767): updateShortcutTargets: type:accessibility_button_targets, current:{}, new:{}
03-05 08:45:09.424 V/AccessibilityUserState(  767): updateShortcutTargets: type:accessibility_gesture_targets, current:{}, new:{}
03-05 08:45:09.424 V/AccessibilityUserState(  767): updateShortcutTargets: type:accessibility_qs_targets, current:{}, new:{}
03-05 08:45:09.424 V/AccessibilityUserState(  767): updateShortcutTargets: type:accessibility_key_gesture_targets, current:{}, new:{}
03-05 08:45:09.424 W/MagnificationConnectionManager(  767): requestConnection duplicated request: connect=false, mConnectionState=DISCONNECTED
03-05 08:45:09.427 I/AiAiEcho( 1593): Settings changed for uri: content://settings/secure/accessibility_enabled
03-05 08:45:09.428 W/libbinder.IPCThreadState(  767): Sending oneway calls to frozen process.
03-05 08:45:09.430 I/AiAiEcho( 1593): Predicting[0]:  [CONTEXT sampling_count=5 ]
03-05 08:45:09.430 W/libbinder.IPCThreadState(  767): Sending oneway calls to frozen process.
03-05 08:45:09.430 W/libbinder.IPCThreadState(  767): Sending oneway calls to frozen process.
03-05 08:45:09.431 I/AiAiEcho( 1593): EchoTargets: 
03-05 08:45:09.431 I/AiAiEcho( 1593): Filtered by AiAi flag check: 
03-05 08:45:09.431 I/AiAiEcho( 1593): [CONTEXT ratelimit_period="10 SECONDS" ]
03-05 08:45:09.431 W/libbinder.IPCThreadState(  767): Sending oneway calls to frozen process.
03-05 08:45:09.432 I/AiAiEcho( 1593): #remoteViewsTwiddler: feature disabled.
03-05 08:45:09.432 I/AiAiEcho( 1593): #postPredictionTargets: Sending updates to UISurface home with targets# 0 (types=[])
03-05 08:45:09.442 W/libbinder.IPCThreadState(  767): Sending oneway calls to frozen process.
03-05 08:45:09.442 W/libbinder.IPCThreadState(  767): Sending oneway calls to frozen process.
03-05 08:45:09.443 W/libbinder.IPCThreadState(  767): Sending oneway calls to frozen process.
03-05 08:45:09.443 W/libbinder.IPCThreadState(  767): Sending oneway calls to frozen process.
03-05 08:45:09.443 W/libbinder.IPCThreadState(  767): Sending oneway calls to frozen process.
03-05 08:45:09.444 W/libbinder.IPCThreadState(  767): Sending oneway calls to frozen process.
03-05 08:45:09.444 W/libbinder.IPCThreadState(  767): Sending oneway calls to frozen process.
03-05 08:45:09.444 W/libbinder.IPCThreadState(  767): Sending oneway calls to frozen process.
03-05 08:45:09.444 W/libbinder.IPCThreadState(  767): Sending oneway calls to frozen process.
03-05 08:45:09.444 W/libbinder.IPCThreadState(  767): Sending oneway calls to frozen process.
03-05 08:45:09.444 W/libbinder.IPCThreadState(  767): Sending oneway calls to frozen process.
03-05 08:45:09.444 W/libbinder.IPCThreadState(  767): Sending oneway calls to frozen process.
03-05 08:45:09.444 W/libbinder.IPCThreadState(  767): Sending oneway calls to frozen process.
03-05 08:45:09.444 W/libbinder.IPCThreadState(  767): Sending oneway calls to frozen process.
03-05 08:45:09.445 D/BatterySaverPolicy(  767): accessibility changed to true, updating policy.
03-05 08:45:09.448 V/AccessibilityManagerService(  767): onUserStateChangedLocked for userId: 0, forceUpdate: false
03-05 08:45:09.449 E/mapper.ranchu( 9696): getStandardMetadataImpl:886 failure: UNSUPPORTED: id=241: unexpected standardMetadataType=21
03-05 08:45:09.459 E/mapper.ranchu( 9696): getStandardMetadataImpl:886 failure: UNSUPPORTED: id=240: unexpected standardMetadataType=21
03-05 08:45:09.460 V/AccessibilityUserState(  767): updateShortcutTargets: type:accessibility_shortcut_target_service, current:{}, new:{}
03-05 08:45:09.460 V/AccessibilityUserState(  767): updateShortcutTargets: type:accessibility_button_targets, current:{}, new:{}
03-05 08:45:09.460 V/AccessibilityUserState(  767): updateShortcutTargets: type:accessibility_gesture_targets, current:{}, new:{}
03-05 08:45:09.460 V/AccessibilityUserState(  767): updateShortcutTargets: type:accessibility_qs_targets, current:{}, new:{}
03-05 08:45:09.460 V/AccessibilityUserState(  767): updateShortcutTargets: type:accessibility_key_gesture_targets, current:{}, new:{}
03-05 08:45:09.460 W/MagnificationConnectionManager(  767): requestConnection duplicated request: connect=false, mConnectionState=DISCONNECTED
03-05 08:45:09.461 I/AiAiEcho( 1593): Settings changed for uri: content://settings/secure/accessibility_enabled
03-05 08:45:09.468 I/AiAiEcho( 1593): Predicting[0]:  [CONTEXT sampling_count=5 ]
03-05 08:45:09.468 I/AiAiEcho( 1593): EchoTargets: 
03-05 08:45:09.468 I/AiAiEcho( 1593): Filtered by AiAi flag check: 
03-05 08:45:09.468 I/AiAiEcho( 1593): [CONTEXT ratelimit_period="10 SECONDS" ]
03-05 08:45:09.468 I/AiAiEcho( 1593): #remoteViewsTwiddler: feature disabled.
03-05 08:45:09.469 I/AiAiEcho( 1593): #postPredictionTargets: Sending updates to UISurface home with targets# 0 (types=[])
03-05 08:45:09.470 W/libbinder.IPCThreadState(  767): Sending oneway calls to frozen process.
03-05 08:45:09.470 W/libbinder.IPCThreadState(  767): Sending oneway calls to frozen process.
03-05 08:45:09.470 W/libbinder.IPCThreadState(  767): Sending oneway calls to frozen process.
03-05 08:45:09.470 W/libbinder.IPCThreadState(  767): Sending oneway calls to frozen process.
03-05 08:45:09.470 W/libbinder.IPCThreadState(  767): Sending oneway calls to frozen process.
03-05 08:45:09.470 W/libbinder.IPCThreadState(  767): Sending oneway calls to frozen process.
03-05 08:45:09.470 W/libbinder.IPCThreadState(  767): Sending oneway calls to frozen process.
03-05 08:45:09.470 W/libbinder.IPCThreadState(  767): Sending oneway calls to frozen process.
03-05 08:45:09.470 W/libbinder.IPCThreadState(  767): Sending oneway calls to frozen process.
03-05 08:45:09.482 W/libbinder.IPCThreadState(  767): Sending oneway calls to frozen process.
03-05 08:45:09.482 W/libbinder.IPCThreadState(  767): Sending oneway calls to frozen process.
03-05 08:45:09.482 W/libbinder.IPCThreadState(  767): Sending oneway calls to frozen process.
03-05 08:45:09.486 D/AccessibilityManagerService(  767): .getAccessibilityShortcutTargets {shortcutType=32, userId=0}
03-05 08:45:09.502 D/AccessibilitySourceService( 3930): enabled a11y services count 0
03-05 08:45:09.503 D/AccessibilitySourceService( 3930): a11y source sending 0 issue to sc
03-05 08:45:09.504 D/SafetySourceDataValidat(  767): No cert check requested for package com.google.android.permissioncontroller
03-05 08:45:09.505 E/mapper.ranchu( 9696): getStandardMetadataImpl:886 failure: UNSUPPORTED: id=245: unexpected standardMetadataType=21
03-05 08:45:10.067 E/mapper.ranchu( 9696): getStandardMetadataImpl:886 failure: UNSUPPORTED: id=242: unexpected standardMetadataType=21
03-05 08:45:10.465 D/PickerSyncController( 1605): Attempting to enable cloud media queries.
03-05 08:45:10.465 D/PickerSyncLockManager( 1605): Trying to acquire lock com.android.providers.media.photopicker.sync.CloseableReentrantLock@a071ef7[Unlocked]. Lock Name = CLOUD_SYNC_LOCK. Threads that may be waiting to acquire this lock = [] with timeout.
03-05 08:45:10.466 D/CloseableReentrantLock( 1605): Successfully acquired lock com.android.providers.media.photopicker.sync.CloseableReentrantLock@a071ef7[Locked by thread com.android.providers.media.internal.modules.utils.BackgroundThread]. Lock Name = CLOUD_SYNC_LOCK. Threads that may be waiting to acquire this lock = []
03-05 08:45:10.466 D/PickerSyncLockManager( 1605): Trying to acquire lock com.android.providers.media.photopicker.sync.CloseableReentrantLock@47b84e7[Unlocked]. Lock Name = CLOUD_PROVIDER_LOCK. Threads that may be waiting to acquire this lock = [] with timeout.
03-05 08:45:10.466 D/CloseableReentrantLock( 1605): Successfully acquired lock com.android.providers.media.photopicker.sync.CloseableReentrantLock@47b84e7[Locked by thread com.android.providers.media.internal.modules.utils.BackgroundThread]. Lock Name = CLOUD_PROVIDER_LOCK. Threads that may be waiting to acquire this lock = []
03-05 08:45:10.466 D/CloseableReentrantLock( 1605): Successfully released lock com.android.providers.media.photopicker.sync.CloseableReentrantLock@47b84e7[Unlocked]. Lock Name = CLOUD_PROVIDER_LOCK. Threads that may be waiting to acquire this lock = []
03-05 08:45:10.466 D/PickerSyncLockManager( 1605): Trying to acquire lock com.android.providers.media.photopicker.sync.CloseableReentrantLock@47b84e7[Unlocked]. Lock Name = CLOUD_PROVIDER_LOCK. Threads that may be waiting to acquire this lock = [] with timeout.
03-05 08:45:10.466 D/CloseableReentrantLock( 1605): Successfully acquired lock com.android.providers.media.photopicker.sync.CloseableReentrantLock@47b84e7[Locked by thread com.android.providers.media.internal.modules.utils.BackgroundThread]. Lock Name = CLOUD_PROVIDER_LOCK. Threads that may be waiting to acquire this lock = []
03-05 08:45:10.466 D/PickerSyncController( 1605): getSyncRequestParams() CLOUD, auth=com.google.android.apps.photos.cloudpicker
03-05 08:45:10.601 D/OomAdjuster(  767): Not killing cached processes
03-05 08:45:10.620 E/mapper.ranchu( 9696): getStandardMetadataImpl:886 failure: UNSUPPORTED: id=244: unexpected standardMetadataType=21
03-05 08:45:10.678 W/libbinder.IPCThreadState(  767): Sending oneway calls to frozen process.
03-05 08:45:10.678 W/libbinder.IPCThreadState(  767): Sending oneway calls to frozen process.
03-05 08:45:10.755 E/mapper.ranchu( 9696): getStandardMetadataImpl:886 failure: UNSUPPORTED: id=243: unexpected standardMetadataType=21
03-05 08:45:10.758 W/AccessibilityNodeInfoDumper(10319): Fetch time: 270ms
03-05 08:45:10.761 V/AccessibilityManagerService(  767): onUserStateChangedLocked for userId: 0, forceUpdate: false
03-05 08:45:10.764 V/AccessibilityUserState(  767): updateShortcutTargets: type:accessibility_shortcut_target_service, current:{}, new:{}
03-05 08:45:10.764 V/AccessibilityUserState(  767): updateShortcutTargets: type:accessibility_button_targets, current:{}, new:{}
03-05 08:45:10.764 V/AccessibilityUserState(  767): updateShortcutTargets: type:accessibility_gesture_targets, current:{}, new:{}
03-05 08:45:10.764 V/AccessibilityUserState(  767): updateShortcutTargets: type:accessibility_qs_targets, current:{}, new:{}
03-05 08:45:10.764 V/AccessibilityUserState(  767): updateShortcutTargets: type:accessibility_key_gesture_targets, current:{}, new:{}
03-05 08:45:10.764 W/MagnificationConnectionManager(  767): requestConnection duplicated request: connect=false, mConnectionState=DISCONNECTED
03-05 08:45:10.764 D/AccessibilityManagerService(  767): restoreCurrentUserForTestAutomationIfNeededLocked(): ignoring because device doesn't support visible background users
03-05 08:45:10.765 W/libbinder.IPCThreadState(  767): Sending oneway calls to frozen process.
03-05 08:45:10.766 W/libbinder.IPCThreadState(  767): Sending oneway calls to frozen process.
03-05 08:45:10.766 W/libbinder.IPCThreadState(  767): Sending oneway calls to frozen process.
03-05 08:45:10.767 W/libbinder.IPCThreadState(  767): Sending oneway calls to frozen process.
03-05 08:45:10.768 W/libbinder.IPCThreadState(  767): Sending oneway calls to frozen process.
03-05 08:45:10.768 W/libbinder.IPCThreadState(  767): Sending oneway calls to frozen process.
03-05 08:45:10.768 W/libbinder.IPCThreadState(  767): Sending oneway calls to frozen process.
03-05 08:45:10.769 W/libbinder.IPCThreadState(  767): Sending oneway calls to frozen process.
03-05 08:45:10.770 W/libbinder.IPCThreadState(  767): Sending oneway calls to frozen process.
03-05 08:45:10.771 W/libbinder.IPCThreadState(  767): Sending oneway calls to frozen process.
03-05 08:45:10.771 W/libbinder.IPCThreadState(  767): Sending oneway calls to frozen process.
03-05 08:45:10.771 W/libbinder.IPCThreadState(  767): Sending oneway calls to frozen process.
03-05 08:45:10.771 W/libbinder.IPCThreadState(  767): Sending oneway calls to frozen process.
03-05 08:45:10.771 W/libbinder.IPCThreadState(  767): Sending oneway calls to frozen process.
03-05 08:45:10.771 W/libbinder.IPCThreadState(  767): Sending oneway calls to frozen process.
03-05 08:45:10.771 D/BatterySaverPolicy(  767): accessibility changed to false, updating policy.
03-05 08:45:10.776 D/AndroidRuntime(10319): Shutting down VM
03-05 08:45:10.777 W/libbinder.IPCThreadState(10319): call to talkWithDriver in joinThreadPool returned error: -9 (Bad file descriptor), FD: -1
03-05 08:45:10.777 W/libbinder.IPCThreadState(10319): call to talkWithDriver in joinThreadPool returned error: -9 (Bad file descriptor), FD: -1
03-05 08:45:10.777 W/libbinder.IPCThreadState(10319): call to talkWithDriver in joinThreadPool returned error: -9 (Bad file descriptor), FD: -1
03-05 08:45:10.789 E/mapper.ranchu( 9696): getStandardMetadataImpl:886 failure: UNSUPPORTED: id=241: unexpected standardMetadataType=21
03-05 08:45:10.795 D/ActivityManager(  767): sync unfroze 2344 com.google.android.apps.photos for 7
03-05 08:45:10.799 W/libbinder.IPCThreadState(  767): Sending oneway calls to frozen process.
03-05 08:45:10.799 D/BackgroundInstallControlService(  767): Package event received: 0
03-05 08:45:10.801 W/ContentProviderHelper(  767): Slow operation: 332ms so far, now at getContentProviderImpl: after updateOomAdj
03-05 08:45:10.802 W/ContentProviderHelper(  767): Slow operation: 332ms so far, now at getContentProviderImpl: done!
03-05 08:45:10.812 E/mapper.ranchu( 9696): getStandardMetadataImpl:886 failure: UNSUPPORTED: id=240: unexpected standardMetadataType=21
03-05 08:45:10.832 I/AiAiEcho( 1593): Settings changed for uri: content://settings/secure/accessibility_enabled
03-05 08:45:10.864 I/AiAiEcho( 1593): Predicting[0]:  [CONTEXT sampling_count=5 ]
03-05 08:45:10.864 I/AiAiEcho( 1593): EchoTargets: 
03-05 08:45:10.864 I/AiAiEcho( 1593): Filtered by AiAi flag check: 
03-05 08:45:10.864 I/AiAiEcho( 1593): [CONTEXT ratelimit_period="10 SECONDS" ]
03-05 08:45:10.865 I/AiAiEcho( 1593): #remoteViewsTwiddler: feature disabled.
03-05 08:45:10.867 I/AiAiEcho( 1593): #postPredictionTargets: Sending updates to UISurface home with targets# 0 (types=[])
03-05 08:45:10.975 E/mapper.ranchu( 9696): getStandardMetadataImpl:886 failure: UNSUPPORTED: id=245: unexpected standardMetadataType=21
03-05 08:45:10.989 W/libc    ( 2344): Access denied finding property "ro.debuggable"
03-05 08:45:10.991 D/PickerSyncController( 1605):    Latest ID/Gen=null/0
03-05 08:45:10.991 D/PickerSyncController( 1605):    Cached ID/Gen=null/-1
03-05 08:45:10.992 D/CloseableReentrantLock( 1605): Successfully released lock com.android.providers.media.photopicker.sync.CloseableReentrantLock@47b84e7[Unlocked]. Lock Name = CLOUD_PROVIDER_LOCK. Threads that may be waiting to acquire this lock = []
03-05 08:45:10.992 D/CloseableReentrantLock( 1605): Successfully released lock com.android.providers.media.photopicker.sync.CloseableReentrantLock@a071ef7[Unlocked]. Lock Name = CLOUD_SYNC_LOCK. Threads that may be waiting to acquire this lock = []
03-05 08:45:10.992 D/PickerSyncController( 1605): Error occurred, remaining retry count: 0
03-05 08:45:10.992 D/PickerSyncController( 1605): java.lang.IllegalStateException: Unexpected Latest Media Collection Info: ID/Gen=null/0
03-05 08:45:10.992 D/PickerSyncController( 1605): 	at com.android.providers.media.photopicker.PickerSyncController.getSyncRequestParamsLocked(PickerSyncController.java:1583)
03-05 08:45:10.992 D/PickerSyncController( 1605): 	at com.android.providers.media.photopicker.PickerSyncController.getSyncRequestParams(PickerSyncController.java:1543)
03-05 08:45:10.992 D/PickerSyncController( 1605): 	at com.android.providers.media.photopicker.PickerSyncController.maybeEnableCloudMediaQueries(PickerSyncController.java:356)
03-05 08:45:10.992 D/PickerSyncController( 1605): 	at com.android.providers.media.photopicker.PickerSyncController.lambda$tryEnablingCloudMediaQueries$0(PickerSyncController.java:287)
03-05 08:45:10.992 D/PickerSyncController( 1605): 	at com.android.providers.media.photopicker.PickerSyncController.$r8$lambda$igHbLHRBgFxI5G0Bp5TN28PcQJ4(PickerSyncController.java:0)
03-05 08:45:10.992 D/PickerSyncController( 1605): 	at com.android.providers.media.photopicker.PickerSyncController$$ExternalSyntheticLambda1.run(R8$$SyntheticClass:0)
03-05 08:45:10.992 D/PickerSyncController( 1605): 	at android.os.Handler.handleCallback(Handler.java:1070)
03-05 08:45:10.992 D/PickerSyncController( 1605): 	at android.os.Handler.dispatchMessage(Handler.java:125)
03-05 08:45:10.992 D/PickerSyncController( 1605): 	at android.os.Looper.dispatchMessage(Looper.java:333)
03-05 08:45:10.992 D/PickerSyncController( 1605): 	at android.os.Looper.loopOnce(Looper.java:263)
03-05 08:45:10.992 D/PickerSyncController( 1605): 	at android.os.Looper.loop(Looper.java:367)
03-05 08:45:10.992 D/PickerSyncController( 1605): 	at android.os.HandlerThread.run(HandlerThread.java:139)
03-05 08:45:11.718 W/libbinder.IPCThreadState(  767): Sending oneway calls to frozen process.
03-05 08:45:11.787 E/mapper.ranchu( 9696): getStandardMetadataImpl:886 failure: UNSUPPORTED: id=242: unexpected standardMetadataType=21
03-05 08:45:11.797 D/BufferPoolAccessor2.0(  661): bufferpool2 0x778e66609288 : 2(7776000 size) total buffers - 1(3888000 size) used buffers - 152/154 (recycle/alloc) - 3/153 (fetch/transfer)
03-05 08:45:11.945 D/AndroidRuntime(10374): >>>>>> START com.android.internal.os.RuntimeInit uid 2000 <<<<<<
03-05 08:45:11.951 I/AndroidRuntime(10374): Using default boot image
03-05 08:45:11.951 I/AndroidRuntime(10374): Leaving lock profiling enabled
03-05 08:45:11.954 I/app_process(10374): Using CollectorTypeCMC GC.
03-05 08:45:11.973 E/mapper.ranchu( 9696): getStandardMetadataImpl:886 failure: UNSUPPORTED: id=244: unexpected standardMetadataType=21
03-05 08:45:12.175 I/HalDevMgr(  767): bestIfaceCreationProposal is null, requestIface=STA, existingIface=[name=wlan0 type=STA]
03-05 08:45:12.539 D/nativeloader(10374): InitDefaultPublicLibraries for_preload=1: libandroid.so:libaaudio.so:libamidi.so:libbinder_ndk.so:libc.so:libcamera2ndk.so:libdl.so:libEGL.so:libGLESv1_CM.so:libGLESv2.so:libGLESv3.so:libicu.so:libicui18n.so:libicuuc.so:libjnigraphics.so:liblog.so:libmediandk.so:libm.so:libnativehelper.so:libnativewindow.so:libOpenMAXAL.so:libOpenSLES.so:libRS.so:libstdc++.so:libsync.so:libvulkan.so:libwebviewchromium_plat_support.so:libz.so
03-05 08:45:12.624 E/mapper.ranchu( 9696): getStandardMetadataImpl:886 failure: UNSUPPORTED: id=243: unexpected standardMetadataType=21
03-05 08:45:12.629 D/nativeloader(10374): Load libicu_jni.so using APEX ns com_android_art for caller /apex/com.android.art/javalib/core-oj.jar: ok
03-05 08:45:12.630 D/app_process(10374): u_setTimeZoneFilesDirectory("/apex/com.android.tzdata/etc/tz/versioned/9/icu") succeeded. 
03-05 08:45:12.631 D/app_process(10374): I18n APEX ICU file found: /apex/com.android.i18n/etc/icu/icudt76l.dat
03-05 08:45:12.633 D/nativeloader(10374): Load libjavacore.so using APEX ns com_android_art for caller /apex/com.android.art/javalib/core-oj.jar: ok
03-05 08:45:12.634 D/nativeloader(10374): Load libopenjdk.so using APEX ns com_android_art for caller /apex/com.android.art/javalib/core-oj.jar: ok
03-05 08:45:12.635 I/app_process(10374): Priority-to-niceness mapping: 19, 16, 13, 10, 0, -2, -4, -5, -6, -8
03-05 08:45:12.636 W/app_process(10374): Unexpected CPU variant for x86: x86_64.
03-05 08:45:12.636 W/app_process(10374): Known variants: atom, sandybridge, silvermont, goldmont, goldmont-plus, goldmont-without-sha-xsaves, tremont, kabylake, alderlake, default
03-05 08:45:12.639 W/app_process(10374): ClassLoaderContext shared library size mismatch. Expected=2, found=0 (PCL[]{PCL[/system/framework/android.test.base.jar*1653369819]#PCL[/system/framework/android.test.mock.jar*1009639922]} | PCL[])
03-05 08:45:12.641 W/app_process(10374): ClassLoaderContext classpath size mismatch. expected=0, found=1 (PCL[]{PCL[/system/framework/android.test.runner.jar*3954641918]{PCL[/system/framework/android.test.base.jar*1653369819]#PCL[/system/framework/android.test.mock.jar*1009639922]}#PCL[/system/framework/android.test.base.jar*1653369819]} | PCL[/system/framework/android.test.runner.jar*3954641918])
03-05 08:45:12.675 D/nativeloader(10374): Load libframework-connectivity-tiramisu-jni.so using APEX ns com_android_tethering for caller /apex/com.android.tethering/javalib/framework-connectivity-t.jar: ok
03-05 08:45:12.676 D/AndroidRuntime(10374): Calling main entry com.android.commands.uiautomator.Launcher
03-05 08:45:12.685 I/AconfigPackage(10374): android.media.swcodec.flags is mapped to com.android.media.swcodec
03-05 08:45:12.685 I/AconfigPackage(10374): com.android.permission.flags is mapped to com.android.permission
03-05 08:45:12.685 I/AconfigPackage(10374): com.android.permissioncontroller.flags is mapped to com.android.permission
03-05 08:45:12.686 I/AconfigPackage(10374): com.android.icu is mapped to com.android.i18n
03-05 08:45:12.686 I/AconfigPackage(10374): com.android.appsearch.flags is mapped to com.android.appsearch
03-05 08:45:12.686 I/AconfigPackage(10374): android.uprobestats.mainline.flags is mapped to com.android.uprobestats
03-05 08:45:12.687 I/AconfigPackage(10374): com.android.crashrecovery.flags is mapped to com.android.crashrecovery
03-05 08:45:12.687 I/AconfigPackage(10374): android.provider.flags is mapped to com.android.configinfrastructure
03-05 08:45:12.687 I/AconfigPackage(10374): com.android.server.deviceconfig is mapped to com.android.configinfrastructure
03-05 08:45:12.687 I/AconfigPackage(10374): com.android.compos.flags is mapped to com.android.compos
03-05 08:45:12.687 I/AconfigPackage(10374): com.android.art.flags is mapped to com.android.art
03-05 08:45:12.688 I/AconfigPackage(10374): com.android.art.rw.flags is mapped to com.android.art
03-05 08:45:12.688 I/AconfigPackage(10374): com.android.libcore is mapped to com.android.art
03-05 08:45:12.688 I/AconfigPackage(10374): com.android.telephony.flags is mapped to com.android.telephonycore
03-05 08:45:12.688 I/AconfigPackage(10374): com.android.media.extractor.flags is mapped to com.android.media
03-05 08:45:12.688 I/AconfigPackage(10374): com.android.media.mainline.flags is mapped to com.android.media
03-05 08:45:12.689 I/AconfigPackage(10374): com.android.wifi.flags is mapped to com.android.wifi
03-05 08:45:12.689 I/AconfigPackage(10374): com.android.org.conscrypt.flags is mapped to com.android.conscrypt
03-05 08:45:12.689 I/AconfigPackage(10374): com.android.org.conscrypt.net.flags is mapped to com.android.conscrypt
03-05 08:45:12.689 I/AconfigPackage(10374): com.android.healthfitness.flags is mapped to com.android.healthfitness
03-05 08:45:12.690 I/AconfigPackage(10374): com.android.ipsec.flags is mapped to com.android.ipsec
03-05 08:45:12.690 I/AconfigPackage(10374): com.android.nfc.module.flags is mapped to com.android.nfcservices
03-05 08:45:12.690 I/AconfigPackage(10374): com.android.adservices.ondevicepersonalization.flags is mapped to com.android.ondevicepersonalization
03-05 08:45:12.690 I/AconfigPackage(10374): com.android.adbd.flags is mapped to com.android.adbd
03-05 08:45:12.690 I/AconfigPackage(10374): com.android.bluetooth.flags is mapped to com.android.bt
03-05 08:45:12.691 I/AconfigPackage(10374): com.android.devicelock.flags is mapped to com.android.devicelock
03-05 08:45:12.691 I/AconfigPackage(10374): android.os.profiling is mapped to com.android.profiling
03-05 08:45:12.691 I/AconfigPackage(10374): android.os.profiling.anomaly.flags is mapped to com.android.profiling
03-05 08:45:12.691 I/AconfigPackage(10374): com.android.os.statsd.flags is mapped to com.android.os.statsd
03-05 08:45:12.691 I/AconfigPackage(10374): com.android.rkpd.flags is mapped to com.android.rkpd
03-05 08:45:12.691 I/AconfigPackage(10374): com.android.cellbroadcastreceiver.flags is mapped to com.android.cellbroadcast
03-05 08:45:12.692 I/AconfigPackage(10374): com.android.adservices.flags is mapped to com.android.adservices
03-05 08:45:12.692 I/AconfigPackage(10374): com.android.sdksandbox.flags is mapped to com.android.adservices
03-05 08:45:12.692 I/AconfigPackage(10374): com.android.uwb.flags is mapped to com.android.uwb
03-05 08:45:12.692 I/AconfigPackage(10374): com.android.ranging.flags is mapped to com.android.uwb
03-05 08:45:12.692 I/AconfigPackage(10374): android.graphics.pdf.flags is mapped to com.android.mediaprovider
03-05 08:45:12.692 I/AconfigPackage(10374): com.android.providers.media.flags is mapped to com.android.mediaprovider
03-05 08:45:12.692 I/AconfigPackage(10374): android.graphics.pdf.flags.readonly is mapped to com.android.mediaprovider
03-05 08:45:12.692 I/AconfigPackage(10374): com.android.tethering.mainline.beta is mapped to com.android.tethering
03-05 08:45:12.692 I/AconfigPackage(10374): android.net.http is mapped to com.android.tethering
03-05 08:45:12.692 I/AconfigPackage(10374): com.android.tethering.readonly.flags is mapped to com.android.tethering
03-05 08:45:12.692 I/AconfigPackage(10374): android.net.vcn is mapped to com.android.tethering
03-05 08:45:12.692 I/AconfigPackage(10374): com.android.net.flags is mapped to com.android.tethering
03-05 08:45:12.692 I/AconfigPackage(10374): com.android.tethering.beta.test is mapped to com.android.tethering
03-05 08:45:12.692 I/AconfigPackage(10374): com.android.nearby.flags is mapped to com.android.tethering
03-05 08:45:12.692 I/AconfigPackage(10374): com.android.net.ct.flags is mapped to com.android.tethering
03-05 08:45:12.692 I/AconfigPackage(10374): com.android.net.thread.flags is mapped to com.android.tethering
03-05 08:45:12.692 I/AconfigPackage(10374): com.android.system.virtualmachine.flags is mapped to com.android.virt
03-05 08:45:12.692 E/FeatureFlagsImplExport(10374): android.os.flagging.AconfigStorageReadException: ERROR_PACKAGE_NOT_FOUND: package android.xr cannot be found on the device
03-05 08:45:12.695 D/UiAutomationConnection(10374): Created on user UserHandle{0}
03-05 08:45:12.695 I/UiAutomation(10374): Initialized for user 0 on display 0
03-05 08:45:12.695 W/UiAutomation(10374): Created with deprecatead constructor, assumes DEFAULT_DISPLAY
03-05 08:45:12.698 D/AccessibilityManagerService(  767): changeCurrentUserForTestAutomationIfNeededLocked(0): ignoring because device doesn't support visible background users
03-05 08:45:12.698 I/UiAutomationManager(  767): Registering UiTestAutomationService (id=com.android.server.accessibility/UiAutomation, flags=0x0) when called by user 0
03-05 08:45:12.699 V/AccessibilityManagerService(  767): onUserStateChangedLocked for userId: 0, forceUpdate: false
03-05 08:45:12.702 V/AccessibilityUserState(  767): updateShortcutTargets: type:accessibility_shortcut_target_service, current:{}, new:{}
03-05 08:45:12.702 V/AccessibilityUserState(  767): updateShortcutTargets: type:accessibility_button_targets, current:{}, new:{}
03-05 08:45:12.702 V/AccessibilityUserState(  767): updateShortcutTargets: type:accessibility_gesture_targets, current:{}, new:{}
03-05 08:45:12.702 V/AccessibilityUserState(  767): updateShortcutTargets: type:accessibility_qs_targets, current:{}, new:{}
03-05 08:45:12.702 V/AccessibilityUserState(  767): updateShortcutTargets: type:accessibility_key_gesture_targets, current:{}, new:{}
03-05 08:45:12.702 W/MagnificationConnectionManager(  767): requestConnection duplicated request: connect=false, mConnectionState=DISCONNECTED
03-05 08:45:12.705 W/libbinder.IPCThreadState(  767): Sending oneway calls to frozen process.
03-05 08:45:12.706 I/AiAiEcho( 1593): Settings changed for uri: content://settings/secure/accessibility_enabled
03-05 08:45:12.707 W/libbinder.IPCThreadState(  767): Sending oneway calls to frozen process.
03-05 08:45:12.707 W/libbinder.IPCThreadState(  767): Sending oneway calls to frozen process.
03-05 08:45:12.710 I/AiAiEcho( 1593): Predicting[0]:  [CONTEXT sampling_count=5 ]
03-05 08:45:12.710 W/libbinder.IPCThreadState(  767): Sending oneway calls to frozen process.
03-05 08:45:12.710 I/AiAiEcho( 1593): EchoTargets: 
03-05 08:45:12.710 I/AiAiEcho( 1593): Filtered by AiAi flag check: 
03-05 08:45:12.710 I/AiAiEcho( 1593): [CONTEXT ratelimit_period="10 SECONDS" ]
03-05 08:45:12.710 W/libbinder.IPCThreadState(  767): Sending oneway calls to frozen process.
03-05 08:45:12.710 W/libbinder.IPCThreadState(  767): Sending oneway calls to frozen process.
03-05 08:45:12.710 W/libbinder.IPCThreadState(  767): Sending oneway calls to frozen process.
03-05 08:45:12.711 W/libbinder.IPCThreadState(  767): Sending oneway calls to frozen process.
03-05 08:45:12.711 I/AiAiEcho( 1593): #remoteViewsTwiddler: feature disabled.
03-05 08:45:12.711 I/AiAiEcho( 1593): #postPredictionTargets: Sending updates to UISurface home with targets# 0 (types=[])
03-05 08:45:12.712 W/libbinder.IPCThreadState(  767): Sending oneway calls to frozen process.
03-05 08:45:12.713 W/libbinder.IPCThreadState(  767): Sending oneway calls to frozen process.
03-05 08:45:12.713 W/libbinder.IPCThreadState(  767): Sending oneway calls to frozen process.
03-05 08:45:12.713 V/AccessibilityManagerService(  767): onUserStateChangedLocked for userId: 0, forceUpdate: false
03-05 08:45:12.715 W/libbinder.IPCThreadState(  767): Sending oneway calls to frozen process.
03-05 08:45:12.715 W/libbinder.IPCThreadState(  767): Sending oneway calls to frozen process.
03-05 08:45:12.715 W/libbinder.IPCThreadState(  767): Sending oneway calls to frozen process.
03-05 08:45:12.715 W/libbinder.IPCThreadState(  767): Sending oneway calls to frozen process.
03-05 08:45:12.715 V/AccessibilityUserState(  767): updateShortcutTargets: type:accessibility_shortcut_target_service, current:{}, new:{}
03-05 08:45:12.715 V/AccessibilityUserState(  767): updateShortcutTargets: type:accessibility_button_targets, current:{}, new:{}
03-05 08:45:12.715 V/AccessibilityUserState(  767): updateShortcutTargets: type:accessibility_gesture_targets, current:{}, new:{}
03-05 08:45:12.715 V/AccessibilityUserState(  767): updateShortcutTargets: type:accessibility_qs_targets, current:{}, new:{}
03-05 08:45:12.715 V/AccessibilityUserState(  767): updateShortcutTargets: type:accessibility_key_gesture_targets, current:{}, new:{}
03-05 08:45:12.715 W/MagnificationConnectionManager(  767): requestConnection duplicated request: connect=false, mConnectionState=DISCONNECTED
03-05 08:45:12.715 D/BatterySaverPolicy(  767): accessibility changed to true, updating policy.
03-05 08:45:12.716 W/libbinder.IPCThreadState(  767): Sending oneway calls to frozen process.
03-05 08:45:12.716 I/AiAiEcho( 1593): Settings changed for uri: content://settings/secure/accessibility_enabled
03-05 08:45:12.717 W/libbinder.IPCThreadState(  767): Sending oneway calls to frozen process.
03-05 08:45:12.717 W/libbinder.IPCThreadState(  767): Sending oneway calls to frozen process.
03-05 08:45:12.717 W/libbinder.IPCThreadState(  767): Sending oneway calls to frozen process.
03-05 08:45:12.718 W/libbinder.IPCThreadState(  767): Sending oneway calls to frozen process.
03-05 08:45:12.718 W/libbinder.IPCThreadState(  767): Sending oneway calls to frozen process.
03-05 08:45:12.718 W/libbinder.IPCThreadState(  767): Sending oneway calls to frozen process.
03-05 08:45:12.718 W/libbinder.IPCThreadState(  767): Sending oneway calls to frozen process.
03-05 08:45:12.719 I/AiAiEcho( 1593): Predicting[0]:  [CONTEXT sampling_count=5 ]
03-05 08:45:12.719 I/AiAiEcho( 1593): EchoTargets: 
03-05 08:45:12.719 I/AiAiEcho( 1593): Filtered by AiAi flag check: 
03-05 08:45:12.719 I/AiAiEcho( 1593): [CONTEXT ratelimit_period="10 SECONDS" ]
03-05 08:45:12.719 I/AiAiEcho( 1593): #remoteViewsTwiddler: feature disabled.
03-05 08:45:12.719 I/AiAiEcho( 1593): #postPredictionTargets: Sending updates to UISurface home with targets# 0 (types=[])
03-05 08:45:12.719 W/libbinder.IPCThreadState(  767): Sending oneway calls to frozen process.
03-05 08:45:12.719 W/libbinder.IPCThreadState(  767): Sending oneway calls to frozen process.
03-05 08:45:12.722 E/mapper.ranchu( 9696): getStandardMetadataImpl:886 failure: UNSUPPORTED: id=241: unexpected standardMetadataType=21
03-05 08:45:12.724 D/AccessibilityManagerService(  767): .getAccessibilityShortcutTargets {shortcutType=32, userId=0}
03-05 08:45:12.735 D/AccessibilitySourceService( 3930): enabled a11y services count 0
03-05 08:45:12.735 D/AccessibilitySourceService( 3930): a11y source sending 0 issue to sc
03-05 08:45:12.736 D/SafetySourceDataValidat(  767): No cert check requested for package com.google.android.permissioncontroller
03-05 08:45:12.737 E/mapper.ranchu( 9696): getStandardMetadataImpl:886 failure: UNSUPPORTED: id=240: unexpected standardMetadataType=21
03-05 08:45:12.753 E/mapper.ranchu( 9696): getStandardMetadataImpl:886 failure: UNSUPPORTED: id=245: unexpected standardMetadataType=21
03-05 08:45:12.771 E/mapper.ranchu( 9696): getStandardMetadataImpl:886 failure: UNSUPPORTED: id=242: unexpected standardMetadataType=21
03-05 08:45:12.892 D/SatelliteController( 1146): iisInCarrierRoamingNbIotNtn: satellite is disabled
03-05 08:45:12.895 D/SatelliteController( 1146): getCarrierRoamingNtnConnectType: Falling back to global carrier config connect type: 0
03-05 08:45:12.895 W/libbinder.IPCThreadState(  767): Sending oneway calls to frozen process.
03-05 08:45:12.940 E/mapper.ranchu( 9696): getStandardMetadataImpl:886 failure: UNSUPPORTED: id=244: unexpected standardMetadataType=21
03-05 08:45:13.125 E/mapper.ranchu( 9696): getStandardMetadataImpl:886 failure: UNSUPPORTED: id=243: unexpected standardMetadataType=21
03-05 08:45:13.493 E/mapper.ranchu( 9696): getStandardMetadataImpl:886 failure: UNSUPPORTED: id=241: unexpected standardMetadataType=21
03-05 08:45:13.719 W/libbinder.IPCThreadState(  767): Sending oneway calls to frozen process.
03-05 08:45:13.736 W/libbinder.IPCThreadState(  767): Sending oneway calls to frozen process.
03-05 08:45:13.779 W/AccessibilityNodeInfoDumper(10374): Fetch time: 9ms
03-05 08:45:13.782 V/AccessibilityManagerService(  767): onUserStateChangedLocked for userId: 0, forceUpdate: false
03-05 08:45:13.785 V/AccessibilityUserState(  767): updateShortcutTargets: type:accessibility_shortcut_target_service, current:{}, new:{}
03-05 08:45:13.787 V/AccessibilityUserState(  767): updateShortcutTargets: type:accessibility_button_targets, current:{}, new:{}
03-05 08:45:13.787 V/AccessibilityUserState(  767): updateShortcutTargets: type:accessibility_gesture_targets, current:{}, new:{}
03-05 08:45:13.787 V/AccessibilityUserState(  767): updateShortcutTargets: type:accessibility_qs_targets, current:{}, new:{}
03-05 08:45:13.787 V/AccessibilityUserState(  767): updateShortcutTargets: type:accessibility_key_gesture_targets, current:{}, new:{}
03-05 08:45:13.787 W/MagnificationConnectionManager(  767): requestConnection duplicated request: connect=false, mConnectionState=DISCONNECTED
03-05 08:45:13.787 D/AccessibilityManagerService(  767): restoreCurrentUserForTestAutomationIfNeededLocked(): ignoring because device doesn't support visible background users
03-05 08:45:13.788 W/libbinder.IPCThreadState(  767): Sending oneway calls to frozen process.
03-05 08:45:13.789 W/libbinder.IPCThreadState(  767): Sending oneway calls to frozen process.
03-05 08:45:13.791 W/libbinder.IPCThreadState(  767): Sending oneway calls to frozen process.
03-05 08:45:13.792 W/libbinder.IPCThreadState(  767): Sending oneway calls to frozen process.
03-05 08:45:13.792 W/libbinder.IPCThreadState(  767): Sending oneway calls to frozen process.
03-05 08:45:13.792 W/libbinder.IPCThreadState(  767): Sending oneway calls to frozen process.
03-05 08:45:13.793 W/libbinder.IPCThreadState(  767): Sending oneway calls to frozen process.
03-05 08:45:13.793 W/libbinder.IPCThreadState(  767): Sending oneway calls to frozen process.
03-05 08:45:13.793 W/libbinder.IPCThreadState(  767): Sending oneway calls to frozen process.
03-05 08:45:13.793 W/libbinder.IPCThreadState(  767): Sending oneway calls to frozen process.
03-05 08:45:13.793 W/libbinder.IPCThreadState(  767): Sending oneway calls to frozen process.
03-05 08:45:13.796 I/AiAiEcho( 1593): Settings changed for uri: content://settings/secure/accessibility_enabled
03-05 08:45:13.796 W/libbinder.IPCThreadState(  767): Sending oneway calls to frozen process.
03-05 08:45:13.796 W/libbinder.IPCThreadState(  767): Sending oneway calls to frozen process.
03-05 08:45:13.796 W/libbinder.IPCThreadState(  767): Sending oneway calls to frozen process.
03-05 08:45:13.796 W/libbinder.IPCThreadState(10374): call to talkWithDriver in joinThreadPool returned error: -9 (Bad file descriptor), FD: -1
03-05 08:45:13.796 W/libbinder.IPCThreadState(  767): Sending oneway calls to frozen process.
03-05 08:45:13.796 D/BatterySaverPolicy(  767): accessibility changed to false, updating policy.
03-05 08:45:13.798 W/libbinder.IPCThreadState(10374): call to talkWithDriver in joinThreadPool returned error: -9 (Bad file descriptor), FD: -1
03-05 08:45:13.798 W/libbinder.IPCThreadState(10374): call to talkWithDriver in joinThreadPool returned error: -9 (Bad file descriptor), FD: -1
03-05 08:45:13.801 D/AndroidRuntime(10374): Shutting down VM
03-05 08:45:13.805 I/AiAiEcho( 1593): Predicting[0]:  [CONTEXT sampling_count=5 ]
03-05 08:45:13.805 I/AiAiEcho( 1593): EchoTargets: 
03-05 08:45:13.805 I/AiAiEcho( 1593): Filtered by AiAi flag check: 
03-05 08:45:13.805 I/AiAiEcho( 1593): [CONTEXT ratelimit_period="10 SECONDS" ]
03-05 08:45:13.806 I/AiAiEcho( 1593): #remoteViewsTwiddler: feature disabled.
03-05 08:45:13.806 E/mapper.ranchu( 9696): getStandardMetadataImpl:886 failure: UNSUPPORTED: id=240: unexpected standardMetadataType=21
03-05 08:45:13.807 I/AiAiEcho( 1593): #postPredictionTargets: Sending updates to UISurface home with targets# 0 (types=[])
03-05 08:45:13.818 E/mapper.ranchu( 9696): getStandardMetadataImpl:886 failure: UNSUPPORTED: id=245: unexpected standardMetadataType=21
03-05 08:45:13.833 E/mapper.ranchu( 9696): getStandardMetadataImpl:886 failure: UNSUPPORTED: id=242: unexpected standardMetadataType=21
03-05 08:45:13.880 E/mapper.ranchu( 9696): getStandardMetadataImpl:886 failure: UNSUPPORTED: id=244: unexpected standardMetadataType=21
03-05 08:45:13.983 E/mapper.ranchu( 9696): getStandardMetadataImpl:886 failure: UNSUPPORTED: id=243: unexpected standardMetadataType=21
03-05 08:45:14.527 E/mapper.ranchu( 9696): getStandardMetadataImpl:886 failure: UNSUPPORTED: id=241: unexpected standardMetadataType=21
03-05 08:45:14.822 W/libbinder.IPCThreadState(  767): Sending oneway calls to frozen process.
03-05 08:45:14.984 E/mapper.ranchu( 9696): getStandardMetadataImpl:886 failure: UNSUPPORTED: id=240: unexpected standardMetadataType=21
03-05 08:45:14.991 D/AndroidRuntime(10437): >>>>>> START com.android.internal.os.RuntimeInit uid 2000 <<<<<<
03-05 08:45:14.999 I/AndroidRuntime(10437): Using default boot image
03-05 08:45:14.999 I/AndroidRuntime(10437): Leaving lock profiling enabled
03-05 08:45:15.002 I/app_process(10437): Using CollectorTypeCMC GC.
03-05 08:45:15.192 I/HalDevMgr(  767): bestIfaceCreationProposal is null, requestIface=STA, existingIface=[name=wlan0 type=STA]
03-05 08:45:15.244 D/nativeloader(10437): InitDefaultPublicLibraries for_preload=1: libandroid.so:libaaudio.so:libamidi.so:libbinder_ndk.so:libc.so:libcamera2ndk.so:libdl.so:libEGL.so:libGLESv1_CM.so:libGLESv2.so:libGLESv3.so:libicu.so:libicui18n.so:libicuuc.so:libjnigraphics.so:liblog.so:libmediandk.so:libm.so:libnativehelper.so:libnativewindow.so:libOpenMAXAL.so:libOpenSLES.so:libRS.so:libstdc++.so:libsync.so:libvulkan.so:libwebviewchromium_plat_support.so:libz.so
03-05 08:45:15.254 D/nativeloader(10437): Load libicu_jni.so using APEX ns com_android_art for caller /apex/com.android.art/javalib/core-oj.jar: ok
03-05 08:45:15.255 D/app_process(10437): u_setTimeZoneFilesDirectory("/apex/com.android.tzdata/etc/tz/versioned/9/icu") succeeded. 
03-05 08:45:15.255 D/app_process(10437): I18n APEX ICU file found: /apex/com.android.i18n/etc/icu/icudt76l.dat
03-05 08:45:15.256 D/nativeloader(10437): Load libjavacore.so using APEX ns com_android_art for caller /apex/com.android.art/javalib/core-oj.jar: ok
03-05 08:45:15.256 D/nativeloader(10437): Load libopenjdk.so using APEX ns com_android_art for caller /apex/com.android.art/javalib/core-oj.jar: ok
03-05 08:45:15.257 I/app_process(10437): Priority-to-niceness mapping: 19, 16, 13, 10, 0, -2, -4, -5, -6, -8
03-05 08:45:15.257 W/app_process(10437): Unexpected CPU variant for x86: x86_64.
03-05 08:45:15.257 W/app_process(10437): Known variants: atom, sandybridge, silvermont, goldmont, goldmont-plus, goldmont-without-sha-xsaves, tremont, kabylake, alderlake, default
03-05 08:45:15.259 W/app_process(10437): ClassLoaderContext shared library size mismatch. Expected=2, found=0 (PCL[]{PCL[/system/framework/android.test.base.jar*1653369819]#PCL[/system/framework/android.test.mock.jar*1009639922]} | PCL[])
03-05 08:45:15.259 W/app_process(10437): ClassLoaderContext classpath size mismatch. expected=0, found=1 (PCL[]{PCL[/system/framework/android.test.runner.jar*3954641918]{PCL[/system/framework/android.test.base.jar*1653369819]#PCL[/system/framework/android.test.mock.jar*1009639922]}#PCL[/system/framework/android.test.base.jar*1653369819]} | PCL[/system/framework/android.test.runner.jar*3954641918])
03-05 08:45:15.277 D/nativeloader(10437): Load libframework-connectivity-tiramisu-jni.so using APEX ns com_android_tethering for caller /apex/com.android.tethering/javalib/framework-connectivity-t.jar: ok
03-05 08:45:15.277 D/AndroidRuntime(10437): Calling main entry com.android.commands.uiautomator.Launcher
03-05 08:45:15.282 I/AconfigPackage(10437): android.media.swcodec.flags is mapped to com.android.media.swcodec
03-05 08:45:15.282 I/AconfigPackage(10437): com.android.permission.flags is mapped to com.android.permission
03-05 08:45:15.282 I/AconfigPackage(10437): com.android.permissioncontroller.flags is mapped to com.android.permission
03-05 08:45:15.282 I/AconfigPackage(10437): com.android.icu is mapped to com.android.i18n
03-05 08:45:15.282 I/AconfigPackage(10437): com.android.appsearch.flags is mapped to com.android.appsearch
03-05 08:45:15.282 I/AconfigPackage(10437): android.uprobestats.mainline.flags is mapped to com.android.uprobestats
03-05 08:45:15.282 I/AconfigPackage(10437): com.android.crashrecovery.flags is mapped to com.android.crashrecovery
03-05 08:45:15.282 I/AconfigPackage(10437): android.provider.flags is mapped to com.android.configinfrastructure
03-05 08:45:15.282 I/AconfigPackage(10437): com.android.server.deviceconfig is mapped to com.android.configinfrastructure
03-05 08:45:15.283 I/AconfigPackage(10437): com.android.compos.flags is mapped to com.android.compos
03-05 08:45:15.283 I/AconfigPackage(10437): com.android.art.flags is mapped to com.android.art
03-05 08:45:15.283 I/AconfigPackage(10437): com.android.art.rw.flags is mapped to com.android.art
03-05 08:45:15.283 I/AconfigPackage(10437): com.android.libcore is mapped to com.android.art
03-05 08:45:15.283 I/AconfigPackage(10437): com.android.telephony.flags is mapped to com.android.telephonycore
03-05 08:45:15.283 I/AconfigPackage(10437): com.android.media.extractor.flags is mapped to com.android.media
03-05 08:45:15.283 I/AconfigPackage(10437): com.android.media.mainline.flags is mapped to com.android.media
03-05 08:45:15.283 I/AconfigPackage(10437): com.android.wifi.flags is mapped to com.android.wifi
03-05 08:45:15.283 I/AconfigPackage(10437): com.android.org.conscrypt.flags is mapped to com.android.conscrypt
03-05 08:45:15.283 I/AconfigPackage(10437): com.android.org.conscrypt.net.flags is mapped to com.android.conscrypt
03-05 08:45:15.283 I/AconfigPackage(10437): com.android.healthfitness.flags is mapped to com.android.healthfitness
03-05 08:45:15.283 I/AconfigPackage(10437): com.android.ipsec.flags is mapped to com.android.ipsec
03-05 08:45:15.283 I/AconfigPackage(10437): com.android.nfc.module.flags is mapped to com.android.nfcservices
