03-05 08:38:54.601 V/WindowManager(  767): deferTransitionReady deferReadyDepth=1 stack=com.android.server.wm.WindowOrganizerController.applyTransaction:658 com.android.server.wm.WindowOrganizerController.applyTransaction:636 com.android.server.wm.WindowOrganizerController.lambda$startTransition$3:377 com.android.server.wm.WindowOrganizerController.$r8$lambda$PHnU0rj5Bcvaq0dL-Wi7kOJt8bo:0 com.android.server.wm.WindowOrganizerController$$ExternalSyntheticLambda5.onCollectStarted:0 
03-05 08:38:54.603 D/b/417220811( 1156): getTasks - updating mResultsUi: 6
03-05 08:38:54.603 D/TasksRepository( 1156): getAllTaskData: oldTasks [], newTasks: [181]
03-05 08:38:54.614 I/libbinder.BpBinder(  607): onLastStrongRef automatically unlinking death recipients for descriptor: '(not cached)'
03-05 08:38:54.634 V/WindowManager(  767): continueTransitionReady deferReadyDepth=0 stack=com.android.server.wm.WindowOrganizerController.applyTransaction:799 com.android.server.wm.WindowOrganizerController.applyTransaction:636 com.android.server.wm.WindowOrganizerController.lambda$startTransition$3:377 com.android.server.wm.WindowOrganizerController.$r8$lambda$PHnU0rj5Bcvaq0dL-Wi7kOJt8bo:0 com.android.server.wm.WindowOrganizerController$$ExternalSyntheticLambda5.onCollectStarted:0 
03-05 08:38:54.638 V/WindowManager(  767): Defer transition id=11 for TaskFragmentTransaction=android.os.Binder@38700f5
03-05 08:38:54.638 D/ViewRootImpl( 1156): Skipping stats log for color mode
03-05 08:38:54.640 V/WindowManager(  767): deferTransitionReady deferReadyDepth=1 stack=com.android.server.wm.TransitionController.deferTransitionReady:1061 com.android.server.wm.TaskFragmentOrganizerController$TaskFragmentOrganizerState.dispatchTransaction:517 com.android.server.wm.TaskFragmentOrganizerController.dispatchPendingEvents:1259 com.android.server.wm.TaskFragmentOrganizerController.dispatchPendingEvents:1228 com.android.server.wm.RootWindowContainer.performSurfacePlacement:777 
03-05 08:38:54.640 D/BaseActivity( 1156): Launcher flags updated: [state_started] +[state_started]
03-05 08:38:54.642 V/ShellRecents( 1018): [39738679] RecentsController.setTransition: id=android.os.BinderProxy@a02ea36
03-05 08:38:54.643 D/LauncherStateManager( 1156): StateManager.goToState: fromState: Normal, toState: Background, partial trace:
03-05 08:38:54.643 D/LauncherStateManager( 1156): 	at com.android.quickstep.BaseActivityInterface$DefaultAnimationFactory.initBackgroundStateUI(go/retraceme 7101499b44b219b757f6885b35ae099b24fc769225595efcaaacae5b0f94500b:39)
03-05 08:38:54.643 D/LauncherStateManager( 1156): 	at com.android.quickstep.LauncherActivityInterface.prepareRecentsUI(go/retraceme 7101499b44b219b757f6885b35ae099b24fc769225595efcaaacae5b0f94500b:9)
03-05 08:38:54.643 D/LauncherStateManager( 1156): 	at com.android.quickstep.AbsSwipeUpHandler.lambda$onLauncherStart$8(go/retraceme 7101499b44b219b757f6885b35ae099b24fc769225595efcaaacae5b0f94500b:16)
03-05 08:38:54.643 D/LauncherStateManager( 1156): StateManager.cancelAnimation: animation ongoing: false, partial trace:
03-05 08:38:54.643 D/LauncherStateManager( 1156): 	at com.android.launcher3.statemanager.StateManager.goToState(go/retraceme 7101499b44b219b757f6885b35ae099b24fc769225595efcaaacae5b0f94500b:29)
03-05 08:38:54.643 D/LauncherStateManager( 1156): 	at com.android.launcher3.statemanager.StateManager.goToState(go/retraceme 7101499b44b219b757f6885b35ae099b24fc769225595efcaaacae5b0f94500b:3)
03-05 08:38:54.643 D/LauncherStateManager( 1156): 	at com.android.quickstep.BaseActivityInterface$DefaultAnimationFactory.initBackgroundStateUI(go/retraceme 7101499b44b219b757f6885b35ae099b24fc769225595efcaaacae5b0f94500b:39)
03-05 08:38:54.643 D/BaseActivity( 1156): Launcher flags updated: [state_started|state_transition_active] +[state_transition_active]
03-05 08:38:54.644 D/LauncherStateManager( 1156): StateManager.onStateTransitionStart: state: Background
03-05 08:38:54.645 D/AllAppsTransitionController( 1156): shouldProtectHeader: false skipScrim: false state: Background stateManager.getState(): Background
03-05 08:38:54.647 D/BaseDepthController( 1156): mSurface is null and mCurrentBlur is: 0
03-05 08:38:54.647 D/BaseDepthController( 1156): mSurface is null and mCurrentBlur is: 0
03-05 08:38:54.647 D/KeyboardInsetsHandler( 1156): setState, toState:Background StateManager(mLastStableState:Normal, mCurrentStableState:Normal, mState:Background, mRestState:Normal, isInTransition:false)
03-05 08:38:54.647 D/KeyboardInsetsHandler( 1156): removePendingImeController: pendingImeController=null
03-05 08:38:54.647 D/ActivityContext( 1156): hideKeyboard
03-05 08:38:54.647 D/ActivityContext( 1156): isImeShown: false
03-05 08:38:54.647 D/BaseActivity( 1156): Launcher flags updated: [state_started] -[state_transition_active]
03-05 08:38:54.647 D/LauncherStateManager( 1156): StateManager.onStateTransitionEnd: state: Background
03-05 08:38:54.650 D/BaseActivity( 1156): Launcher flags updated: [state_started|state_resumed|state_user_active] +[state_resumed|state_user_active]
03-05 08:38:54.650 D/NexusLauncherModelDelegate( 1156): notifySmartspaceEvent: SmartspaceTargetEvent{mSmartspaceTarget=null, mSmartspaceActionId='null', mEventType=6}
03-05 08:38:54.660 D/BackgroundInstallControlService(  767): Package event received: 0
03-05 08:38:54.660 D/BackgroundInstallControlService(  767): Package event received: 0
03-05 08:38:54.660 D/BackgroundInstallControlService(  767): Package event received: 0
03-05 08:38:54.667 D/WallpaperService( 1018): onVisibilityChanged(true): com.android.systemui.wallpapers.ImageWallpaper$CanvasEngine@bde2936
03-05 08:38:54.683 W/TooltipLifecycleManager( 1517): TooltipLifecycleManager.dismissTooltips():153 Tooltip with id SUGGESTION_VIEW_EDU_MINI_DIALOG not found in tooltipManager.
03-05 08:38:54.692 W/InputReader(  767): Received unexpected event (0x35, 0x281) for slot 0 with tracking id 0
03-05 08:38:54.692 W/InputReader(  767): Received unexpected event (0x36, 0x73c) for slot 0 with tracking id 0
03-05 08:38:54.701 W/TooltipLifecycleManager( 1517): TooltipLifecycleManager.dismissTooltips():153 Tooltip with id SUGGESTION_VIEW_EDU_MINI_DIALOG not found in tooltipManager.
03-05 08:38:54.732 W/InputReader(  767): Received unexpected event (0x35, 0x352) for slot 0 with tracking id 0
03-05 08:38:54.732 W/InputReader(  767): Received unexpected event (0x36, 0x76) for slot 0 with tracking id 0
03-05 08:38:54.755 D/VRI[NexusLauncherActivity]( 1156): WindowInsets changed: ime:[0,0,0,1006] 
03-05 08:38:54.768 E/mapper.ranchu( 4688): getStandardMetadataImpl:886 failure: UNSUPPORTED: id=133: unexpected standardMetadataType=21
03-05 08:38:54.781 D/SsBaseTemplateCard( 1156): Passed-in item info is null
03-05 08:38:54.781 D/SsBaseTemplateCard( 1156): Passed-in item info is null
03-05 08:38:54.781 D/SsBaseTemplateCard( 1156): Passed-in item info is null
03-05 08:38:54.781 D/SsBaseTemplateCard( 1156): Passed-in item info is null
03-05 08:38:54.781 I/SsBaseTemplateCard( 1156): Secondary card pane is null
03-05 08:38:54.782 D/OverviewActionsView( 1156): updateForGroupedTask() called with: isGroupedTask = [false], canSaveAppPair = [false]
03-05 08:38:54.782 D/OverviewActionsView( 1156): updateActionButtonsVisibility() called: showSingleTaskActions = [true], showGroupActions = [false]
03-05 08:38:54.790 D/TasksRepository( 1156): updateTaskRequests to: [181], removed: [], added: [181]
03-05 08:38:54.790 I/TasksRepository( 1156): requestTaskData: 181
03-05 08:38:54.790 D/OverviewActionsView( 1156): updateForGroupedTask() called with: isGroupedTask = [false], canSaveAppPair = [false]
03-05 08:38:54.790 D/OverviewActionsView( 1156): updateActionButtonsVisibility() called: showSingleTaskActions = [true], showGroupActions = [false]
03-05 08:38:54.791 E/mapper.ranchu( 4688): getStandardMetadataImpl:886 failure: UNSUPPORTED: id=121: unexpected standardMetadataType=21
03-05 08:38:54.791 D/OverviewActionsView( 1156): updateForGroupedTask() called with: isGroupedTask = [false], canSaveAppPair = [false]
03-05 08:38:54.791 D/OverviewActionsView( 1156): updateActionButtonsVisibility() called: showSingleTaskActions = [true], showGroupActions = [false]
03-05 08:38:54.796 D/BaseDepthController( 1156): setSurface:
03-05 08:38:54.796 D/BaseDepthController( 1156): 	mWaitingOnSurfaceValidity: false
03-05 08:38:54.796 D/BaseDepthController( 1156): 	mBaseSurface: Surface(name=com.google.android.apps.nexuslauncher/com.google.android.apps.nexuslauncher.NexusLauncherActivity#140)/@0x740b225
03-05 08:38:54.796 V/BaseDepthController( 1156): Applying blur: 79 to Surface(name=com.google.android.apps.nexuslauncher/com.google.android.apps.nexuslauncher.NexusLauncherActivity#140)/@0x740b225 applyImmediately: false
03-05 08:38:54.796 D/BaseDepthController( 1156): shouldBlurWorkspace: false targetState: Background currentStableState: Background mCurrentBlur: 79 mLauncher.getDepthBlurTargets(): [com.android.launcher3.Workspace{a714ffa V.ED..... ......ID 0,0-1080,2400 #7f0a049d app:id/workspace}, com.android.launcher3.Hotseat{df969ab I.ED..... .......D 0,1905-1080,2400 #7f0a01ee app:id/hotseat}]
03-05 08:38:54.806 D/LauncherStateManager( 1156): StateManager.cancelAnimation: animation ongoing: false, partial trace:
03-05 08:38:54.806 D/LauncherStateManager( 1156): 	at com.android.launcher3.statemanager.StateManager.setCurrentAnimation(go/retraceme 7101499b44b219b757f6885b35ae099b24fc769225595efcaaacae5b0f94500b:18)
03-05 08:38:54.806 D/LauncherStateManager( 1156): 	at com.android.launcher3.statemanager.StateManager.setCurrentAnimation(go/retraceme 7101499b44b219b757f6885b35ae099b24fc769225595efcaaacae5b0f94500b:29)
03-05 08:38:54.806 D/LauncherStateManager( 1156): 	at com.android.quickstep.BaseActivityInterface$DefaultAnimationFactory.createContainerInterface(go/retraceme 7101499b44b219b757f6885b35ae099b24fc769225595efcaaacae5b0f94500b:25)
03-05 08:38:54.839 E/mapper.ranchu( 4688): getStandardMetadataImpl:886 failure: UNSUPPORTED: id=134: unexpected standardMetadataType=21
03-05 08:38:54.841 W/InputReader(  767): Received unexpected event (0x35, 0x303) for slot 0 with tracking id 0
03-05 08:38:54.841 W/InputReader(  767): Received unexpected event (0x36, 0x7e9) for slot 0 with tracking id 0
03-05 08:38:54.842 D/OverviewActionsView( 1156): updateForGroupedTask() called with: isGroupedTask = [false], canSaveAppPair = [false]
03-05 08:38:54.842 D/OverviewActionsView( 1156): updateActionButtonsVisibility() called: showSingleTaskActions = [true], showGroupActions = [false]
03-05 08:38:54.849 W/TooltipLifecycleManager( 1517): TooltipLifecycleManager.dismissTooltips():153 Tooltip with id SUGGESTION_VIEW_EDU_MINI_DIALOG not found in tooltipManager.
03-05 08:38:54.859 D/ActivityAllAppsContainerView( 1156): rebindAdapters: force: false
03-05 08:38:54.859 D/ActivityAllAppsContainerView( 1156): rebindAdapters: Not needed.
03-05 08:38:54.859 D/b/417220811( 1156): invalidateLoadedTasks - previous requestLoadId: 6
03-05 08:38:54.863 D/TaskThumbnailView( 1156): [TaskThumbnailView@773359] taskId: 181 - uiState changed from: Uninitialized to: LiveTile
03-05 08:38:54.873 E/mapper.ranchu( 4688): getStandardMetadataImpl:886 failure: UNSUPPORTED: id=135: unexpected standardMetadataType=21
03-05 08:38:54.874 D/b/417220811( 1156): Current thumbnail: null, replacing with null
03-05 08:38:54.878 V/WindowManager(  767): Continue transition id=11 for TaskFragmentTransaction=android.os.Binder@38700f5
03-05 08:38:54.889 I/StylusModule( 1517): StylusModule.onUpdateToolType():774 Update tool type = 0
03-05 08:38:54.892 V/WindowManager(  767): continueTransitionReady deferReadyDepth=0 stack=com.android.server.wm.TransitionController.continueTransitionReady:1071 com.android.server.wm.TaskFragmentOrganizerController$TaskFragmentOrganizerState.onTransactionFinished:546 com.android.server.wm.TaskFragmentOrganizerController.onTransactionHandled:740 android.window.ITaskFragmentOrganizerController$Stub.onTransact:225 android.os.Binder.execTransactInternal:1473 
03-05 08:38:54.932 W/AS.PlaybackActivityMon(  767): No piid assigned for invalid/internal port id 15
03-05 08:38:54.934 W/InputReader(  767): Received unexpected event (0x35, 0x398) for slot 0 with tracking id 0
03-05 08:38:54.934 W/InputReader(  767): Received unexpected event (0x36, 0x67a) for slot 0 with tracking id 0
03-05 08:38:54.935 E/mapper.ranchu( 4688): getStandardMetadataImpl:886 failure: UNSUPPORTED: id=136: unexpected standardMetadataType=21
03-05 08:38:54.946 E/mapper.ranchu( 4688): getStandardMetadataImpl:886 failure: UNSUPPORTED: id=128: unexpected standardMetadataType=21
03-05 08:38:54.952 W/TooltipLifecycleManager( 1517): TooltipLifecycleManager.dismissTooltips():153 Tooltip with id SUGGESTION_VIEW_EDU_MINI_DIALOG not found in tooltipManager.
03-05 08:38:54.954 E/mapper.ranchu( 4688): getStandardMetadataImpl:886 failure: UNSUPPORTED: id=129: unexpected standardMetadataType=21
03-05 08:38:54.983 D/AudioFlinger(  598): mixer(0x7fb36c33a790) throttle end: throttle time(33)
03-05 08:38:54.984 V/WindowManagerShell( 1018): onTransitionReady(transaction=3294239917104)
03-05 08:38:54.988 V/WindowManager(  767): Sent Transition (#11) createdAt=03-05 08:38:54.588
03-05 08:38:54.988 V/WindowManager(  767):     startWCT=WindowContainerTransaction { changes= {} hops= [{pendingIntent: options=Bundle[{android.activity.splashScreenStyle=-1, android.activity.sourceInfo=android.app.ActivityOptions$SourceInfo@34e4dd7, android.pendingIntent.backgroundActivityAllowed=3, android.activity.launchDisplayId=0, android:activity.animAbortListener=null, android.activity.transientLaunch=true}]}] errorCallbackToken=null taskFragmentOrganizer=null }
03-05 08:38:54.990 V/WindowManager(  767):     info={id=11 t=FIRST_CUSTOM+21 f=0x80 trk=0 r=[0@Point(0, 0)] c=[
03-05 08:38:54.990 V/WindowManager(  767):         {WCT{RemoteToken{81f1ab3 Task{9aa8768 #1 type=home}}} m=TO_FRONT f=SHOW_WALLPAPER|MOVE_TO_TOP leash=Surface(name=Task=1#44)/@0xee943b1 sb=Rect(0, 0 - 1080, 2400) eb=Rect(0, 0 - 1080, 2400) epz=Point(1080, 2400) d=0 taskParent=-1 winMode=1 userId=0},
03-05 08:38:54.990 V/WindowManager(  767):         {WCT{RemoteToken{9d69ed Task{a31f857 #181 type=standard I=com.sportpass.app/.MainActivity}}} m=TO_BACK f=NONE leash=Surface(name=Task=181#114)/@0x7d7f096 sb=Rect(0, 0 - 1080, 2400) eb=Rect(0, 0 - 1080, 2400) epz=Point(1080, 2400) d=0 taskParent=-1 winMode=1 userId=0},
03-05 08:38:54.990 V/WindowManager(  767):         {m=TO_FRONT f=IS_WALLPAPER leash=Surface(name=WallpaperWindowToken{9e000cc}#60)/@0x88bd658 sb=Rect(0, 0 - 1080, 2400) eb=Rect(0, 0 - 1080, 2400) epz=Point(1080, 2400) d=0}
03-05 08:38:54.990 V/WindowManager(  767):     ]}
03-05 08:38:54.992 V/WindowManagerShell( 1018): onTransitionReady (#11) android.os.BinderProxy@a02ea36: {id=11 t=FIRST_CUSTOM+21 f=0x80 trk=0 r=[0@Point(0, 0)] c=[
03-05 08:38:54.992 V/WindowManagerShell( 1018):         {m=TO_FRONT f=SHOW_WALLPAPER|MOVE_TO_TOP leash=Surface(name=Task=1#44)/@0x21ea2a4 sb=Rect(0, 0 - 1080, 2400) eb=Rect(0, 0 - 1080, 2400) epz=Point(1080, 2400) d=0 taskParent=-1 winMode=1 userId=0},
03-05 08:38:54.992 V/WindowManagerShell( 1018):         {m=TO_BACK f=NONE leash=Surface(name=Task=181#114)/@0xb71680d sb=Rect(0, 0 - 1080, 2400) eb=Rect(0, 0 - 1080, 2400) epz=Point(1080, 2400) d=0 taskParent=-1 winMode=1 userId=0},
03-05 08:38:54.992 V/WindowManagerShell( 1018):         {m=TO_FRONT f=IS_WALLPAPER leash=Surface(name=WallpaperWindowToken{9e000cc}#60)/@0x40b73c2 sb=Rect(0, 0 - 1080, 2400) eb=Rect(0, 0 - 1080, 2400) epz=Point(1080, 2400) d=0}
03-05 08:38:54.992 V/WindowManagerShell( 1018):     ]}
03-05 08:38:54.993 V/WindowManagerShell( 1018): Playing animation for (#11) android.os.BinderProxy@a02ea36@0
03-05 08:38:54.993 V/WindowManagerShell( 1018):  try firstHandler com.android.wm.shell.recents.RecentsTransitionHandler@dcc216a
03-05 08:38:54.993 V/ShellRecents( 1018): [39738679] RecentsController.start
03-05 08:38:54.994 V/ShellRecents( 1018):   not handling home taskId=1
03-05 08:38:54.994 V/ShellRecents( 1018):   adding pausing leaf taskId=181 at layer=8
03-05 08:38:54.995 V/ShellRecents( 1018): Applying transaction=3294239917104
03-05 08:38:54.996 V/ShellRecents( 1018): No matching remote found to takeover (#11)
03-05 08:38:54.996 V/ShellSplitScreen( 1018): getSplitBoundsForTaskId: expected split bounds for taskId=181 but not found
03-05 08:38:54.996 V/ShellRecents( 1018): [39738679] RecentsController.start: calling onAnimationStart with 2 apps
03-05 08:38:54.999 V/WindowManagerShell( 1018): PipDesktopState: Recents transition state changed: TRANSITION_STATE_ANIMATING
03-05 08:38:54.999 D/RemoteTargetGluer( 1156): containsSplitTargets? false handleLength: 10 appsLength: 1
03-05 08:38:54.999 D/RemoteTargetGluer( 1156): appCount: 1 handleLength: 10
03-05 08:38:54.999 D/RemoteTargetGluer( 1156): Reduce handles, count: 1
03-05 08:38:54.999 V/WindowManagerShell( 1018):  animated by firstHandler
03-05 08:38:54.999 D/RecentsView( 1156): setRecentsAnimationTargets - recentsAnimationController: com.android.quickstep.RecentsAnimationController@33f907e, recentsAnimationTargets: com.android.quickstep.RecentsAnimationTargets@f8b19df
03-05 08:38:55.000 D/RemoteTargetGluer( 1156): containsSplitTargets? false handleLength: 1 appsLength: 1
03-05 08:38:55.000 D/RemoteTargetGluer( 1156): appCount: 1 handleLength: 1
03-05 08:38:55.000 D/Bubbles ( 1018): onLocusVisibilityChanged=Overview|ENABLED visible=true taskId=1
03-05 08:38:55.000 D/RecentsView( 1156): onPrepareGestureEndAnimation - endTarget: LAST_TASK
03-05 08:38:55.022 E/mapper.ranchu( 4688): getStandardMetadataImpl:886 failure: UNSUPPORTED: id=122: unexpected standardMetadataType=21
03-05 08:38:55.024 I/StylusModule( 1517): StylusModule.onUpdateToolType():774 Update tool type = 0
03-05 08:38:55.033 I/RanchuHwc(  562): logCompositionFallbackIfChanged: layer 11 CompositionType fallback from 2 to 1
03-05 08:38:55.039 W/TooltipLifecycleManager( 1517): TooltipLifecycleManager.dismissTooltips():153 Tooltip with id SUGGESTION_VIEW_EDU_MINI_DIALOG not found in tooltipManager.
03-05 08:38:55.070 E/mapper.ranchu( 4688): getStandardMetadataImpl:886 failure: UNSUPPORTED: id=119: unexpected standardMetadataType=21
03-05 08:38:55.072 D/StatsLog( 1156): LAUNCHER_QUICKSWITCH_RIGHT
03-05 08:38:55.074 D/ContextTracker( 1156): Unregistering callback: com.android.launcher3.LauncherInitListener@7e1fbaf, reason=AbsSwipeUpHandler.invalidateHandler
03-05 08:38:55.075 V/ShellRecents( 1018): [39738679] RecentsController.finishInner: toHome=false userLeave=false willFinishToHome=false state=0 hasPausingTasks=true reason=requested
03-05 08:38:55.075 V/ShellRecents( 1018):   returning to app
03-05 08:38:55.075 V/ShellRecents( 1018):   reorder task#181 to top
03-05 08:38:55.075 V/ShellRecents( 1018): [39738679] RecentsController.finishInner: Queuing TRANSIT_END_RECENTS_TRANSITION
03-05 08:38:55.075 V/WindowManagerShell( 1018): Directly starting a new transition type=END_RECENTS_TRANSITION(FIRST_CUSTOM+22) wct=WindowContainerTransaction { changes= {} hops= [{reorder: android.os.BinderProxy@88034da to top}, {restoreTransientOrder: container=android.os.BinderProxy@ff5bc2f reparent=null mToTop=false mWindowingMode=null mActivityType=null}] errorCallbackToken=null taskFragmentOrganizer=null } handler=com.android.wm.shell.recents.RecentsTransitionHandler$RecentsController$PendingFinishTransitionHandler@651a23c
03-05 08:38:55.075 V/WindowManager(  767): deferTransitionReady deferReadyDepth=1 stack=com.android.server.wm.WindowOrganizerController.applyTransaction:658 com.android.server.wm.WindowOrganizerController.applyTransaction:636 com.android.server.wm.WindowOrganizerController.lambda$startTransition$3:377 com.android.server.wm.WindowOrganizerController.$r8$lambda$PHnU0rj5Bcvaq0dL-Wi7kOJt8bo:0 com.android.server.wm.WindowOrganizerController$$ExternalSyntheticLambda5.onCollectStarted:0 
03-05 08:38:55.077 D/LauncherStateManager( 1156): StateManager.goToState: fromState: Background, toState: Background, partial trace:
03-05 08:38:55.077 D/LauncherStateManager( 1156): 	at com.android.quickstep.BaseActivityInterface$DefaultAnimationFactory.lambda$createContainerInterface$0(go/retraceme 7101499b44b219b757f6885b35ae099b24fc769225595efcaaacae5b0f94500b:28)
03-05 08:38:55.077 D/LauncherStateManager( 1156): 	at com.android.quickstep.BaseActivityInterface$DefaultAnimationFactory.a(go/retraceme 7101499b44b219b757f6885b35ae099b24fc769225595efcaaacae5b0f94500b:1)
03-05 08:38:55.077 D/LauncherStateManager( 1156): 	at com.android.quickstep.BaseActivityInterface$DefaultAnimationFactory$$ExternalSyntheticLambda0.run(go/retraceme 7101499b44b219b757f6885b35ae099b24fc769225595efcaaacae5b0f94500b:5)
03-05 08:38:55.077 D/LauncherStateManager( 1156): StateManager.onRepeatStateSetAborted: state: Background
03-05 08:38:55.078 D/OverviewActionsView( 1156): updateForGroupedTask() called with: isGroupedTask = [false], canSaveAppPair = [false]
03-05 08:38:55.078 D/OverviewActionsView( 1156): updateActionButtonsVisibility() called: showSingleTaskActions = [true], showGroupActions = [false]
03-05 08:38:55.078 D/OverviewActionsView( 1156): updateForGroupedTask() called with: isGroupedTask = [false], canSaveAppPair = [false]
03-05 08:38:55.078 D/OverviewActionsView( 1156): updateActionButtonsVisibility() called: showSingleTaskActions = [true], showGroupActions = [false]
03-05 08:38:55.078 D/RecentsView( 1156): onGestureAnimationEnd - mEnableDrawingLiveTile: false
03-05 08:38:55.079 W/InputReader(  767): Received unexpected event (0x35, 0x229) for slot 0 with tracking id 0
03-05 08:38:55.079 W/InputReader(  767): Received unexpected event (0x36, 0x802) for slot 0 with tracking id 0
03-05 08:38:55.080 D/LauncherStateManager( 1156): StateManager.goToState: fromState: Background, toState: Background, partial trace:
03-05 08:38:55.080 D/LauncherStateManager( 1156): 	at com.android.quickstep.BaseContainerInterface.onTransitionCancelled(go/retraceme 7101499b44b219b757f6885b35ae099b24fc769225595efcaaacae5b0f94500b:64)
03-05 08:38:55.080 D/LauncherStateManager( 1156): 	at com.android.quickstep.AbsSwipeUpHandler.resetStateForAnimationCancel(go/retraceme 7101499b44b219b757f6885b35ae099b24fc769225595efcaaacae5b0f94500b:22)
03-05 08:38:55.080 D/LauncherStateManager( 1156): 	at com.android.quickstep.AbsSwipeUpHandler.Z(go/retraceme 7101499b44b219b757f6885b35ae099b24fc769225595efcaaacae5b0f94500b:1)
03-05 08:38:55.080 D/LauncherStateManager( 1156): StateManager.onRepeatStateSetAborted: state: Background
03-05 08:38:55.082 E/mapper.ranchu( 4688): getStandardMetadataImpl:886 failure: UNSUPPORTED: id=130: unexpected standardMetadataType=21
03-05 08:38:55.093 V/WindowManager(  767): continueTransitionReady deferReadyDepth=0 stack=com.android.server.wm.WindowOrganizerController.applyTransaction:799 com.android.server.wm.WindowOrganizerController.applyTransaction:636 com.android.server.wm.WindowOrganizerController.lambda$startTransition$3:377 com.android.server.wm.WindowOrganizerController.$r8$lambda$PHnU0rj5Bcvaq0dL-Wi7kOJt8bo:0 com.android.server.wm.WindowOrganizerController$$ExternalSyntheticLambda5.onCollectStarted:0 
03-05 08:38:55.095 V/WindowManager(  767): Defer transition id=12 for TaskFragmentTransaction=android.os.Binder@f58d6c4
03-05 08:38:55.095 D/b/417220811( 1156): Task id: 181, thumbnailData: ThumbnailData(thumbnail=null, orientation=0, rotation=-1, insets=Rect(0, 0 - 0, 0), letterboxInsets=Rect(0, 0 - 0, 0), reducedResolution=false, isRealSnapshot=true, isTranslucent=false, windowingMode=0, appearance=0, scale=1.0, snapshotId=0), isLocked: false
03-05 08:38:55.095 D/TaskThumbnailView( 1156): [TaskThumbnailView@773359] taskId: 181 - uiState changed from: LiveTile to: BackgroundOnly(backgroundColor=-1)
03-05 08:38:55.097 E/mapper.ranchu( 4688): getStandardMetadataImpl:886 failure: UNSUPPORTED: id=118: unexpected standardMetadataType=21
03-05 08:38:55.099 V/WindowManager(  767): deferTransitionReady deferReadyDepth=1 stack=com.android.server.wm.TransitionController.deferTransitionReady:1061 com.android.server.wm.TaskFragmentOrganizerController$TaskFragmentOrganizerState.dispatchTransaction:517 com.android.server.wm.TaskFragmentOrganizerController.dispatchPendingEvents:1259 com.android.server.wm.TaskFragmentOrganizerController.dispatchPendingEvents:1228 com.android.server.wm.RootWindowContainer.performSurfacePlacement:777 
03-05 08:38:55.105 V/WindowManager(  767): Continue transition id=12 for TaskFragmentTransaction=android.os.Binder@f58d6c4
03-05 08:38:55.107 V/WindowManager(  767): continueTransitionReady deferReadyDepth=0 stack=com.android.server.wm.TransitionController.continueTransitionReady:1071 com.android.server.wm.TaskFragmentOrganizerController$TaskFragmentOrganizerState.onTransactionFinished:546 com.android.server.wm.TaskFragmentOrganizerController.onTransactionHandled:740 android.window.ITaskFragmentOrganizerController$Stub.onTransact:225 android.os.Binder.execTransactInternal:1473 
03-05 08:38:55.107 D/b/417220811( 1156): invalidateLoadedTasks - previous requestLoadId: -1
03-05 08:38:55.120 V/WindowManager(  767): Sent Transition (#12) createdAt=03-05 08:38:55.075
03-05 08:38:55.121 V/WindowManager(  767):     startWCT=WindowContainerTransaction { changes= {} hops= [{reorder: RemoteToken{9d69ed Task{a31f857 #181 type=standard I=com.sportpass.app/.MainActivity}} to top}, {restoreTransientOrder: container=RemoteToken{81f1ab3 Task{9aa8768 #1 type=home}} reparent=null mToTop=false mWindowingMode=null mActivityType=null}] errorCallbackToken=null taskFragmentOrganizer=null }
03-05 08:38:55.121 V/WindowManager(  767):     info={id=12 t=FIRST_CUSTOM+22 f=0x0 trk=0 r=[0@Point(0, 0)] c=[
03-05 08:38:55.121 V/WindowManager(  767):         {WCT{RemoteToken{9d69ed Task{a31f857 #181 type=standard I=com.sportpass.app/.MainActivity}}} m=CHANGE f=MOVE_TO_TOP leash=Surface(name=Task=181#114)/@0x7d7f096 sb=Rect(0, 0 - 1080, 2400) eb=Rect(0, 0 - 1080, 2400) epz=Point(1080, 2400) d=0 taskParent=-1 winMode=1 userId=0},
03-05 08:38:55.121 V/WindowManager(  767):         {WCT{RemoteToken{81f1ab3 Task{9aa8768 #1 type=home}}} m=TO_BACK f=SHOW_WALLPAPER leash=Surface(name=Task=1#44)/@0xee943b1 sb=Rect(0, 0 - 1080, 2400) eb=Rect(0, 0 - 1080, 2400) epz=Point(1080, 2400) d=0 taskParent=-1 winMode=1 userId=0},
03-05 08:38:55.121 V/WindowManager(  767):         {m=TO_BACK f=IS_WALLPAPER leash=Surface(name=WallpaperWindowToken{9e000cc}#60)/@0x88bd658 sb=Rect(0, 0 - 1080, 2400) eb=Rect(0, 0 - 1080, 2400) epz=Point(1080, 2400) d=0}
03-05 08:38:55.121 V/WindowManager(  767):     ]}
03-05 08:38:55.121 I/HalDevMgr(  767): bestIfaceCreationProposal is null, requestIface=STA, existingIface=[name=wlan0 type=STA]
03-05 08:38:55.122 I/StylusModule( 1517): StylusModule.onUpdateToolType():774 Update tool type = 0
03-05 08:38:55.127 V/WindowManagerShell( 1018): onTransitionReady(transaction=3294239917121)
03-05 08:38:55.127 V/WindowManagerShell( 1018): onTransitionReady (#12) android.os.BinderProxy@6988bc5: {id=12 t=FIRST_CUSTOM+22 f=0x0 trk=0 r=[0@Point(0, 0)] c=[
03-05 08:38:55.127 V/WindowManagerShell( 1018):         {m=CHANGE f=MOVE_TO_TOP leash=Surface(name=Task=181#114)/@0x8e7b91a sb=Rect(0, 0 - 1080, 2400) eb=Rect(0, 0 - 1080, 2400) epz=Point(1080, 2400) d=0 taskParent=-1 winMode=1 userId=0},
03-05 08:38:55.127 V/WindowManagerShell( 1018):         {m=TO_BACK f=SHOW_WALLPAPER leash=Surface(name=Task=1#44)/@0x92bec4b sb=Rect(0, 0 - 1080, 2400) eb=Rect(0, 0 - 1080, 2400) epz=Point(1080, 2400) d=0 taskParent=-1 winMode=1 userId=0},
03-05 08:38:55.127 V/WindowManagerShell( 1018):         {m=TO_BACK f=IS_WALLPAPER leash=Surface(name=WallpaperWindowToken{9e000cc}#60)/@0x6b4a628 sb=Rect(0, 0 - 1080, 2400) eb=Rect(0, 0 - 1080, 2400) epz=Point(1080, 2400) d=0}
03-05 08:38:55.127 V/WindowManagerShell( 1018):     ]}
03-05 08:38:55.127 V/WindowManagerShell( 1018): Transition (#12) android.os.BinderProxy@6988bc5@0 ready while (#11) android.os.BinderProxy@a02ea36@0 is still animating. Notify the animating transition in case they can be merged
03-05 08:38:55.127 V/ShellRecents( 1018): [39738679] RecentsController.merge: TRANSIT_END_RECENTS_TRANSITION
03-05 08:38:55.127 V/ShellRecents( 1018): [39738679] RecentsController.merge: consuming merge
03-05 08:38:55.128 V/WindowManagerShell( 1018): Transition was merged: (#12) android.os.BinderProxy@6988bc5@0 into (#11) android.os.BinderProxy@a02ea36@0
03-05 08:38:55.128 V/ShellRecents( 1018): [39738679] PendingFinishTransitionHandler.onTransitionConsumed: Consumed pending finish transition
03-05 08:38:55.128 V/ShellRecents( 1018): [39738679] RecentsController.finishInner: Completing finish
03-05 08:38:55.128 V/ShellRecents( 1018): [39738679] RecentsController.cleanup
03-05 08:38:55.128 V/WindowManagerShell( 1018): PipDesktopState: Recents transition state changed: TRANSITION_STATE_NOT_RUNNING
03-05 08:38:55.128 V/WindowManagerShell( 1018): Transition animation finished (aborted=false), notifying core (#11) android.os.BinderProxy@a02ea36@0
03-05 08:38:55.135 V/WindowManager(  767): Finish Transition (#11): created at 03-05 08:38:54.588 collect-started=0.497ms started=0.649ms ready=303.206ms sent=360.241ms commit=79.54ms finished=542.268ms
03-05 08:38:55.142 D/BaseActivity( 1156): Launcher flags updated: [state_started|state_resumed] -[state_user_active]
03-05 08:38:55.142 D/BaseActivity( 1156): Launcher flags updated: [state_started] -[state_resumed]
03-05 08:38:55.143 W/SplitSelectStateCtor( 1156): Missing session instanceIds
03-05 08:38:55.143 D/StatsLog( 1156): LAUNCHER_SPLIT_SELECTION_EXIT_INTERRUPTED
03-05 08:38:55.143 D/WallpaperService( 1018): onVisibilityChanged(false): com.android.systemui.wallpapers.ImageWallpaper$CanvasEngine@bde2936
03-05 08:38:55.146 V/WindowManagerShell( 1018): Track 0 became idle
03-05 08:38:55.146 V/WindowManagerShell( 1018): All active transition animations finished
03-05 08:38:55.146 V/ShellRecents( 1018): [39738679] RecentsController.finishInner: calling finish callback
03-05 08:38:55.146 V/WindowManagerShell( 1018): Track 0 became idle
03-05 08:38:55.146 V/WindowManagerShell( 1018): All active transition animations finished
03-05 08:38:55.146 V/WindowManager(  767): Finish Transition (#12): created at 03-05 08:38:55.075 collect-started=0.037ms started=0.059ms ready=34.694ms sent=41.607ms commit=15.023ms finished=69.295ms
03-05 08:38:55.147 D/Bubbles ( 1018): onLocusVisibilityChanged=Overview|ENABLED visible=false taskId=1
03-05 08:38:55.150 D/VRI[NexusLauncherActivity]( 1156): visibilityChanged oldVisibility=true newVisibility=false
03-05 08:38:55.150 D/RecentsView( 1156): updateTaskStackListenerState: false
03-05 08:38:55.150 D/NexusLauncherModelDelegate( 1156): notifySmartspaceEvent: SmartspaceTargetEvent{mSmartspaceTarget=null, mSmartspaceActionId='null', mEventType=7}
03-05 08:38:55.154 E/mapper.ranchu( 4688): getStandardMetadataImpl:886 failure: UNSUPPORTED: id=137: unexpected standardMetadataType=21
03-05 08:38:55.162 E/mapper.ranchu( 4688): getStandardMetadataImpl:886 failure: UNSUPPORTED: id=131: unexpected standardMetadataType=21
03-05 08:38:55.163 D/BackgroundInstallControlService(  767): Package event received: 0
03-05 08:38:55.171 D/BaseActivity( 1156): Launcher flags updated: [] -[state_started]
03-05 08:38:55.171 D/BaseDepthController( 1156): setSurface:
03-05 08:38:55.171 D/BaseDepthController( 1156): 	mWaitingOnSurfaceValidity: false
03-05 08:38:55.171 D/BaseDepthController( 1156): 	mBaseSurface: null
03-05 08:38:55.171 E/mapper.ranchu( 4688): getStandardMetadataImpl:886 failure: UNSUPPORTED: id=132: unexpected standardMetadataType=21
03-05 08:38:55.171 D/BaseDepthController( 1156): mSurface is null and mCurrentBlur is: 79
03-05 08:38:55.172 D/LauncherStateManager( 1156): StateManager.goToState: fromState: Background, toState: Normal, partial trace:
03-05 08:38:55.172 D/LauncherStateManager( 1156): 	at com.android.launcher3.statemanager.StateManager.moveToRestState(go/retraceme 7101499b44b219b757f6885b35ae099b24fc769225595efcaaacae5b0f94500b:6)
03-05 08:38:55.172 D/LauncherStateManager( 1156): 	at com.android.launcher3.statemanager.StateManager.moveToRestState(go/retraceme 7101499b44b219b757f6885b35ae099b24fc769225595efcaaacae5b0f94500b:2)
03-05 08:38:55.172 D/LauncherStateManager( 1156): 	at com.android.launcher3.statemanager.StatefulActivity.onStop(go/retraceme 7101499b44b219b757f6885b35ae099b24fc769225595efcaaacae5b0f94500b:32)
03-05 08:38:55.173 D/LauncherStateManager( 1156): StateManager.cancelAnimation: animation ongoing: false, partial trace:
03-05 08:38:55.173 D/LauncherStateManager( 1156): 	at com.android.launcher3.statemanager.StateManager.goToState(go/retraceme 7101499b44b219b757f6885b35ae099b24fc769225595efcaaacae5b0f94500b:29)
03-05 08:38:55.173 D/LauncherStateManager( 1156): 	at com.android.launcher3.statemanager.StateManager.goToState(go/retraceme 7101499b44b219b757f6885b35ae099b24fc769225595efcaaacae5b0f94500b:3)
03-05 08:38:55.173 D/LauncherStateManager( 1156): 	at com.android.launcher3.statemanager.StateManager.moveToRestState(go/retraceme 7101499b44b219b757f6885b35ae099b24fc769225595efcaaacae5b0f94500b:6)
03-05 08:38:55.173 D/BaseActivity( 1156): Launcher flags updated: [state_transition_active] +[state_transition_active]
03-05 08:38:55.173 D/LauncherStateManager( 1156): StateManager.onStateTransitionStart: state: Normal
03-05 08:38:55.174 D/AllAppsTransitionController( 1156): shouldProtectHeader: false skipScrim: false state: Normal stateManager.getState(): Normal
03-05 08:38:55.175 D/BaseDepthController( 1156): mSurface is null and mCurrentBlur is: 79
03-05 08:38:55.175 D/KeyboardInsetsHandler( 1156): setState, toState:Normal StateManager(mLastStableState:Normal, mCurrentStableState:Background, mState:Normal, mRestState:Normal, isInTransition:false)
03-05 08:38:55.175 D/KeyboardInsetsHandler( 1156): removePendingImeController: pendingImeController=null
03-05 08:38:55.175 D/ActivityContext( 1156): hideKeyboard
03-05 08:38:55.175 D/ActivityContext( 1156): isImeShown: true
03-05 08:38:55.175 D/ActivityContext( 1156): hideKeyboard: calling wic.hide() because isImeShown is true
03-05 08:38:55.175 D/InsetsController( 1156): hide(ime())
03-05 08:38:55.176 I/ImeTracker( 1156): com.google.android.apps.nexuslauncher:283747: onRequestHide at ORIGIN_CLIENT reason HIDE_SOFT_INPUT_BY_INSETS_API fromUser false
03-05 08:38:55.176 I/ImeTracker( 1156): com.google.android.apps.nexuslauncher:283747: onCancelled at PHASE_CLIENT_ALREADY_HIDDEN
03-05 08:38:55.176 D/StatsLog( 1156): LAUNCHER_ALLAPPS_KEYBOARD_CLOSED
03-05 08:38:55.176 D/BaseActivity( 1156): Launcher flags updated: [] -[state_transition_active]
03-05 08:38:55.176 D/BackgroundInstallControlService(  767): Package event received: 0
03-05 08:38:55.176 D/LauncherStateManager( 1156): StateManager.onStateTransitionEnd: state: Normal
03-05 08:38:55.185 D/RecentsView( 1156): reset - mEnableDrawingLiveTile: false, mRecentsAnimationController: com.android.quickstep.RecentsAnimationController@33f907e
03-05 08:38:55.186 I/StylusModule( 1517): StylusModule.onUpdateToolType():774 Update tool type = 0
03-05 08:38:55.186 D/RecentsView( 1156): cleanupRemoteTargets - mRemoteTargetHandles: [com.android.quickstep.RemoteTargetGluer$RemoteTargetHandle@d6872c7]
03-05 08:38:55.186 D/TaskThumbnailView( 1156): [TaskThumbnailView@773359] taskId: null - uiState changed from: BackgroundOnly(backgroundColor=-1) to: Uninitialized
03-05 08:38:55.187 D/ActivityAllAppsContainerView( 1156): rebindAdapters: force: false
03-05 08:38:55.187 D/ActivityAllAppsContainerView( 1156): rebindAdapters: Not needed.
03-05 08:38:55.188 D/TaskVisualsChangedDelegateImpl( 1156): onHighResLoadingStateChanged(enabled = false)
03-05 08:38:55.188 D/ActivityContext( 1156): hideKeyboard
03-05 08:38:55.188 D/ActivityContext( 1156): isImeShown: true
03-05 08:38:55.188 D/ActivityContext( 1156): hideKeyboard: calling wic.hide() because isImeShown is true
03-05 08:38:55.188 D/InsetsController( 1156): hide(ime())
03-05 08:38:55.188 I/ImeTracker( 1156): com.google.android.apps.nexuslauncher:7fc43a0: onRequestHide at ORIGIN_CLIENT reason HIDE_SOFT_INPUT_BY_INSETS_API fromUser false
03-05 08:38:55.188 I/ImeTracker( 1156): com.google.android.apps.nexuslauncher:7fc43a0: onCancelled at PHASE_CLIENT_ALREADY_HIDDEN
03-05 08:38:55.188 D/StatsLog( 1156): LAUNCHER_ALLAPPS_KEYBOARD_CLOSED
03-05 08:38:55.188 D/StatsLog( 1156): LAUNCHER_ONSTOP
03-05 08:38:55.191 D/StatsLog( 1156): LAUNCHER_GOOGLE_SEARCH_RESTORE_LIST_SIZE_AFTER_ACTIVITY_RESTART
03-05 08:38:55.197 W/TooltipLifecycleManager( 1517): TooltipLifecycleManager.dismissTooltips():153 Tooltip with id SUGGESTION_VIEW_EDU_MINI_DIALOG not found in tooltipManager.
03-05 08:38:55.209 D/OverviewActionsView( 1156): updateForGroupedTask() called with: isGroupedTask = [false], canSaveAppPair = [false]
03-05 08:38:55.209 D/OverviewActionsView( 1156): updateActionButtonsVisibility() called: showSingleTaskActions = [true], showGroupActions = [false]
03-05 08:38:55.210 E/mapper.ranchu( 4688): getStandardMetadataImpl:886 failure: UNSUPPORTED: id=120: unexpected standardMetadataType=21
03-05 08:38:55.216 D/TasksRepository( 1156): updateTaskRequests to: [], removed: [181], added: []
03-05 08:38:55.216 I/TasksRepository( 1156): removeTasks: [181]
03-05 08:38:55.234 D/BackgroundInstallControlService(  767): Package event received: 0
03-05 08:38:55.240 E/mapper.ranchu( 4688): getStandardMetadataImpl:886 failure: UNSUPPORTED: id=133: unexpected standardMetadataType=21
03-05 08:38:55.242 I/StylusModule( 1517): StylusModule.onUpdateToolType():774 Update tool type = 0
03-05 08:38:55.263 D/b/417220811( 1156): invalidateLoadedTasks - previous requestLoadId: -1
03-05 08:38:55.280 E/mapper.ranchu( 4688): getStandardMetadataImpl:886 failure: UNSUPPORTED: id=121: unexpected standardMetadataType=21
03-05 08:38:55.284 W/TooltipLifecycleManager( 1517): TooltipLifecycleManager.dismissTooltips():153 Tooltip with id SUGGESTION_VIEW_EDU_MINI_DIALOG not found in tooltipManager.
03-05 08:38:55.311 E/mapper.ranchu( 4688): getStandardMetadataImpl:886 failure: UNSUPPORTED: id=134: unexpected standardMetadataType=21
03-05 08:38:55.318 W/InputReader(  767): Received unexpected event (0x35, 0x29) for slot 0 with tracking id 0
03-05 08:38:55.318 W/InputReader(  767): Received unexpected event (0x36, 0x49) for slot 0 with tracking id 0
03-05 08:38:55.332 W/System  ( 1156): A resource failed to call release. 
03-05 08:38:55.332 W/System  ( 1156): A resource failed to call release. 
03-05 08:38:55.332 W/System  ( 1156): A resource failed to call release. 
03-05 08:38:55.333 W/System  ( 1156): A resource failed to call release. 
03-05 08:38:55.340 D/ShellBackPreview( 1018): Finishing gesture with event action: 1
03-05 08:38:55.340 D/ShellBackPreview( 1018): onGestureFinished called while no gesture is started
03-05 08:38:55.360 I/StylusModule( 1517): StylusModule.onUpdateToolType():774 Update tool type = 0
03-05 08:38:55.364 W/TooltipLifecycleManager( 1517): TooltipLifecycleManager.dismissTooltips():153 Tooltip with id SUGGESTION_VIEW_EDU_MINI_DIALOG not found in tooltipManager.
03-05 08:38:55.389 E/mapper.ranchu( 4688): getStandardMetadataImpl:886 failure: UNSUPPORTED: id=135: unexpected standardMetadataType=21
03-05 08:38:55.404 W/InputReader(  767): Received unexpected event (0x35, 0x27f) for slot 0 with tracking id 0
03-05 08:38:55.404 W/InputReader(  767): Received unexpected event (0x36, 0x461) for slot 0 with tracking id 0
03-05 08:38:55.452 W/InputReader(  767): Received unexpected event (0x35, 0x105) for slot 0 with tracking id 0
03-05 08:38:55.452 W/InputReader(  767): Received unexpected event (0x36, 0x932) for slot 0 with tracking id 0
03-05 08:38:55.475 E/mapper.ranchu( 4688): getStandardMetadataImpl:886 failure: UNSUPPORTED: id=136: unexpected standardMetadataType=21
03-05 08:38:55.486 D/OtherActivityInputConsumer( 1156): ACTION_DOWN: mIsDeferredDownTarget=true
03-05 08:38:55.498 D/OtherActivityInputConsumer( 1156): ACTION_MOVE: passedSlop=false ( false || (389.0 >= 881.73364 && true ))
03-05 08:38:55.498 D/OtherActivityInputConsumer( 1156): ACTION_MOVE: mPassedPilferInputSlop=false
03-05 08:38:55.498 I/NavHandleLongPressHandler( 1156): Contextual Search invocation: touch finished with reason: touch action up
03-05 08:38:55.499 D/OtherActivityInputConsumer( 1156): finishTouchTracking: mPassedWindowMoveSlop=false
03-05 08:38:55.500 D/OtherActivityInputConsumer( 1156): finishTouchTracking: mInteractionHandler=null
03-05 08:38:55.500 D/OtherActivityInputConsumer( 1156): finishTouchTracking: ev=MotionEvent { action=ACTION_UP, actionButton=0, id[0]=0, x[0]=266.0, y[0]=2355.0, toolType[0]=TOOL_TYPE_FINGER, buttonState=0, classification=NONE, metaState=0, flags=0x0, edgeFlags=0x0, pointerCount=1, historySize=0, eventTime=211726, downTime=211725, deviceId=15, source=0x1002, displayId=0, eventId=657431667 }
03-05 08:38:55.500 D/OtherActivityInputConsumer( 1156): finishTouchTracking: mActiveCallbacks=null
03-05 08:38:55.503 I/StylusModule( 1517): StylusModule.onUpdateToolType():774 Update tool type = 0
03-05 08:38:55.541 E/mapper.ranchu( 4688): getStandardMetadataImpl:886 failure: UNSUPPORTED: id=128: unexpected standardMetadataType=21
03-05 08:38:55.554 I/StylusModule( 1517): StylusModule.onUpdateToolType():774 Update tool type = 0
03-05 08:38:55.558 W/TooltipLifecycleManager( 1517): TooltipLifecycleManager.dismissTooltips():153 Tooltip with id SUGGESTION_VIEW_EDU_MINI_DIALOG not found in tooltipManager.
03-05 08:38:55.592 E/mapper.ranchu( 4688): getStandardMetadataImpl:886 failure: UNSUPPORTED: id=129: unexpected standardMetadataType=21
03-05 08:38:55.599 W/InputReader(  767): Received unexpected event (0x35, 0x256) for slot 0 with tracking id 0
03-05 08:38:55.599 W/InputReader(  767): Received unexpected event (0x36, 0x3a9) for slot 0 with tracking id 0
03-05 08:38:55.607 I/ImeTracker( 4531): com.sportpass.app:62352a4: onRequestShow at ORIGIN_CLIENT reason SHOW_SOFT_INPUT fromUser false
03-05 08:38:55.607 D/InsetsController( 4531): show(ime())
03-05 08:38:55.607 I/ImeTracker( 4531): com.sportpass.app:62352a4: onCancelled at PHASE_CLIENT_APPLY_ANIMATION
03-05 08:38:55.611 E/mapper.ranchu( 4688): getStandardMetadataImpl:886 failure: UNSUPPORTED: id=122: unexpected standardMetadataType=21
03-05 08:38:55.612 V/AutofillSession(  767): Primary service component name: ComponentInfo{com.google.android.gms/com.google.android.gms.autofill.service.AutofillService}, secondary service component name: ComponentInfo{com.android.credentialmanager/com.android.credentialmanager.autofill.CredentialAutofillService}
03-05 08:38:55.612 W/.gms.persistent( 1313): Suspending all threads took: 19.240ms
03-05 08:38:55.613 V/SecondaryProviderHandler(  767): Creating a secondary provider handler with component name, ComponentInfo{com.android.credentialmanager/com.android.credentialmanager.autofill.CredentialAutofillService}
03-05 08:38:55.613 I/GoogleInputMethodService( 1517): GoogleInputMethodService.onStartInput():1384 onStartInput(EditorInfo{EditorInfo{packageName=com.sportpass.app, inputType=8021, inputTypeString=EmailAddress[AutoCorrect], enableLearning=true, autoCorrection=true, autoComplete=true, imeOptions=2000005, privateImeOptions=null, actionName=NEXT, actionLabel=null, initialSelStart=3, initialSelEnd=3, initialCapsMode=0, label=null, fieldId=1, fieldName=null, extras=Bundle[mParcelledData.dataSize=168], hintText=null, hintLocales=[]}}, true)
03-05 08:38:55.613 W/SessionManager( 1517): SessionManager.beginSession():53 Try to begin an already begun session [INPUT_SESSION], end it first
03-05 08:38:55.613 W/SessionManager( 1517): SessionManager.endSession():96 Child session [INPUT_VIEW_SESSION] is not ended while ending session [{INPUT_SESSION=1772689132080, INPUT_VIEW_SESSION=1772689133359, IME_SESSION=1772689133362}], ending it now.
03-05 08:38:55.613 W/SessionManager( 1517): SessionManager.endSession():96 Child session [IME_SESSION] is not ended while ending session [{INPUT_SESSION=1772689132080, INPUT_VIEW_SESSION=1772689133359, IME_SESSION=1772689133362}], ending it now.
03-05 08:38:55.615 I/HardKeyTracker( 1517): HardKeyTracker.registerKeySequence():178 Register key sequence ohy{labelResId=0, callback=gun@761ba03, lastModifier=0, keyCodes=[57, 57], actions=[1, 0]}
03-05 08:38:55.615 I/HardKeyTracker( 1517): HardKeyTracker.registerKeySequence():178 Register key sequence ohy{labelResId=0, callback=gun@c9b4d80, lastModifier=0, keyCodes=[58, 58], actions=[1, 0]}
03-05 08:38:55.616 I/Module  ( 1517): DeviceLockedStatusModuleProvider$Module.updateDeviceLockedStatus():103 repeatCheckTimes = 1, locked = false
03-05 08:38:55.616 D/PresentationStatsEventLogger(  767): Started new PresentationStatsEvent
03-05 08:38:55.616 W/FillRequestEventLogger(  767): Couldn't find packageName: com.google.android.inputmethod.latin
03-05 08:38:55.617 I/GoogleInputMethodService( 1517): GoogleInputMethodService.onStartInputView():1472 onStartInputView(EditorInfo{EditorInfo{packageName=com.sportpass.app, inputType=8021, inputTypeString=EmailAddress[AutoCorrect], enableLearning=true, autoCorrection=true, autoComplete=true, imeOptions=2000005, privateImeOptions=null, actionName=NEXT, actionLabel=null, initialSelStart=3, initialSelEnd=3, initialCapsMode=0, label=null, fieldId=1, fieldName=null, extras=Bundle[{androidx.core.view.inputmethod.EditorInfoCompat.STYLUS_HANDWRITING_ENABLED=true}], hintText=null, hintLocales=[]}}, true)
03-05 08:38:55.617 I/AndroidIME( 1517): AbstractIme.onDeactivate():213 PasswordIme.onDeactivate()
03-05 08:38:55.618 W/PackageConfigPersister(  767): App-specific configuration not found for packageName: com.sportpass.app and userId: 0
03-05 08:38:55.618 W/SessionManager( 1517): SessionManager.endSession():88 Try to end a not begun session [IME_SESSION].
03-05 08:38:55.619 I/KeyboardHeightUtil( 1517): KeyboardHeightUtil.getOemKeyboardHeightRatio():81 systemKeyboardHeightRatio:1.000000.
03-05 08:38:55.621 W/ModuleManager( 1517): ModuleManager.loadModule():578 Module pdt is not available
03-05 08:38:55.624 I/AssistStructure( 4531): Flattened final assist data: 508 bytes, containing 1 windows, 3 views
03-05 08:38:55.624 D/AutofillSession(  767): createPendingIntent for request 992
03-05 08:38:55.625 D/ContentCapturePerUserService(  767): Notified activity assist data for activity: Token{b3b6f44 ActivityRecord{168132054 u0 com.sportpass.app/.MainActivity t181}} without a session Id
03-05 08:38:55.625 W/TooltipLifecycleManager( 1517): TooltipLifecycleManager.dismissTooltips():153 Tooltip with id SUGGESTION_VIEW_EDU_MINI_DIALOG not found in tooltipManager.
03-05 08:38:55.626 I/AndroidIME( 1517): InputBundleManager.loadActiveInputBundleId():531 loadActiveInputBundleId: en-US, ime_english_united_states
03-05 08:38:55.626 I/AndroidIME( 1517): AbstractIme.onActivate():95 LatinIme.onActivate() : EditorInfo = EditorInfo{packageName=com.sportpass.app, inputType=8021, inputTypeString=EmailAddress[AutoCorrect], enableLearning=true, autoCorrection=true, autoComplete=true, imeOptions=2000005, privateImeOptions=null, actionName=NEXT, actionLabel=null, initialSelStart=3, initialSelEnd=3, initialCapsMode=0, label=null, fieldId=1, fieldName=null, extras=Bundle[{androidx.core.view.inputmethod.EditorInfoCompat.STYLUS_HANDWRITING_ENABLED=true}], hintText=null, hintLocales=[]}, IncognitoMode = false, DeviceLocked = false
03-05 08:38:55.628 I/Delight5Facilitator( 1517): Delight5Facilitator.initializeForIme():745 initializeForIme() : Locale = [en_US], layout = qwerty
03-05 08:38:55.628 I/Delight5Facilitator( 1517): Delight5Facilitator.resetDecoder():917 resetDecoder() : Locale = [en_US]
03-05 08:38:55.629 I/Delight5Decoder( 1517): Delight5DecoderWrapper.createOrResetDecoder():398 Decoder reset
03-05 08:38:55.629 I/NebulaeTrainingCacheMetricsProcessor( 1517): NebulaeTrainingCacheMetricsProcessor.processBeginSession():247 Begin training cache session: com.sportpass.app_1/
03-05 08:38:55.639 W/InputReader(  767): Received unexpected event (0x35, 0x300) for slot 0 with tracking id 0
03-05 08:38:55.639 W/InputReader(  767): Received unexpected event (0x36, 0x1e5) for slot 0 with tracking id 0
03-05 08:38:55.647 E/mapper.ranchu( 4688): getStandardMetadataImpl:886 failure: UNSUPPORTED: id=119: unexpected standardMetadataType=21
03-05 08:38:55.655 E/mapper.ranchu( 4688): getStandardMetadataImpl:886 failure: UNSUPPORTED: id=130: unexpected standardMetadataType=21
03-05 08:38:55.681 W/InputReader(  767): Received unexpected event (0x35, 0x56) for slot 0 with tracking id 0
03-05 08:38:55.681 W/InputReader(  767): Received unexpected event (0x36, 0x2d2) for slot 0 with tracking id 0
03-05 08:38:55.727 W/InputReader(  767): Received unexpected event (0x35, 0x13c) for slot 0 with tracking id 0
03-05 08:38:55.727 W/InputReader(  767): Received unexpected event (0x36, 0x931) for slot 0 with tracking id 0
03-05 08:38:55.733 D/OtherActivityInputConsumer( 1156): ACTION_DOWN: mIsDeferredDownTarget=true
03-05 08:38:55.733 I/NavHandleLongPressHandler( 1156): Contextual Search invocation: touch finished with reason: touch action up
03-05 08:38:55.734 D/OtherActivityInputConsumer( 1156): finishTouchTracking: mPassedWindowMoveSlop=false
03-05 08:38:55.734 D/OtherActivityInputConsumer( 1156): finishTouchTracking: mInteractionHandler=null
03-05 08:38:55.734 D/OtherActivityInputConsumer( 1156): finishTouchTracking: ev=MotionEvent { action=ACTION_UP, actionButton=0, id[0]=0, x[0]=318.0, y[0]=2350.0, toolType[0]=TOOL_TYPE_FINGER, buttonState=0, classification=NONE, metaState=0, flags=0x0, edgeFlags=0x0, pointerCount=1, historySize=0, eventTime=212002, downTime=212001, deviceId=15, source=0x1002, displayId=0, eventId=128454555 }
03-05 08:38:55.734 D/OtherActivityInputConsumer( 1156): finishTouchTracking: mActiveCallbacks=null
03-05 08:38:55.734 I/MainLanguageModelLoader( 1517): MainLanguageModelLoader.loadInternal():151 Running LM loader for [en_US]
03-05 08:38:55.734 I/LatinIme( 1517): LatinIme.updateEnableInlineSuggestionsOnDecoderSideFlags():1255 inline flag updated to:false
