03-05 08:38:48.201 I/ManifestedDataDownloader( 1517): ManifestedDataDownloader.checkVersionAndDownload():98 filegroup __KLP_delight__en-840 with version 2025120900 is already downloaded
03-05 08:38:48.201 I/ManifestedDataDownloader( 1517): ManifestedDataDownloader.checkVersionAndDownload():98 filegroup __KLP_delight__en-840 with version 2025120900 is already downloaded
03-05 08:38:48.201 I/DelightKLPDownloader( 1517): DelightKLPDownloader$2.onSuccess():233 klp en_840 downloaded with version 2025120900
03-05 08:38:48.201 I/DelightKLPDownloader( 1517): DelightKLPDownloader$2.onSuccess():233 klp en_840 downloaded with version 2025120900
03-05 08:38:48.203 I/SuperDelight( 1517): SuperDelightManager.initializeBundledDelightSuperpacks():357 initializeBundledDelightSuperpacks()
03-05 08:38:48.204 I/EmojiSuperpacksManager( 1517): EmojiSuperpacksManager.triggerSync():386 triggerSync(2) : isBundled=true, isUserInitiated=false
03-05 08:38:48.204 I/EmojiSuperpacksManager( 1517): EmojiSuperpacksManager.sync():475 Registering manifest for bundled_emoji
03-05 08:38:48.204 I/EmojiShortcutsLoader( 1517): EmojiShortcutsLoader.getEmojiShortcuts():132 Emoji shortcut file does not exist.
03-05 08:38:48.204 I/EmojiShortcutsLoader( 1517): EmojiShortcutsLoader.call():71 0 emoji shortcut maps loaded.
03-05 08:38:48.204 I/SP      ( 1517): Registering bundled_delight.2025121000, url: null, constraints: *:*:*:*, flags: *, requested: 2025121000, current: 2025121000
03-05 08:38:48.204 I/SP      ( 1517): Registering emoji.2025081522, url: https://www.gstatic.com/android/keyboard/modelpack/emoji/20250815223343/superpacks_manifest.zip, constraints: m:*:*:*, flags: *, requested: 2025081522, current: 2025081522
03-05 08:38:48.204 I/EmojiShortcutsLoader( 1517): EmojiShortcutsLoader.call():82 Finished loading emoji shortcuts
03-05 08:38:48.204 I/Delight5Facilitator( 1517): EmailLanguageModelLoader.call():33 Running email language model loader
03-05 08:38:48.204 I/Delight5Facilitator( 1517): KeyCorrectionTfliteModelLoader.call():32 Running Key Correction Tflite Model loader
03-05 08:38:48.204 I/SuperDelight( 1517): SuperDelightManager.syncOverridesLanguageModels():620 SuperDelightManager#syncOverridesLanguageModels(): Superpack delight_overrides not found or negative version provided
03-05 08:38:48.205 I/KeyboardWrapper( 1517): KeyboardWrapper.activateKeyboard():582 activateKeyboard(): type=prime, status=INACTIVE, imeDef=nkh{stringId=ime_english_united_states, language=en-US, languageTag=en-US, processedConditions={writing_helper_enable_by_word_revert=false, true=true, enable_number_row=false, device=phone, enable_pk_simulator=false}, className=com.google.android.apps.inputmethod.libs.latin5.LatinIme, label=0, keyEventInterpreter=null, inlineComposing=true, autoCapital=true, announceAutoSelectedCandidate=true, statusIcon=0, indicatorIcon=0, indicatorLabel=US, displayAppCompletions=true, extraValues=nka{#0x7f0b02e2=TypedValue{t=0x3/d=0x0 "com.google.android.apps.inputmethod.libs.latin5.LatinIme"}}, processors=nlz@1e4d8c3, unacceptableMetaKeys=4098, languageSpecificSettings=0, asciiCapable=true, alwaysShowSuggestions=false, useAsciiPasswordKeyboard=false, keyboardGroupDef=nli@d33bd07, phenotypeFlagId=0, localizationLanguageTag=null, supportsInlineSuggestion=true}
03-05 08:38:48.205 I/SuperDelight( 1517): SuperDelightManager.syncOverridesLanguageModels():620 SuperDelightManager#syncOverridesLanguageModels(): Superpack delight_overrides not found or negative version provided
03-05 08:38:48.205 I/KeyboardManager( 1517): KeyboardManager.requestKeyboard():249 Creating keyboard prime, imeId=ime_english_united_states, cacheKey=theme,!gsf,!pgsans,!pgsf,!use_system_font,BORDER,FLAVOR_DPI=XXHDPI,IS_LIGHT,KEYBOARD_WIDTH_CATEGORY=NORMAL,KEY_BORDER_SHAPE=1,LIGHT_THEME=true,PHYSICAL_DIAGONAL=5.972393,POPUP,SCREEN_SHORTEST_WIDTH=411,SCREEN_SHORTEST_WIDTH_NO_SCALE=411,SW400DP,XXHDPI,bottom4dp,enable_popup_on_keypress=true,keyboard_redesign_google_sans=true,non_linear_scale,noshadow,overlay_builtin_dynamic_color_light_base.binarypb:gm3-light-fffaf8fe-ff4c5e8b-4fb1adea13304a190d4abf12326cf60c,silkpopup
03-05 08:38:48.206 I/KeyboardWrapper( 1517): KeyboardWrapper.onKeyboardReady():224 onKeyboardReady(): type=null(prime), kb=com.google.android.apps.inputmethod.latin.keyboard.LatinPrimeKeyboard@55ff5f7
03-05 08:38:48.206 I/KeyboardWrapper( 1517): KeyboardWrapper.doActivateKeyboard():612 doActivateKeyboard(): prime
03-05 08:38:48.207 I/SP      ( 1517): Registering bundled_delight.2025121000, url: null, constraints: *:*:*:*, flags: *, requested: 2025121000, current: 2025121000
03-05 08:38:48.208 I/SuperDelight( 1517): SuperDelightManager$2.onSuccess():498 delight_overrides sync success, adding to data file manager
03-05 08:38:48.209 I/SuperDelight( 1517): SuperDelightManager$2.onSuccess():498 delight_overrides sync success, adding to data file manager
03-05 08:38:48.209 I/SP      ( 1517): Registering bundled_emoji.2025011518, url: null, constraints: m:*:*:*, flags: *, requested: 2025011518, current: 2025011518
03-05 08:38:48.210 I/SP      ( 1517): Registering kc_tflite_model.2024052201, url: https://www.gstatic.com/android/keyboard/kc_triggering_model/superpacks-manifest-20240423_102657.json, constraints: W:*:*:*, flags: bg, requested: 2024052201, current: 2024052201
03-05 08:38:48.210 I/SP      ( 1517): Registering kc_tflite_model.2024052201, url: https://www.gstatic.com/android/keyboard/kc_triggering_model/superpacks-manifest-20240423_102657.json, constraints: W:*:*:*, flags: bg, requested: 2024052201, current: 2024052201
03-05 08:38:48.211 I/SP      ( 1517): Registering kc_tflite_model.2024052201, url: https://www.gstatic.com/android/keyboard/kc_triggering_model/superpacks-manifest-20240423_102657.json, constraints: W:*:*:*, flags: bg, requested: 2024052201, current: 2024052201
03-05 08:38:48.211 I/SP      ( 1517): Registering kc_tflite_model.2024052201, url: https://www.gstatic.com/android/keyboard/kc_triggering_model/superpacks-manifest-20240423_102657.json, constraints: W:*:*:*, flags: bg, requested: 2024052201, current: 2024052201
03-05 08:38:48.211 I/SP      ( 1517): Registering kc_tflite_model.2024052201, url: https://www.gstatic.com/android/keyboard/kc_triggering_model/superpacks-manifest-20240423_102657.json, constraints: W:*:*:*, flags: bg, requested: 2024052201, current: 2024052201
03-05 08:38:48.211 I/SuperDelight( 1517): SuperDelightManager.syncBundledLanguageModels():695 SuperDelightManager#syncBundledLanguageModels(): Syncing for version 2025121000
03-05 08:38:48.211 I/SuperDelight( 1517): SuperDelightManager.syncBundledLanguageModels():695 SuperDelightManager#syncBundledLanguageModels(): Syncing for version 2025121000
03-05 08:38:48.211 I/CrankEngineLocales( 1517): CrankEngineLocales.getLocaleToUseForCrankEngine():66 Using locale en_US for emoji prediction
03-05 08:38:48.211 I/CrankEngineLocales( 1517): CrankEngineLocales.getLocaleToUseForCrankEngine():66 Using locale en_US for emoji prediction
03-05 08:38:48.211 I/CrankEngineLocales( 1517): CrankEngineLocales.getLocaleToUseForCrankEngine():66 Using locale en_US for emoji prediction
03-05 08:38:48.213 I/EmojiSlicingStrategy( 1517): EmojiSlicingStrategy.matchEnabledLocalesWithPackLocales():129 matchEnabledLocalesWithPackLocales() : User enabled 1 locales; returning 1 slices
03-05 08:38:48.213 I/SP      ( 1517): Syncing emoji (2025081522) with slices: [{62a32c6ad94db1ab86cebbe06b49eb2a, m:*:*:*}], metadata: false
03-05 08:38:48.217 I/CrankEngineLocales( 1517): CrankEngineLocales.getLocaleToUseForCrankEngine():66 Using locale en_US for emoji prediction
03-05 08:38:48.217 I/CrankEngineLocales( 1517): CrankEngineLocales.getLocaleToUseForCrankEngine():66 Using locale en_US for emoji prediction
03-05 08:38:48.262 I/EmojiSlicingStrategy( 1517): EmojiSlicingStrategy.matchEnabledLocalesWithPackLocales():129 matchEnabledLocalesWithPackLocales() : User enabled 1 locales; returning 1 slices
03-05 08:38:48.262 I/SP      ( 1517): Syncing bundled_emoji (2025011518) with slices: [{2b8bc459159046c494d928dec1c678ff, m:*:*:*}], metadata: false
03-05 08:38:48.263 I/SuperDelight( 1517): SuperDelightBundledSlicingStrategy.getSlices():41 BundledSlicing#getSlices() : Locale = [en_US]
03-05 08:38:48.263 I/SuperDelight( 1517): SuperDelightBundledSlicingStrategy.getSlices():67 BundledSlicing#getSlices(): result {slices=[bundled_delight:main_en_us_2025090100_2], last batch=true, sync metadata=false}
03-05 08:38:48.263 I/SP      ( 1517): Syncing bundled_delight (2025121000) with slices: [main_en_us_2025090100_2], metadata: false
03-05 08:38:48.263 I/SP      ( 1517): Syncing kc_tflite_model (2024052201) with slices: [{tflite-kc-en_us_key_pair-20240423_102657, m:*:*:*}], metadata: false
03-05 08:38:48.263 I/SP      ( 1517): Syncing kc_tflite_model (2024052201) with slices: [{tflite-kc-en_us_key_pair-20240423_102657, m:*:*:*}], metadata: false
03-05 08:38:48.264 I/SP      ( 1517): Syncing kc_tflite_model (2024052201) with slices: [{tflite-kc-en_us_key_pair-20240423_102657, m:*:*:*}], metadata: false
03-05 08:38:48.264 I/SP      ( 1517): Syncing kc_tflite_model (2024052201) with slices: [{tflite-kc-en_us_key_pair-20240423_102657, m:*:*:*}], metadata: false
03-05 08:38:48.265 I/SuperDelight( 1517): SuperDelightBundledSlicingStrategy.getSlices():41 BundledSlicing#getSlices() : Locale = [en_US]
03-05 08:38:48.265 I/SuperDelight( 1517): SuperDelightBundledSlicingStrategy.getSlices():67 BundledSlicing#getSlices(): result {slices=[bundled_delight:main_en_us_2025090100_2], last batch=true, sync metadata=false}
03-05 08:38:48.265 I/SP      ( 1517): Syncing bundled_delight (2025121000) with slices: [main_en_us_2025090100_2], metadata: false
03-05 08:38:48.265 I/CrankEngineLocales( 1517): CrankEngineLocales.getLocaleToUseForCrankEngine():66 Using locale en_US for emoji prediction
03-05 08:38:48.265 I/SP      ( 1517): Syncing kc_tflite_model (2024052201) with slices: [{tflite-kc-en_us_key_pair-20240423_102657, m:*:*:*}], metadata: false
03-05 08:38:48.268 I/KeyboardViewHelper( 1517): KeyboardViewHelper.getView():180 Get view with height ratio:1.000000
03-05 08:38:48.303 I/FontLog ( 1313): (REDACTED) Received query %s, URI %s
03-05 08:38:48.303 I/FontLog ( 1313): (REDACTED) Query [%s] resolved to %s
03-05 08:38:48.312 I/tflite  ( 1517): Initialized TensorFlow Lite runtime.
03-05 08:38:48.313 I/FontLog ( 1313): (REDACTED) Font PFD returned from cache for %s
03-05 08:38:48.313 I/FontLog ( 1313): (REDACTED) Fetch %s end status %s
03-05 08:38:48.329 I/FontLog ( 1313): (REDACTED) Pulling font file for id = %d, cache size = %d
03-05 08:38:48.341 I/FontLog ( 1313): (REDACTED) Received query %s, URI %s
03-05 08:38:48.346 I/FontLog ( 1313): (REDACTED) Query [%s] resolved to %s
03-05 08:38:48.347 I/FontLog ( 1313): (REDACTED) Font PFD returned from cache for %s
03-05 08:38:48.347 I/FontLog ( 1313): (REDACTED) Fetch %s end status %s
03-05 08:38:48.347 I/BaseKeyboardSizeHelper( 1517): BaseKeyboardSizeHelper.calculateMaxKeyboardBodyHeight():73 leave 281 height for app when ime window height:2264, header height:116 and isFullscreenMode:false, so the max keyboard body height is:1867
03-05 08:38:48.347 I/SoftKeyboardView( 1517): SoftKeyboardView.setMaxHeight():1102 Set max keyboard height:1867.
03-05 08:38:48.349 I/AndroidIME( 1517): KeyboardViewManager.updateKeyboardBackgroundFrameVisibility():360 Set background frame visibility. old:8, new:8
03-05 08:38:48.352 I/BaseKeyboardSizeHelper( 1517): BaseKeyboardSizeHelper.calculateMaxKeyboardBodyHeight():73 leave 281 height for app when ime window height:2264, header height:116 and isFullscreenMode:false, so the max keyboard body height is:1867
03-05 08:38:48.352 I/BaseKeyboardSizeHelper( 1517): BaseKeyboardSizeHelper.calculateMaxKeyboardBodyHeight():73 leave 281 height for app when ime window height:2264, header height:116 and isFullscreenMode:false, so the max keyboard body height is:1867
03-05 08:38:48.353 I/GlobeKeyExtension( 1517): GlobeKeyExtension.getKeyboardInitialStates():175 
03-05 08:38:48.355 W/KeyboardDef( 1517): KeyboardDef.getKeyboardViewDef():739 KeyboardViewDef is not found: keyboardDef=nlc{processedConditions={show_comma_key=true, enable_more_candidates_view_for_multilingual=false, layout_9key_split=false, enable_secondary_symbols=false, pref_enable_flick_symbols=false, language=en-US, deprecate_long_press_space_for_ime_picker=false, expressions=normal, android_software_xr_api_spatial=false, variant=qwerty, show_period_key=true, device=phone, keyboard_mode=normal, show_secondary_digits=true, enable_pk_simulator=false, enable_preemptive_decode=true}, globalConditions={global_theme_key=theme,!gsf,!pgsans,!pgsf,!use_system_font,BORDER,FLAVOR_DPI=XXHDPI,IS_LIGHT,KEYBOARD_WIDTH_CATEGORY=NORMAL,KEY_BORDER_SHAPE=1,LIGHT_THEME=true,PHYSICAL_DIAGONAL=5.972393,POPUP,SCREEN_SHORTEST_WIDTH=411,SCREEN_SHORTEST_WIDTH_NO_SCALE=411,SW400DP,XXHDPI,bottom4dp,enable_popup_on_keypress=true,keyboard_redesign_google_sans=true,non_linear_scale,noshadow,overlay_builtin_dynamic_color_light_base.binarypb:gm3-light-fffaf8fe-ff4c5e8b-4fb1adea13304a190d4abf12326cf60c,silkpopup, global_locale=en_US, global_density_dpi=420, global_orientation=1}, className=.latin.keyboard.LatinPrimeKeyboard, resourceIds=[#0x7f1705f9, #0x7f17088b], initialStates=0, keyboardViewDefs=[nlq{direction=null, id=#0x7f0b0225, isScalable=true, layoutId=#0x7f0e0379, type=BODY, touchable=true, defaultShow=true}, nlq{direction=null, id=#0x7f0b0225, isScalable=false, layoutId=#0x7f0e020f, type=FLOATING_CANDIDATES, touchable=false, defaultShow=false}, nlq{direction=LOCALE, id=#0x7f0b0225, isScalable=false, layoutId=#0x7f0e0516, type=HEADER, touchable=true, defaultShow=true}], persistentStates=0, persistentStatesPrefKey=null, popupBubbleLayoutId=#0x7f0e0604, recentKeyLayoutId=#0x0, recentKeyPopupLayoutId=#0x0, recentKeyType=null, rememberRecentKey=NONE, sessionStates=17592186044419}, type=WIDGET, id=2131427877
03-05 08:38:48.355 W/Keyboard( 1517): Keyboard.getKeyboardViewHelper():604 null helper is returned: keyboardDef=nlc{processedConditions={show_comma_key=true, enable_more_candidates_view_for_multilingual=false, layout_9key_split=false, enable_secondary_symbols=false, pref_enable_flick_symbols=false, language=en-US, deprecate_long_press_space_for_ime_picker=false, expressions=normal, android_software_xr_api_spatial=false, variant=qwerty, show_period_key=true, device=phone, keyboard_mode=normal, show_secondary_digits=true, enable_pk_simulator=false, enable_preemptive_decode=true}, globalConditions={global_theme_key=theme,!gsf,!pgsans,!pgsf,!use_system_font,BORDER,FLAVOR_DPI=XXHDPI,IS_LIGHT,KEYBOARD_WIDTH_CATEGORY=NORMAL,KEY_BORDER_SHAPE=1,LIGHT_THEME=true,PHYSICAL_DIAGONAL=5.972393,POPUP,SCREEN_SHORTEST_WIDTH=411,SCREEN_SHORTEST_WIDTH_NO_SCALE=411,SW400DP,XXHDPI,bottom4dp,enable_popup_on_keypress=true,keyboard_redesign_google_sans=true,non_linear_scale,noshadow,overlay_builtin_dynamic_color_light_base.binarypb:gm3-light-fffaf8fe-ff4c5e8b-4fb1adea13304a190d4abf12326cf60c,silkpopup, global_locale=en_US, global_density_dpi=420, global_orientation=1}, className=.latin.keyboard.LatinPrimeKeyboard, resourceIds=[#0x7f1705f9, #0x7f17088b], initialStates=0, keyboardViewDefs=[nlq{direction=null, id=#0x7f0b0225, isScalable=true, layoutId=#0x7f0e0379, type=BODY, touchable=true, defaultShow=true}, nlq{direction=null, id=#0x7f0b0225, isScalable=false, layoutId=#0x7f0e020f, type=FLOATING_CANDIDATES, touchable=false, defaultShow=false}, nlq{direction=LOCALE, id=#0x7f0b0225, isScalable=false, layoutId=#0x7f0e0516, type=HEADER, touchable=true, defaultShow=true}], persistentStates=0, persistentStatesPrefKey=null, popupBubbleLayoutId=#0x7f0e0604, recentKeyLayoutId=#0x0, recentKeyPopupLayoutId=#0x0, recentKeyType=null, rememberRecentKey=NONE, sessionStates=17592186044419}, type=WIDGET, helpersCreated={HEADER=mwp@7aa8bd1, BODY=mwp@edd6636, FLOATING_CANDIDATES=mwp@d2d2937}, context.getResources().getConfiguration(): {1.0 310mcc260mnc [en_US] ldltr sw411dp w411dp h914dp 420dpi nrml long compactNeeded port finger qwerty/v/v dpad/v winConfig={ mBounds=Rect(0, 0 - 1080, 2400) mAppBounds=Rect(0, 0 - 1080, 2400) mMaxBounds=Rect(0, 0 - 1080, 2400) mDisplayRotation=ROTATION_0 mWindowingMode=fullscreen mActivityType=undefined mAlwaysOnTop=undefined mRotation=ROTATION_0} as.3 s.32 fontWeightAdjustment=0}
03-05 08:38:48.357 I/FontLog ( 1313): (REDACTED) Pulling font file for id = %d, cache size = %d
03-05 08:38:48.358 I/MotionEventHandlerManager( 1517): MotionEventHandlerManager.newHandlerInstance():562 Created handler instance from HiltMotionEventHandlerFactory .libs.latin5.handler.HeaderMotionEventHandler
03-05 08:38:48.358 I/MotionEventHandlerManager( 1517): MotionEventHandlerManager.newHandlerInstance():562 Created handler instance from HiltMotionEventHandlerFactory .libs.latin5.handler.LatinMotionEventHandler
03-05 08:38:48.358 I/MotionEventHandlerManager( 1517): MotionEventHandlerManager.newHandlerInstance():562 Created handler instance from HiltMotionEventHandlerFactory .libs.latin5.handler.LatinPreemptiveDecodeHandler
03-05 08:38:48.358 I/MotionEventHandlerManager( 1517): MotionEventHandlerManager.newHandlerInstance():562 Created handler instance from HiltMotionEventHandlerFactory .libs.latin5.handler.LatinGestureMotionEventHandler
03-05 08:38:48.358 I/MotionEventHandlerManager( 1517): MotionEventHandlerManager.newHandlerInstance():562 Created handler instance from HiltMotionEventHandlerFactory .motioneventhandler.ScrubDeleteMotionEventHandler
03-05 08:38:48.358 I/MotionEventHandlerManager( 1517): MotionEventHandlerManager.newHandlerInstance():562 Created handler instance from HiltMotionEventHandlerFactory .inlinesuggestion.InlineSuggestionScrubSpaceMotionEventHandler
03-05 08:38:48.359 I/MotionEventHandlerManager( 1517): MotionEventHandlerManager.newHandlerInstance():562 Created handler instance from HiltMotionEventHandlerFactory .motioneventhandler.ScrubMoveMotionEventHandler
03-05 08:38:48.360 I/MotionEventHandlerManager( 1517): MotionEventHandlerManager.newHandlerInstance():574 Created handler instance from reflection .libs.latin5.handler.LatinKeyboardLayoutHandler: com.google.android.apps.inputmethod.libs.latin5.handler.LatinKeyboardLayoutHandler@452082f
03-05 08:38:48.360 I/MotionEventHandlerManager( 1517): MotionEventHandlerManager.newHandlerInstance():562 Created handler instance from HiltMotionEventHandlerFactory com.google.android.libraries.inputmethod.motioneventhandler.BasicMotionEventHandler
03-05 08:38:48.360 I/BaseKeyboardSizeHelper( 1517): BaseKeyboardSizeHelper.calculateMaxKeyboardBodyHeight():73 leave 281 height for app when ime window height:2264, header height:116 and isFullscreenMode:false, so the max keyboard body height is:1867
03-05 08:38:48.361 D/CompatChangeReporter( 1517): Compat change id reported: 270674727; UID 10158; state: ENABLED
03-05 08:38:48.372 I/FontLog ( 1313): (REDACTED) Received query %s, URI %s
03-05 08:38:48.374 I/AndroidIME( 1517): InputBundleManager.startInput():361 startInput() with nlm[keyboardType=prime, payload=null]
03-05 08:38:48.374 I/PkModeUpdater( 1517): PkModeUpdater.onActivate():74 onActivate false true
03-05 08:38:48.375 I/AccessoryInputModeManager( 1517): AccessoryInputModeManager.onModeStarted():324 Accessory input mode started: null
03-05 08:38:48.375 I/FontLog ( 1313): (REDACTED) Query [%s] resolved to %s
03-05 08:38:48.376 I/FontLog ( 1313): (REDACTED) Font PFD returned from cache for %s
03-05 08:38:48.376 I/FontLog ( 1313): (REDACTED) Fetch %s end status %s
03-05 08:38:48.381 W/SupplementaryKeyboardsWrapper( 1517): SupplementaryKeyboardsWrapper.deactivateKeyboard():162 keyboard accessory_candidates_consumer is not activated before!
03-05 08:38:48.385 I/FontLog ( 1313): (REDACTED) Pulling font file for id = %d, cache size = %d
03-05 08:38:48.402 I/CrankEngineLocales( 1517): CrankEngineLocales.getLocaleToUseForCrankEngine():66 Using locale en_US for emoji prediction
03-05 08:38:48.405 I/BaseKeyboardSizeHelper( 1517): BaseKeyboardSizeHelper.calculateMaxKeyboardBodyHeight():73 leave 281 height for app when ime window height:2264, header height:116 and isFullscreenMode:false, so the max keyboard body height is:1867
03-05 08:38:48.405 I/BaseKeyboardSizeHelper( 1517): BaseKeyboardSizeHelper.calculateMaxKeyboardBodyHeight():73 leave 281 height for app when ime window height:2264, header height:116 and isFullscreenMode:false, so the max keyboard body height is:1867
03-05 08:38:48.405 W/ExtensionWrapper( 1517): ExtensionWrapper.setExtensionViewVisibility():876 interface nac is not activate
03-05 08:38:48.408 I/HardKeyTracker( 1517): HardKeyTracker.registerKeySequence():178 Register key sequence ohy{labelResId=2132020495, callback=cti@445cba6, lastModifier=2, keyCodes=[47], actions=[0]}
03-05 08:38:48.408 I/GlobeKeyExtension( 1517): GlobeKeyExtension.onActivate():120 
03-05 08:38:48.408 I/HardKeyTracker( 1517): HardKeyTracker.registerKeySequence():178 Register key sequence ohy{labelResId=2132020485, callback=cti@9141506, lastModifier=2, keyCodes=[56], actions=[0]}
03-05 08:38:48.408 I/HardKeyTracker( 1517): HardKeyTracker.registerKeySequence():178 Register key sequence ohy{labelResId=2132020485, callback=cti@498f7c7, lastModifier=0, keyCodes=[317], actions=[0]}
03-05 08:38:48.408 W/AccessPointsManager( 1517): AccessPointsManager.addAccessPoint():1084 The holder controller #0x7f0b246c is not registered
03-05 08:38:48.409 I/VoiceInputManagerWrapper( 1517): VoiceInputManagerWrapper.cancelShutdown():109 cancelShutdown()
03-05 08:38:48.409 I/VoiceInputManagerWrapper( 1517): VoiceInputManagerWrapper.syncLanguagePacks():121 syncLanguagePacks()
03-05 08:38:48.409 I/NetworkInfoNotification( 1517): NetworkInfoNotification$Listener.onReceive():107 onNetworkAvailable: networkState = NON_METERED, isAirplaneModeOn = false
03-05 08:38:48.410 I/SpeechFactory( 1517): SpeechRecognitionFactory.maybeScheduleAutoPackDownloadForFallback():217 maybeScheduleAutoPackDownloadForFallback()
03-05 08:38:48.410 I/FallbackOnDeviceRecognitionProvider( 1517): FallbackOnDeviceRecognitionProvider.maybeScheduleAutoPackDownload():213 maybeScheduleAutoPackDownload() for language tag en-US
03-05 08:38:48.410 I/VoiceInputManager( 1517): VoiceInputManager.onKeyboardActivated():1215 onKeyboardActivated() [UD]
03-05 08:38:48.421 W/FDL     ( 1517): FDL logging failed. Add a dependency for Firebase Analytics to your app to enable logging of Dynamic Link events.
03-05 08:38:48.422 I/Module  ( 1517): DeviceLockedStatusModuleProvider$Module.updateDeviceLockedStatus():103 repeatCheckTimes = 1, locked = false
03-05 08:38:48.422 I/HardKeyTracker( 1517): HardKeyTracker.unregisterKeySequence():229 Unregister key sequence ohy{labelResId=2132020489, callback=cti@7aa3399, lastModifier=2, keyCodes=[48], actions=[0]}
03-05 08:38:48.422 I/HardKeyTracker( 1517): HardKeyTracker.registerKeySequence():178 Register key sequence ohy{labelResId=2132020489, callback=cti@37e1efe, lastModifier=2, keyCodes=[48], actions=[0]}
03-05 08:38:48.422 I/HardKeyTracker( 1517): HardKeyTracker.unregisterKeySequence():229 Unregister key sequence ohy{labelResId=2132020487, callback=cti@1f3ff0c, lastModifier=2, keyCodes=[37], actions=[0]}
03-05 08:38:48.422 I/FontLog ( 1313): (REDACTED) Received query %s, URI %s
03-05 08:38:48.422 I/HardKeyTracker( 1517): HardKeyTracker.registerKeySequence():178 Register key sequence ohy{labelResId=2132020487, callback=cti@9f798ac, lastModifier=2, keyCodes=[37], actions=[0]}
03-05 08:38:48.422 I/FontLog ( 1313): (REDACTED) Query [%s] resolved to %s
03-05 08:38:48.422 I/HardKeyTracker( 1517): HardKeyTracker.unregisterKeySequence():229 Unregister key sequence ohy{labelResId=2132020487, callback=cti@4874a3f, lastModifier=2, keyCodes=[37], actions=[0]}
03-05 08:38:48.422 I/HardKeyTracker( 1517): HardKeyTracker.registerKeySequence():178 Register key sequence ohy{labelResId=2132020487, callback=cti@32d697b, lastModifier=2, keyCodes=[37], actions=[0]}
03-05 08:38:48.423 I/HardKeyTracker( 1517): HardKeyTracker.registerKeySequence():178 Register key sequence ohy{labelResId=2132020485, callback=cti@8c657f1, lastModifier=2, keyCodes=[56], actions=[0]}
03-05 08:38:48.423 I/HardKeyTracker( 1517): HardKeyTracker.registerKeySequence():178 Register key sequence ohy{labelResId=2132020485, callback=cti@a50fd6, lastModifier=0, keyCodes=[317], actions=[0]}
03-05 08:38:48.423 I/HardKeyTracker( 1517): HardKeyTracker.unregisterKeySequence():229 Unregister key sequence ohy{labelResId=2132020489, callback=cti@86c65e, lastModifier=2, keyCodes=[48], actions=[0]}
03-05 08:38:48.423 I/HardKeyTracker( 1517): HardKeyTracker.registerKeySequence():178 Register key sequence ohy{labelResId=2132020489, callback=cti@69f2257, lastModifier=2, keyCodes=[48], actions=[0]}
03-05 08:38:48.423 W/AccessPointsManager( 1517): AccessPointsManager.addAccessPoint():1084 The holder controller #0x7f0b246c is not registered
03-05 08:38:48.423 I/HardKeyTracker( 1517): HardKeyTracker.unregisterKeySequence():229 Unregister key sequence ohy{labelResId=2132020484, callback=cti@567fff8, lastModifier=2, keyCodes=[50], actions=[0]}
03-05 08:38:48.423 I/HardKeyTracker( 1517): HardKeyTracker.registerKeySequence():178 Register key sequence ohy{labelResId=2132020484, callback=cti@ed7822d, lastModifier=2, keyCodes=[50], actions=[0]}
03-05 08:38:48.423 W/AccessPointsManager( 1517): AccessPointsManager.addAccessPoint():1084 The holder controller #0x7f0b246c is not registered
03-05 08:38:48.423 I/HardKeyTracker( 1517): HardKeyTracker.unregisterKeySequence():229 Unregister key sequence ohy{labelResId=2132020484, callback=cti@78c74e0, lastModifier=2, keyCodes=[50], actions=[0]}
03-05 08:38:48.423 I/HardKeyTracker( 1517): HardKeyTracker.registerKeySequence():178 Register key sequence ohy{labelResId=2132020484, callback=cti@9098cf3, lastModifier=2, keyCodes=[50], actions=[0]}
03-05 08:38:48.425 I/SystemHapticSettings( 1517): SystemHapticSettings.updateSystemVibrationState():61 update vibration state: true
03-05 08:38:48.426 I/FontLog ( 1313): (REDACTED) Fetch %s end status %s
03-05 08:38:48.427 I/HardKeyTracker( 1517): HardKeyTracker.registerKeySequence():178 Register key sequence ohy{labelResId=2132020490, callback=cti@7ff1a86, lastModifier=2, keyCodes=[32], actions=[0]}
03-05 08:38:48.428 I/SP      ( 1517): GC for 'kc_tflite_model' (10) with ttl of 0 ms took 0 ms (0/0/0)
03-05 08:38:48.431 I/HardKeyTracker( 1517): HardKeyTracker.registerKeySequence():178 Register key sequence ohy{labelResId=2132020490, callback=cti@b574f47, lastModifier=0, keyCodes=[319], actions=[0]}
03-05 08:38:48.434 I/SP      ( 1517): GC for 'kc_tflite_model' (10) with ttl of 0 ms took 1 ms (0/1/0)
03-05 08:38:48.434 I/SP      ( 1517): GC for 'kc_tflite_model' (10) with ttl of 0 ms took 0 ms (0/0/0)
03-05 08:38:48.434 I/SP      ( 1517): GC for 'bundled_delight' (10) with ttl of 0 ms took 0 ms (0/0/0)
03-05 08:38:48.437 W/SP      ( 1517): File ref is being finalized but wasn't closed, file: transformer_latin_tflite_20231010_zip[14]
03-05 08:38:48.437 I/FontLog ( 1313): (REDACTED) Pulling font file for id = %d, cache size = %d
03-05 08:38:48.438 W/SP      ( 1517): File ref is being finalized but wasn't closed, file: scribe_latin_20231123_tflite_zip[14]
03-05 08:38:48.438 W/SP      ( 1517): File ref is being finalized but wasn't closed, file: qrnn_en_us_reco_20231010_fst_20230613_recospec_zip[14]
03-05 08:38:48.438 W/SP      ( 1517): File ref is being finalized but wasn't closed, file: transformer_latin_conf_tflite_20231010_zip[14]
03-05 08:38:48.438 W/SP      ( 1517): File ref is being finalized but wasn't closed, file: pack_mapping_v1_lstm_20231127[10]
03-05 08:38:48.438 W/SP      ( 1517): File ref is being finalized but wasn't closed, file: transformer_latin_seg_tflite_20231010_zip[14]
03-05 08:38:48.438 W/SP      ( 1517): File ref is being finalized but wasn't closed, file: scribe_latin_20231123_recospec_zip[14]
03-05 08:38:48.438 W/SP      ( 1517): File ref is being finalized but wasn't closed, file: en_us_20230613_compact_fst_zip[14]
03-05 08:38:48.438 W/SP      ( 1517): File ref is being finalized but wasn't closed, file: transformer_latin_tflite_20231010_zip[14]
03-05 08:38:48.438 W/SP      ( 1517): File ref is being finalized but wasn't closed, file: scribe_latin_20231123_tflite_zip[14]
03-05 08:38:48.438 W/SP      ( 1517): File ref is being finalized but wasn't closed, file: qrnn_en_us_reco_20231010_fst_20230613_recospec_zip[14]
03-05 08:38:48.438 W/SP      ( 1517): File ref is being finalized but wasn't closed, file: transformer_latin_conf_tflite_20231010_zip[14]
03-05 08:38:48.438 W/SP      ( 1517): File ref is being finalized but wasn't closed, file: pack_mapping_v1_lstm_20231127[10]
03-05 08:38:48.438 W/SP      ( 1517): File ref is being finalized but wasn't closed, file: transformer_latin_seg_tflite_20231010_zip[14]
03-05 08:38:48.438 W/SP      ( 1517): File ref is being finalized but wasn't closed, file: scribe_latin_20231123_recospec_zip[14]
03-05 08:38:48.438 W/SP      ( 1517): File ref is being finalized but wasn't closed, file: en_us_20230613_compact_fst_zip[14]
03-05 08:38:48.438 W/SP      ( 1517): File ref is being finalized but wasn't closed, file: transformer_latin_tflite_20231010_zip[14]
03-05 08:38:48.438 W/SP      ( 1517): File ref is being finalized but wasn't closed, file: scribe_latin_20231123_tflite_zip[14]
03-05 08:38:48.438 W/SP      ( 1517): File ref is being finalized but wasn't closed, file: qrnn_en_us_reco_20231010_fst_20230613_recospec_zip[14]
03-05 08:38:48.438 W/SP      ( 1517): File ref is being finalized but wasn't closed, file: transformer_latin_conf_tflite_20231010_zip[14]
03-05 08:38:48.438 W/SP      ( 1517): File ref is being finalized but wasn't closed, file: pack_mapping_v1_lstm_20231127[10]
03-05 08:38:48.438 W/SP      ( 1517): File ref is being finalized but wasn't closed, file: transformer_latin_seg_tflite_20231010_zip[14]
03-05 08:38:48.438 W/SP      ( 1517): File ref is being finalized but wasn't closed, file: scribe_latin_20231123_recospec_zip[14]
03-05 08:38:48.438 W/SP      ( 1517): File ref is being finalized but wasn't closed, file: en_us_20230613_compact_fst_zip[14]
03-05 08:38:48.438 W/SP      ( 1517): File ref is being finalized but wasn't closed, file: transformer_latin_tflite_20231010_zip[14]
03-05 08:38:48.438 W/SP      ( 1517): File ref is being finalized but wasn't closed, file: scribe_latin_20231123_tflite_zip[14]
03-05 08:38:48.438 W/SP      ( 1517): File ref is being finalized but wasn't closed, file: qrnn_en_us_reco_20231010_fst_20230613_recospec_zip[14]
03-05 08:38:48.438 W/SP      ( 1517): File ref is being finalized but wasn't closed, file: transformer_latin_conf_tflite_20231010_zip[14]
03-05 08:38:48.438 W/SP      ( 1517): File ref is being finalized but wasn't closed, file: pack_mapping_v1_lstm_20231127[10]
03-05 08:38:48.438 W/SP      ( 1517): File ref is being finalized but wasn't closed, file: transformer_latin_seg_tflite_20231010_zip[14]
03-05 08:38:48.438 W/SP      ( 1517): File ref is being finalized but wasn't closed, file: scribe_latin_20231123_recospec_zip[14]
03-05 08:38:48.438 W/SP      ( 1517): File ref is being finalized but wasn't closed, file: en_us_20230613_compact_fst_zip[14]
03-05 08:38:48.438 W/SP      ( 1517): File ref is being finalized but wasn't closed, file: scribe_latin_20231123_recospec_zip[14]
03-05 08:38:48.438 W/SP      ( 1517): File ref is being finalized but wasn't closed, file: scribe_latin_20231123_tflite_zip[14]
03-05 08:38:48.438 W/SP      ( 1517): File ref is being finalized but wasn't closed, file: qrnn_en_us_reco_20231010_fst_20230613_recospec_zip[14]
03-05 08:38:48.438 W/SP      ( 1517): File ref is being finalized but wasn't closed, file: transformer_latin_conf_tflite_20231010_zip[14]
03-05 08:38:48.438 W/SP      ( 1517): File ref is being finalized but wasn't closed, file: transformer_latin_seg_tflite_20231010_zip[14]
03-05 08:38:48.438 W/SP      ( 1517): File ref is being finalized but wasn't closed, file: transformer_latin_tflite_20231010_zip[14]
03-05 08:38:48.438 W/SP      ( 1517): File ref is being finalized but wasn't closed, file: en_us_20230613_compact_fst_zip[14]
03-05 08:38:48.439 W/SP      ( 1517): File ref is being finalized but wasn't closed, file: tflite-nwp-756c50035b995cfb0f7e8feb7d1b10ee[3]
03-05 08:38:48.439 W/SP      ( 1517): File ref is being finalized but wasn't closed, file: tflite-nwp-756c50035b995cfb0f7e8feb7d1b10ee[3]
03-05 08:38:48.439 W/SP      ( 1517): File ref is being finalized but wasn't closed, file: 2023012316_en[7]
03-05 08:38:48.439 W/SP      ( 1517): File ref is being finalized but wasn't closed, file: 2023012316_en[7]
03-05 08:38:48.440 W/SP      ( 1517): File ref is being finalized but wasn't closed, file: 2023012316_en[7]
03-05 08:38:48.441 I/FontLog ( 1313): (REDACTED) Pulling font file for id = %d, cache size = %d
03-05 08:38:48.441 I/HardKeyTracker( 1517): HardKeyTracker.registerKeySequence():178 Register key sequence ohy{labelResId=2132020490, callback=cti@1ac9837, lastModifier=2, keyCodes=[32], actions=[0]}
03-05 08:38:48.441 I/HardKeyTracker( 1517): HardKeyTracker.registerKeySequence():178 Register key sequence ohy{labelResId=2132020490, callback=cti@e67c1a4, lastModifier=0, keyCodes=[319], actions=[0]}
03-05 08:38:48.441 W/SP      ( 1517): File ref is being finalized but wasn't closed, file: 2023012316_en[7]
03-05 08:38:48.441 W/SP      ( 1517): File ref is being finalized but wasn't closed, file: 2023012316_en[7]
03-05 08:38:48.442 I/VoiceImeExtension( 1517): VoiceImeExtension.shouldStartVoiceInputAutomaticallyInCurrentInputBox():384 No private IME option set to start voice input.
03-05 08:38:48.443 D/ImeBackCallbackSender( 1517): Register OnBackInvokedCallback with priority=-1 at app window (packageName=com.sportpass.app)
03-05 08:38:48.448 W/SP      ( 1517): File ref is being finalized but wasn't closed, file: 2023012316_en[7]
03-05 08:38:48.450 D/WindowOnBackDispatcher( 4531): setTopOnBackInvokedCallback (unwrapped): android.view.ImeBackAnimationController@f87b3e7
03-05 08:38:48.451 D/ActivityManager(  767): sync unfroze 1615 com.google.android.gms for 4
03-05 08:38:48.460 I/LmManager( 1517): LmManager$1.onFailure():89 Bundled delight sync failed
03-05 08:38:48.460 I/LmManager( 1517): java.util.concurrent.CancellationException: Task was cancelled.
03-05 08:38:48.460 I/LmManager( 1517): 	at uaw.i(PG:33)
03-05 08:38:48.460 I/LmManager( 1517): 	at ube.r(PG:24)
03-05 08:38:48.460 I/LmManager( 1517): 	at uaw.get(PG:1)
03-05 08:38:48.460 I/LmManager( 1517): 	at a.n(PG:2)
03-05 08:38:48.460 I/LmManager( 1517): 	at ucv.run(PG:92)
03-05 08:38:48.460 I/LmManager( 1517): 	at uce.execute(PG:1)
03-05 08:38:48.460 I/LmManager( 1517): 	at uaw.g(PG:1)
03-05 08:38:48.460 I/LmManager( 1517): 	at uaw.l(PG:99)
03-05 08:38:48.460 I/LmManager( 1517): 	at uaw.q(PG:26)
03-05 08:38:48.460 I/LmManager( 1517): 	at uca.c(PG:5)
03-05 08:38:48.460 I/LmManager( 1517): 	at ucc.e(PG:6)
03-05 08:38:48.460 I/LmManager( 1517): 	at udg.run(PG:73)
03-05 08:38:48.460 I/LmManager( 1517): 	at java.util.concurrent.Executors$RunnableAdapter.call(Executors.java:520)
03-05 08:38:48.460 I/LmManager( 1517): 	at java.util.concurrent.FutureTask.run(FutureTask.java:317)
03-05 08:38:48.460 I/LmManager( 1517): 	at lhr.run(PG:8)
03-05 08:38:48.460 I/LmManager( 1517): 	at java.util.concurrent.ThreadPoolExecutor.runWorker(ThreadPoolExecutor.java:1154)
03-05 08:38:48.460 I/LmManager( 1517): 	at java.util.concurrent.ThreadPoolExecutor$Worker.run(ThreadPoolExecutor.java:652)
03-05 08:38:48.460 I/LmManager( 1517): 	at java.lang.Thread.run(Thread.java:1563)
03-05 08:38:48.460 I/LmManager( 1517): 	at lhb.run(PG:8)
03-05 08:38:48.462 I/AbstractSyncResultCallback( 1517): AbstractSyncResultCallback.onFailure():38 onFailure(): kc_tflite_model.sync cancelled; expected if new request supersedes pending one.
03-05 08:38:48.463 I/AbstractSyncResultCallback( 1517): AbstractSyncResultCallback.onFailure():38 onFailure(): kc_tflite_model.sync cancelled; expected if new request supersedes pending one.
03-05 08:38:48.463 I/AbstractSyncResultCallback( 1517): AbstractSyncResultCallback.onFailure():38 onFailure(): kc_tflite_model.sync cancelled; expected if new request supersedes pending one.
03-05 08:38:48.463 I/AbstractSyncResultCallback( 1517): AbstractSyncResultCallback.onFailure():38 onFailure(): bundled_delight.sync cancelled; expected if new request supersedes pending one.
03-05 08:38:48.463 I/SP      ( 1517): GC for 'kc_tflite_model' (10) with ttl of 0 ms took 0 ms (0/0/0)
03-05 08:38:48.468 I/AbstractSyncResultCallback( 1517): AbstractSyncResultCallback.onFailure():38 onFailure(): kc_tflite_model.sync cancelled; expected if new request supersedes pending one.
03-05 08:38:48.470 I/StylusModule( 1517): StylusModule.onUpdateToolType():774 Update tool type = 0
03-05 08:38:48.470 I/SuperDelight( 1517): SuperDelightManager$2.onSuccess():498 bundled_delight sync success, adding to data file manager
03-05 08:38:48.470 I/DataFileManager( 1517): DataFileManager.removeDataWithoutNotify():222 removing data en-US bundled_delight
03-05 08:38:48.473 D/CoreBackPreview(  767): Window{1375ec9 u0 com.sportpass.app/com.sportpass.app.MainActivity}: Setting back callback OnBackInvokedCallbackInfo{mCallback=android.window.IOnBackInvokedCallback$Stub$Proxy@abab55b, mPriority=0, mIsAnimationCallback=true, mOverrideBehavior=0}
03-05 08:38:48.473 D/BackgroundInstallControlService(  767): Package event received: 0
03-05 08:38:48.477 I/SP      ( 1517): Sync for emoji succeeded in 267 ms: no changes
03-05 08:38:48.480 D/BoundBrokerSvc( 1615): onBind: Intent { act=com.google.firebase.dynamiclinks.service.START xflg=0x4 pkg=com.google.android.gms }
03-05 08:38:48.480 D/BoundBrokerSvc( 1615): Loading bound service for intent: Intent { act=com.google.firebase.dynamiclinks.service.START xflg=0x4 pkg=com.google.android.gms }
03-05 08:38:48.494 E/mapper.ranchu( 4688): getStandardMetadataImpl:886 failure: UNSUPPORTED: id=121: unexpected standardMetadataType=21
03-05 08:38:48.500 W/libbinder.ServiceManagerCppClient(  607): Permission failure: android.permission.ACCESS_SURFACE_FLINGER from uid=10158 pid=0
03-05 08:38:48.500 D/libbinder.PermissionCache(  607): checking android.permission.ACCESS_SURFACE_FLINGER for uid=10158 => denied (1506 us)
03-05 08:38:48.500 W/libbinder.ServiceManagerCppClient(  607): Permission failure: android.permission.ROTATE_SURFACE_FLINGER from uid=10158 pid=0
03-05 08:38:48.500 D/libbinder.PermissionCache(  607): checking android.permission.ROTATE_SURFACE_FLINGER for uid=10158 => denied (32 us)
03-05 08:38:48.500 W/libbinder.ServiceManagerCppClient(  607): Permission failure: android.permission.INTERNAL_SYSTEM_WINDOW from uid=10158 pid=0
03-05 08:38:48.500 D/libbinder.PermissionCache(  607): checking android.permission.INTERNAL_SYSTEM_WINDOW for uid=10158 => denied (19 us)
03-05 08:38:48.506 I/AndroidIME( 1517): KeyboardViewManager.updateKeyboardBackgroundFrameVisibility():360 Set background frame visibility. old:8, new:8
03-05 08:38:48.506 I/WindowMetricsNotification( 1517): WindowMetricsNotification.notifyWithWindow():166 
03-05 08:38:48.506 I/DeviceModeModule( 1517): DeviceModeModule.calculateAndNotify():225 Device mode 'phone' from display metrics 'DisplayMetrics{density=0.0, width=1080, height=2400, scaledDensity=0.0, xdpi=420.0, ydpi=420.0}' or smallestScreenWidthDp: 411
03-05 08:38:48.507 I/KeyboardModeUtils( 1517): KeyboardModeUtils.getKeyboardBottomOffset():435 inch: 0.000000 ydpi: 420.000000 adjustKeyboardBottomByDisplaySize: false currentDensityDpi: 420 defaultDensityDpi: 420 keyboardBottomToScreenPx: 0 keyboardBottomToNavBarPx: -126 navBarHeight: 126
03-05 08:38:48.507 I/BaseKeyboardSizeHelper( 1517): BaseKeyboardSizeHelper.calculateMaxKeyboardBodyHeight():73 leave 281 height for app when ime window height:2138, header height:116 and isFullscreenMode:false, so the max keyboard body height is:1741
03-05 08:38:48.507 I/BaseKeyboardSizeHelper( 1517): BaseKeyboardSizeHelper.calculateMaxKeyboardBodyHeight():73 leave 281 height for app when ime window height:2138, header height:116 and isFullscreenMode:false, so the max keyboard body height is:1741
03-05 08:38:48.507 I/BaseKeyboardSizeHelper( 1517): BaseKeyboardSizeHelper.calculateMaxKeyboardBodyHeight():73 leave 281 height for app when ime window height:2138, header height:116 and isFullscreenMode:false, so the max keyboard body height is:1741
03-05 08:38:48.507 I/BaseKeyboardSizeHelper( 1517): BaseKeyboardSizeHelper.calculateMaxKeyboardBodyHeight():73 leave 281 height for app when ime window height:2138, header height:116 and isFullscreenMode:false, so the max keyboard body height is:1741
03-05 08:38:48.507 I/GoogleInputMethodService( 1517): GoogleInputMethodService$8.onWindowMetricsChanged():817 windowMetrics: bounds() = Rect(0, 136 - 1080, 2400), insets() = Rect(0, 0 - 0, 126)
03-05 08:38:48.507 I/AndroidIME( 1517): LatinIMEBase.updateInputViewCoverNavigation():317 Update input view padding, extendsTouchBelowSpace=true, bottom inset=126
03-05 08:38:48.507 I/BaseKeyboardSizeHelper( 1517): BaseKeyboardSizeHelper.calculateMaxKeyboardBodyHeight():73 leave 281 height for app when ime window height:2138, header height:116 and isFullscreenMode:false, so the max keyboard body height is:1741
03-05 08:38:48.507 I/SoftKeyboardView( 1517): SoftKeyboardView.setMaxHeight():1102 Set max keyboard height:1741.
03-05 08:38:48.508 I/WindowMetricsNotification( 1517): WindowMetricsNotification.notify():159 qjg[bounds=Rect(0, 136 - 1080, 2400), insets=Rect(0, 0 - 0, 126), densityDpi=420, smallestScreenWidthDp=411, displayWidth=1080, displayHeight=2400, xdpi=420.0, ydpi=420.0, isTrustable=true, displayId=0]; DisplayMetrics{density=2.625, width=1080, height=2400, scaledDensity=2.625, xdpi=420.0, ydpi=420.0}
03-05 08:38:48.508 W/View    ( 1517): requestLayout() improperly called by com.google.android.libraries.inputmethod.widgets.scaledkeyboard.ScaledKeyboardViewInner{8781a70 V.E...... ......ID 0,0-1080,116 #7f0b0390 app:id/0_resource_name_obfuscated} during layout: running second layout pass
03-05 08:38:48.508 W/View    ( 1517): requestLayout() improperly called by com.google.android.libraries.inputmethod.widgets.SoftKeyView{5d191e9 VFE...C.. ......ID 5,0-115,116 #7f0b04ec app:id/key_pos_header_access_points_menu} during layout: running second layout pass
03-05 08:38:48.508 W/View    ( 1517): requestLayout() improperly called by com.google.android.libraries.inputmethod.widgets.CopyImageSourceView{7e64e6e V.ED..... ......ID 5,0-1075,116 #7f0b01e2 app:id/0_resource_name_obfuscated} during layout: running second layout pass
03-05 08:38:48.508 W/View    ( 1517): requestLayout() improperly called by android.widget.LinearLayout{9190f V.E...... ......ID 115,0-965,116 #7f0b0392 app:id/0_resource_name_obfuscated} during layout: running second layout pass
03-05 08:38:48.508 W/View    ( 1517): requestLayout() improperly called by com.google.android.libraries.inputmethod.widgets.SoftKeyView{a1c6d9c VFE...C.. ......ID 965,0-1075,116 #7f0b04f4 app:id/key_pos_header_power_key} during layout: running second layout pass
03-05 08:38:48.508 W/View    ( 1517): requestLayout() improperly called by com.google.android.libraries.inputmethod.widgets.KeyboardHolder{a2863a5 V.E...... ......ID 0,0-1080,757 #7f0b05ee app:id/keyboard_holder} during layout: running second layout pass
03-05 08:38:48.508 W/View    ( 1517): requestLayout() improperly called by com.google.android.libraries.inputmethod.keyboard.impl.KeyboardViewHolder{82ce37a V.E...... ......ID 0,0-1080,116 #7f0b05ed app:id/keyboard_header_view_holder} during layout: running second layout pass
03-05 08:38:48.508 W/View    ( 1517): requestLayout() improperly called by com.google.android.libraries.inputmethod.keyboard.impl.KeyboardViewHolder{2c8372b V.E...... ......ID 0,116-1080,757 #7f0b05c4 app:id/0_resource_name_obfuscated} during layout: running second layout pass
03-05 08:38:48.508 W/View    ( 1517): requestLayout() improperly called by android.widget.LinearLayout{650c788 V.E...... ......ID 0,0-1080,757} during layout: running second layout pass
03-05 08:38:48.508 W/View    ( 1517): requestLayout() improperly called by android.widget.FrameLayout{8609521 V.E...... ......ID 0,1507-1080,2264 #7f0b05c1 app:id/0_resource_name_obfuscated} during layout: running second layout pass
03-05 08:38:48.508 W/View    ( 1517): requestLayout() improperly called by com.google.android.libraries.inputmethod.inputview.InputView{715bd46 V.ED..... ......ID 0,0-1080,2264 #7f0b03da app:id/0_resource_name_obfuscated} during layout: running second layout pass
03-05 08:38:48.512 E/mapper.ranchu( 4688): getStandardMetadataImpl:886 failure: UNSUPPORTED: id=122: unexpected standardMetadataType=21
03-05 08:38:48.513 I/SP      ( 1517): GC for 'emoji' (10) with ttl of 0 ms took 0 ms (0/0/0)
03-05 08:38:48.513 D/BufferPoolAccessor2.0(  661): bufferpool2 0x778e6660c0c8 : 2(7776000 size) total buffers - 1(3888000 size) used buffers - 10/13 (recycle/alloc) - 3/12 (fetch/transfer)
03-05 08:38:48.515 I/SP      ( 1517): Sync for bundled_emoji succeeded in 253 ms: no changes
03-05 08:38:48.515 I/SP      ( 1517): Sync for bundled_delight succeeded in 253 ms: {added: [main_en_us_2025090100_2], metadata: false
03-05 08:38:48.522 E/mapper.ranchu( 4688): getStandardMetadataImpl:886 failure: UNSUPPORTED: id=119: unexpected standardMetadataType=21
03-05 08:38:48.525 I/SP      ( 1517): GC for 'bundled_emoji' (10) with ttl of 0 ms took 0 ms (0/0/0)
03-05 08:38:48.526 I/SP      ( 1517): GC for 'bundled_delight' (10) with ttl of 0 ms took 0 ms (0/0/0)
03-05 08:38:48.526 I/LmManager( 1517): LmManager$1.onSuccess():84 Bundled delight sync success
03-05 08:38:48.526 I/SP      ( 1517): Sync for kc_tflite_model succeeded in 261 ms: no changes
03-05 08:38:48.526 I/SP      ( 1517): GC for 'kc_tflite_model' (10) with ttl of 0 ms took 0 ms (0/0/0)
03-05 08:38:48.544 I/GFXSTREAM( 1517): [eglDisplay.cpp(297)] Opening libGLESv1_CM_emulation.so
03-05 08:38:48.544 I/GFXSTREAM( 1517): [eglDisplay.cpp(297)] Opening libGLESv2_emulation.so
03-05 08:38:48.545 E/mapper.ranchu( 4688): getStandardMetadataImpl:886 failure: UNSUPPORTED: id=118: unexpected standardMetadataType=21
03-05 08:38:48.546 I/ChimeraPrvdrProxy( 1615): Shutting down chimera ContentProvider com.google.android.gms.reminders.provider.RemindersChimeraProvider
03-05 08:38:48.556 D/BoundBrokerSvc( 1615): onUnbind: Intent { act=com.google.android.gms.feedback.internal.IFeedbackService dat=chimera-action:/... xflg=0x4 cmp=com.google.android.gms/.chimera.GmsBoundBrokerService }
03-05 08:38:48.566 D/BoundBrokerSvc( 1615): onUnbind: Intent { act=com.google.android.gms.common.BIND_SHARED_PREFS xflg=0x4 pkg=com.google.android.gms }
03-05 08:38:48.574 W/HWUI    ( 1517): Failed to choose config with EGL_SWAP_BEHAVIOR_PRESERVED, retrying without...
03-05 08:38:48.575 W/HWUI    ( 1517): Failed to initialize 101010-2 format, error = EGL_SUCCESS
03-05 08:38:48.575 I/SuperDelight( 1517): SuperDelightManager$2.onSuccess():498 bundled_delight sync success, adding to data file manager
03-05 08:38:48.576 I/EmojiSuperpacksManager( 1517): EmojiSuperpacksManager.processPackSet():566 processPackSet() : isBundled = false
03-05 08:38:48.581 I/DataFileManager( 1517): DataFileManager.addDataWithoutNotify():188 adding data en-US bundled_delight
03-05 08:38:48.589 I/EmojiSuperpacksManager( 1517): EmojiSuperpacksManager.processPackSet():566 processPackSet() : isBundled = true
03-05 08:38:48.694 I/EmojiShortcutsLoader( 1517): EmojiShortcutsLoader.getEmojiShortcuts():135 Reading en_US emoji shortcuts
03-05 08:38:48.712 W/ProcessStats(  767): Tracking association SourceState{1f66ec2 com.google.android.inputmethod.latin/10158 BFgs #2156} whose proc state 4 is better than process ProcessState{a1f18cc com.google.android.gms/10147 pkg=com.google.android.gms} proc state 14 (0 skipped)
03-05 08:38:48.719 W/native  ( 1517): W0000 00:00:1772689128.719801    2093 fst-model-loader.cc:866] The section id=0x0x4000000000 is not recognized. Skipping.
03-05 08:38:48.735 W/Looper  (  767): Slow dispatch took 141ms android.ui app=system_server main=false group=TOP_APP h=com.android.server.am.ActivityManagerService$UiHandler c=com.android.server.am.UidObserverController$$ExternalSyntheticLambda0@46b5386 m=0
03-05 08:38:48.874 W/android.hardware.audio@7.1-impl.ranchu(  544): pcmWrite:259 pcm_writei failed with 'cannot read/write stream data: I/O error' (-1)
03-05 08:38:48.874 E/android.hardware.audio@7.1-impl.ranchu(  544): pcmWrite:260 failure: -1
03-05 08:38:48.977 W/android.hardware.audio@7.1-impl.ranchu(  544): pcmWrite:259 pcm_writei failed with 'cannot read/write stream data: I/O error' (-1)
03-05 08:38:48.978 E/android.hardware.audio@7.1-impl.ranchu(  544): pcmWrite:260 failure: -1
03-05 08:38:49.028 W/InputDispatcher(  767): Dispatching key to 1375ec9 com.sportpass.app/com.sportpass.app.MainActivity even though there are other unprocessed events
03-05 08:38:49.046 I/HalDevMgr(  767): bestIfaceCreationProposal is null, requestIface=STA, existingIface=[name=wlan0 type=STA]
03-05 08:38:49.054 I/Delight5Decoder( 1517): Delight5DecoderWrapper.loadLanguageModel():797 Loaded main LM 1.en
03-05 08:38:49.055 I/Delight5Decoder( 1517): Delight5DecoderWrapper.loadLanguageModel():771 loadLanguageModel() : 7, version [n/a]
03-05 08:38:49.055 I/native  ( 1517): I0000 00:00:1772689129.055250    2093 blocklist-assembly.cc:126] LoadBlocklist en
03-05 08:38:49.056 I/EmojiShortcutsLoader( 1517): EmojiShortcutsLoader.getEmojiShortcuts():156 Read en_US emoji shortcuts successfully.
03-05 08:38:49.157 W/android.hardware.audio@7.1-impl.ranchu(  544): pcmWrite:259 pcm_writei failed with 'cannot read/write stream data: I/O error' (-1)
03-05 08:38:49.157 E/android.hardware.audio@7.1-impl.ranchu(  544): pcmWrite:260 failure: -1
03-05 08:38:49.211 W/HWUI    ( 1517): Failed to choose config with EGL_SWAP_BEHAVIOR_PRESERVED, retrying without...
