--------- beginning of main
03-05 08:44:34.769 W/MediaProvider( 1605): isAppCloneUserPair for user 0: false
03-05 08:44:34.801 D/MediaCodecList( 9696): codecHandlesFormat: no format, so no extra checks
03-05 08:44:34.811 D/CCodec  ( 9696): allocate(c2.android.avc.encoder)
03-05 08:44:34.944 I/ApexCodecsLazy( 9696): ApexCodecs loaded
03-05 08:44:34.944 I/Codec2Client( 9696): Available Codec2 services: "default" "software" "__ApexCodecs__"
03-05 08:44:34.958 I/CCodec  ( 9696): setting up 'default' as default (vendor) store
03-05 08:44:35.018 I/mediaswcodec(  661): missing struct descriptor #Param::CoreIndex(--004) for field values of struct #Param::CoreIndex(F-12004)
03-05 08:44:35.018 I/mediaswcodec(  661): missing struct descriptor #Param::CoreIndex(--1812) for field values of struct #Param::CoreIndex(F-11812)
03-05 08:44:35.019 I/mediaswcodec(  661): missing struct descriptor #Param::CoreIndex(--004) for field values of struct #Param::CoreIndex(F-12004)
03-05 08:44:35.019 I/mediaswcodec(  661): missing struct descriptor #Param::CoreIndex(--1812) for field values of struct #Param::CoreIndex(F-11812)
03-05 08:44:35.030 I/CCodec  ( 9696): Created component [c2.android.avc.encoder] for [c2.android.avc.encoder]
03-05 08:44:35.031 D/CCodecConfig( 9696): read media type: video/avc
03-05 08:44:35.035 D/ReflectedParamUpdater( 9696): extent() != 1 for single value type: algo.buffers.max-count.values
03-05 08:44:35.035 D/ReflectedParamUpdater( 9696): extent() != 1 for single value type: output.subscribed-indices.values
03-05 08:44:35.035 D/ReflectedParamUpdater( 9696): extent() != 1 for single value type: input.buffers.allocator-ids.values
03-05 08:44:35.035 D/ReflectedParamUpdater( 9696): extent() != 1 for single value type: output.buffers.allocator-ids.values
03-05 08:44:35.035 D/ReflectedParamUpdater( 9696): extent() != 1 for single value type: algo.buffers.allocator-ids.values
03-05 08:44:35.035 D/ReflectedParamUpdater( 9696): extent() != 1 for single value type: output.buffers.pool-ids.values
03-05 08:44:35.035 D/ReflectedParamUpdater( 9696): extent() != 1 for single value type: algo.buffers.pool-ids.values
03-05 08:44:35.037 D/ReflectedParamUpdater( 9696): ignored struct field coding.gop.values
03-05 08:44:35.037 D/ReflectedParamUpdater( 9696): ignored struct field coding.qp.values
03-05 08:44:35.038 D/CCodecConfig( 9696): ignoring local param raw.color (0xc2001809) as it is already supported
03-05 08:44:35.039 I/CCodecConfig( 9696): query failed after returning 13 values (BAD_INDEX)
03-05 08:44:35.039 D/CCodecConfig( 9696): c2 config diff is Dict {
03-05 08:44:35.039 D/CCodecConfig( 9696):   c2::u32 algo.bitrate-mode.value = 3
03-05 08:44:35.039 D/CCodecConfig( 9696):   c2::i32 coded.average-qp.value = 0
03-05 08:44:35.039 D/CCodecConfig( 9696):   c2::u32 coded.bitrate.value = 64000
03-05 08:44:35.039 D/CCodecConfig( 9696):   c2::float coded.frame-rate.value = 1
03-05 08:44:35.039 D/CCodecConfig( 9696):   c2::u32 coded.picture-type.value = 0
03-05 08:44:35.039 D/CCodecConfig( 9696):   c2::u32 coded.pl.level = 20492
03-05 08:44:35.039 D/CCodecConfig( 9696):   c2::u32 coded.pl.profile = 20481
03-05 08:44:35.039 D/CCodecConfig( 9696):   c2::u32 coded.vui.color.matrix = 0
03-05 08:44:35.039 D/CCodecConfig( 9696):   c2::u32 coded.vui.color.primaries = 0
03-05 08:44:35.039 D/CCodecConfig( 9696):   c2::u32 coded.vui.color.range = 0
03-05 08:44:35.039 D/CCodecConfig( 9696):   c2::u32 coded.vui.color.transfer = 0
03-05 08:44:35.039 D/CCodecConfig( 9696):   c2::u32 coding.intra-refresh.mode = 0
03-05 08:44:35.039 D/CCodecConfig( 9696):   c2::float coding.intra-refresh.period = 0
03-05 08:44:35.039 D/CCodecConfig( 9696):   c2::u32 coding.request-sync-frame.value = 0
03-05 08:44:35.039 D/CCodecConfig( 9696):   c2::i64 coding.sync-frame-interval.value = 1000000
03-05 08:44:35.039 D/CCodecConfig( 9696):   c2::u32 input.delay.value = 0
03-05 08:44:35.039 D/CCodecConfig( 9696):   string input.media-type.value = "video/raw"
03-05 08:44:35.039 D/CCodecConfig( 9696):   string output.media-type.value = "video/avc"
03-05 08:44:35.039 D/CCodecConfig( 9696):   c2::u32 raw.color.matrix = 0
03-05 08:44:35.039 D/CCodecConfig( 9696):   c2::u32 raw.color.primaries = 0
03-05 08:44:35.039 D/CCodecConfig( 9696):   c2::u32 raw.color.range = 0
03-05 08:44:35.039 D/CCodecConfig( 9696):   c2::u32 raw.color.transfer = 0
03-05 08:44:35.039 D/CCodecConfig( 9696):   c2::u32 raw.size.height = 16
03-05 08:44:35.039 D/CCodecConfig( 9696):   c2::u32 raw.size.width = 16
03-05 08:44:35.039 D/CCodecConfig( 9696): }
03-05 08:44:35.039 W/ColorUtils( 9696): expected specified color aspects (0:0:0:0)
03-05 08:44:35.041 I/MediaCodec( 9696): media_quality service unavailable, skipping updatePictureProfile
03-05 08:44:35.063 D/CodecSeeding( 9696): Seed: codec c2.android.avc.encoder, mediatype video/avc, overrideable 1
03-05 08:44:35.063 D/CodecProperties( 9696): setTuningValue(vq-target-bpp,0)
03-05 08:44:35.063 D/CodecProperties( 9696): setTuningValue(vq-target-bpp-1080p,1.90)
03-05 08:44:35.063 D/CodecProperties( 9696): setTuningValue(vq-target-bpp-720p,2.25)
03-05 08:44:35.063 D/CodecProperties( 9696): setTuningValue(vq-target-bpp-540p,2.65)
03-05 08:44:35.063 D/CodecProperties( 9696): setTuningValue(vq-target-bpp-480p,3.00)
03-05 08:44:35.063 D/CodecProperties( 9696): setTuningValue(vq-target-bpp-320x240,0)
03-05 08:44:35.063 D/CodecProperties( 9696): setTuningValue(vq-target-qpmax,-1)
03-05 08:44:35.063 D/CodecProperties( 9696): setTuningValue(vq-target-qpmax-1080p,45)
03-05 08:44:35.063 D/CodecProperties( 9696): setTuningValue(vq-target-qpmax-720p,43)
03-05 08:44:35.063 D/CodecProperties( 9696): setTuningValue(vq-target-qpmax-540p,42)
03-05 08:44:35.063 D/CodecProperties( 9696): setTuningValue(vq-target-qpmax-480p,38)
03-05 08:44:35.063 D/CodecProperties( 9696): setTuningValue(vq-bitrate-phaseout,1.75)
03-05 08:44:35.063 D/CodecProperties( 9696): setTuningValue(vq-boost-missing-qp,0.20)
03-05 08:44:35.063 D/CodecProperties( 9696): setFeatureValue(intra-refresh,0)
03-05 08:44:35.063 D/CodecProperties( 9696): setFeatureValue(qp-bounds,0)
03-05 08:44:35.063 D/CodecProperties( 9696): setFeatureValue(_vq_eligible.device,1)
03-05 08:44:35.063 D/CodecProperties( 9696): setFeatureValue(_quality.target,1)
03-05 08:44:35.063 D/CodecSeeding( 9696): Seed: codec c2.android.avc.encoder, mediatype video/avc, overrideable 0
03-05 08:44:35.064 D/VQApply ( 9696): minquality: 1080x2400 outside of shaping range
03-05 08:44:35.064 D/MediaCodec( 9696): shapeMediaFormat: deltas(1): AMessage(what = 0x00000000) = {
03-05 08:44:35.064 D/MediaCodec( 9696):     int32_t android._encoding-quality-level = 0
03-05 08:44:35.064 D/MediaCodec( 9696):   }
03-05 08:44:35.064 D/CCodec  ( 9696): [c2.android.avc.encoder] buffers are bound to CCodec for this session
03-05 08:44:35.064 D/CCodecConfig( 9696): no c2 equivalents for color-format
03-05 08:44:35.064 D/CCodecConfig( 9696): no c2 equivalents for max-bframes
03-05 08:44:35.064 D/CCodecConfig( 9696): no c2 equivalents for flags
03-05 08:44:35.064 D/CCodecConfig( 9696): no c2 equivalents for encoder
03-05 08:44:35.065 D/CCodecConfig( 9696): c2 config diff is   c2::u32 coded.bitrate.value = 8000000
03-05 08:44:35.065 D/CCodecConfig( 9696):   c2::float coded.frame-rate.value = 60
03-05 08:44:35.065 D/CCodecConfig( 9696):   c2::i64 coding.sync-frame-interval.value = 10000000
03-05 08:44:35.065 D/CCodecConfig( 9696):   c2::u32 raw.size.height = 2400
03-05 08:44:35.065 D/CCodecConfig( 9696):   c2::u32 raw.size.width = 1080
03-05 08:44:35.065 W/ColorUtils( 9696): expected specified color aspects (0:0:0:0)
03-05 08:44:35.065 D/CCodec  ( 9696): encoding statistics level = 0
03-05 08:44:35.065 D/CCodec  ( 9696): setup formats input: AMessage(what = 0x00000000) = {
03-05 08:44:35.065 D/CCodec  ( 9696):   Rect crop(0, 0, 1079, 2399)
03-05 08:44:35.065 D/CCodec  ( 9696):   int32_t color-standard = 0
03-05 08:44:35.065 D/CCodec  ( 9696):   int32_t color-range = 0
03-05 08:44:35.065 D/CCodec  ( 9696):   int32_t color-transfer = 0
03-05 08:44:35.065 D/CCodec  ( 9696):   int32_t frame-rate = 60
03-05 08:44:35.065 D/CCodec  ( 9696):   int32_t height = 2400
03-05 08:44:35.065 D/CCodec  ( 9696):   int32_t intra-refresh-period = 0
03-05 08:44:35.065 D/CCodec  ( 9696):   string mime = "video/raw"
03-05 08:44:35.065 D/CCodec  ( 9696):   int32_t video-qp-average = 0
03-05 08:44:35.065 D/CCodec  ( 9696):   int32_t width = 1080
03-05 08:44:35.065 D/CCodec  ( 9696):   int32_t android._dataspace = 0
03-05 08:44:35.065 D/CCodec  ( 9696):   int32_t using-sw-read-often = 1
03-05 08:44:35.065 D/CCodec  ( 9696):   int64_t android._C2MemoryUsage = 1
03-05 08:44:35.065 D/CCodec  ( 9696):   int32_t color-format = 2130708361
03-05 08:44:35.065 D/CCodec  ( 9696):   int32_t android._color-format = 2130708361
03-05 08:44:35.065 D/CCodec  ( 9696): }
03-05 08:44:35.065 D/CCodec  ( 9696): setup formats output: AMessage(what = 0x00000000) = {
03-05 08:44:35.065 D/CCodec  ( 9696):   int32_t bitrate = 8000000
03-05 08:44:35.065 D/CCodec  ( 9696):   int32_t bitrate-mode = 1
03-05 08:44:35.065 D/CCodec  ( 9696):   Rect crop(0, 0, 1079, 2399)
03-05 08:44:35.065 D/CCodec  ( 9696):   int32_t color-standard = 0
03-05 08:44:35.065 D/CCodec  ( 9696):   int32_t color-range = 0
03-05 08:44:35.065 D/CCodec  ( 9696):   int32_t color-transfer = 0
03-05 08:44:35.065 D/CCodec  ( 9696):   int32_t frame-rate = 60
03-05 08:44:35.065 D/CCodec  ( 9696):   int32_t height = 2400
03-05 08:44:35.065 D/CCodec  ( 9696):   int32_t intra-refresh-period = 0
03-05 08:44:35.065 D/CCodec  ( 9696):   int32_t level = 4096
03-05 08:44:35.065 D/CCodec  ( 9696):   int32_t max-bitrate = 8000000
03-05 08:44:35.065 D/CCodec  ( 9696):   string mime = "video/avc"
03-05 08:44:35.065 D/CCodec  ( 9696):   int32_t profile = 65536
03-05 08:44:35.065 D/CCodec  ( 9696):   int32_t video-qp-average = 0
03-05 08:44:35.065 D/CCodec  ( 9696):   int32_t width = 1080
03-05 08:44:35.065 D/CCodec  ( 9696): }
03-05 08:44:35.065 I/CCodecConfig( 9696): query failed after returning 14 values (BAD_INDEX)
03-05 08:44:35.065 D/CCodecConfig( 9696): c2 config diff is   c2::u32 coded.pl.level = 20494
03-05 08:44:35.065 W/ColorUtils( 9696): expected specified color aspects (0:0:0:0)
03-05 08:44:35.065 E/screenrecord( 9696): Failed to query component interface for required system resources: 6
03-05 08:44:35.065 D/CCodec  ( 9696): aidl based PersistentSurface created
03-05 08:44:35.065 D/CCodec  ( 9696): input format changed to AMessage(what = 0x00000000) = {
03-05 08:44:35.065 D/CCodec  ( 9696):   Rect crop(0, 0, 1079, 2399)
03-05 08:44:35.065 D/CCodec  ( 9696):   int32_t color-standard = 1
03-05 08:44:35.065 D/CCodec  ( 9696):   int32_t color-range = 2
03-05 08:44:35.065 D/CCodec  ( 9696):   int32_t color-transfer = 3
03-05 08:44:35.065 D/CCodec  ( 9696):   int32_t frame-rate = 60
03-05 08:44:35.065 D/CCodec  ( 9696):   int32_t height = 2400
03-05 08:44:35.065 D/CCodec  ( 9696):   int32_t intra-refresh-period = 0
03-05 08:44:35.065 D/CCodec  ( 9696):   string mime = "video/raw"
03-05 08:44:35.065 D/CCodec  ( 9696):   int32_t video-qp-average = 0
03-05 08:44:35.065 D/CCodec  ( 9696):   int32_t width = 1080
03-05 08:44:35.065 D/CCodec  ( 9696):   int32_t android._dataspace = 260
03-05 08:44:35.065 D/CCodec  ( 9696):   int32_t using-sw-read-often = 1
03-05 08:44:35.065 D/CCodec  ( 9696):   int64_t android._C2MemoryUsage = 1
03-05 08:44:35.065 D/CCodec  ( 9696):   int32_t color-format = 2130708361
03-05 08:44:35.065 D/CCodec  ( 9696):   int32_t android._color-format = 2130708361
03-05 08:44:35.065 D/CCodec  ( 9696): }
03-05 08:44:35.065 D/GraphicBufferSource( 9696): setting dataspace: 0x10c10000, acquired=0
03-05 08:44:35.065 D/CCodec  ( 9696): ISConfig not changed
03-05 08:44:35.066 W/Codec2Client( 9696): query -- param skipped: index = 1342179345.
03-05 08:44:35.066 W/Codec2Client( 9696): query -- param skipped: index = 2415921170.
03-05 08:44:35.066 D/CCodecBufferChannel( 9696): [c2.android.avc.encoder#511] Using basic input block pool with poolID 1 => got 1 - OK (0)
03-05 08:44:35.066 D/C2Store ( 9696): Using DMABUF Heaps
03-05 08:44:35.071 I/CCodecBufferChannel( 9696): [c2.android.avc.encoder#511] Created output block pool with allocatorID 16 => poolID 36 - OK
03-05 08:44:35.071 D/CCodecBufferChannel( 9696): [c2.android.avc.encoder#511] Configured output block pool ids 36 => OK
03-05 08:44:35.072 W/ResourceManagerServiceUtils(  658): Ignoring request to add new resource entry with value <= 0
03-05 08:44:35.073 D/SurfaceFlinger(  607): Creating virtual display: ScreenRecorder
03-05 08:44:35.084 E/SurfaceFlinger(  607): [ScreenRecorder] getUniqueId: Invalid operation on virtual display
03-05 08:44:35.084 D/SurfaceFlinger(  607): processDisplayAdded: Optimizing thread scheduling: optimizeForPerformance
03-05 08:44:35.092 I/MediaProvider( 1605): Deleted 0 0 0 1 0 0 0 items on external_primary due to com.android.shell
03-05 08:44:35.107 I/HalDevMgr(  767): bestIfaceCreationProposal is null, requestIface=STA, existingIface=[name=wlan0 type=STA]
03-05 08:44:35.110 W/MediaProvider( 1605): isAppCloneUserPair for user 0: false
03-05 08:44:35.119 D/GraphicBufferSource( 9696): got buffer with new dataSpace 0x10c10000
03-05 08:44:35.119 D/C2NodeImpl( 9696): dataspace changed to 0x10c10000 pixel format: 0x1
03-05 08:44:35.119 E/mapper.ranchu( 9696): getStandardMetadataImpl:886 failure: UNSUPPORTED: id=240: unexpected standardMetadataType=21
03-05 08:44:35.123 D/SimpleC2Component(  661): Using output block pool with poolID 36 => got 36 - 0
03-05 08:44:35.123 D/SimpleC2Component(  661): applied 2 configUpdates => BAD_INDEX (6)
03-05 08:44:35.123 D/C2SoftAvcEnc(  661): Params width 1080 height 2400 level 50 colorFormat 0 bframes 0
03-05 08:44:35.127 I/UriTaskContentObserver( 1313): (REDACTED) Throttling content uri change event for %s
03-05 08:44:35.129 D/MPEG4Writer( 9696): PreAllocation enabled
03-05 08:44:35.144 D/WM-SystemJobScheduler( 1605): Scheduling work ID 16f439d1-0cf0-4b8f-b9b1-4a5f042050d1Job ID 121
03-05 08:44:35.149 D/WM-GreedyScheduler( 1605): Ignoring {WorkSpec: cf45e1ef-e494-4551-9393-77631b533c5a}. Requires device idle.
03-05 08:44:35.149 D/WM-GreedyScheduler( 1605): Ignoring {WorkSpec: a4d9d5a1-b1cb-4921-bb97-5a8716d538ca}. Requires device idle.
03-05 08:44:35.149 D/WM-GreedyScheduler( 1605): Ignoring {WorkSpec: 3785cbf9-d338-4e01-8ddf-70a1276573a7}. Requires device idle.
03-05 08:44:35.149 D/WM-GreedyScheduler( 1605): Ignoring {WorkSpec: 71766563-693e-4a7a-bc92-64853f480048}. Requires device idle.
03-05 08:44:35.529 D/CCodecConfig( 9696): c2 config diff is   Buffer coded.init-data.value = {
03-05 08:44:35.529 D/CCodecConfig( 9696):     00000000:  00 00 00 01 67 42 c0 32  8d 68 04 40 12 de 5e 42  ....gB.2.h.@..^B
03-05 08:44:35.529 D/CCodecConfig( 9696):     00000010:  02 02 02 0f 08 84 6a 00  00 00 01 68 ce 01 a8 35  ......j....h...5
03-05 08:44:35.529 D/CCodecConfig( 9696):     00000020:  c8                                                .
03-05 08:44:35.529 D/CCodecConfig( 9696):   }
03-05 08:44:35.533 D/MPEG4Writer( 9696): fpathconf _PC_FILESIZEBITS:64
03-05 08:44:35.533 D/MPEG4Writer( 9696): File size limit set to 4503599627370495 bytes implicitly
03-05 08:44:35.534 D/MPEG4Writer( 9696): MP4WtrCtrlHlpLooper Started
03-05 08:44:35.534 I/MPEG4Writer( 9696): limits: 4503599627370495/0 bytes/us, bit rate: -1 bps and the estimated moov size 3192 bytes
03-05 08:44:35.540 I/MPEG4Writer( 9696): setStartTimestampUs: 551393582
03-05 08:44:35.540 I/MPEG4Writer( 9696): Earliest track starting time: 551393582
03-05 08:44:35.540 E/mapper.ranchu( 9696): getStandardMetadataImpl:886 failure: UNSUPPORTED: id=240: unexpected standardMetadataType=21
03-05 08:44:35.999 E/mapper.ranchu( 9696): getStandardMetadataImpl:886 failure: UNSUPPORTED: id=240: unexpected standardMetadataType=21
03-05 08:44:36.543 E/mapper.ranchu( 9696): getStandardMetadataImpl:886 failure: UNSUPPORTED: id=240: unexpected standardMetadataType=21
03-05 08:44:36.639 D/WM-DelayedWorkTracker( 1605): Scheduling work 16f439d1-0cf0-4b8f-b9b1-4a5f042050d1
03-05 08:44:36.641 D/WM-GreedyScheduler( 1605): Starting tracking for 16f439d1-0cf0-4b8f-b9b1-4a5f042050d1
03-05 08:44:36.643 D/WM-ConstraintTracker( 1605): BatteryNotLowTracker: initial state = true
03-05 08:44:36.644 D/WM-BrdcstRcvrCnstrntTrc( 1605): BatteryNotLowTracker: registering receiver
03-05 08:44:36.649 D/WM-GreedyScheduler( 1605): Constraints met: Scheduling work ID WorkGenerationalId(workSpecId=16f439d1-0cf0-4b8f-b9b1-4a5f042050d1, generation=0)
03-05 08:44:36.664 D/WM-Processor( 1605): Processor: processing WorkGenerationalId(workSpecId=16f439d1-0cf0-4b8f-b9b1-4a5f042050d1, generation=0)
--------- beginning of system
03-05 08:44:36.669 D/OomAdjuster(  767): Not killing cached processes
03-05 08:44:36.678 D/WM-WorkerWrapper( 1605): Starting work for com.android.providers.media.photopicker.sync.ProactiveSyncWorker
03-05 08:44:36.694 D/ActivityManager(  767): sync unfroze 3886 com.google.android.calendar for 6
03-05 08:44:36.694 I/PSyncWorker( 1605): Starting proactive picker sync from sync source: 1
03-05 08:44:36.695 I/PickerSyncTracker( 1605): Created new sync future java.util.concurrent.CompletableFuture@8732819[Not completed, 1 dependents]. Future map: {16f439d1-0cf0-4b8f-b9b1-4a5f042050d1=java.util.concurrent.CompletableFuture@8732819[Not completed, 1 dependents]}
03-05 08:44:36.704 D/PickerSyncController( 1605): syncAllMediaFromProvider() LOCAL, auth=com.android.providers.media.photopicker, retry=true
03-05 08:44:36.704 D/PickerSyncController( 1605): getSyncRequestParams() LOCAL, auth=com.android.providers.media.photopicker
03-05 08:44:36.730 D/PickerSyncController( 1605):    Latest ID/Gen=e0d6a8d4f9a0bbf0:0000-0000:external_primary/183
03-05 08:44:36.730 D/PickerSyncController( 1605):    Cached ID/Gen=e0d6a8d4f9a0bbf0:0000-0000:external_primary/171
03-05 08:44:36.730 D/PickerSyncController( 1605):    RESULT=SyncRequestParams{type=MEDIA_INCREMENTAL, gen=171, latest=Bundle[{last_media_sync_generation=183, media_collection_id=e0d6a8d4f9a0bbf0:0000-0000:external_primary}], pageSize=1000}
03-05 08:44:36.730 I/PickerSyncController( 1605): Executing SyncAdd. isLocal: true. authority: com.android.providers.media.photopicker
03-05 08:44:36.730 D/PickerSyncLockManager( 1605): Trying to acquire lock com.android.providers.media.photopicker.sync.CloseableReentrantLock@47b84e7[Unlocked]. Lock Name = CLOUD_PROVIDER_LOCK. Threads that may be waiting to acquire this lock = [] with timeout.
03-05 08:44:36.730 D/CloseableReentrantLock( 1605): Successfully acquired lock com.android.providers.media.photopicker.sync.CloseableReentrantLock@47b84e7[Locked by thread pool-4-thread-11]. Lock Name = CLOUD_PROVIDER_LOCK. Threads that may be waiting to acquire this lock = []
03-05 08:44:36.730 D/CloseableReentrantLock( 1605): Successfully released lock com.android.providers.media.photopicker.sync.CloseableReentrantLock@47b84e7[Unlocked]. Lock Name = CLOUD_PROVIDER_LOCK. Threads that may be waiting to acquire this lock = []
03-05 08:44:36.730 D/ExternalDbFacade( 1605): Token received for queryMedia = null
03-05 08:44:36.751 D/PickerSyncLockManager( 1605): Trying to acquire lock com.android.providers.media.photopicker.sync.CloseableReentrantLock@47b84e7[Unlocked]. Lock Name = CLOUD_PROVIDER_LOCK. Threads that may be waiting to acquire this lock = [] with timeout.
03-05 08:44:36.756 D/ActivityManager(  767): sync unfroze 2344 com.google.android.apps.photos for 6
03-05 08:44:36.760 D/CloseableReentrantLock( 1605): Successfully acquired lock com.android.providers.media.photopicker.sync.CloseableReentrantLock@47b84e7[Locked by thread pool-4-thread-11]. Lock Name = CLOUD_PROVIDER_LOCK. Threads that may be waiting to acquire this lock = []
03-05 08:44:36.761 D/PickerSyncController( 1605): Clearing next page token for key: local_provider:media_add:resume
03-05 08:44:36.766 W/ActivityTaskManager(  767): callingPackage for (uid=2000, pid=9734) has no WPC
03-05 08:44:36.774 D/CloseableReentrantLock( 1605): Successfully released lock com.android.providers.media.photopicker.sync.CloseableReentrantLock@47b84e7[Unlocked]. Lock Name = CLOUD_PROVIDER_LOCK. Threads that may be waiting to acquire this lock = []
03-05 08:44:36.774 D/PickerNotificationSender( 1605): Sending a notification for media update
03-05 08:44:36.776 V/WindowManager(  767): DesktopModeLaunchParamsModifier: phase= 0 task=null activity=null display-area-from-current-params=null display-area-from-default-fallback=DefaultTaskDisplayArea@201301039 display-id=0 task-display-area-windowing-mode=1 suggested-display-area=DefaultTaskDisplayArea@201301039 task null, skipping
03-05 08:44:36.776 V/WindowManager(  767): TaskLaunchParamsModifier:phase=0 task=null activity=null display-area-from-current-params=null display-area-from-default-fallback=DefaultTaskDisplayArea@201301039 display-id=0 task-display-area-windowing-mode=1 suggested-display-area=DefaultTaskDisplayArea@201301039
03-05 08:44:36.778 D/PickerNotificationSender( 1605): Sending a notification for merged album media update Videos
03-05 08:44:36.779 D/PickerNotificationSender( 1605): Sending a notification for album media update Videos
03-05 08:44:36.781 V/GrammaticalInflectionUtils(  767): AttributionSource: android.content.AttributionSource@a48a138c does not have READ_SYSTEM_GRAMMATICAL_GENDER permission.
03-05 08:44:36.783 V/WindowManager(  767): DesktopModeLaunchParamsModifier: phase= 0 task=null activity=ActivityRecord{207911053 u0 com.sportpass.app/.MainActivity display-area-from-current-params=null display-area-for-record=DefaultTaskDisplayArea@201301039 display-id=0 task-display-area-windowing-mode=1 suggested-display-area=DefaultTaskDisplayArea@201301039 task null, skipping
03-05 08:44:36.783 D/PickerNotificationSender( 1605): Sending a notification for merged album media update Favorites
03-05 08:44:36.783 D/PickerNotificationSender( 1605): Sending a notification for album media update Favorites
03-05 08:44:36.784 I/PickerSyncController( 1605): Paged sync successful. QueryArgs: Bundle[{android.provider.extra.SYNC_GENERATION=171, android.provider.extra.PAGE_SIZE=1000}] Total Rows: 0
03-05 08:44:36.784 I/PickerSyncController( 1605): Executing SyncRemove. isLocal: true. authority: com.android.providers.media.photopicker
03-05 08:44:36.784 D/PickerSyncLockManager( 1605): Trying to acquire lock com.android.providers.media.photopicker.sync.CloseableReentrantLock@47b84e7[Unlocked]. Lock Name = CLOUD_PROVIDER_LOCK. Threads that may be waiting to acquire this lock = [] with timeout.
03-05 08:44:36.784 D/CloseableReentrantLock( 1605): Successfully acquired lock com.android.providers.media.photopicker.sync.CloseableReentrantLock@47b84e7[Locked by thread pool-4-thread-11]. Lock Name = CLOUD_PROVIDER_LOCK. Threads that may be waiting to acquire this lock = []
03-05 08:44:36.784 D/CloseableReentrantLock( 1605): Successfully released lock com.android.providers.media.photopicker.sync.CloseableReentrantLock@47b84e7[Unlocked]. Lock Name = CLOUD_PROVIDER_LOCK. Threads that may be waiting to acquire this lock = []
03-05 08:44:36.786 V/WindowManager(  767): TaskLaunchParamsModifier:phase=0 task=null activity=ActivityRecord{207911053 u0 com.sportpass.app/.MainActivity t-1} display-area-from-current-params=null display-area-for-record=DefaultTaskDisplayArea@201301039 display-id=0 task-display-area-windowing-mode=1 suggested-display-area=DefaultTaskDisplayArea@201301039
03-05 08:44:36.786 V/WindowManager(  767): DesktopModeLaunchParamsModifier: phase= 3 task=Task{a31f857 #181 type=standard I=com.sportpass.app/.MainActivity} activity=ActivityRecord{207911053 u0 com.sportpass.app/.MainActivity t-1} display-from-task=0 display-id=0 task-display-area-windowing-mode=1 suggested-display-area=DefaultTaskDisplayArea@201301039 not entering desktop mode, skipping
03-05 08:44:36.787 V/WindowManager(  767): TaskLaunchParamsModifier:phase=3 task=Task{a31f857 #181 type=standard I=com.sportpass.app/.MainActivity} activity=ActivityRecord{207911053 u0 com.sportpass.app/.MainActivity t-1} display-from-task=0 display-id=0 task-display-area-windowing-mode=1 suggested-display-area=DefaultTaskDisplayArea@201301039 inherit-from-task=fullscreen non-freeform-task-display-area display-area=DefaultTaskDisplayArea@201301039 skip-bounds-fullscreen
03-05 08:44:36.789 V/WindowManager(  767): DesktopModeLaunchParamsModifier: phase= 3 task=Task{a31f857 #181 type=standard I=com.sportpass.app/.MainActivity} activity=ActivityRecord{207911053 u0 com.sportpass.app/.MainActivity t-1} display-from-task=0 display-id=0 task-display-area-windowing-mode=1 suggested-display-area=DefaultTaskDisplayArea@201301039 not entering desktop mode, skipping
03-05 08:44:36.789 V/WindowManager(  767): TaskLaunchParamsModifier:phase=3 task=Task{a31f857 #181 type=standard I=com.sportpass.app/.MainActivity} activity=ActivityRecord{207911053 u0 com.sportpass.app/.MainActivity t-1} display-from-task=0 display-id=0 task-display-area-windowing-mode=1 suggested-display-area=DefaultTaskDisplayArea@201301039 inherit-from-task=fullscreen non-freeform-task-display-area display-area=DefaultTaskDisplayArea@201301039 skip-bounds-fullscreen
03-05 08:44:36.791 W/ProcessStats(  767): Tracking association SourceState{1022fef system/1000 ImpBg #2821} whose proc state 6 is better than process ProcessState{f14282b com.google.android.apps.photos/10162 pkg=com.google.android.apps.photos} proc state 14 (19 skipped)
03-05 08:44:36.792 E/PickerDbFacade( 1605): Could not get first date taken millis for media id: 45
03-05 08:44:36.793 W/PickerDbFacade( 1605): Unable to promote cloud media with localId: 45
03-05 08:44:36.793 D/PickerSyncLockManager( 1605): Trying to acquire lock com.android.providers.media.photopicker.sync.CloseableReentrantLock@47b84e7[Unlocked]. Lock Name = CLOUD_PROVIDER_LOCK. Threads that may be waiting to acquire this lock = [] with timeout.
03-05 08:44:36.793 D/CloseableReentrantLock( 1605): Successfully acquired lock com.android.providers.media.photopicker.sync.CloseableReentrantLock@47b84e7[Locked by thread pool-4-thread-11]. Lock Name = CLOUD_PROVIDER_LOCK. Threads that may be waiting to acquire this lock = []
03-05 08:44:36.793 D/PickerSyncController( 1605): Clearing next page token for key: local_provider:media_remove:resume
03-05 08:44:36.793 D/CloseableReentrantLock( 1605): Successfully released lock com.android.providers.media.photopicker.sync.CloseableReentrantLock@47b84e7[Unlocked]. Lock Name = CLOUD_PROVIDER_LOCK. Threads that may be waiting to acquire this lock = []
03-05 08:44:36.793 D/PickerNotificationSender( 1605): Sending a notification for media update
03-05 08:44:36.795 D/PickerNotificationSender( 1605): Sending a notification for merged album media update Videos
03-05 08:44:36.797 D/PickerNotificationSender( 1605): Sending a notification for album media update Videos
03-05 08:44:36.797 D/WM-SystemJobService( 1605): onStartJob for WorkGenerationalId(workSpecId=16f439d1-0cf0-4b8f-b9b1-4a5f042050d1, generation=0)
03-05 08:44:36.798 I/libbinder.BpBinder(  607): onLastStrongRef automatically unlinking death recipients for descriptor: '(not cached)'
03-05 08:44:36.804 I/ActivityTaskManager(  767): START u0 {flg=0x10000000 xflg=0x5 cmp=com.sportpass.app/.MainActivity} with LAUNCH_SINGLE_TOP from uid 2000 (com.android.shell) (BAL_ALLOW_PERMISSION) result code=3
03-05 08:44:36.806 D/PickerNotificationSender( 1605): Sending a notification for merged album media update Favorites
03-05 08:44:36.808 D/KeyguardService( 1018): setOccluded(false)
03-05 08:44:36.808 D/KeyguardViewMediator( 1018): setOccluded(false)
03-05 08:44:36.811 D/com.llfbandit.app_links( 4531): Intent { flg=0x10000000 xflg=0x5 cmp=com.sportpass.app/.MainActivity }
03-05 08:44:36.814 D/WindowManagerShell( 1018): onActivityRestartAttempt: topActivity=ComponentInfo{com.sportpass.app/com.sportpass.app.MainActivity}, wasVisible=true, displayId=0, pipDisplayLayoutState#displayId=0
03-05 08:44:36.815 D/PickerNotificationSender( 1605): Sending a notification for album media update Favorites
03-05 08:44:36.815 I/PickerSyncController( 1605): Paged sync successful. QueryArgs: Bundle[{android.provider.extra.SYNC_GENERATION=171, android.provider.extra.PAGE_SIZE=1000}] Total Rows: 0
03-05 08:44:36.815 I/PickerSyncTracker( 1605): Marked sync future complete for work id: 16f439d1-0cf0-4b8f-b9b1-4a5f042050d1. Future map: {}
03-05 08:44:36.815 I/PSyncWorker( 1605): Completed picker proactive sync complete from local provider.
03-05 08:44:36.822 D/KeyguardViewMediator( 1018): handleSetOccluded(false)
03-05 08:44:36.823 D/KeyguardViewMediator( 1018): KeyguardViewMediator queue processing message: SET_OCCLUDED
03-05 08:44:36.826 D/WM-Processor( 1605): Work WorkGenerationalId(workSpecId=16f439d1-0cf0-4b8f-b9b1-4a5f042050d1, generation=0) is already enqueued for processing
03-05 08:44:36.832 I/WM-WorkerWrapper( 1605): Worker result SUCCESS for Work [ id=16f439d1-0cf0-4b8f-b9b1-4a5f042050d1, tags={ com.android.providers.media.photopicker.sync.ProactiveSyncWorker } ]
03-05 08:44:36.834 D/WM-Processor( 1605): Processor 16f439d1-0cf0-4b8f-b9b1-4a5f042050d1 executed; reschedule = false
03-05 08:44:36.834 D/WM-GreedyScheduler( 1605): Stopping tracking for WorkGenerationalId(workSpecId=16f439d1-0cf0-4b8f-b9b1-4a5f042050d1, generation=0)
03-05 08:44:36.835 D/WM-SystemJobService( 1605): 16f439d1-0cf0-4b8f-b9b1-4a5f042050d1 executed on JobScheduler
03-05 08:44:36.841 D/WM-GreedyScheduler( 1605): Cancelling work ID 16f439d1-0cf0-4b8f-b9b1-4a5f042050d1
03-05 08:44:36.849 D/WM-GreedyScheduler( 1605): Ignoring {WorkSpec: cf45e1ef-e494-4551-9393-77631b533c5a}. Requires device idle.
03-05 08:44:36.849 D/WM-GreedyScheduler( 1605): Ignoring {WorkSpec: a4d9d5a1-b1cb-4921-bb97-5a8716d538ca}. Requires device idle.
03-05 08:44:36.850 D/WM-GreedyScheduler( 1605): Ignoring {WorkSpec: 3785cbf9-d338-4e01-8ddf-70a1276573a7}. Requires device idle.
03-05 08:44:36.850 D/WM-GreedyScheduler( 1605): Ignoring {WorkSpec: 71766563-693e-4a7a-bc92-64853f480048}. Requires device idle.
03-05 08:44:36.850 D/WM-BrdcstRcvrCnstrntTrc( 1605): BatteryNotLowTracker: unregistering receiver
03-05 08:44:36.864 E/mapper.ranchu( 9696): getStandardMetadataImpl:886 failure: UNSUPPORTED: id=240: unexpected standardMetadataType=21
03-05 08:44:36.991 D/ActivityManager(  767): sync unfroze 2177 com.google.android.googlequicksearchbox:search for 3
03-05 08:44:36.993 E/mapper.ranchu( 9696): getStandardMetadataImpl:886 failure: UNSUPPORTED: id=241: unexpected standardMetadataType=21
03-05 08:44:36.994 D/BackgroundInstallControlService(  767): Package event received: 0
03-05 08:44:37.240 I/AppSearchIcing(  767): icing-search-engine.cc:2327: Persisting data to disk with mode 3
03-05 08:44:37.258 I/AppSearchIcing(  767): icing-search-engine.cc:2340: PersistToDisk completed.
03-05 08:44:37.289 I/bhpm    ( 2177): (REDACTED) Updating user context. Event: %s
03-05 08:44:37.388 D/BackgroundInstallControlService(  767): Package event received: 0
03-05 08:44:37.389 W/libbinder.IPCThreadState(  767): Sending oneway calls to frozen process.
03-05 08:44:37.389 W/libbinder.IPCThreadState(  767): Sending oneway calls to frozen process.
03-05 08:44:37.418 I/SS3PSurfacesSuggestAggr( 2177): Neither TNG Smartspace widget nor OEM is enabled.
03-05 08:44:37.424 I/BcSsSuggestionAgg( 2177): TNG Bluechip smartspace not enabled.
03-05 08:44:37.424 W/bhmm    ( 2177): Triggering event does not contain a headphone connection.
03-05 08:44:37.487 E/mapper.ranchu( 9696): getStandardMetadataImpl:886 failure: UNSUPPORTED: id=240: unexpected standardMetadataType=21
03-05 08:44:38.126 I/HalDevMgr(  767): bestIfaceCreationProposal is null, requestIface=STA, existingIface=[name=wlan0 type=STA]
03-05 08:44:38.175 E/mapper.ranchu( 9696): getStandardMetadataImpl:886 failure: UNSUPPORTED: id=241: unexpected standardMetadataType=21
03-05 08:44:38.559 E/mapper.ranchu( 9696): getStandardMetadataImpl:886 failure: UNSUPPORTED: id=240: unexpected standardMetadataType=21
03-05 08:44:39.002 E/mapper.ranchu( 9696): getStandardMetadataImpl:886 failure: UNSUPPORTED: id=241: unexpected standardMetadataType=21
03-05 08:44:39.133 D/AndroidRuntime( 9759): >>>>>> START com.android.internal.os.RuntimeInit uid 2000 <<<<<<
03-05 08:44:39.174 I/AndroidRuntime( 9759): Using default boot image
03-05 08:44:39.174 I/AndroidRuntime( 9759): Leaving lock profiling enabled
03-05 08:44:39.180 I/app_process( 9759): Using CollectorTypeCMC GC.
03-05 08:44:39.481 E/mapper.ranchu( 9696): getStandardMetadataImpl:886 failure: UNSUPPORTED: id=240: unexpected standardMetadataType=21
03-05 08:44:39.582 D/nativeloader( 9759): InitDefaultPublicLibraries for_preload=1: libandroid.so:libaaudio.so:libamidi.so:libbinder_ndk.so:libc.so:libcamera2ndk.so:libdl.so:libEGL.so:libGLESv1_CM.so:libGLESv2.so:libGLESv3.so:libicu.so:libicui18n.so:libicuuc.so:libjnigraphics.so:liblog.so:libmediandk.so:libm.so:libnativehelper.so:libnativewindow.so:libOpenMAXAL.so:libOpenSLES.so:libRS.so:libstdc++.so:libsync.so:libvulkan.so:libwebviewchromium_plat_support.so:libz.so
03-05 08:44:39.605 D/nativeloader( 9759): Load libicu_jni.so using APEX ns com_android_art for caller /apex/com.android.art/javalib/core-oj.jar: ok
03-05 08:44:39.606 D/app_process( 9759): u_setTimeZoneFilesDirectory("/apex/com.android.tzdata/etc/tz/versioned/9/icu") succeeded. 
03-05 08:44:39.606 D/app_process( 9759): I18n APEX ICU file found: /apex/com.android.i18n/etc/icu/icudt76l.dat
03-05 08:44:39.614 D/nativeloader( 9759): Load libjavacore.so using APEX ns com_android_art for caller /apex/com.android.art/javalib/core-oj.jar: ok
03-05 08:44:39.617 D/nativeloader( 9759): Load libopenjdk.so using APEX ns com_android_art for caller /apex/com.android.art/javalib/core-oj.jar: ok
03-05 08:44:39.620 I/app_process( 9759): Priority-to-niceness mapping: 19, 16, 13, 10, 0, -2, -4, -5, -6, -8
03-05 08:44:39.620 W/app_process( 9759): Unexpected CPU variant for x86: x86_64.
03-05 08:44:39.620 W/app_process( 9759): Known variants: atom, sandybridge, silvermont, goldmont, goldmont-plus, goldmont-without-sha-xsaves, tremont, kabylake, alderlake, default
03-05 08:44:39.628 W/app_process( 9759): ClassLoaderContext shared library size mismatch. Expected=2, found=0 (PCL[]{PCL[/system/framework/android.test.base.jar*1653369819]#PCL[/system/framework/android.test.mock.jar*1009639922]} | PCL[])
03-05 08:44:39.631 W/app_process( 9759): ClassLoaderContext classpath size mismatch. expected=0, found=1 (PCL[]{PCL[/system/framework/android.test.runner.jar*3954641918]{PCL[/system/framework/android.test.base.jar*1653369819]#PCL[/system/framework/android.test.mock.jar*1009639922]}#PCL[/system/framework/android.test.base.jar*1653369819]} | PCL[/system/framework/android.test.runner.jar*3954641918])
03-05 08:44:39.679 D/nativeloader( 9759): Load libframework-connectivity-tiramisu-jni.so using APEX ns com_android_tethering for caller /apex/com.android.tethering/javalib/framework-connectivity-t.jar: ok
03-05 08:44:39.681 D/AndroidRuntime( 9759): Calling main entry com.android.commands.uiautomator.Launcher
03-05 08:44:39.689 I/AconfigPackage( 9759): android.media.swcodec.flags is mapped to com.android.media.swcodec
03-05 08:44:39.689 I/AconfigPackage( 9759): com.android.permission.flags is mapped to com.android.permission
03-05 08:44:39.689 I/AconfigPackage( 9759): com.android.permissioncontroller.flags is mapped to com.android.permission
03-05 08:44:39.690 I/AconfigPackage( 9759): com.android.icu is mapped to com.android.i18n
03-05 08:44:39.690 I/AconfigPackage( 9759): com.android.appsearch.flags is mapped to com.android.appsearch
03-05 08:44:39.690 I/AconfigPackage( 9759): android.uprobestats.mainline.flags is mapped to com.android.uprobestats
03-05 08:44:39.690 I/AconfigPackage( 9759): com.android.crashrecovery.flags is mapped to com.android.crashrecovery
03-05 08:44:39.691 I/AconfigPackage( 9759): android.provider.flags is mapped to com.android.configinfrastructure
03-05 08:44:39.691 I/AconfigPackage( 9759): com.android.server.deviceconfig is mapped to com.android.configinfrastructure
03-05 08:44:39.691 I/AconfigPackage( 9759): com.android.compos.flags is mapped to com.android.compos
03-05 08:44:39.691 I/AconfigPackage( 9759): com.android.art.flags is mapped to com.android.art
03-05 08:44:39.691 I/AconfigPackage( 9759): com.android.art.rw.flags is mapped to com.android.art
03-05 08:44:39.691 I/AconfigPackage( 9759): com.android.libcore is mapped to com.android.art
03-05 08:44:39.692 I/AconfigPackage( 9759): com.android.telephony.flags is mapped to com.android.telephonycore
03-05 08:44:39.692 I/AconfigPackage( 9759): com.android.media.extractor.flags is mapped to com.android.media
03-05 08:44:39.692 I/AconfigPackage( 9759): com.android.media.mainline.flags is mapped to com.android.media
03-05 08:44:39.692 I/AconfigPackage( 9759): com.android.wifi.flags is mapped to com.android.wifi
03-05 08:44:39.692 I/AconfigPackage( 9759): com.android.org.conscrypt.flags is mapped to com.android.conscrypt
03-05 08:44:39.692 I/AconfigPackage( 9759): com.android.org.conscrypt.net.flags is mapped to com.android.conscrypt
03-05 08:44:39.693 I/AconfigPackage( 9759): com.android.healthfitness.flags is mapped to com.android.healthfitness
03-05 08:44:39.693 I/AconfigPackage( 9759): com.android.ipsec.flags is mapped to com.android.ipsec
03-05 08:44:39.693 I/AconfigPackage( 9759): com.android.nfc.module.flags is mapped to com.android.nfcservices
03-05 08:44:39.693 I/AconfigPackage( 9759): com.android.adservices.ondevicepersonalization.flags is mapped to com.android.ondevicepersonalization
03-05 08:44:39.694 I/AconfigPackage( 9759): com.android.adbd.flags is mapped to com.android.adbd
03-05 08:44:39.694 I/AconfigPackage( 9759): com.android.bluetooth.flags is mapped to com.android.bt
03-05 08:44:39.694 I/AconfigPackage( 9759): com.android.devicelock.flags is mapped to com.android.devicelock
03-05 08:44:39.695 I/AconfigPackage( 9759): android.os.profiling is mapped to com.android.profiling
03-05 08:44:39.695 I/AconfigPackage( 9759): android.os.profiling.anomaly.flags is mapped to com.android.profiling
03-05 08:44:39.695 I/AconfigPackage( 9759): com.android.os.statsd.flags is mapped to com.android.os.statsd
03-05 08:44:39.696 I/AconfigPackage( 9759): com.android.rkpd.flags is mapped to com.android.rkpd
03-05 08:44:39.696 I/AconfigPackage( 9759): com.android.cellbroadcastreceiver.flags is mapped to com.android.cellbroadcast
03-05 08:44:39.696 I/AconfigPackage( 9759): com.android.adservices.flags is mapped to com.android.adservices
03-05 08:44:39.696 I/AconfigPackage( 9759): com.android.sdksandbox.flags is mapped to com.android.adservices
03-05 08:44:39.697 I/AconfigPackage( 9759): com.android.uwb.flags is mapped to com.android.uwb
03-05 08:44:39.697 I/AconfigPackage( 9759): com.android.ranging.flags is mapped to com.android.uwb
03-05 08:44:39.697 I/AconfigPackage( 9759): android.graphics.pdf.flags is mapped to com.android.mediaprovider
03-05 08:44:39.697 I/AconfigPackage( 9759): com.android.providers.media.flags is mapped to com.android.mediaprovider
03-05 08:44:39.697 I/AconfigPackage( 9759): android.graphics.pdf.flags.readonly is mapped to com.android.mediaprovider
03-05 08:44:39.697 I/AconfigPackage( 9759): com.android.tethering.mainline.beta is mapped to com.android.tethering
03-05 08:44:39.697 I/AconfigPackage( 9759): android.net.http is mapped to com.android.tethering
03-05 08:44:39.697 I/AconfigPackage( 9759): com.android.tethering.readonly.flags is mapped to com.android.tethering
03-05 08:44:39.697 I/AconfigPackage( 9759): android.net.vcn is mapped to com.android.tethering
03-05 08:44:39.697 I/AconfigPackage( 9759): com.android.net.flags is mapped to com.android.tethering
03-05 08:44:39.697 I/AconfigPackage( 9759): com.android.tethering.beta.test is mapped to com.android.tethering
03-05 08:44:39.697 I/AconfigPackage( 9759): com.android.nearby.flags is mapped to com.android.tethering
03-05 08:44:39.697 I/AconfigPackage( 9759): com.android.net.ct.flags is mapped to com.android.tethering
03-05 08:44:39.697 I/AconfigPackage( 9759): com.android.net.thread.flags is mapped to com.android.tethering
03-05 08:44:39.697 I/AconfigPackage( 9759): com.android.system.virtualmachine.flags is mapped to com.android.virt
03-05 08:44:39.698 E/FeatureFlagsImplExport( 9759): android.os.flagging.AconfigStorageReadException: ERROR_PACKAGE_NOT_FOUND: package android.xr cannot be found on the device
03-05 08:44:39.701 D/UiAutomationConnection( 9759): Created on user UserHandle{0}
03-05 08:44:39.701 I/UiAutomation( 9759): Initialized for user 0 on display 0
03-05 08:44:39.701 W/UiAutomation( 9759): Created with deprecatead constructor, assumes DEFAULT_DISPLAY
03-05 08:44:39.708 D/AccessibilityManagerService(  767): changeCurrentUserForTestAutomationIfNeededLocked(0): ignoring because device doesn't support visible background users
03-05 08:44:39.708 I/UiAutomationManager(  767): Registering UiTestAutomationService (id=com.android.server.accessibility/UiAutomation, flags=0x0) when called by user 0
03-05 08:44:39.710 V/AccessibilityManagerService(  767): onUserStateChangedLocked for userId: 0, forceUpdate: false
03-05 08:44:39.719 V/AccessibilityUserState(  767): updateShortcutTargets: type:accessibility_shortcut_target_service, current:{}, new:{}
03-05 08:44:39.719 V/AccessibilityUserState(  767): updateShortcutTargets: type:accessibility_button_targets, current:{}, new:{}
03-05 08:44:39.719 V/AccessibilityUserState(  767): updateShortcutTargets: type:accessibility_gesture_targets, current:{}, new:{}
03-05 08:44:39.719 V/AccessibilityUserState(  767): updateShortcutTargets: type:accessibility_qs_targets, current:{}, new:{}
03-05 08:44:39.719 V/AccessibilityUserState(  767): updateShortcutTargets: type:accessibility_key_gesture_targets, current:{}, new:{}
03-05 08:44:39.719 W/MagnificationConnectionManager(  767): requestConnection duplicated request: connect=false, mConnectionState=DISCONNECTED
03-05 08:44:39.721 I/AiAiEcho( 1593): Settings changed for uri: content://settings/secure/accessibility_enabled
03-05 08:44:39.724 W/libbinder.IPCThreadState(  767): Sending oneway calls to frozen process.
03-05 08:44:39.727 W/libbinder.IPCThreadState(  767): Sending oneway calls to frozen process.
03-05 08:44:39.727 W/libbinder.IPCThreadState(  767): Sending oneway calls to frozen process.
03-05 08:44:39.728 W/libbinder.IPCThreadState(  767): Sending oneway calls to frozen process.
03-05 08:44:39.728 W/libbinder.IPCThreadState(  767): Sending oneway calls to frozen process.
03-05 08:44:39.728 V/AccessibilityManagerService(  767): onUserStateChangedLocked for userId: 0, forceUpdate: false
03-05 08:44:39.735 V/AccessibilityUserState(  767): updateShortcutTargets: type:accessibility_shortcut_target_service, current:{}, new:{}
03-05 08:44:39.735 V/AccessibilityUserState(  767): updateShortcutTargets: type:accessibility_button_targets, current:{}, new:{}
03-05 08:44:39.735 V/AccessibilityUserState(  767): updateShortcutTargets: type:accessibility_gesture_targets, current:{}, new:{}
03-05 08:44:39.735 V/AccessibilityUserState(  767): updateShortcutTargets: type:accessibility_qs_targets, current:{}, new:{}
03-05 08:44:39.735 V/AccessibilityUserState(  767): updateShortcutTargets: type:accessibility_key_gesture_targets, current:{}, new:{}
03-05 08:44:39.735 W/MagnificationConnectionManager(  767): requestConnection duplicated request: connect=false, mConnectionState=DISCONNECTED
03-05 08:44:39.735 W/libbinder.IPCThreadState(  767): Sending oneway calls to frozen process.
03-05 08:44:39.735 W/libbinder.IPCThreadState(  767): Sending oneway calls to frozen process.
03-05 08:44:39.735 W/libbinder.IPCThreadState(  767): Sending oneway calls to frozen process.
03-05 08:44:39.736 W/libbinder.IPCThreadState(  767): Sending oneway calls to frozen process.
03-05 08:44:39.736 W/libbinder.IPCThreadState(  767): Sending oneway calls to frozen process.
03-05 08:44:39.736 W/libbinder.IPCThreadState(  767): Sending oneway calls to frozen process.
03-05 08:44:39.736 W/libbinder.IPCThreadState(  767): Sending oneway calls to frozen process.
03-05 08:44:39.740 I/AiAiEcho( 1593): Settings changed for uri: content://settings/secure/accessibility_enabled
03-05 08:44:39.741 I/AiAiEcho( 1593): Predicting[0]:  [CONTEXT sampling_count=5 ]
03-05 08:44:39.742 I/AiAiEcho( 1593): EchoTargets: 
03-05 08:44:39.742 I/AiAiEcho( 1593): Filtered by AiAi flag check: 
03-05 08:44:39.742 I/AiAiEcho( 1593): [CONTEXT ratelimit_period="10 SECONDS" ]
03-05 08:44:39.744 E/mapper.ranchu( 9696): getStandardMetadataImpl:886 failure: UNSUPPORTED: id=241: unexpected standardMetadataType=21
03-05 08:44:39.745 I/AiAiEcho( 1593): #remoteViewsTwiddler: feature disabled.
03-05 08:44:39.746 I/AiAiEcho( 1593): Predicting[0]:  [CONTEXT sampling_count=5 ]
03-05 08:44:39.746 I/AiAiEcho( 1593): EchoTargets: 
03-05 08:44:39.746 I/AiAiEcho( 1593): Filtered by AiAi flag check: 
03-05 08:44:39.746 I/AiAiEcho( 1593): [CONTEXT ratelimit_period="10 SECONDS" ]
03-05 08:44:39.746 I/AiAiEcho( 1593): #remoteViewsTwiddler: feature disabled.
03-05 08:44:39.747 W/libbinder.IPCThreadState(  767): Sending oneway calls to frozen process.
03-05 08:44:39.748 W/libbinder.IPCThreadState(  767): Sending oneway calls to frozen process.
03-05 08:44:39.748 W/libbinder.IPCThreadState(  767): Sending oneway calls to frozen process.
03-05 08:44:39.749 W/libbinder.IPCThreadState(  767): Sending oneway calls to frozen process.
03-05 08:44:39.749 W/libbinder.IPCThreadState(  767): Sending oneway calls to frozen process.
03-05 08:44:39.753 W/libbinder.IPCThreadState(  767): Sending oneway calls to frozen process.
03-05 08:44:39.755 W/libbinder.IPCThreadState(  767): Sending oneway calls to frozen process.
03-05 08:44:39.755 W/libbinder.IPCThreadState(  767): Sending oneway calls to frozen process.
03-05 08:44:39.755 E/mapper.ranchu( 9696): getStandardMetadataImpl:886 failure: UNSUPPORTED: id=240: unexpected standardMetadataType=21
03-05 08:44:39.765 D/BatterySaverPolicy(  767): accessibility changed to true, updating policy.
03-05 08:44:39.766 D/AccessibilityManagerService(  767): .getAccessibilityShortcutTargets {shortcutType=32, userId=0}
03-05 08:44:39.777 E/mapper.ranchu( 9696): getStandardMetadataImpl:886 failure: UNSUPPORTED: id=242: unexpected standardMetadataType=21
03-05 08:44:39.788 D/AccessibilitySourceService( 3930): enabled a11y services count 0
03-05 08:44:39.790 D/AccessibilitySourceService( 3930): a11y source sending 0 issue to sc
03-05 08:44:39.792 E/mapper.ranchu( 9696): getStandardMetadataImpl:886 failure: UNSUPPORTED: id=243: unexpected standardMetadataType=21
03-05 08:44:39.793 D/SafetySourceDataValidat(  767): No cert check requested for package com.google.android.permissioncontroller
03-05 08:44:39.803 I/AiAiEcho( 1593): #postPredictionTargets: Sending updates to UISurface home with targets# 0 (types=[])
03-05 08:44:39.807 I/AiAiEcho( 1593): #postPredictionTargets: Sending updates to UISurface home with targets# 0 (types=[])
03-05 08:44:39.976 E/mapper.ranchu( 9696): getStandardMetadataImpl:886 failure: UNSUPPORTED: id=241: unexpected standardMetadataType=21
03-05 08:44:40.568 E/mapper.ranchu( 9696): getStandardMetadataImpl:886 failure: UNSUPPORTED: id=240: unexpected standardMetadataType=21
03-05 08:44:40.577 D/BufferPoolAccessor2.0(  661): bufferpool2 0x778e66609288 : 1(3888000 size) total buffers - 1(3888000 size) used buffers - 16/17 (recycle/alloc) - 1/16 (fetch/transfer)
03-05 08:44:40.786 W/MediaProvider( 1605): isAppCloneUserPair for user 0: false
03-05 08:44:40.799 W/AccessibilityNodeInfoDumper( 9759): Fetch time: 20ms
03-05 08:44:40.800 V/AccessibilityManagerService(  767): onUserStateChangedLocked for userId: 0, forceUpdate: false
03-05 08:44:40.801 V/AccessibilityUserState(  767): updateShortcutTargets: type:accessibility_shortcut_target_service, current:{}, new:{}
03-05 08:44:40.801 V/AccessibilityUserState(  767): updateShortcutTargets: type:accessibility_button_targets, current:{}, new:{}
03-05 08:44:40.801 V/AccessibilityUserState(  767): updateShortcutTargets: type:accessibility_gesture_targets, current:{}, new:{}
03-05 08:44:40.801 V/AccessibilityUserState(  767): updateShortcutTargets: type:accessibility_qs_targets, current:{}, new:{}
03-05 08:44:40.801 V/AccessibilityUserState(  767): updateShortcutTargets: type:accessibility_key_gesture_targets, current:{}, new:{}
03-05 08:44:40.801 W/MagnificationConnectionManager(  767): requestConnection duplicated request: connect=false, mConnectionState=DISCONNECTED
03-05 08:44:40.801 D/AccessibilityManagerService(  767): restoreCurrentUserForTestAutomationIfNeededLocked(): ignoring because device doesn't support visible background users
03-05 08:44:40.801 I/AiAiEcho( 1593): Settings changed for uri: content://settings/secure/accessibility_enabled
03-05 08:44:40.802 I/AiAiEcho( 1593): Predicting[0]:  [CONTEXT sampling_count=5 ]
03-05 08:44:40.802 I/AiAiEcho( 1593): EchoTargets: 
03-05 08:44:40.802 I/AiAiEcho( 1593): Filtered by AiAi flag check: 
03-05 08:44:40.802 I/AiAiEcho( 1593): [CONTEXT ratelimit_period="10 SECONDS" ]
03-05 08:44:40.802 I/AiAiEcho( 1593): #remoteViewsTwiddler: feature disabled.
03-05 08:44:40.802 I/AiAiEcho( 1593): #postPredictionTargets: Sending updates to UISurface home with targets# 0 (types=[])
03-05 08:44:40.805 W/libbinder.IPCThreadState(  767): Sending oneway calls to frozen process.
03-05 08:44:40.806 W/libbinder.IPCThreadState(  767): Sending oneway calls to frozen process.
03-05 08:44:40.806 W/libbinder.IPCThreadState(  767): Sending oneway calls to frozen process.
03-05 08:44:40.806 W/libbinder.IPCThreadState(  767): Sending oneway calls to frozen process.
03-05 08:44:40.806 W/libbinder.IPCThreadState(  767): Sending oneway calls to frozen process.
03-05 08:44:40.806 W/libbinder.IPCThreadState(  767): Sending oneway calls to frozen process.
03-05 08:44:40.806 W/libbinder.IPCThreadState(  767): Sending oneway calls to frozen process.
